ASxxxx Linker V03.00 + NoICE + sdld,  page 1.
Hexadecimal  [32-Bits]

Area                                    Addr        Size        Decimal Bytes (Attributes)
--------------------------------        ----        ----        ------- ----- ------------
.  .ABS.                            00000000    00000000 =           0. bytes (ABS,CON)

      Value  Global                              Global Defined In Module
      -----  --------------------------------   ------------------------
     00000000  .__.ABS.                           
     00000000  l__BSEG                         
     00000000  l__BSS                          
     00000000  l__CABS                         
     00000000  l__DABS                         
     00000000  l__HEADER                       
     00000000  l__HEAP                         
     00000000  l__HOME                         
     00000000  s__CABS                         
     00000000  s__CABS0                        
     00000000  s__CABS1                        
     00000000  s__CABS2                        
     00000000  s__CABS3                        
     00000000  s__CABS4                        
     00000000  s__DABS                         
     00000000  s__HEADER                       
     00000000  s__HEADER0                      
     00000000  s__HEADER1                      
     00000000  s__HEADER2                      
     00000000  s__HEADER3                      
     00000000  s__HEADER4                      
     00000000  s__HEADER5                      
     00000001  l__GSFINAL                      
     00000003  l__HEADER3                      
     00000003  l__HEADER4                      
     00000006  l__HEADER0                      
     00000008  l__INITIALIZED                  
     00000008  l__INITIALIZER                  
     00000009  l__HEADER1                      
     0000000A  l__HEADER2                      
     0000000D  l__CABS2                        
     0000000E  l__CABS1                        
     0000000F  l__GSINIT                       
     00000010  l__CABS0                        
     00000010  l__CABS4                        
     00000038  l__CABS3                        
     000000BE  G$VDPDataPort$0$0                  asm_manager
     000000BF  G$VDPControlPort$0$0               asm_manager
     00000110  l__DATA                         
     0000012A  l__HEADER5                      
     00000200  s__CODE                         
     000030E2  l__CODE                         
     000032E2  s__HOME                         
     000032E2  s__INITIALIZER                  
     000032EA  s__GSINIT                       
     000032F9  s__GSFINAL                      
     00008000  G$SMS_SRAM$0$0                     _sms_manager
     00008000  _SMS_SRAM                          SMSlib_loadTileMap
     0000C000  s__DATA                         
     0000C110  s__INITIALIZED                  
ASxxxx Linker V03.00 + NoICE + sdld,  page 2.
Hexadecimal  [32-Bits]

Area                                    Addr        Size        Decimal Bytes (Attributes)
--------------------------------        ----        ----        ------- ----- ------------
.  .ABS.                            00000000    00000000 =           0. bytes (ABS,CON)

      Value  Global                              Global Defined In Module
      -----  --------------------------------   ------------------------
     0000C118  s__BSEG                         
     0000C118  s__BSS                          
     0000C118  s__HEAP                         
     0000FFFC  G$SRAM_bank_to_be_mapped_on_slot   _sms_manager
     0000FFFC  _SRAM_bank_to_be_mapped_on_slot2   SMSlib_loadTileMap
     0000FFFF  G$ROM_bank_to_be_mapped_on_slot2   _sms_manager
     0000FFFF  _ROM_bank_to_be_mapped_on_slot2    SMSlib_loadTileMap
ASxxxx Linker V03.00 + NoICE + sdld,  page 3.
Hexadecimal  [32-Bits]

Area                                    Addr        Size        Decimal Bytes (Attributes)
--------------------------------        ----        ----        ------- ----- ------------
_CODE                               00000200    000030E2 =       12514. bytes (REL,CON)

      Value  Global                              Global Defined In Module
      -----  --------------------------------   ------------------------
     00000200  __clock                            crt0
     00000204  _exit                              crt0
     0000020A  A$main$75                          main
     0000020A  C$main.c$3$0$0                     main
     0000020A  C$main.c$5$1$59                    main
     0000020A  G$main$0$0                         main
     0000020A  _main                              main
     0000020D  A$main$79                          main
     0000020D  C$main.c$6$1$59                    main
     00000210  A$main$83                          main
     00000210  C$main.c$7$1$59                    main
     00000213  A$main$87                          main
     00000213  C$main.c$9$1$59                    main
     00000216  A$main$88                          main
     00000217  A$main$89                          main
     00000218  A$main$90                          main
     00000219  A$main$91                          main
     0000021C  A$main$92                          main
     0000021D  A$main$96                          main
     0000021D  C$main.c$10$1$59                   main
     00000220  A$main$100                         main
     00000220  C$main.c$11$1$59                   main
     00000223  A$main$101                         main
     00000224  A$main$102                         main
     00000227  A$main$103                         main
     00000228  A$main$107                         main
     00000228  C$main.c$13$1$59                   main
     0000022B  A$main$111                         main
     0000022B  C$main.c$14$1$59                   main
     0000022E  A$main$115                         main
     0000022E  C$main.c$15$1$59                   main
     00000231  A$main$119                         main
     00000231  C$main.c$17$1$59                   main
     00000234  A$main$124                         main
     00000234  C$main.c$20$3$61                   main
     00000237  A$main$128                         main
     00000237  C$main.c$21$3$61                   main
     0000023A  A$main$132                         main
     0000023A  C$main.c$22$3$61                   main
     0000023D  A$main$136                         main
     0000023D  C$main.c$24$3$61                   main
     00000240  A$main$140                         main
     00000240  C$main.c$25$3$61                   main
     00000243  A$main$144                         main
     00000243  C$main.c$26$3$61                   main
     00000246  A$main$148                         main
     00000246  C$main.c$28$3$61                   main
     00000249  A$main$152                         main
     00000249  C$main.c$29$3$61                   main
     0000024C  A$main$157                         main
ASxxxx Linker V03.00 + NoICE + sdld,  page 4.
Hexadecimal  [32-Bits]

Area                                    Addr        Size        Decimal Bytes (Attributes)
--------------------------------        ----        ----        ------- ----- ------------
_CODE                               00000200    000030E2 =       12514. bytes (REL,CON)

      Value  Global                              Global Defined In Module
      -----  --------------------------------   ------------------------
     0000024C  C$main.c$31$2$60                   main
     0000024C  XG$main$0$0                        main
     0000024E  _PSGStop                           PSGlib
     00000275  _PSGResume                         PSGlib
     000002C1  _PSGPlay                           PSGlib
     000002EE  _PSGCancelLoop                     PSGlib
     000002F4  _PSGPlayNoRepeat                   PSGlib
     00000303  _PSGGetStatus                      PSGlib
     0000030B  _PSGSilenceChannels                PSGlib
     0000031C  _PSGRestoreVolumes                 PSGlib
     000003ED  _PSGSetMusicVolumeAttenuation      PSGlib
     000004B2  _PSGSFXStop                        PSGlib
     0000056B  _PSGSFXPlay                        PSGlib
     000005B8  _PSGSFXCancelLoop                  PSGlib
     000005BE  _PSGSFXGetStatus                   PSGlib
     000005C6  _PSGSFXPlayLoop                    PSGlib
     000005E0  _PSGFrame                          PSGlib
     000006F9  _PSGSFXFrame                       PSGlib
     0000077F  A$_sms_manager$136                 _sms_manager
     0000077F  C$_sms_manager.c$12$0$0            _sms_manager
     0000077F  C$_sms_manager.c$14$1$75           _sms_manager
     0000077F  C$_sms_manager.c$15$1$75           _sms_manager
     0000077F  G$devkit_SMS_init$0$0              _sms_manager
     0000077F  XG$devkit_SMS_init$0$0             _sms_manager
     0000077F  _devkit_SMS_init                   _sms_manager
     00000782  A$_sms_manager$149                 _sms_manager
     00000782  C$_sms_manager.c$16$1$75           _sms_manager
     00000782  C$_sms_manager.c$18$1$76           _sms_manager
     00000782  G$devkit_SMS_displayOn$0$0         _sms_manager
     00000782  _devkit_SMS_displayOn              _sms_manager
     00000785  A$_sms_manager$154                 _sms_manager
     00000785  C$_sms_manager.c$19$1$76           _sms_manager
     00000785  XG$devkit_SMS_displayOn$0$0        _sms_manager
     00000788  A$_sms_manager$167                 _sms_manager
     00000788  C$_sms_manager.c$20$1$76           _sms_manager
     00000788  C$_sms_manager.c$22$1$77           _sms_manager
     00000788  G$devkit_SMS_displayOff$0$0        _sms_manager
     00000788  _devkit_SMS_displayOff             _sms_manager
     0000078B  A$_sms_manager$172                 _sms_manager
     0000078B  C$_sms_manager.c$23$1$77           _sms_manager
     0000078B  XG$devkit_SMS_displayOff$0$0       _sms_manager
     0000078E  A$_sms_manager$185                 _sms_manager
     0000078E  C$_sms_manager.c$24$1$77           _sms_manager
     0000078E  C$_sms_manager.c$26$1$79           _sms_manager
     0000078E  G$devkit_SMS_mapROMBank$0$0        _sms_manager
     0000078E  _devkit_SMS_mapROMBank             _sms_manager
     00000791  A$_sms_manager$186                 _sms_manager
     00000792  A$_sms_manager$187                 _sms_manager
     00000793  A$_sms_manager$188                 _sms_manager
     00000796  A$_sms_manager$193                 _sms_manager
     00000796  C$_sms_manager.c$27$1$79           _sms_manager
ASxxxx Linker V03.00 + NoICE + sdld,  page 5.
Hexadecimal  [32-Bits]

Area                                    Addr        Size        Decimal Bytes (Attributes)
--------------------------------        ----        ----        ------- ----- ------------
_CODE                               00000200    000030E2 =       12514. bytes (REL,CON)

      Value  Global                              Global Defined In Module
      -----  --------------------------------   ------------------------
     00000796  XG$devkit_SMS_mapROMBank$0$0       _sms_manager
     00000797  A$_sms_manager$206                 _sms_manager
     00000797  C$_sms_manager.c$29$1$79           _sms_manager
     00000797  C$_sms_manager.c$31$1$81           _sms_manager
     00000797  G$devkit_SMS_setBGScrollX$0$0      _sms_manager
     00000797  _devkit_SMS_setBGScrollX           _sms_manager
     0000079B  A$_sms_manager$207                 _sms_manager
     0000079D  A$_sms_manager$208                 _sms_manager
     000007A0  A$_sms_manager$213                 _sms_manager
     000007A0  C$_sms_manager.c$32$1$81           _sms_manager
     000007A0  XG$devkit_SMS_setBGScrollX$0$0     _sms_manager
     000007A3  A$_sms_manager$226                 _sms_manager
     000007A3  C$_sms_manager.c$33$1$81           _sms_manager
     000007A3  C$_sms_manager.c$35$1$83           _sms_manager
     000007A3  G$devkit_SMS_setBGScrollY$0$0      _sms_manager
     000007A3  _devkit_SMS_setBGScrollY           _sms_manager
     000007A7  A$_sms_manager$227                 _sms_manager
     000007A9  A$_sms_manager$228                 _sms_manager
     000007AC  A$_sms_manager$233                 _sms_manager
     000007AC  C$_sms_manager.c$36$1$83           _sms_manager
     000007AC  XG$devkit_SMS_setBGScrollY$0$0     _sms_manager
     000007AF  A$_sms_manager$246                 _sms_manager
     000007AF  C$_sms_manager.c$38$1$83           _sms_manager
     000007AF  C$_sms_manager.c$40$1$84           _sms_manager
     000007AF  G$devkit_SMS_enableSRAM$0$0        _sms_manager
     000007AF  _devkit_SMS_enableSRAM             _sms_manager
     000007B2  A$_sms_manager$247                 _sms_manager
     000007B4  A$_sms_manager$252                 _sms_manager
     000007B4  C$_sms_manager.c$41$1$84           _sms_manager
     000007B4  XG$devkit_SMS_enableSRAM$0$0       _sms_manager
     000007B5  A$_sms_manager$265                 _sms_manager
     000007B5  C$_sms_manager.c$42$1$84           _sms_manager
     000007B5  C$_sms_manager.c$44$1$86           _sms_manager
     000007B5  G$devkit_SMS_enableSRAMBank$0$0    _sms_manager
     000007B5  _devkit_SMS_enableSRAMBank         _sms_manager
     000007B8  A$_sms_manager$266                 _sms_manager
     000007B9  A$_sms_manager$267                 _sms_manager
     000007BA  A$_sms_manager$268                 _sms_manager
     000007BB  A$_sms_manager$269                 _sms_manager
     000007BC  A$_sms_manager$270                 _sms_manager
     000007BE  A$_sms_manager$271                 _sms_manager
     000007C0  A$_sms_manager$272                 _sms_manager
     000007C3  A$_sms_manager$277                 _sms_manager
     000007C3  C$_sms_manager.c$45$1$86           _sms_manager
     000007C3  XG$devkit_SMS_enableSRAMBank$0$0   _sms_manager
     000007C4  A$_sms_manager$290                 _sms_manager
     000007C4  C$_sms_manager.c$46$1$86           _sms_manager
     000007C4  C$_sms_manager.c$48$1$87           _sms_manager
     000007C4  G$devkit_SMS_disableSRAM$0$0       _sms_manager
     000007C4  _devkit_SMS_disableSRAM            _sms_manager
     000007C7  A$_sms_manager$291                 _sms_manager
ASxxxx Linker V03.00 + NoICE + sdld,  page 6.
Hexadecimal  [32-Bits]

Area                                    Addr        Size        Decimal Bytes (Attributes)
--------------------------------        ----        ----        ------- ----- ------------
_CODE                               00000200    000030E2 =       12514. bytes (REL,CON)

      Value  Global                              Global Defined In Module
      -----  --------------------------------   ------------------------
     000007C9  A$_sms_manager$296                 _sms_manager
     000007C9  C$_sms_manager.c$49$1$87           _sms_manager
     000007C9  XG$devkit_SMS_disableSRAM$0$0      _sms_manager
     000007CA  A$_sms_manager$309                 _sms_manager
     000007CA  C$_sms_manager.c$52$1$87           _sms_manager
     000007CA  C$_sms_manager.c$54$1$89           _sms_manager
     000007CA  G$devkit_SMS_setSpriteMode$0$0     _sms_manager
     000007CA  _devkit_SMS_setSpriteMode          _sms_manager
     000007CE  A$_sms_manager$310                 _sms_manager
     000007D0  A$_sms_manager$311                 _sms_manager
     000007D3  A$_sms_manager$316                 _sms_manager
     000007D3  C$_sms_manager.c$55$1$89           _sms_manager
     000007D3  XG$devkit_SMS_setSpriteMode$0$0    _sms_manager
     000007D6  A$_sms_manager$329                 _sms_manager
     000007D6  C$_sms_manager.c$56$1$89           _sms_manager
     000007D6  C$_sms_manager.c$58$1$90           _sms_manager
     000007D6  G$devkit_SMS_useFirstHalfTilesfo   _sms_manager
     000007D6  _devkit_SMS_useFirstHalfTilesfor   _sms_manager
     000007D8  A$_sms_manager$334                 _sms_manager
     000007D8  C$_sms_manager.c$59$1$90           _sms_manager
     000007D8  XG$devkit_SMS_useFirstHalfTilesf   _sms_manager
     000007DB  A$_sms_manager$347                 _sms_manager
     000007DB  C$_sms_manager.c$60$1$90           _sms_manager
     000007DB  C$_sms_manager.c$62$1$91           _sms_manager
     000007DB  G$devkit_SMS_useFirstHalfTilesfo   _sms_manager
     000007DB  _devkit_SMS_useFirstHalfTilesfor   _sms_manager
     000007DD  A$_sms_manager$352                 _sms_manager
     000007DD  C$_sms_manager.c$63$1$91           _sms_manager
     000007DD  XG$devkit_SMS_useFirstHalfTilesf   _sms_manager
     000007E0  A$_sms_manager$365                 _sms_manager
     000007E0  C$_sms_manager.c$64$1$91           _sms_manager
     000007E0  C$_sms_manager.c$66$1$93           _sms_manager
     000007E0  G$devkit_SMS_VDPturnOnFeature$0$   _sms_manager
     000007E0  _devkit_SMS_VDPturnOnFeature       _sms_manager
     000007E1  A$_sms_manager$366                 _sms_manager
     000007E2  A$_sms_manager$367                 _sms_manager
     000007E3  A$_sms_manager$368                 _sms_manager
     000007E4  A$_sms_manager$373                 _sms_manager
     000007E4  C$_sms_manager.c$67$1$93           _sms_manager
     000007E4  XG$devkit_SMS_VDPturnOnFeature$0   _sms_manager
     000007E7  A$_sms_manager$386                 _sms_manager
     000007E7  C$_sms_manager.c$69$1$93           _sms_manager
     000007E7  C$_sms_manager.c$71$1$95           _sms_manager
     000007E7  G$devkit_SMS_loadPSGaidencompres   _sms_manager
     000007E7  _devkit_SMS_loadPSGaidencompress   _sms_manager
     000007EA  A$_sms_manager$387                 _sms_manager
     000007EB  A$_sms_manager$388                 _sms_manager
     000007EC  A$_sms_manager$389                 _sms_manager
     000007ED  A$_sms_manager$390                 _sms_manager
     000007EE  A$_sms_manager$391                 _sms_manager
     000007EF  A$_sms_manager$392                 _sms_manager
ASxxxx Linker V03.00 + NoICE + sdld,  page 7.
Hexadecimal  [32-Bits]

Area                                    Addr        Size        Decimal Bytes (Attributes)
--------------------------------        ----        ----        ------- ----- ------------
_CODE                               00000200    000030E2 =       12514. bytes (REL,CON)

      Value  Global                              Global Defined In Module
      -----  --------------------------------   ------------------------
     000007F2  A$_sms_manager$393                 _sms_manager
     000007F3  A$_sms_manager$394                 _sms_manager
     000007F4  A$_sms_manager$395                 _sms_manager
     000007F5  A$_sms_manager$396                 _sms_manager
     000007F6  A$_sms_manager$397                 _sms_manager
     000007F7  A$_sms_manager$398                 _sms_manager
     000007FA  A$_sms_manager$399                 _sms_manager
     000007FB  A$_sms_manager$400                 _sms_manager
     000007FC  A$_sms_manager$405                 _sms_manager
     000007FC  C$_sms_manager.c$72$1$95           _sms_manager
     000007FC  XG$devkit_SMS_loadPSGaidencompre   _sms_manager
     000007FD  A$_sms_manager$418                 _sms_manager
     000007FD  C$_sms_manager.c$73$1$95           _sms_manager
     000007FD  C$_sms_manager.c$75$1$97           _sms_manager
     000007FD  G$devkit_SMS_loadSTMcompressedTi   _sms_manager
     000007FD  _devkit_SMS_loadSTMcompressedTil   _sms_manager
     000007FF  A$_sms_manager$419                 _sms_manager
     00000800  A$_sms_manager$420                 _sms_manager
     00000801  A$_sms_manager$421                 _sms_manager
     00000804  A$_sms_manager$422                 _sms_manager
     00000805  A$_sms_manager$423                 _sms_manager
     00000806  A$_sms_manager$424                 _sms_manager
     00000807  A$_sms_manager$425                 _sms_manager
     00000808  A$_sms_manager$426                 _sms_manager
     00000809  A$_sms_manager$427                 _sms_manager
     0000080C  A$_sms_manager$428                 _sms_manager
     0000080D  A$_sms_manager$429                 _sms_manager
     0000080E  A$_sms_manager$430                 _sms_manager
     0000080F  A$_sms_manager$431                 _sms_manager
     00000810  A$_sms_manager$432                 _sms_manager
     00000813  A$_sms_manager$433                 _sms_manager
     00000814  A$_sms_manager$434                 _sms_manager
     00000815  A$_sms_manager$435                 _sms_manager
     00000816  A$_sms_manager$436                 _sms_manager
     00000817  A$_sms_manager$437                 _sms_manager
     0000081A  A$_sms_manager$438                 _sms_manager
     0000081B  A$_sms_manager$439                 _sms_manager
     0000081C  A$_sms_manager$440                 _sms_manager
     0000081D  A$_sms_manager$445                 _sms_manager
     0000081D  C$_sms_manager.c$76$1$97           _sms_manager
     0000081D  XG$devkit_SMS_loadSTMcompressedT   _sms_manager
     0000081E  A$_sms_manager$458                 _sms_manager
     0000081E  C$_sms_manager.c$78$1$97           _sms_manager
     0000081E  C$_sms_manager.c$80$1$99           _sms_manager
     0000081E  G$devkit_SMS_loadBGPalette$0$0     _sms_manager
     0000081E  _devkit_SMS_loadBGPalette          _sms_manager
     0000081F  A$_sms_manager$459                 _sms_manager
     00000820  A$_sms_manager$460                 _sms_manager
     00000821  A$_sms_manager$461                 _sms_manager
     00000822  A$_sms_manager$466                 _sms_manager
     00000822  C$_sms_manager.c$81$1$99           _sms_manager
ASxxxx Linker V03.00 + NoICE + sdld,  page 8.
Hexadecimal  [32-Bits]

Area                                    Addr        Size        Decimal Bytes (Attributes)
--------------------------------        ----        ----        ------- ----- ------------
_CODE                               00000200    000030E2 =       12514. bytes (REL,CON)

      Value  Global                              Global Defined In Module
      -----  --------------------------------   ------------------------
     00000822  XG$devkit_SMS_loadBGPalette$0$0    _sms_manager
     00000825  A$_sms_manager$479                 _sms_manager
     00000825  C$_sms_manager.c$82$1$99           _sms_manager
     00000825  C$_sms_manager.c$84$1$101          _sms_manager
     00000825  G$devkit_SMS_loadSpritePalette$0   _sms_manager
     00000825  _devkit_SMS_loadSpritePalette      _sms_manager
     00000826  A$_sms_manager$480                 _sms_manager
     00000827  A$_sms_manager$481                 _sms_manager
     00000828  A$_sms_manager$482                 _sms_manager
     00000829  A$_sms_manager$487                 _sms_manager
     00000829  C$_sms_manager.c$85$1$101          _sms_manager
     00000829  XG$devkit_SMS_loadSpritePalette$   _sms_manager
     0000082C  A$_sms_manager$500                 _sms_manager
     0000082C  C$_sms_manager.c$86$1$101          _sms_manager
     0000082C  C$_sms_manager.c$88$1$103          _sms_manager
     0000082C  G$devkit_SMS_setSpritePaletteCol   _sms_manager
     0000082C  _devkit_SMS_setSpritePaletteColo   _sms_manager
     0000082F  A$_sms_manager$501                 _sms_manager
     00000830  A$_sms_manager$502                 _sms_manager
     00000831  A$_sms_manager$503                 _sms_manager
     00000832  A$_sms_manager$504                 _sms_manager
     00000833  A$_sms_manager$505                 _sms_manager
     00000836  A$_sms_manager$506                 _sms_manager
     00000837  A$_sms_manager$507                 _sms_manager
     00000838  A$_sms_manager$508                 _sms_manager
     00000839  A$_sms_manager$509                 _sms_manager
     0000083C  A$_sms_manager$510                 _sms_manager
     0000083D  A$_sms_manager$511                 _sms_manager
     0000083E  A$_sms_manager$512                 _sms_manager
     0000083F  A$_sms_manager$513                 _sms_manager
     00000840  A$_sms_manager$514                 _sms_manager
     00000841  A$_sms_manager$515                 _sms_manager
     00000842  A$_sms_manager$516                 _sms_manager
     00000844  A$_sms_manager$517                 _sms_manager
     00000845  A$_sms_manager$518                 _sms_manager
     00000846  A$_sms_manager$522                 _sms_manager
     00000846  C$_sms_manager.c$89$1$103          _sms_manager
     00000847  A$_sms_manager$523                 _sms_manager
     00000848  A$_sms_manager$524                 _sms_manager
     0000084B  A$_sms_manager$525                 _sms_manager
     0000084C  A$_sms_manager$526                 _sms_manager
     0000084D  A$_sms_manager$527                 _sms_manager
     0000084E  A$_sms_manager$528                 _sms_manager
     0000084F  A$_sms_manager$529                 _sms_manager
     00000852  A$_sms_manager$530                 _sms_manager
     00000853  A$_sms_manager$535                 _sms_manager
     00000853  C$_sms_manager.c$90$1$103          _sms_manager
     00000853  XG$devkit_SMS_setSpritePaletteCo   _sms_manager
     00000854  A$_sms_manager$545                 _sms_manager
     00000854  C$_sms_manager.c$92$1$103          _sms_manager
     00000854  G$devkit_SMS_setNextTileatXY$0$0   _sms_manager
ASxxxx Linker V03.00 + NoICE + sdld,  page 9.
Hexadecimal  [32-Bits]

Area                                    Addr        Size        Decimal Bytes (Attributes)
--------------------------------        ----        ----        ------- ----- ------------
_CODE                               00000200    000030E2 =       12514. bytes (REL,CON)

      Value  Global                              Global Defined In Module
      -----  --------------------------------   ------------------------
     00000854  _devkit_SMS_setNextTileatXY        _sms_manager
     00000856  A$_sms_manager$546                 _sms_manager
     0000085A  A$_sms_manager$547                 _sms_manager
     0000085C  A$_sms_manager$551                 _sms_manager
     0000085C  C$_sms_manager.c$94$1$105          _sms_manager
     0000085F  A$_sms_manager$552                 _sms_manager
     00000861  A$_sms_manager$553                 _sms_manager
     00000862  A$_sms_manager$554                 _sms_manager
     00000863  A$_sms_manager$555                 _sms_manager
     00000864  A$_sms_manager$556                 _sms_manager
     00000865  A$_sms_manager$557                 _sms_manager
     00000866  A$_sms_manager$558                 _sms_manager
     00000867  A$_sms_manager$559                 _sms_manager
     00000868  A$_sms_manager$560                 _sms_manager
     00000869  A$_sms_manager$561                 _sms_manager
     0000086B  A$_sms_manager$562                 _sms_manager
     0000086C  A$_sms_manager$563                 _sms_manager
     0000086F  A$_sms_manager$564                 _sms_manager
     00000871  A$_sms_manager$565                 _sms_manager
     00000872  A$_sms_manager$566                 _sms_manager
     00000873  A$_sms_manager$567                 _sms_manager
     00000874  A$_sms_manager$568                 _sms_manager
     00000875  A$_sms_manager$569                 _sms_manager
     00000876  A$_sms_manager$570                 _sms_manager
     00000877  A$_sms_manager$571                 _sms_manager
     00000878  A$_sms_manager$576                 _sms_manager
     00000878  C$_sms_manager.c$95$1$105          _sms_manager
     00000878  XG$devkit_SMS_setNextTileatXY$0$   _sms_manager
     0000087A  A$_sms_manager$577                 _sms_manager
     0000087D  A$_sms_manager$590                 _sms_manager
     0000087D  C$_sms_manager.c$96$1$105          _sms_manager
     0000087D  C$_sms_manager.c$98$1$107          _sms_manager
     0000087D  G$devkit_SMS_setTile$0$0           _sms_manager
     0000087D  _devkit_SMS_setTile                _sms_manager
     00000881  A$_sms_manager$591                 _sms_manager
     00000883  A$_sms_manager$592                 _sms_manager
     00000886  A$_sms_manager$593                 _sms_manager
     00000888  A$_sms_manager$598                 _sms_manager
     00000888  C$_sms_manager.c$99$1$107          _sms_manager
     00000888  XG$devkit_SMS_setTile$0$0          _sms_manager
     0000088B  A$_sms_manager$611                 _sms_manager
     0000088B  C$_sms_manager.c$100$1$107         _sms_manager
     0000088B  C$_sms_manager.c$102$1$109         _sms_manager
     0000088B  G$devkit_SMS_loadTileMap$0$0       _sms_manager
     0000088B  _devkit_SMS_loadTileMap            _sms_manager
     0000088E  A$_sms_manager$612                 _sms_manager
     0000088F  A$_sms_manager$613                 _sms_manager
     00000890  A$_sms_manager$614                 _sms_manager
     00000891  A$_sms_manager$615                 _sms_manager
     00000892  A$_sms_manager$616                 _sms_manager
     00000895  A$_sms_manager$617                 _sms_manager
ASxxxx Linker V03.00 + NoICE + sdld,  page 10.
Hexadecimal  [32-Bits]

Area                                    Addr        Size        Decimal Bytes (Attributes)
--------------------------------        ----        ----        ------- ----- ------------
_CODE                               00000200    000030E2 =       12514. bytes (REL,CON)

      Value  Global                              Global Defined In Module
      -----  --------------------------------   ------------------------
     00000896  A$_sms_manager$618                 _sms_manager
     00000897  A$_sms_manager$619                 _sms_manager
     00000898  A$_sms_manager$620                 _sms_manager
     00000899  A$_sms_manager$621                 _sms_manager
     0000089A  A$_sms_manager$622                 _sms_manager
     0000089B  A$_sms_manager$623                 _sms_manager
     0000089C  A$_sms_manager$624                 _sms_manager
     0000089F  A$_sms_manager$625                 _sms_manager
     000008A0  A$_sms_manager$626                 _sms_manager
     000008A1  A$_sms_manager$627                 _sms_manager
     000008A2  A$_sms_manager$628                 _sms_manager
     000008A3  A$_sms_manager$629                 _sms_manager
     000008A6  A$_sms_manager$630                 _sms_manager
     000008A7  A$_sms_manager$631                 _sms_manager
     000008A8  A$_sms_manager$632                 _sms_manager
     000008A9  A$_sms_manager$633                 _sms_manager
     000008AA  A$_sms_manager$634                 _sms_manager
     000008AD  A$_sms_manager$635                 _sms_manager
     000008B0  A$_sms_manager$636                 _sms_manager
     000008B1  A$_sms_manager$637                 _sms_manager
     000008B2  A$_sms_manager$642                 _sms_manager
     000008B2  C$_sms_manager.c$103$1$109         _sms_manager
     000008B2  XG$devkit_SMS_loadTileMap$0$0      _sms_manager
     000008B3  A$_sms_manager$655                 _sms_manager
     000008B3  C$_sms_manager.c$105$1$109         _sms_manager
     000008B3  C$_sms_manager.c$107$1$111         _sms_manager
     000008B3  G$devkit_SMS_addSprite$0$0         _sms_manager
     000008B3  _devkit_SMS_addSprite              _sms_manager
     000008B6  A$_sms_manager$656                 _sms_manager
     000008B7  A$_sms_manager$657                 _sms_manager
     000008B8  A$_sms_manager$658                 _sms_manager
     000008B9  A$_sms_manager$659                 _sms_manager
     000008BA  A$_sms_manager$660                 _sms_manager
     000008BD  A$_sms_manager$661                 _sms_manager
     000008BE  A$_sms_manager$662                 _sms_manager
     000008BF  A$_sms_manager$663                 _sms_manager
     000008C0  A$_sms_manager$664                 _sms_manager
     000008C1  A$_sms_manager$665                 _sms_manager
     000008C4  A$_sms_manager$666                 _sms_manager
     000008C5  A$_sms_manager$667                 _sms_manager
     000008C6  A$_sms_manager$668                 _sms_manager
     000008C7  A$_sms_manager$669                 _sms_manager
     000008C8  A$_sms_manager$670                 _sms_manager
     000008CB  A$_sms_manager$671                 _sms_manager
     000008CC  A$_sms_manager$672                 _sms_manager
     000008CD  A$_sms_manager$677                 _sms_manager
     000008CD  C$_sms_manager.c$108$1$111         _sms_manager
     000008CD  XG$devkit_SMS_addSprite$0$0        _sms_manager
     000008CE  A$_sms_manager$687                 _sms_manager
     000008CE  C$_sms_manager.c$109$1$111         _sms_manager
     000008CE  G$devkit_SMS_addSprite_bulk8$0$0   _sms_manager
ASxxxx Linker V03.00 + NoICE + sdld,  page 11.
Hexadecimal  [32-Bits]

Area                                    Addr        Size        Decimal Bytes (Attributes)
--------------------------------        ----        ----        ------- ----- ------------
_CODE                               00000200    000030E2 =       12514. bytes (REL,CON)

      Value  Global                              Global Defined In Module
      -----  --------------------------------   ------------------------
     000008CE  _devkit_SMS_addSprite_bulk8        _sms_manager
     000008D0  A$_sms_manager$688                 _sms_manager
     000008D4  A$_sms_manager$689                 _sms_manager
     000008D6  A$_sms_manager$693                 _sms_manager
     000008D6  C$_sms_manager.c$111$1$113         _sms_manager
     000008D9  A$_sms_manager$694                 _sms_manager
     000008DC  A$_sms_manager$695                 _sms_manager
     000008DD  A$_sms_manager$696                 _sms_manager
     000008E0  A$_sms_manager$697                 _sms_manager
     000008E3  A$_sms_manager$698                 _sms_manager
     000008E4  A$_sms_manager$699                 _sms_manager
     000008E7  A$_sms_manager$700                 _sms_manager
     000008E8  A$_sms_manager$701                 _sms_manager
     000008E9  A$_sms_manager$705                 _sms_manager
     000008E9  C$_sms_manager.c$112$1$113         _sms_manager
     000008EC  A$_sms_manager$706                 _sms_manager
     000008EF  A$_sms_manager$707                 _sms_manager
     000008F0  A$_sms_manager$708                 _sms_manager
     000008F3  A$_sms_manager$709                 _sms_manager
     000008F5  A$_sms_manager$710                 _sms_manager
     000008F6  A$_sms_manager$711                 _sms_manager
     000008F7  A$_sms_manager$712                 _sms_manager
     000008F8  A$_sms_manager$713                 _sms_manager
     000008FB  A$_sms_manager$714                 _sms_manager
     000008FC  A$_sms_manager$715                 _sms_manager
     000008FD  A$_sms_manager$716                 _sms_manager
     000008FE  A$_sms_manager$717                 _sms_manager
     000008FF  A$_sms_manager$718                 _sms_manager
     00000902  A$_sms_manager$719                 _sms_manager
     00000903  A$_sms_manager$720                 _sms_manager
     00000904  A$_sms_manager$721                 _sms_manager
     00000905  A$_sms_manager$725                 _sms_manager
     00000905  C$_sms_manager.c$114$1$113         _sms_manager
     00000908  A$_sms_manager$726                 _sms_manager
     0000090B  A$_sms_manager$727                 _sms_manager
     0000090C  A$_sms_manager$728                 _sms_manager
     0000090D  A$_sms_manager$729                 _sms_manager
     00000910  A$_sms_manager$730                 _sms_manager
     00000912  A$_sms_manager$731                 _sms_manager
     00000913  A$_sms_manager$732                 _sms_manager
     00000914  A$_sms_manager$733                 _sms_manager
     00000915  A$_sms_manager$734                 _sms_manager
     00000916  A$_sms_manager$735                 _sms_manager
     00000917  A$_sms_manager$736                 _sms_manager
     00000918  A$_sms_manager$737                 _sms_manager
     0000091B  A$_sms_manager$738                 _sms_manager
     0000091C  A$_sms_manager$739                 _sms_manager
     0000091D  A$_sms_manager$740                 _sms_manager
     00000920  A$_sms_manager$741                 _sms_manager
     00000921  A$_sms_manager$742                 _sms_manager
     00000922  A$_sms_manager$743                 _sms_manager
ASxxxx Linker V03.00 + NoICE + sdld,  page 12.
Hexadecimal  [32-Bits]

Area                                    Addr        Size        Decimal Bytes (Attributes)
--------------------------------        ----        ----        ------- ----- ------------
_CODE                               00000200    000030E2 =       12514. bytes (REL,CON)

      Value  Global                              Global Defined In Module
      -----  --------------------------------   ------------------------
     00000923  A$_sms_manager$744                 _sms_manager
     00000924  A$_sms_manager$748                 _sms_manager
     00000924  C$_sms_manager.c$115$1$113         _sms_manager
     00000927  A$_sms_manager$749                 _sms_manager
     0000092A  A$_sms_manager$750                 _sms_manager
     0000092B  A$_sms_manager$751                 _sms_manager
     0000092C  A$_sms_manager$752                 _sms_manager
     0000092D  A$_sms_manager$753                 _sms_manager
     0000092E  A$_sms_manager$754                 _sms_manager
     0000092F  A$_sms_manager$755                 _sms_manager
     00000930  A$_sms_manager$756                 _sms_manager
     00000931  A$_sms_manager$757                 _sms_manager
     00000934  A$_sms_manager$758                 _sms_manager
     00000935  A$_sms_manager$759                 _sms_manager
     00000936  A$_sms_manager$760                 _sms_manager
     00000937  A$_sms_manager$764                 _sms_manager
     00000937  C$_sms_manager.c$117$1$113         _sms_manager
     0000093A  A$_sms_manager$765                 _sms_manager
     0000093C  A$_sms_manager$766                 _sms_manager
     0000093D  A$_sms_manager$767                 _sms_manager
     00000940  A$_sms_manager$768                 _sms_manager
     00000942  A$_sms_manager$769                 _sms_manager
     00000943  A$_sms_manager$770                 _sms_manager
     00000946  A$_sms_manager$771                 _sms_manager
     00000948  A$_sms_manager$772                 _sms_manager
     00000949  A$_sms_manager$773                 _sms_manager
     0000094A  A$_sms_manager$774                 _sms_manager
     0000094B  A$_sms_manager$775                 _sms_manager
     0000094C  A$_sms_manager$776                 _sms_manager
     0000094D  A$_sms_manager$777                 _sms_manager
     0000094E  A$_sms_manager$778                 _sms_manager
     00000951  A$_sms_manager$779                 _sms_manager
     00000952  A$_sms_manager$780                 _sms_manager
     00000953  A$_sms_manager$781                 _sms_manager
     00000956  A$_sms_manager$782                 _sms_manager
     00000957  A$_sms_manager$783                 _sms_manager
     00000958  A$_sms_manager$784                 _sms_manager
     00000959  A$_sms_manager$785                 _sms_manager
     0000095A  A$_sms_manager$789                 _sms_manager
     0000095A  C$_sms_manager.c$118$1$113         _sms_manager
     0000095D  A$_sms_manager$790                 _sms_manager
     0000095F  A$_sms_manager$791                 _sms_manager
     00000960  A$_sms_manager$792                 _sms_manager
     00000963  A$_sms_manager$793                 _sms_manager
     00000965  A$_sms_manager$794                 _sms_manager
     00000966  A$_sms_manager$795                 _sms_manager
     00000967  A$_sms_manager$796                 _sms_manager
     00000968  A$_sms_manager$797                 _sms_manager
     00000969  A$_sms_manager$798                 _sms_manager
     0000096A  A$_sms_manager$799                 _sms_manager
     0000096D  A$_sms_manager$800                 _sms_manager
ASxxxx Linker V03.00 + NoICE + sdld,  page 13.
Hexadecimal  [32-Bits]

Area                                    Addr        Size        Decimal Bytes (Attributes)
--------------------------------        ----        ----        ------- ----- ------------
_CODE                               00000200    000030E2 =       12514. bytes (REL,CON)

      Value  Global                              Global Defined In Module
      -----  --------------------------------   ------------------------
     0000096E  A$_sms_manager$801                 _sms_manager
     0000096F  A$_sms_manager$802                 _sms_manager
     00000970  A$_sms_manager$806                 _sms_manager
     00000970  C$_sms_manager.c$120$1$113         _sms_manager
     00000973  A$_sms_manager$807                 _sms_manager
     00000975  A$_sms_manager$808                 _sms_manager
     00000976  A$_sms_manager$809                 _sms_manager
     00000979  A$_sms_manager$810                 _sms_manager
     0000097B  A$_sms_manager$811                 _sms_manager
     0000097C  A$_sms_manager$812                 _sms_manager
     0000097F  A$_sms_manager$813                 _sms_manager
     00000981  A$_sms_manager$814                 _sms_manager
     00000982  A$_sms_manager$815                 _sms_manager
     00000983  A$_sms_manager$816                 _sms_manager
     00000984  A$_sms_manager$817                 _sms_manager
     00000985  A$_sms_manager$818                 _sms_manager
     00000986  A$_sms_manager$819                 _sms_manager
     00000987  A$_sms_manager$820                 _sms_manager
     0000098A  A$_sms_manager$821                 _sms_manager
     0000098B  A$_sms_manager$822                 _sms_manager
     0000098C  A$_sms_manager$823                 _sms_manager
     0000098F  A$_sms_manager$824                 _sms_manager
     00000990  A$_sms_manager$825                 _sms_manager
     00000991  A$_sms_manager$826                 _sms_manager
     00000992  A$_sms_manager$827                 _sms_manager
     00000993  A$_sms_manager$831                 _sms_manager
     00000993  C$_sms_manager.c$121$1$113         _sms_manager
     00000996  A$_sms_manager$832                 _sms_manager
     00000998  A$_sms_manager$833                 _sms_manager
     00000999  A$_sms_manager$834                 _sms_manager
     0000099C  A$_sms_manager$835                 _sms_manager
     0000099E  A$_sms_manager$836                 _sms_manager
     0000099F  A$_sms_manager$837                 _sms_manager
     000009A0  A$_sms_manager$838                 _sms_manager
     000009A1  A$_sms_manager$839                 _sms_manager
     000009A2  A$_sms_manager$840                 _sms_manager
     000009A5  A$_sms_manager$841                 _sms_manager
     000009A6  A$_sms_manager$842                 _sms_manager
     000009A7  A$_sms_manager$843                 _sms_manager
     000009A9  A$_sms_manager$848                 _sms_manager
     000009A9  C$_sms_manager.c$122$1$113         _sms_manager
     000009A9  XG$devkit_SMS_addSprite_bulk8$0$   _sms_manager
     000009AA  A$_sms_manager$858                 _sms_manager
     000009AA  C$_sms_manager.c$123$1$113         _sms_manager
     000009AA  G$devkit_SMS_addSprite_bulk12$0$   _sms_manager
     000009AA  _devkit_SMS_addSprite_bulk12       _sms_manager
     000009AC  A$_sms_manager$859                 _sms_manager
     000009B0  A$_sms_manager$860                 _sms_manager
     000009B2  A$_sms_manager$864                 _sms_manager
     000009B2  C$_sms_manager.c$125$1$115         _sms_manager
     000009B5  A$_sms_manager$865                 _sms_manager
ASxxxx Linker V03.00 + NoICE + sdld,  page 14.
Hexadecimal  [32-Bits]

Area                                    Addr        Size        Decimal Bytes (Attributes)
--------------------------------        ----        ----        ------- ----- ------------
_CODE                               00000200    000030E2 =       12514. bytes (REL,CON)

      Value  Global                              Global Defined In Module
      -----  --------------------------------   ------------------------
     000009B6  A$_sms_manager$866                 _sms_manager
     000009B7  A$_sms_manager$867                 _sms_manager
     000009BA  A$_sms_manager$868                 _sms_manager
     000009BB  A$_sms_manager$869                 _sms_manager
     000009BE  A$_sms_manager$870                 _sms_manager
     000009BF  A$_sms_manager$871                 _sms_manager
     000009C0  A$_sms_manager$872                 _sms_manager
     000009C3  A$_sms_manager$873                 _sms_manager
     000009C4  A$_sms_manager$874                 _sms_manager
     000009C5  A$_sms_manager$875                 _sms_manager
     000009C6  A$_sms_manager$879                 _sms_manager
     000009C6  C$_sms_manager.c$126$1$115         _sms_manager
     000009C7  A$_sms_manager$880                 _sms_manager
     000009C8  A$_sms_manager$881                 _sms_manager
     000009CB  A$_sms_manager$882                 _sms_manager
     000009CD  A$_sms_manager$883                 _sms_manager
     000009CE  A$_sms_manager$884                 _sms_manager
     000009CF  A$_sms_manager$885                 _sms_manager
     000009D0  A$_sms_manager$886                 _sms_manager
     000009D1  A$_sms_manager$887                 _sms_manager
     000009D4  A$_sms_manager$888                 _sms_manager
     000009D5  A$_sms_manager$889                 _sms_manager
     000009D6  A$_sms_manager$890                 _sms_manager
     000009D7  A$_sms_manager$891                 _sms_manager
     000009D8  A$_sms_manager$892                 _sms_manager
     000009DB  A$_sms_manager$893                 _sms_manager
     000009DC  A$_sms_manager$894                 _sms_manager
     000009DD  A$_sms_manager$895                 _sms_manager
     000009DE  A$_sms_manager$899                 _sms_manager
     000009DE  C$_sms_manager.c$127$1$115         _sms_manager
     000009DF  A$_sms_manager$900                 _sms_manager
     000009E0  A$_sms_manager$901                 _sms_manager
     000009E1  A$_sms_manager$902                 _sms_manager
     000009E4  A$_sms_manager$903                 _sms_manager
     000009E6  A$_sms_manager$904                 _sms_manager
     000009E7  A$_sms_manager$905                 _sms_manager
     000009E8  A$_sms_manager$906                 _sms_manager
     000009E9  A$_sms_manager$907                 _sms_manager
     000009EA  A$_sms_manager$908                 _sms_manager
     000009EB  A$_sms_manager$909                 _sms_manager
     000009EE  A$_sms_manager$910                 _sms_manager
     000009EF  A$_sms_manager$911                 _sms_manager
     000009F2  A$_sms_manager$912                 _sms_manager
     000009F3  A$_sms_manager$913                 _sms_manager
     000009F4  A$_sms_manager$914                 _sms_manager
     000009F5  A$_sms_manager$915                 _sms_manager
     000009F6  A$_sms_manager$919                 _sms_manager
     000009F6  C$_sms_manager.c$129$1$115         _sms_manager
     000009F7  A$_sms_manager$920                 _sms_manager
     000009F8  A$_sms_manager$921                 _sms_manager
     000009F9  A$_sms_manager$922                 _sms_manager
ASxxxx Linker V03.00 + NoICE + sdld,  page 15.
Hexadecimal  [32-Bits]

Area                                    Addr        Size        Decimal Bytes (Attributes)
--------------------------------        ----        ----        ------- ----- ------------
_CODE                               00000200    000030E2 =       12514. bytes (REL,CON)

      Value  Global                              Global Defined In Module
      -----  --------------------------------   ------------------------
     000009FA  A$_sms_manager$923                 _sms_manager
     000009FD  A$_sms_manager$924                 _sms_manager
     000009FF  A$_sms_manager$925                 _sms_manager
     00000A00  A$_sms_manager$926                 _sms_manager
     00000A01  A$_sms_manager$927                 _sms_manager
     00000A02  A$_sms_manager$928                 _sms_manager
     00000A03  A$_sms_manager$929                 _sms_manager
     00000A04  A$_sms_manager$930                 _sms_manager
     00000A05  A$_sms_manager$931                 _sms_manager
     00000A06  A$_sms_manager$932                 _sms_manager
     00000A09  A$_sms_manager$933                 _sms_manager
     00000A0A  A$_sms_manager$934                 _sms_manager
     00000A0B  A$_sms_manager$935                 _sms_manager
     00000A0E  A$_sms_manager$936                 _sms_manager
     00000A0F  A$_sms_manager$937                 _sms_manager
     00000A10  A$_sms_manager$938                 _sms_manager
     00000A11  A$_sms_manager$939                 _sms_manager
     00000A12  A$_sms_manager$943                 _sms_manager
     00000A12  C$_sms_manager.c$130$1$115         _sms_manager
     00000A13  A$_sms_manager$944                 _sms_manager
     00000A15  A$_sms_manager$945                 _sms_manager
     00000A16  A$_sms_manager$946                 _sms_manager
     00000A17  A$_sms_manager$947                 _sms_manager
     00000A18  A$_sms_manager$948                 _sms_manager
     00000A19  A$_sms_manager$949                 _sms_manager
     00000A1A  A$_sms_manager$950                 _sms_manager
     00000A1B  A$_sms_manager$951                 _sms_manager
     00000A1E  A$_sms_manager$952                 _sms_manager
     00000A1F  A$_sms_manager$953                 _sms_manager
     00000A20  A$_sms_manager$954                 _sms_manager
     00000A21  A$_sms_manager$955                 _sms_manager
     00000A22  A$_sms_manager$959                 _sms_manager
     00000A22  C$_sms_manager.c$131$1$115         _sms_manager
     00000A23  A$_sms_manager$960                 _sms_manager
     00000A25  A$_sms_manager$961                 _sms_manager
     00000A26  A$_sms_manager$962                 _sms_manager
     00000A27  A$_sms_manager$963                 _sms_manager
     00000A28  A$_sms_manager$964                 _sms_manager
     00000A29  A$_sms_manager$965                 _sms_manager
     00000A2A  A$_sms_manager$966                 _sms_manager
     00000A2B  A$_sms_manager$967                 _sms_manager
     00000A2E  A$_sms_manager$968                 _sms_manager
     00000A2F  A$_sms_manager$969                 _sms_manager
     00000A30  A$_sms_manager$970                 _sms_manager
     00000A31  A$_sms_manager$971                 _sms_manager
     00000A32  A$_sms_manager$975                 _sms_manager
     00000A32  C$_sms_manager.c$133$1$115         _sms_manager
     00000A33  A$_sms_manager$976                 _sms_manager
     00000A35  A$_sms_manager$977                 _sms_manager
     00000A36  A$_sms_manager$978                 _sms_manager
     00000A39  A$_sms_manager$979                 _sms_manager
ASxxxx Linker V03.00 + NoICE + sdld,  page 16.
Hexadecimal  [32-Bits]

Area                                    Addr        Size        Decimal Bytes (Attributes)
--------------------------------        ----        ----        ------- ----- ------------
_CODE                               00000200    000030E2 =       12514. bytes (REL,CON)

      Value  Global                              Global Defined In Module
      -----  --------------------------------   ------------------------
     00000A3B  A$_sms_manager$980                 _sms_manager
     00000A3C  A$_sms_manager$981                 _sms_manager
     00000A3D  A$_sms_manager$982                 _sms_manager
     00000A3E  A$_sms_manager$983                 _sms_manager
     00000A3F  A$_sms_manager$984                 _sms_manager
     00000A40  A$_sms_manager$985                 _sms_manager
     00000A41  A$_sms_manager$986                 _sms_manager
     00000A42  A$_sms_manager$987                 _sms_manager
     00000A45  A$_sms_manager$988                 _sms_manager
     00000A46  A$_sms_manager$989                 _sms_manager
     00000A47  A$_sms_manager$990                 _sms_manager
     00000A4A  A$_sms_manager$991                 _sms_manager
     00000A4B  A$_sms_manager$992                 _sms_manager
     00000A4C  A$_sms_manager$993                 _sms_manager
     00000A4D  A$_sms_manager$994                 _sms_manager
     00000A4E  A$_sms_manager$998                 _sms_manager
     00000A4E  C$_sms_manager.c$134$1$115         _sms_manager
     00000A4F  A$_sms_manager$999                 _sms_manager
     00000A51  A$_sms_manager$1000                _sms_manager
     00000A52  A$_sms_manager$1001                _sms_manager
     00000A53  A$_sms_manager$1002                _sms_manager
     00000A54  A$_sms_manager$1003                _sms_manager
     00000A55  A$_sms_manager$1004                _sms_manager
     00000A56  A$_sms_manager$1005                _sms_manager
     00000A57  A$_sms_manager$1006                _sms_manager
     00000A58  A$_sms_manager$1007                _sms_manager
     00000A5B  A$_sms_manager$1008                _sms_manager
     00000A5C  A$_sms_manager$1009                _sms_manager
     00000A5D  A$_sms_manager$1010                _sms_manager
     00000A5E  A$_sms_manager$1011                _sms_manager
     00000A5F  A$_sms_manager$1015                _sms_manager
     00000A5F  C$_sms_manager.c$135$1$115         _sms_manager
     00000A60  A$_sms_manager$1016                _sms_manager
     00000A62  A$_sms_manager$1017                _sms_manager
     00000A63  A$_sms_manager$1018                _sms_manager
     00000A64  A$_sms_manager$1019                _sms_manager
     00000A65  A$_sms_manager$1020                _sms_manager
     00000A66  A$_sms_manager$1021                _sms_manager
     00000A67  A$_sms_manager$1022                _sms_manager
     00000A68  A$_sms_manager$1023                _sms_manager
     00000A6B  A$_sms_manager$1024                _sms_manager
     00000A6C  A$_sms_manager$1025                _sms_manager
     00000A6D  A$_sms_manager$1026                _sms_manager
     00000A6E  A$_sms_manager$1027                _sms_manager
     00000A6F  A$_sms_manager$1031                _sms_manager
     00000A6F  C$_sms_manager.c$137$1$115         _sms_manager
     00000A70  A$_sms_manager$1032                _sms_manager
     00000A72  A$_sms_manager$1033                _sms_manager
     00000A73  A$_sms_manager$1034                _sms_manager
     00000A76  A$_sms_manager$1035                _sms_manager
     00000A78  A$_sms_manager$1036                _sms_manager
ASxxxx Linker V03.00 + NoICE + sdld,  page 17.
Hexadecimal  [32-Bits]

Area                                    Addr        Size        Decimal Bytes (Attributes)
--------------------------------        ----        ----        ------- ----- ------------
_CODE                               00000200    000030E2 =       12514. bytes (REL,CON)

      Value  Global                              Global Defined In Module
      -----  --------------------------------   ------------------------
     00000A79  A$_sms_manager$1037                _sms_manager
     00000A7A  A$_sms_manager$1038                _sms_manager
     00000A7B  A$_sms_manager$1039                _sms_manager
     00000A7C  A$_sms_manager$1040                _sms_manager
     00000A7D  A$_sms_manager$1041                _sms_manager
     00000A7E  A$_sms_manager$1042                _sms_manager
     00000A7F  A$_sms_manager$1043                _sms_manager
     00000A82  A$_sms_manager$1044                _sms_manager
     00000A83  A$_sms_manager$1045                _sms_manager
     00000A84  A$_sms_manager$1046                _sms_manager
     00000A87  A$_sms_manager$1047                _sms_manager
     00000A88  A$_sms_manager$1048                _sms_manager
     00000A89  A$_sms_manager$1049                _sms_manager
     00000A8A  A$_sms_manager$1050                _sms_manager
     00000A8B  A$_sms_manager$1054                _sms_manager
     00000A8B  C$_sms_manager.c$138$1$115         _sms_manager
     00000A8C  A$_sms_manager$1055                _sms_manager
     00000A8E  A$_sms_manager$1056                _sms_manager
     00000A8F  A$_sms_manager$1057                _sms_manager
     00000A90  A$_sms_manager$1058                _sms_manager
     00000A91  A$_sms_manager$1059                _sms_manager
     00000A92  A$_sms_manager$1060                _sms_manager
     00000A93  A$_sms_manager$1061                _sms_manager
     00000A94  A$_sms_manager$1062                _sms_manager
     00000A95  A$_sms_manager$1063                _sms_manager
     00000A98  A$_sms_manager$1064                _sms_manager
     00000A99  A$_sms_manager$1065                _sms_manager
     00000A9A  A$_sms_manager$1066                _sms_manager
     00000A9B  A$_sms_manager$1067                _sms_manager
     00000A9C  A$_sms_manager$1071                _sms_manager
     00000A9C  C$_sms_manager.c$139$1$115         _sms_manager
     00000A9D  A$_sms_manager$1072                _sms_manager
     00000A9F  A$_sms_manager$1073                _sms_manager
     00000AA0  A$_sms_manager$1074                _sms_manager
     00000AA1  A$_sms_manager$1075                _sms_manager
     00000AA2  A$_sms_manager$1076                _sms_manager
     00000AA3  A$_sms_manager$1077                _sms_manager
     00000AA4  A$_sms_manager$1078                _sms_manager
     00000AA5  A$_sms_manager$1079                _sms_manager
     00000AA8  A$_sms_manager$1080                _sms_manager
     00000AA9  A$_sms_manager$1081                _sms_manager
     00000AAA  A$_sms_manager$1082                _sms_manager
     00000AAC  A$_sms_manager$1087                _sms_manager
     00000AAC  C$_sms_manager.c$140$1$115         _sms_manager
     00000AAC  XG$devkit_SMS_addSprite_bulk12$0   _sms_manager
     00000AAD  A$_sms_manager$1104                _sms_manager
     00000AAD  C$_sms_manager.c$142$1$115         _sms_manager
     00000AAD  C$_sms_manager.c$144$1$116         _sms_manager
     00000AAD  C$_sms_manager.c$145$1$116         _sms_manager
     00000AAD  G$devkit_SMS_initSprites$0$0       _sms_manager
     00000AAD  XG$devkit_SMS_initSprites$0$0      _sms_manager
ASxxxx Linker V03.00 + NoICE + sdld,  page 18.
Hexadecimal  [32-Bits]

Area                                    Addr        Size        Decimal Bytes (Attributes)
--------------------------------        ----        ----        ------- ----- ------------
_CODE                               00000200    000030E2 =       12514. bytes (REL,CON)

      Value  Global                              Global Defined In Module
      -----  --------------------------------   ------------------------
     00000AAD  _devkit_SMS_initSprites            _sms_manager
     00000AB0  A$_sms_manager$1121                _sms_manager
     00000AB0  C$_sms_manager.c$146$1$116         _sms_manager
     00000AB0  C$_sms_manager.c$148$1$117         _sms_manager
     00000AB0  C$_sms_manager.c$149$1$117         _sms_manager
     00000AB0  G$devkit_SMS_finalizeSprites$0$0   _sms_manager
     00000AB0  XG$devkit_SMS_finalizeSprites$0$   _sms_manager
     00000AB0  _devkit_SMS_finalizeSprites        _sms_manager
     00000AB3  A$_sms_manager$1138                _sms_manager
     00000AB3  C$_sms_manager.c$150$1$117         _sms_manager
     00000AB3  C$_sms_manager.c$152$1$118         _sms_manager
     00000AB3  C$_sms_manager.c$153$1$118         _sms_manager
     00000AB3  G$devkit_SMS_waitForVBlank$0$0     _sms_manager
     00000AB3  XG$devkit_SMS_waitForVBlank$0$0    _sms_manager
     00000AB3  _devkit_SMS_waitForVBlank          _sms_manager
     00000AB6  A$_sms_manager$1155                _sms_manager
     00000AB6  C$_sms_manager.c$154$1$118         _sms_manager
     00000AB6  C$_sms_manager.c$156$1$119         _sms_manager
     00000AB6  C$_sms_manager.c$157$1$119         _sms_manager
     00000AB6  G$devkit_SMS_copySpritestoSAT$0$   _sms_manager
     00000AB6  XG$devkit_SMS_copySpritestoSAT$0   _sms_manager
     00000AB6  _devkit_SMS_copySpritestoSAT       _sms_manager
     00000AB9  A$_sms_manager$1172                _sms_manager
     00000AB9  C$_sms_manager.c$158$1$119         _sms_manager
     00000AB9  C$_sms_manager.c$160$1$120         _sms_manager
     00000AB9  C$_sms_manager.c$161$1$120         _sms_manager
     00000AB9  G$devkit_UNSAFE_SMS_copySpritest   _sms_manager
     00000AB9  XG$devkit_UNSAFE_SMS_copySprites   _sms_manager
     00000AB9  _devkit_UNSAFE_SMS_copySpritesto   _sms_manager
     00000ABC  A$_sms_manager$1189                _sms_manager
     00000ABC  C$_sms_manager.c$163$1$120         _sms_manager
     00000ABC  C$_sms_manager.c$165$1$121         _sms_manager
     00000ABC  C$_sms_manager.c$166$1$121         _sms_manager
     00000ABC  G$devkit_SMS_queryPauseRequested   _sms_manager
     00000ABC  XG$devkit_SMS_queryPauseRequeste   _sms_manager
     00000ABC  _devkit_SMS_queryPauseRequested    _sms_manager
     00000ABF  A$_sms_manager$1206                _sms_manager
     00000ABF  C$_sms_manager.c$167$1$121         _sms_manager
     00000ABF  C$_sms_manager.c$169$1$122         _sms_manager
     00000ABF  C$_sms_manager.c$170$1$122         _sms_manager
     00000ABF  G$devkit_SMS_resetPauseRequest$0   _sms_manager
     00000ABF  XG$devkit_SMS_resetPauseRequest$   _sms_manager
     00000ABF  _devkit_SMS_resetPauseRequest      _sms_manager
     00000AC2  A$_sms_manager$1219                _sms_manager
     00000AC2  C$_sms_manager.c$172$1$122         _sms_manager
     00000AC2  C$_sms_manager.c$174$1$123         _sms_manager
     00000AC2  G$devkit_isCollisionDetected$0$0   _sms_manager
     00000AC2  _devkit_isCollisionDetected        _sms_manager
     00000AC5  A$_sms_manager$1220                _sms_manager
     00000AC7  A$_sms_manager$1221                _sms_manager
     00000AC8  A$_sms_manager$1226                _sms_manager
ASxxxx Linker V03.00 + NoICE + sdld,  page 19.
Hexadecimal  [32-Bits]

Area                                    Addr        Size        Decimal Bytes (Attributes)
--------------------------------        ----        ----        ------- ----- ------------
_CODE                               00000200    000030E2 =       12514. bytes (REL,CON)

      Value  Global                              Global Defined In Module
      -----  --------------------------------   ------------------------
     00000AC8  C$_sms_manager.c$175$1$123         _sms_manager
     00000AC8  XG$devkit_isCollisionDetected$0$   _sms_manager
     00000AC9  A$_sms_manager$1243                _sms_manager
     00000AC9  C$_sms_manager.c$178$1$123         _sms_manager
     00000AC9  C$_sms_manager.c$180$1$124         _sms_manager
     00000AC9  C$_sms_manager.c$181$1$124         _sms_manager
     00000AC9  G$devkit_SMS_getKeysStatus$0$0     _sms_manager
     00000AC9  XG$devkit_SMS_getKeysStatus$0$0    _sms_manager
     00000AC9  _devkit_SMS_getKeysStatus          _sms_manager
     00000ACC  A$_sms_manager$1256                _sms_manager
     00000ACC  C$_sms_manager.c$182$1$124         _sms_manager
     00000ACC  C$_sms_manager.c$184$1$125         _sms_manager
     00000ACC  G$devkit_PORT_A_KEY_UP$0$0         _sms_manager
     00000ACC  _devkit_PORT_A_KEY_UP              _sms_manager
     00000ACF  A$_sms_manager$1261                _sms_manager
     00000ACF  C$_sms_manager.c$185$1$125         _sms_manager
     00000ACF  XG$devkit_PORT_A_KEY_UP$0$0        _sms_manager
     00000AD0  A$_sms_manager$1274                _sms_manager
     00000AD0  C$_sms_manager.c$186$1$125         _sms_manager
     00000AD0  C$_sms_manager.c$188$1$126         _sms_manager
     00000AD0  G$devkit_PORT_A_KEY_DOWN$0$0       _sms_manager
     00000AD0  _devkit_PORT_A_KEY_DOWN            _sms_manager
     00000AD3  A$_sms_manager$1279                _sms_manager
     00000AD3  C$_sms_manager.c$189$1$126         _sms_manager
     00000AD3  XG$devkit_PORT_A_KEY_DOWN$0$0      _sms_manager
     00000AD4  A$_sms_manager$1292                _sms_manager
     00000AD4  C$_sms_manager.c$190$1$126         _sms_manager
     00000AD4  C$_sms_manager.c$192$1$127         _sms_manager
     00000AD4  G$devkit_PORT_A_KEY_LEFT$0$0       _sms_manager
     00000AD4  _devkit_PORT_A_KEY_LEFT            _sms_manager
     00000AD7  A$_sms_manager$1297                _sms_manager
     00000AD7  C$_sms_manager.c$193$1$127         _sms_manager
     00000AD7  XG$devkit_PORT_A_KEY_LEFT$0$0      _sms_manager
     00000AD8  A$_sms_manager$1310                _sms_manager
     00000AD8  C$_sms_manager.c$194$1$127         _sms_manager
     00000AD8  C$_sms_manager.c$196$1$128         _sms_manager
     00000AD8  G$devkit_PORT_A_KEY_RIGHT$0$0      _sms_manager
     00000AD8  _devkit_PORT_A_KEY_RIGHT           _sms_manager
     00000ADB  A$_sms_manager$1315                _sms_manager
     00000ADB  C$_sms_manager.c$197$1$128         _sms_manager
     00000ADB  XG$devkit_PORT_A_KEY_RIGHT$0$0     _sms_manager
     00000ADC  A$_sms_manager$1328                _sms_manager
     00000ADC  C$_sms_manager.c$198$1$128         _sms_manager
     00000ADC  C$_sms_manager.c$200$1$129         _sms_manager
     00000ADC  G$devkit_PORT_A_KEY_1$0$0          _sms_manager
     00000ADC  _devkit_PORT_A_KEY_1               _sms_manager
     00000ADF  A$_sms_manager$1333                _sms_manager
     00000ADF  C$_sms_manager.c$201$1$129         _sms_manager
     00000ADF  XG$devkit_PORT_A_KEY_1$0$0         _sms_manager
     00000AE0  A$_sms_manager$1346                _sms_manager
     00000AE0  C$_sms_manager.c$202$1$129         _sms_manager
ASxxxx Linker V03.00 + NoICE + sdld,  page 20.
Hexadecimal  [32-Bits]

Area                                    Addr        Size        Decimal Bytes (Attributes)
--------------------------------        ----        ----        ------- ----- ------------
_CODE                               00000200    000030E2 =       12514. bytes (REL,CON)

      Value  Global                              Global Defined In Module
      -----  --------------------------------   ------------------------
     00000AE0  C$_sms_manager.c$204$1$130         _sms_manager
     00000AE0  G$devkit_PORT_A_KEY_2$0$0          _sms_manager
     00000AE0  _devkit_PORT_A_KEY_2               _sms_manager
     00000AE3  A$_sms_manager$1351                _sms_manager
     00000AE3  C$_sms_manager.c$205$1$130         _sms_manager
     00000AE3  XG$devkit_PORT_A_KEY_2$0$0         _sms_manager
     00000AE4  A$_sms_manager$1364                _sms_manager
     00000AE4  C$_sms_manager.c$208$1$130         _sms_manager
     00000AE4  C$_sms_manager.c$210$1$131         _sms_manager
     00000AE4  G$devkit_SPRITEMODE_NORMAL$0$0     _sms_manager
     00000AE4  _devkit_SPRITEMODE_NORMAL          _sms_manager
     00000AE6  A$_sms_manager$1369                _sms_manager
     00000AE6  C$_sms_manager.c$211$1$131         _sms_manager
     00000AE6  XG$devkit_SPRITEMODE_NORMAL$0$0    _sms_manager
     00000AE7  A$_sms_manager$1382                _sms_manager
     00000AE7  C$_sms_manager.c$212$1$131         _sms_manager
     00000AE7  C$_sms_manager.c$214$1$132         _sms_manager
     00000AE7  G$devkit_VDPFEATURE_HIDEFIRSTCOL   _sms_manager
     00000AE7  _devkit_VDPFEATURE_HIDEFIRSTCOL    _sms_manager
     00000AEA  A$_sms_manager$1387                _sms_manager
     00000AEA  C$_sms_manager.c$215$1$132         _sms_manager
     00000AEA  XG$devkit_VDPFEATURE_HIDEFIRSTCO   _sms_manager
     00000AEB  F_sms_manager$__str_0$0$0          _sms_manager
     00000AF9  F_sms_manager$__str_1$0$0          _sms_manager
     00000B06  F_sms_manager$__str_2$0$0          _sms_manager
     00000B3E  A$_snd_manager$89                  _snd_manager
     00000B3E  C$_snd_manager.c$11$1$34           _snd_manager
     00000B3E  C$_snd_manager.c$9$0$0             _snd_manager
     00000B3E  G$devkit_PSGPlay$0$0               _snd_manager
     00000B3E  _devkit_PSGPlay                    _snd_manager
     00000B3F  A$_snd_manager$90                  _snd_manager
     00000B40  A$_snd_manager$91                  _snd_manager
     00000B41  A$_snd_manager$92                  _snd_manager
     00000B42  A$_snd_manager$93                  _snd_manager
     00000B43  A$_snd_manager$94                  _snd_manager
     00000B46  A$_snd_manager$95                  _snd_manager
     00000B47  A$_snd_manager$100                 _snd_manager
     00000B47  C$_snd_manager.c$12$1$34           _snd_manager
     00000B47  XG$devkit_PSGPlay$0$0              _snd_manager
     00000B48  A$_snd_manager$117                 _snd_manager
     00000B48  C$_snd_manager.c$13$1$34           _snd_manager
     00000B48  C$_snd_manager.c$15$1$36           _snd_manager
     00000B48  C$_snd_manager.c$16$1$36           _snd_manager
     00000B48  G$devkit_PSGCancelLoop$0$0         _snd_manager
     00000B48  XG$devkit_PSGCancelLoop$0$0        _snd_manager
     00000B48  _devkit_PSGCancelLoop              _snd_manager
     00000B4B  A$_snd_manager$130                 _snd_manager
     00000B4B  C$_snd_manager.c$17$1$36           _snd_manager
     00000B4B  C$_snd_manager.c$19$1$38           _snd_manager
     00000B4B  G$devkit_PSGPlayNoRepeat$0$0       _snd_manager
     00000B4B  _devkit_PSGPlayNoRepeat            _snd_manager
ASxxxx Linker V03.00 + NoICE + sdld,  page 21.
Hexadecimal  [32-Bits]

Area                                    Addr        Size        Decimal Bytes (Attributes)
--------------------------------        ----        ----        ------- ----- ------------
_CODE                               00000200    000030E2 =       12514. bytes (REL,CON)

      Value  Global                              Global Defined In Module
      -----  --------------------------------   ------------------------
     00000B4C  A$_snd_manager$131                 _snd_manager
     00000B4D  A$_snd_manager$132                 _snd_manager
     00000B4E  A$_snd_manager$133                 _snd_manager
     00000B4F  A$_snd_manager$134                 _snd_manager
     00000B50  A$_snd_manager$135                 _snd_manager
     00000B53  A$_snd_manager$136                 _snd_manager
     00000B54  A$_snd_manager$141                 _snd_manager
     00000B54  C$_snd_manager.c$20$1$38           _snd_manager
     00000B54  XG$devkit_PSGPlayNoRepeat$0$0      _snd_manager
     00000B55  A$_snd_manager$158                 _snd_manager
     00000B55  C$_snd_manager.c$21$1$38           _snd_manager
     00000B55  C$_snd_manager.c$23$1$40           _snd_manager
     00000B55  C$_snd_manager.c$24$1$40           _snd_manager
     00000B55  G$devkit_PSGStop$0$0               _snd_manager
     00000B55  XG$devkit_PSGStop$0$0              _snd_manager
     00000B55  _devkit_PSGStop                    _snd_manager
     00000B58  A$_snd_manager$175                 _snd_manager
     00000B58  C$_snd_manager.c$25$1$40           _snd_manager
     00000B58  C$_snd_manager.c$27$1$42           _snd_manager
     00000B58  C$_snd_manager.c$28$1$42           _snd_manager
     00000B58  G$devkit_PSGResume$0$0             _snd_manager
     00000B58  XG$devkit_PSGResume$0$0            _snd_manager
     00000B58  _devkit_PSGResume                  _snd_manager
     00000B5B  A$_snd_manager$192                 _snd_manager
     00000B5B  C$_snd_manager.c$29$1$42           _snd_manager
     00000B5B  C$_snd_manager.c$31$1$44           _snd_manager
     00000B5B  C$_snd_manager.c$32$1$44           _snd_manager
     00000B5B  G$devkit_PSGGetStatus$0$0          _snd_manager
     00000B5B  XG$devkit_PSGGetStatus$0$0         _snd_manager
     00000B5B  _devkit_PSGGetStatus               _snd_manager
     00000B5E  A$_snd_manager$205                 _snd_manager
     00000B5E  C$_snd_manager.c$33$1$44           _snd_manager
     00000B5E  C$_snd_manager.c$35$1$46           _snd_manager
     00000B5E  G$devkit_PSGSetMusicVolumeAttenu   _snd_manager
     00000B5E  _devkit_PSGSetMusicVolumeAttenua   _snd_manager
     00000B61  A$_snd_manager$206                 _snd_manager
     00000B62  A$_snd_manager$207                 _snd_manager
     00000B63  A$_snd_manager$208                 _snd_manager
     00000B64  A$_snd_manager$209                 _snd_manager
     00000B65  A$_snd_manager$210                 _snd_manager
     00000B68  A$_snd_manager$211                 _snd_manager
     00000B69  A$_snd_manager$216                 _snd_manager
     00000B69  C$_snd_manager.c$36$1$46           _snd_manager
     00000B69  XG$devkit_PSGSetMusicVolumeAtten   _snd_manager
     00000B6A  A$_snd_manager$229                 _snd_manager
     00000B6A  C$_snd_manager.c$38$1$46           _snd_manager
     00000B6A  C$_snd_manager.c$40$1$48           _snd_manager
     00000B6A  G$devkit_PSGSFXPlay$0$0            _snd_manager
     00000B6A  _devkit_PSGSFXPlay                 _snd_manager
     00000B6D  A$_snd_manager$230                 _snd_manager
     00000B6E  A$_snd_manager$231                 _snd_manager
ASxxxx Linker V03.00 + NoICE + sdld,  page 22.
Hexadecimal  [32-Bits]

Area                                    Addr        Size        Decimal Bytes (Attributes)
--------------------------------        ----        ----        ------- ----- ------------
_CODE                               00000200    000030E2 =       12514. bytes (REL,CON)

      Value  Global                              Global Defined In Module
      -----  --------------------------------   ------------------------
     00000B6F  A$_snd_manager$232                 _snd_manager
     00000B70  A$_snd_manager$233                 _snd_manager
     00000B71  A$_snd_manager$234                 _snd_manager
     00000B74  A$_snd_manager$235                 _snd_manager
     00000B75  A$_snd_manager$236                 _snd_manager
     00000B76  A$_snd_manager$237                 _snd_manager
     00000B77  A$_snd_manager$238                 _snd_manager
     00000B78  A$_snd_manager$239                 _snd_manager
     00000B79  A$_snd_manager$240                 _snd_manager
     00000B7C  A$_snd_manager$241                 _snd_manager
     00000B7D  A$_snd_manager$242                 _snd_manager
     00000B7E  A$_snd_manager$247                 _snd_manager
     00000B7E  C$_snd_manager.c$41$1$48           _snd_manager
     00000B7E  XG$devkit_PSGSFXPlay$0$0           _snd_manager
     00000B7F  A$_snd_manager$260                 _snd_manager
     00000B7F  C$_snd_manager.c$42$1$48           _snd_manager
     00000B7F  C$_snd_manager.c$44$1$50           _snd_manager
     00000B7F  G$devkit_PSGSFXPlayLoop$0$0        _snd_manager
     00000B7F  _devkit_PSGSFXPlayLoop             _snd_manager
     00000B82  A$_snd_manager$261                 _snd_manager
     00000B83  A$_snd_manager$262                 _snd_manager
     00000B84  A$_snd_manager$263                 _snd_manager
     00000B85  A$_snd_manager$264                 _snd_manager
     00000B86  A$_snd_manager$265                 _snd_manager
     00000B89  A$_snd_manager$266                 _snd_manager
     00000B8A  A$_snd_manager$267                 _snd_manager
     00000B8B  A$_snd_manager$268                 _snd_manager
     00000B8C  A$_snd_manager$269                 _snd_manager
     00000B8D  A$_snd_manager$270                 _snd_manager
     00000B8E  A$_snd_manager$271                 _snd_manager
     00000B91  A$_snd_manager$272                 _snd_manager
     00000B92  A$_snd_manager$273                 _snd_manager
     00000B93  A$_snd_manager$278                 _snd_manager
     00000B93  C$_snd_manager.c$45$1$50           _snd_manager
     00000B93  XG$devkit_PSGSFXPlayLoop$0$0       _snd_manager
     00000B94  A$_snd_manager$295                 _snd_manager
     00000B94  C$_snd_manager.c$46$1$50           _snd_manager
     00000B94  C$_snd_manager.c$48$1$52           _snd_manager
     00000B94  C$_snd_manager.c$49$1$52           _snd_manager
     00000B94  G$devkit_PSGSFXCancelLoop$0$0      _snd_manager
     00000B94  XG$devkit_PSGSFXCancelLoop$0$0     _snd_manager
     00000B94  _devkit_PSGSFXCancelLoop           _snd_manager
     00000B97  A$_snd_manager$312                 _snd_manager
     00000B97  C$_snd_manager.c$50$1$52           _snd_manager
     00000B97  C$_snd_manager.c$52$1$54           _snd_manager
     00000B97  C$_snd_manager.c$53$1$54           _snd_manager
     00000B97  G$devkit_PSGSFXStop$0$0            _snd_manager
     00000B97  XG$devkit_PSGSFXStop$0$0           _snd_manager
     00000B97  _devkit_PSGSFXStop                 _snd_manager
     00000B9A  A$_snd_manager$329                 _snd_manager
     00000B9A  C$_snd_manager.c$54$1$54           _snd_manager
ASxxxx Linker V03.00 + NoICE + sdld,  page 23.
Hexadecimal  [32-Bits]

Area                                    Addr        Size        Decimal Bytes (Attributes)
--------------------------------        ----        ----        ------- ----- ------------
_CODE                               00000200    000030E2 =       12514. bytes (REL,CON)

      Value  Global                              Global Defined In Module
      -----  --------------------------------   ------------------------
     00000B9A  C$_snd_manager.c$56$1$56           _snd_manager
     00000B9A  C$_snd_manager.c$57$1$56           _snd_manager
     00000B9A  G$devkit_PSGSFXGetStatus$0$0       _snd_manager
     00000B9A  XG$devkit_PSGSFXGetStatus$0$0      _snd_manager
     00000B9A  _devkit_PSGSFXGetStatus            _snd_manager
     00000B9D  A$_snd_manager$346                 _snd_manager
     00000B9D  C$_snd_manager.c$59$1$56           _snd_manager
     00000B9D  C$_snd_manager.c$61$1$58           _snd_manager
     00000B9D  C$_snd_manager.c$62$1$58           _snd_manager
     00000B9D  G$devkit_PSGSilenceChannels$0$0    _snd_manager
     00000B9D  XG$devkit_PSGSilenceChannels$0$0   _snd_manager
     00000B9D  _devkit_PSGSilenceChannels         _snd_manager
     00000BA0  A$_snd_manager$363                 _snd_manager
     00000BA0  C$_snd_manager.c$63$1$58           _snd_manager
     00000BA0  C$_snd_manager.c$65$1$60           _snd_manager
     00000BA0  C$_snd_manager.c$66$1$60           _snd_manager
     00000BA0  G$devkit_PSGRestoreVolumes$0$0     _snd_manager
     00000BA0  XG$devkit_PSGRestoreVolumes$0$0    _snd_manager
     00000BA0  _devkit_PSGRestoreVolumes          _snd_manager
     00000BA3  A$_snd_manager$380                 _snd_manager
     00000BA3  C$_snd_manager.c$68$1$60           _snd_manager
     00000BA3  C$_snd_manager.c$70$1$62           _snd_manager
     00000BA3  C$_snd_manager.c$71$1$62           _snd_manager
     00000BA3  G$devkit_PSGFrame$0$0              _snd_manager
     00000BA3  XG$devkit_PSGFrame$0$0             _snd_manager
     00000BA3  _devkit_PSGFrame                   _snd_manager
     00000BA6  A$_snd_manager$397                 _snd_manager
     00000BA6  C$_snd_manager.c$72$1$62           _snd_manager
     00000BA6  C$_snd_manager.c$74$1$64           _snd_manager
     00000BA6  C$_snd_manager.c$75$1$64           _snd_manager
     00000BA6  G$devkit_PSGSFXFrame$0$0           _snd_manager
     00000BA6  XG$devkit_PSGSFXFrame$0$0          _snd_manager
     00000BA6  _devkit_PSGSFXFrame                _snd_manager
     00000BA9  A$_snd_manager$410                 _snd_manager
[...]
     00000F3A  A$sprite_manager$102               sprite_manager
     00000F3B  A$sprite_manager$103               sprite_manager
     00000F3E  A$sprite_manager$104               sprite_manager
     00000F3F  A$sprite_manager$105               sprite_manager
     00000F40  A$sprite_manager$106               sprite_manager
     00000F43  A$sprite_manager$107               sprite_manager
     00000F44  A$sprite_manager$108               sprite_manager
     00000F45  A$sprite_manager$109               sprite_manager
     00000F46  A$sprite_manager$110               sprite_manager
     00000F47  A$sprite_manager$114               sprite_manager
     00000F47  C$sprite_manager.c$9$1$20          sprite_manager
     00000F4A  A$sprite_manager$115               sprite_manager
     00000F4D  A$sprite_manager$116               sprite_manager
     00000F4E  A$sprite_manager$117               sprite_manager
     00000F4F  A$sprite_manager$118               sprite_manager
     00000F50  A$sprite_manager$119               sprite_manager
     00000F51  A$sprite_manager$120               sprite_manager
     00000F52  A$sprite_manager$121               sprite_manager
     00000F53  A$sprite_manager$122               sprite_manager
     00000F56  A$sprite_manager$123               sprite_manager
     00000F57  A$sprite_manager$124               sprite_manager
     00000F58  A$sprite_manager$125               sprite_manager
     00000F5A  A$sprite_manager$130               sprite_manager
     00000F5A  C$sprite_manager.c$10$1$20         sprite_manager
     00000F5A  XG$engine_sprite_manager_draw$0$   sprite_manager
     00000F5B  G$font_tiles__palette__bin$0$0     gfx
ASxxxx Linker V03.00 + NoICE + sdld,  page 38.
Hexadecimal  [32-Bits]

Area                                    Addr        Size        Decimal Bytes (Attributes)
--------------------------------        ----        ----        ------- ----- ------------
_CODE                               00000200    000030E2 =       12514. bytes (REL,CON)

      Value  Global                              Global Defined In Module
      -----  --------------------------------   ------------------------
     00000F5B  _font_tiles__palette__bin          gfx
     00000F6B  G$font_tiles__tilemap__bin$0$0     gfx
     00000F6B  _font_tiles__tilemap__bin          gfx
     00000FEB  G$font_tiles__tiles__psgcompr$0$   gfx
     00000FEB  _font_tiles__tiles__psgcompr       gfx
     00001282  G$sprites__palette__bin$0$0        gfx
     00001282  _sprites__palette__bin             gfx
     00001292  G$sprites__tiles__psgcompr$0$0     gfx
     00001292  _sprites__tiles__psgcompr          gfx
     000012D0  G$tree_avoid__palette__bin$0$0     gfx
     000012D0  _tree_avoid__palette__bin          gfx
     000012E0  G$tree_avoid__tilemap__bin$0$0     gfx
     000012E0  _tree_avoid__tilemap__bin          gfx
     000012E8  G$tree_avoid__tiles__psgcompr$0$   gfx
     000012E8  _tree_avoid__tiles__psgcompr       gfx
     0000133A  G$music_psg$0$0                    psg
     0000133A  _music_psg                         psg
     0000195F  G$phone_psg$0$0                    psg
     0000195F  _phone_psg                         psg
     00002BD7  G$sound1_psg$0$0                   psg
     00002BD7  _sound1_psg                        psg
     00002C02  G$sound2_psg$0$0                   psg
     00002C02  _sound2_psg                        psg
     00002C22  G$sound3_psg$0$0                   psg
     00002C22  _sound3_psg                        psg
     00002C45  __divuint                          
     00002C4D  __divuchar                         
     00002C54  __divu8                            
     00002C57  __divu16                           
     00002C86  _UNSAFE_SMS_copySpritestoSAT       SMSlib_UNSAFE
     00002C9E  _UNSAFE_SMS_VRAMmemcpy32           SMSlib_UNSAFE
     00002CBB  _UNSAFE_SMS_VRAMmemcpy64           SMSlib_UNSAFE
     00002CD8  _UNSAFE_SMS_VRAMmemcpy128          SMSlib_UNSAFE
     00002CF5  _SMS_init                          SMSlib
     00002D49  _VDPReg_init                       SMSlib
     00002D54  _SMS_VDPType                       SMSlib
     00002D5C  _SMS_VDPturnOnFeature              SMSlib
     00002D73  _SMS_VDPturnOffFeature             SMSlib
     00002D8C  _SMS_setBGScrollX                  SMSlib
     00002D96  _SMS_setBGScrollY                  SMSlib
     00002DA0  _SMS_setBackdropColor              SMSlib
     00002DAA  _SMS_useFirstHalfTilesforSprites   SMSlib
     00002DBE  _SMS_setSpriteMode                 SMSlib
     00002E03  _SMS_setBGPaletteColor             SMSlib
     00002E17  _SMS_setSpritePaletteColor         SMSlib
     00002E2B  _SMS_loadBGPalette                 SMSlib
     00002E3F  _SMS_loadSpritePalette             SMSlib
     00002E53  _SMS_setColor                      SMSlib
     00002E57  _SMS_initSprites                   SMSlib
     00002E5D  _SMS_addSprite                     SMSlib
     00002EB2  _SMS_finalizeSprites               SMSlib
ASxxxx Linker V03.00 + NoICE + sdld,  page 39.
Hexadecimal  [32-Bits]

Area                                    Addr        Size        Decimal Bytes (Attributes)
--------------------------------        ----        ----        ------- ----- ------------
_CODE                               00000200    000030E2 =       12514. bytes (REL,CON)

      Value  Global                              Global Defined In Module
      -----  --------------------------------   ------------------------
     00002EC4  _SMS_copySpritestoSAT              SMSlib
     00002EED  _SMS_waitForVBlank                 SMSlib
     00002EFA  _SMS_getKeysStatus                 SMSlib
     00002EFE  _SMS_getKeysPressed                SMSlib
     00002F1B  _SMS_getKeysHeld                   SMSlib
     00002F32  _SMS_getKeysReleased               SMSlib
     00002F4F  _SMS_queryPauseRequested           SMSlib
     00002F57  _SMS_resetPauseRequest             SMSlib
     00002F5D  _SMS_setLineInterruptHandler       SMSlib
     00002F6E  _SMS_setLineCounter                SMSlib
     00002F7D  _SMS_getVCount                     SMSlib
     00002F81  _SMS_getHCount                     SMSlib
     00002F85  _SMS_isr                           SMSlib
     00002FBB  _SMS_nmi_isr                       SMSlib
     00002FCE  _SMS_loadSTMcompressedTileMapAre   SMSlib_STMcomp
     000031AF  ___sdcc_call_hl                    
     000031B0  _SMS_loadPSGaidencompressedTiles   SMSlib_PSGaiden
     00003292  _SMS_loadTileMap                   SMSlib_loadTileMap
     000032CB  __moduchar                         
     000032D7  __moduint                          

ASxxxx Linker V03.00 + NoICE + sdld,  page 40.
Hexadecimal  [32-Bits]

Area                                    Addr        Size        Decimal Bytes (Attributes)
--------------------------------        ----        ----        ------- ----- ------------
_HEADER0                            00000000    00000006 =           6. bytes (ABS,CON)

      Value  Global                              Global Defined In Module
      -----  --------------------------------   ------------------------
     00000006  _SMS_crt0_RST08                    crt0

ASxxxx Linker V03.00 + NoICE + sdld,  page 41.
Hexadecimal  [32-Bits]

Area                                    Addr        Size        Decimal Bytes (Attributes)
--------------------------------        ----        ----        ------- ----- ------------
_HEADER1                            00000000    00000009 =           9. bytes (ABS,CON)

      Value  Global                              Global Defined In Module
      -----  --------------------------------   ------------------------
     00000011  _SMS_crt0_RST18                    crt0

ASxxxx Linker V03.00 + NoICE + sdld,  page 42.
Hexadecimal  [32-Bits]

Area                                    Addr        Size        Decimal Bytes (Attributes)
--------------------------------        ----        ----        ------- ----- ------------
_HEADER2                            00000000    0000000A =          10. bytes (ABS,CON)

      Value  Global                              Global Defined In Module
      -----  --------------------------------   ------------------------
ASxxxx Linker V03.00 + NoICE + sdld,  page 43.
Hexadecimal  [32-Bits]

Area                                    Addr        Size        Decimal Bytes (Attributes)
--------------------------------        ----        ----        ------- ----- ------------
_HEADER3                            00000000    00000003 =           3. bytes (ABS,CON)

      Value  Global                              Global Defined In Module
      -----  --------------------------------   ------------------------
ASxxxx Linker V03.00 + NoICE + sdld,  page 44.
Hexadecimal  [32-Bits]

Area                                    Addr        Size        Decimal Bytes (Attributes)
--------------------------------        ----        ----        ------- ----- ------------
_HEADER4                            00000000    00000003 =           3. bytes (ABS,CON)

      Value  Global                              Global Defined In Module
      -----  --------------------------------   ------------------------
ASxxxx Linker V03.00 + NoICE + sdld,  page 45.
Hexadecimal  [32-Bits]

Area                                    Addr        Size        Decimal Bytes (Attributes)
--------------------------------        ----        ----        ------- ----- ------------
_HEADER5                            00000000    0000012A =         298. bytes (ABS,CON)

      Value  Global                              Global Defined In Module
      -----  --------------------------------   ------------------------
     00000099  _OUTI128                           crt0
     00000119  _OUTI64                            crt0
     00000159  _OUTI32                            crt0
     00000199  _outi_block                        crt0

ASxxxx Linker V03.00 + NoICE + sdld,  page 46.
Hexadecimal  [32-Bits]

Area                                    Addr        Size        Decimal Bytes (Attributes)
--------------------------------        ----        ----        ------- ----- ------------
_INITIALIZER                        000032E2    00000008 =           8. bytes (REL,CON)

      Value  Global                              Global Defined In Module
      -----  --------------------------------   ------------------------
     000032E2  Finput_manager$__xinit_curr_joyp   input_manager
     000032E4  Finput_manager$__xinit_prev_joyp   input_manager

ASxxxx Linker V03.00 + NoICE + sdld,  page 47.
Hexadecimal  [32-Bits]

Area                                    Addr        Size        Decimal Bytes (Attributes)
--------------------------------        ----        ----        ------- ----- ------------
_GSINIT                             000032EA    0000000F =          15. bytes (REL,CON)

      Value  Global                              Global Defined In Module
      -----  --------------------------------   ------------------------
     000032EA  gsinit                             crt0

ASxxxx Linker V03.00 + NoICE + sdld,  page 48.
Hexadecimal  [32-Bits]

Area                                    Addr        Size        Decimal Bytes (Attributes)
--------------------------------        ----        ----        ------- ----- ------------
_GSFINAL                            000032F9    00000001 =           1. bytes (REL,CON)

      Value  Global                              Global Defined In Module
      -----  --------------------------------   ------------------------
ASxxxx Linker V03.00 + NoICE + sdld,  page 49.
Hexadecimal  [32-Bits]

Area                                    Addr        Size        Decimal Bytes (Attributes)
--------------------------------        ----        ----        ------- ----- ------------
_DATA                               0000C000    00000110 =         272. bytes (REL,CON)

      Value  Global                              Global Defined In Module
      -----  --------------------------------   ------------------------
     0000C000  _PSGMusicStatus                    PSGlib
     0000C001  _PSGMusicStart                     PSGlib
     0000C003  _PSGMusicPointer                   PSGlib
     0000C005  _PSGMusicLoopPoint                 PSGlib
     0000C007  _PSGMusicSkipFrames                PSGlib
     0000C008  _PSGLoopFlag                       PSGlib
     0000C009  _PSGMusicLastLatch                 PSGlib
     0000C00A  _PSGMusicVolumeAttenuation         PSGlib
     0000C00B  _PSGMusicSubstringLen              PSGlib
     0000C00C  _PSGMusicSubstringRetAddr          PSGlib
     0000C00E  _PSGChan0Volume                    PSGlib
     0000C00F  _PSGChan1Volume                    PSGlib
     0000C010  _PSGChan2Volume                    PSGlib
     0000C011  _PSGChan3Volume                    PSGlib
     0000C012  _PSGChan2LowTone                   PSGlib
     0000C013  _PSGChan2HighTone                  PSGlib
     0000C014  _PSGChan3LowTone                   PSGlib
     0000C015  _PSGChannel2SFX                    PSGlib
     0000C016  _PSGChannel3SFX                    PSGlib
     0000C017  _PSGSFXChan2Volume                 PSGlib
     0000C018  _PSGSFXChan3Volume                 PSGlib
     0000C019  _PSGSFXStatus                      PSGlib
     0000C01A  _PSGSFXStart                       PSGlib
     0000C01C  _PSGSFXPointer                     PSGlib
     0000C01E  _PSGSFXLoopPoint                   PSGlib
     0000C020  _PSGSFXSkipFrames                  PSGlib
     0000C021  _PSGSFXLoopFlag                    PSGlib
     0000C022  _PSGSFXSubstringLen                PSGlib
     0000C023  _PSGSFXSubstringRetAddr            PSGlib
     0000C025  _VDPBlank                          SMSlib
     0000C026  _SMS_VDPFlags                      SMSlib
     0000C027  _PauseRequested                    SMSlib
     0000C028  _VDPType                           SMSlib
     0000C029  _KeysStatus                        SMSlib
     0000C02B  _PreviousKeysStatus                SMSlib
     0000C02D  _SpriteTableY                      SMSlib
     0000C06D  _SpriteTableXN                     SMSlib
     0000C0ED  _SpriteNextFree                    SMSlib
     0000C0EE  _SMS_theLineInterruptHandler       SMSlib
     0000C0F0  _decompBuffer                      SMSlib_PSGaiden

ASxxxx Linker V03.00 + NoICE + sdld,  page 50.
Hexadecimal  [32-Bits]

Area                                    Addr        Size        Decimal Bytes (Attributes)
--------------------------------        ----        ----        ------- ----- ------------
_INITIALIZED                        0000C110    00000008 =           8. bytes (REL,CON)

      Value  Global                              Global Defined In Module
      -----  --------------------------------   ------------------------
     0000C110  Finput_manager$curr_joypad1$0$0    input_manager
     0000C112  Finput_manager$prev_joypad1$0$0    input_manager
     0000C114  _VDPReg                            SMSlib
     0000C116  _spritesHeight                     SMSlib
     0000C117  _spritesWidth                      SMSlib

ASxxxx Linker V03.00 + NoICE + sdld,  page 51.
Hexadecimal  [32-Bits]

Area                                    Addr        Size        Decimal Bytes (Attributes)
--------------------------------        ----        ----        ------- ----- ------------
_CABS0                              00000000    00000010 =          16. bytes (ABS,CON)

      Value  Global                              Global Defined In Module
      -----  --------------------------------   ------------------------
     00007FF0  G$__SMS__SEGA_signature$0$0        _sms_manager
     00007FF0  ___SMS__SEGA_signature             _sms_manager

ASxxxx Linker V03.00 + NoICE + sdld,  page 52.
Hexadecimal  [32-Bits]

Area                                    Addr        Size        Decimal Bytes (Attributes)
--------------------------------        ----        ----        ------- ----- ------------
_CABS1                              00000000    0000000E =          14. bytes (ABS,CON)

      Value  Global                              Global Defined In Module
      -----  --------------------------------   ------------------------
     00007FD2  G$__SMS__SDSC_author$0$0           _sms_manager
     00007FD2  ___SMS__SDSC_author                _sms_manager

ASxxxx Linker V03.00 + NoICE + sdld,  page 53.
Hexadecimal  [32-Bits]

Area                                    Addr        Size        Decimal Bytes (Attributes)
--------------------------------        ----        ----        ------- ----- ------------
_CABS2                              00000000    0000000D =          13. bytes (ABS,CON)

      Value  Global                              Global Defined In Module
      -----  --------------------------------   ------------------------
     00007FC5  G$__SMS__SDSC_name$0$0             _sms_manager
     00007FC5  ___SMS__SDSC_name                  _sms_manager

ASxxxx Linker V03.00 + NoICE + sdld,  page 54.
Hexadecimal  [32-Bits]

Area                                    Addr        Size        Decimal Bytes (Attributes)
--------------------------------        ----        ----        ------- ----- ------------
_CABS3                              00000000    00000038 =          56. bytes (ABS,CON)

      Value  Global                              Global Defined In Module
      -----  --------------------------------   ------------------------
     00007F8D  G$__SMS__SDSC_descr$0$0            _sms_manager
     00007F8D  ___SMS__SDSC_descr                 _sms_manager

ASxxxx Linker V03.00 + NoICE + sdld,  page 55.
Hexadecimal  [32-Bits]

Area                                    Addr        Size        Decimal Bytes (Attributes)
--------------------------------        ----        ----        ------- ----- ------------
_CABS4                              00000000    00000010 =          16. bytes (ABS,CON)

      Value  Global                              Global Defined In Module
      -----  --------------------------------   ------------------------
     00007FE0  G$__SMS__SDSC_signature$0$0        _sms_manager
     00007FE0  ___SMS__SDSC_signature             _sms_manager

ASxxxx Linker V03.00 + NoICE + sdld,  page 56.

Files Linked                              [ module(s) ]

../crt0/crt0_sms.rel                      [ crt0 ]
main.rel                                  [ main ]
../lib/PSGlib.rel                         [ PSGlib ]
devkit/_sms_manager.rel                   [ _sms_manager ]
devkit/_snd_manager.rel                   [ _snd_manager ]
engine/asm_manager.rel                    [ asm_manager ]
engine/content_manager.rel                [ content_manager ]
engine/font_manager.rel                   [ font_manager ]
engine/input_manager.rel                  [ input_manager ]
engine/screen_manager.rel                 [ screen_manager ]
engine/sound_manager.rel                  [ sound_manager ]
engine/sprite_manager.rel                 [ sprite_manager ]
content/gfx.rel                           [ gfx ]
content/psg.rel                           [ psg ]


Libraries Linked                          [ object file ]

C:\Program Files\SDCC\bin\..\lib\z80/z80.lib
                                          [ divunsigned.rel ]
../lib/SMSlib.lib                         [ SMSlib_UNSAFE.rel ]
../lib/SMSlib.lib                         [ SMSlib.rel ]
../lib/SMSlib.lib                         [ SMSlib_STMcomp.rel ]
C:\Program Files\SDCC\bin\..\lib\z80/z80.lib
                                          [ __sdcc_call_hl.rel ]
../lib/SMSlib.lib                         [ SMSlib_PSGaiden.rel ]
../lib/SMSlib.lib                         [ SMSlib_loadTileMap.rel ]
C:\Program Files\SDCC\bin\..\lib\z80/z80.lib
                                          [ modunsigned.rel ]

ASxxxx Linker V03.00 + NoICE + sdld,  page 57.

User Base Address Definitions

_CODE = 0x0200
_DATA = 0xc000

