                              1 ;--------------------------------------------------------
                              2 ; File Created by SDCC : free open source ANSI-C Compiler
                              3 ; Version 3.6.9 #9960 (MINGW64)
                              4 ;--------------------------------------------------------
                              5 	.module _sms_manager
                              6 	.optsdcc -mz80
                              7 	
                              8 ;--------------------------------------------------------
                              9 ; Public variables in this module
                             10 ;--------------------------------------------------------
                             11 	.globl ___SMS__SDSC_signature
                             12 	.globl ___SMS__SDSC_descr
                             13 	.globl ___SMS__SDSC_name
                             14 	.globl ___SMS__SDSC_author
                             15 	.globl ___SMS__SEGA_signature
                             16 	.globl _UNSAFE_SMS_copySpritestoSAT
                             17 	.globl _SMS_resetPauseRequest
                             18 	.globl _SMS_queryPauseRequested
                             19 	.globl _SMS_getKeysStatus
                             20 	.globl _SMS_loadSpritePalette
                             21 	.globl _SMS_loadBGPalette
                             22 	.globl _SMS_setSpritePaletteColor
                             23 	.globl _SMS_setBGPaletteColor
                             24 	.globl _SMS_finalizeSprites
                             25 	.globl _SMS_addSprite
                             26 	.globl _SMS_initSprites
                             27 	.globl _SMS_crt0_RST18
                             28 	.globl _SMS_crt0_RST08
                             29 	.globl _SMS_loadSTMcompressedTileMapArea
                             30 	.globl _SMS_loadPSGaidencompressedTiles
                             31 	.globl _SMS_waitForVBlank
                             32 	.globl _SMS_setSpriteMode
                             33 	.globl _SMS_useFirstHalfTilesforSprites
                             34 	.globl _SMS_setBGScrollY
                             35 	.globl _SMS_setBGScrollX
                             36 	.globl _SMS_VDPturnOffFeature
                             37 	.globl _SMS_VDPturnOnFeature
                             38 	.globl _SMS_init
                             39 	.globl _SMS_SRAM
                             40 	.globl _SRAM_bank_to_be_mapped_on_slot2
                             41 	.globl _ROM_bank_to_be_mapped_on_slot2
                             42 	.globl _devkit_SMS_init
                             43 	.globl _devkit_SMS_displayOn
                             44 	.globl _devkit_SMS_displayOff
                             45 	.globl _devkit_SMS_mapROMBank
                             46 	.globl _devkit_SMS_setBGScrollX
                             47 	.globl _devkit_SMS_setBGScrollY
                             48 	.globl _devkit_SMS_enableSRAM
                             49 	.globl _devkit_SMS_enableSRAMBank
                             50 	.globl _devkit_SMS_disableSRAM
                             51 	.globl _devkit_SMS_SRAM
                             52 	.globl _devkit_SMS_setSpriteMode
                             53 	.globl _devkit_SMS_useFirstHalfTilesforSprites_False
                             54 	.globl _devkit_SMS_useFirstHalfTilesforSprites_True
                             55 	.globl _devkit_SMS_VDPturnOnFeature
                             56 	.globl _devkit_SMS_loadPSGaidencompressedTiles
                             57 	.globl _devkit_SMS_loadSTMcompressedTileMap
                             58 	.globl _devkit_SMS_loadBGPalette
                             59 	.globl _devkit_SMS_loadSpritePalette
                             60 	.globl _devkit_SMS_setBGPaletteColor
                             61 	.globl _devkit_SMS_setSpritePaletteColor
                             62 	.globl _devkit_SMS_setNextTileatXY
                             63 	.globl _devkit_SMS_setTile
                             64 	.globl _devkit_SMS_setTilePriority
                             65 	.globl _devkit_SMS_addSprite
                             66 	.globl _devkit_SMS_initSprites
                             67 	.globl _devkit_SMS_finalizeSprites
                             68 	.globl _devkit_SMS_waitForVBlank
                             69 	.globl _devkit_SMS_copySpritestoSAT
                             70 	.globl _devkit_UNSAFE_SMS_copySpritestoSAT
                             71 	.globl _devkit_SMS_queryPauseRequested
                             72 	.globl _devkit_SMS_resetPauseRequest
                             73 	.globl _devkit_isCollisionDetected
                             74 	.globl _devkit_SMS_getKeysStatus
                             75 	.globl _devkit_PORT_A_KEY_UP
                             76 	.globl _devkit_PORT_A_KEY_DOWN
                             77 	.globl _devkit_PORT_A_KEY_LEFT
                             78 	.globl _devkit_PORT_A_KEY_RIGHT
                             79 	.globl _devkit_PORT_A_KEY_1
                             80 	.globl _devkit_PORT_A_KEY_2
                             81 	.globl _devkit_SPRITEMODE_NORMAL
                             82 	.globl _devkit_VDPFEATURE_HIDEFIRSTCOL
                             83 	.globl _devkit_TILE_PRIORITY
                             84 	.globl _devkit_TILE_USE_SPRITE_PALETTE
                             85 ;--------------------------------------------------------
                             86 ; special function registers
                             87 ;--------------------------------------------------------
                             88 ;--------------------------------------------------------
                             89 ; ram data
                             90 ;--------------------------------------------------------
                             91 	.area _DATA
                     FFFF    92 G$ROM_bank_to_be_mapped_on_slot2$0$0 == 0xffff
                     FFFF    93 _ROM_bank_to_be_mapped_on_slot2	=	0xffff
                     FFFC    94 G$SRAM_bank_to_be_mapped_on_slot2$0$0 == 0xfffc
                     FFFC    95 _SRAM_bank_to_be_mapped_on_slot2	=	0xfffc
                     8000    96 G$SMS_SRAM$0$0 == 0x8000
                     8000    97 _SMS_SRAM	=	0x8000
                             98 ;--------------------------------------------------------
                             99 ; ram data
                            100 ;--------------------------------------------------------
                            101 	.area _INITIALIZED
                            102 ;--------------------------------------------------------
                            103 ; absolute external ram data
                            104 ;--------------------------------------------------------
                            105 	.area _DABS (ABS)
                            106 ;--------------------------------------------------------
                            107 ; global & static initialisations
                            108 ;--------------------------------------------------------
                            109 	.area _HOME
                            110 	.area _GSINIT
                            111 	.area _GSFINAL
                            112 	.area _GSINIT
                            113 ;--------------------------------------------------------
                            114 ; Home
                            115 ;--------------------------------------------------------
                            116 	.area _HOME
                            117 	.area _HOME
                            118 ;--------------------------------------------------------
                            119 ; code
                            120 ;--------------------------------------------------------
                            121 	.area _CODE
                     0000   122 	G$devkit_SMS_init$0$0	= .
                            123 	.globl	G$devkit_SMS_init$0$0
                     0000   124 	C$_sms_manager.c$11$0$0	= .
                            125 	.globl	C$_sms_manager.c$11$0$0
                            126 ;_sms_manager.c:11: void devkit_SMS_init()
                            127 ;	---------------------------------
                            128 ; Function devkit_SMS_init
                            129 ; ---------------------------------
   0000                     130 _devkit_SMS_init::
                     0000   131 	C$_sms_manager.c$13$1$74	= .
                            132 	.globl	C$_sms_manager.c$13$1$74
                            133 ;_sms_manager.c:13: SMS_init();
                     0000   134 	C$_sms_manager.c$14$1$74	= .
                            135 	.globl	C$_sms_manager.c$14$1$74
                     0000   136 	XG$devkit_SMS_init$0$0	= .
                            137 	.globl	XG$devkit_SMS_init$0$0
   0000 C3r00r00      [10]  138 	jp  _SMS_init
                     0003   139 	G$devkit_SMS_displayOn$0$0	= .
                            140 	.globl	G$devkit_SMS_displayOn$0$0
                     0003   141 	C$_sms_manager.c$15$1$74	= .
                            142 	.globl	C$_sms_manager.c$15$1$74
                            143 ;_sms_manager.c:15: void devkit_SMS_displayOn()
                            144 ;	---------------------------------
                            145 ; Function devkit_SMS_displayOn
                            146 ; ---------------------------------
   0003                     147 _devkit_SMS_displayOn::
                     0003   148 	C$_sms_manager.c$17$1$75	= .
                            149 	.globl	C$_sms_manager.c$17$1$75
                            150 ;_sms_manager.c:17: SMS_displayOn();
   0003 21 40 01      [10]  151 	ld	hl, #0x0140
                     0006   152 	C$_sms_manager.c$18$1$75	= .
                            153 	.globl	C$_sms_manager.c$18$1$75
                     0006   154 	XG$devkit_SMS_displayOn$0$0	= .
                            155 	.globl	XG$devkit_SMS_displayOn$0$0
   0006 C3r00r00      [10]  156 	jp  _SMS_VDPturnOnFeature
                     0009   157 	G$devkit_SMS_displayOff$0$0	= .
                            158 	.globl	G$devkit_SMS_displayOff$0$0
                     0009   159 	C$_sms_manager.c$19$1$75	= .
                            160 	.globl	C$_sms_manager.c$19$1$75
                            161 ;_sms_manager.c:19: void devkit_SMS_displayOff()
                            162 ;	---------------------------------
                            163 ; Function devkit_SMS_displayOff
                            164 ; ---------------------------------
   0009                     165 _devkit_SMS_displayOff::
                     0009   166 	C$_sms_manager.c$21$1$76	= .
                            167 	.globl	C$_sms_manager.c$21$1$76
                            168 ;_sms_manager.c:21: SMS_displayOff();
   0009 21 40 01      [10]  169 	ld	hl, #0x0140
                     000C   170 	C$_sms_manager.c$22$1$76	= .
                            171 	.globl	C$_sms_manager.c$22$1$76
                     000C   172 	XG$devkit_SMS_displayOff$0$0	= .
                            173 	.globl	XG$devkit_SMS_displayOff$0$0
   000C C3r00r00      [10]  174 	jp  _SMS_VDPturnOffFeature
                     000F   175 	G$devkit_SMS_mapROMBank$0$0	= .
                            176 	.globl	G$devkit_SMS_mapROMBank$0$0
                     000F   177 	C$_sms_manager.c$23$1$76	= .
                            178 	.globl	C$_sms_manager.c$23$1$76
                            179 ;_sms_manager.c:23: void devkit_SMS_mapROMBank( unsigned char n )
                            180 ;	---------------------------------
                            181 ; Function devkit_SMS_mapROMBank
                            182 ; ---------------------------------
   000F                     183 _devkit_SMS_mapROMBank::
                     000F   184 	C$_sms_manager.c$25$1$78	= .
                            185 	.globl	C$_sms_manager.c$25$1$78
                            186 ;_sms_manager.c:25: SMS_mapROMBank( n );
   000F 21 02 00      [10]  187 	ld	hl, #2+0
   0012 39            [11]  188 	add	hl, sp
   0013 7E            [ 7]  189 	ld	a, (hl)
   0014 32 FF FF      [13]  190 	ld	(#_ROM_bank_to_be_mapped_on_slot2 + 0),a
                     0017   191 	C$_sms_manager.c$26$1$78	= .
                            192 	.globl	C$_sms_manager.c$26$1$78
                     0017   193 	XG$devkit_SMS_mapROMBank$0$0	= .
                            194 	.globl	XG$devkit_SMS_mapROMBank$0$0
   0017 C9            [10]  195 	ret
                     0018   196 	G$devkit_SMS_setBGScrollX$0$0	= .
                            197 	.globl	G$devkit_SMS_setBGScrollX$0$0
                     0018   198 	C$_sms_manager.c$28$1$78	= .
                            199 	.globl	C$_sms_manager.c$28$1$78
                            200 ;_sms_manager.c:28: void devkit_SMS_setBGScrollX( unsigned char scrollX )
                            201 ;	---------------------------------
                            202 ; Function devkit_SMS_setBGScrollX
                            203 ; ---------------------------------
   0018                     204 _devkit_SMS_setBGScrollX::
                     0018   205 	C$_sms_manager.c$30$1$80	= .
                            206 	.globl	C$_sms_manager.c$30$1$80
                            207 ;_sms_manager.c:30: SMS_setBGScrollX( scrollX );
   0018 FD 21 02 00   [14]  208 	ld	iy, #2
   001C FD 39         [15]  209 	add	iy, sp
   001E FD 6E 00      [19]  210 	ld	l, 0 (iy)
                     0021   211 	C$_sms_manager.c$31$1$80	= .
                            212 	.globl	C$_sms_manager.c$31$1$80
                     0021   213 	XG$devkit_SMS_setBGScrollX$0$0	= .
                            214 	.globl	XG$devkit_SMS_setBGScrollX$0$0
   0021 C3r00r00      [10]  215 	jp  _SMS_setBGScrollX
                     0024   216 	G$devkit_SMS_setBGScrollY$0$0	= .
                            217 	.globl	G$devkit_SMS_setBGScrollY$0$0
                     0024   218 	C$_sms_manager.c$32$1$80	= .
                            219 	.globl	C$_sms_manager.c$32$1$80
                            220 ;_sms_manager.c:32: void devkit_SMS_setBGScrollY( unsigned char scrollY )
                            221 ;	---------------------------------
                            222 ; Function devkit_SMS_setBGScrollY
                            223 ; ---------------------------------
   0024                     224 _devkit_SMS_setBGScrollY::
                     0024   225 	C$_sms_manager.c$34$1$82	= .
                            226 	.globl	C$_sms_manager.c$34$1$82
                            227 ;_sms_manager.c:34: SMS_setBGScrollY( scrollY );
   0024 FD 21 02 00   [14]  228 	ld	iy, #2
   0028 FD 39         [15]  229 	add	iy, sp
   002A FD 6E 00      [19]  230 	ld	l, 0 (iy)
                     002D   231 	C$_sms_manager.c$35$1$82	= .
                            232 	.globl	C$_sms_manager.c$35$1$82
                     002D   233 	XG$devkit_SMS_setBGScrollY$0$0	= .
                            234 	.globl	XG$devkit_SMS_setBGScrollY$0$0
   002D C3r00r00      [10]  235 	jp  _SMS_setBGScrollY
                     0030   236 	G$devkit_SMS_enableSRAM$0$0	= .
                            237 	.globl	G$devkit_SMS_enableSRAM$0$0
                     0030   238 	C$_sms_manager.c$37$1$82	= .
                            239 	.globl	C$_sms_manager.c$37$1$82
                            240 ;_sms_manager.c:37: void devkit_SMS_enableSRAM()
                            241 ;	---------------------------------
                            242 ; Function devkit_SMS_enableSRAM
                            243 ; ---------------------------------
   0030                     244 _devkit_SMS_enableSRAM::
                     0030   245 	C$_sms_manager.c$39$1$83	= .
                            246 	.globl	C$_sms_manager.c$39$1$83
                            247 ;_sms_manager.c:39: SMS_enableSRAM();
   0030 21 FC FF      [10]  248 	ld	hl,#_SRAM_bank_to_be_mapped_on_slot2 + 0
   0033 36 08         [10]  249 	ld	(hl), #0x08
                     0035   250 	C$_sms_manager.c$40$1$83	= .
                            251 	.globl	C$_sms_manager.c$40$1$83
                     0035   252 	XG$devkit_SMS_enableSRAM$0$0	= .
                            253 	.globl	XG$devkit_SMS_enableSRAM$0$0
   0035 C9            [10]  254 	ret
                     0036   255 	G$devkit_SMS_enableSRAMBank$0$0	= .
                            256 	.globl	G$devkit_SMS_enableSRAMBank$0$0
                     0036   257 	C$_sms_manager.c$41$1$83	= .
                            258 	.globl	C$_sms_manager.c$41$1$83
                            259 ;_sms_manager.c:41: void devkit_SMS_enableSRAMBank( unsigned char n )
                            260 ;	---------------------------------
                            261 ; Function devkit_SMS_enableSRAMBank
                            262 ; ---------------------------------
   0036                     263 _devkit_SMS_enableSRAMBank::
                     0036   264 	C$_sms_manager.c$43$1$85	= .
                            265 	.globl	C$_sms_manager.c$43$1$85
                            266 ;_sms_manager.c:43: SMS_enableSRAMBank( n );
   0036 21 02 00      [10]  267 	ld	hl, #2+0
   0039 39            [11]  268 	add	hl, sp
   003A 7E            [ 7]  269 	ld	a, (hl)
   003B 87            [ 4]  270 	add	a, a
   003C 87            [ 4]  271 	add	a, a
   003D CB DF         [ 8]  272 	set	3, a
   003F E6 0C         [ 7]  273 	and	a, #0x0c
   0041 32 FC FF      [13]  274 	ld	(#_SRAM_bank_to_be_mapped_on_slot2 + 0),a
                     0044   275 	C$_sms_manager.c$44$1$85	= .
                            276 	.globl	C$_sms_manager.c$44$1$85
                     0044   277 	XG$devkit_SMS_enableSRAMBank$0$0	= .
                            278 	.globl	XG$devkit_SMS_enableSRAMBank$0$0
   0044 C9            [10]  279 	ret
                     0045   280 	G$devkit_SMS_disableSRAM$0$0	= .
                            281 	.globl	G$devkit_SMS_disableSRAM$0$0
                     0045   282 	C$_sms_manager.c$45$1$85	= .
                            283 	.globl	C$_sms_manager.c$45$1$85
                            284 ;_sms_manager.c:45: void devkit_SMS_disableSRAM()
                            285 ;	---------------------------------
                            286 ; Function devkit_SMS_disableSRAM
                            287 ; ---------------------------------
   0045                     288 _devkit_SMS_disableSRAM::
                     0045   289 	C$_sms_manager.c$47$1$86	= .
                            290 	.globl	C$_sms_manager.c$47$1$86
                            291 ;_sms_manager.c:47: SMS_disableSRAM();
   0045 21 FC FF      [10]  292 	ld	hl,#_SRAM_bank_to_be_mapped_on_slot2 + 0
   0048 36 00         [10]  293 	ld	(hl), #0x00
                     004A   294 	C$_sms_manager.c$48$1$86	= .
                            295 	.globl	C$_sms_manager.c$48$1$86
                     004A   296 	XG$devkit_SMS_disableSRAM$0$0	= .
                            297 	.globl	XG$devkit_SMS_disableSRAM$0$0
   004A C9            [10]  298 	ret
                     004B   299 	G$devkit_SMS_SRAM$0$0	= .
                            300 	.globl	G$devkit_SMS_SRAM$0$0
                     004B   301 	C$_sms_manager.c$49$1$86	= .
                            302 	.globl	C$_sms_manager.c$49$1$86
                            303 ;_sms_manager.c:49: unsigned char* devkit_SMS_SRAM()
                            304 ;	---------------------------------
                            305 ; Function devkit_SMS_SRAM
                            306 ; ---------------------------------
   004B                     307 _devkit_SMS_SRAM::
                     004B   308 	C$_sms_manager.c$51$1$87	= .
                            309 	.globl	C$_sms_manager.c$51$1$87
                            310 ;_sms_manager.c:51: return SMS_SRAM;
   004B 21 00 80      [10]  311 	ld	hl, #_SMS_SRAM
                     004E   312 	C$_sms_manager.c$52$1$87	= .
                            313 	.globl	C$_sms_manager.c$52$1$87
                     004E   314 	XG$devkit_SMS_SRAM$0$0	= .
                            315 	.globl	XG$devkit_SMS_SRAM$0$0
   004E C9            [10]  316 	ret
                     004F   317 	G$devkit_SMS_setSpriteMode$0$0	= .
                            318 	.globl	G$devkit_SMS_setSpriteMode$0$0
                     004F   319 	C$_sms_manager.c$55$1$87	= .
                            320 	.globl	C$_sms_manager.c$55$1$87
                            321 ;_sms_manager.c:55: void devkit_SMS_setSpriteMode( unsigned char mode )
                            322 ;	---------------------------------
                            323 ; Function devkit_SMS_setSpriteMode
                            324 ; ---------------------------------
   004F                     325 _devkit_SMS_setSpriteMode::
                     004F   326 	C$_sms_manager.c$57$1$89	= .
                            327 	.globl	C$_sms_manager.c$57$1$89
                            328 ;_sms_manager.c:57: SMS_setSpriteMode( mode );
   004F FD 21 02 00   [14]  329 	ld	iy, #2
   0053 FD 39         [15]  330 	add	iy, sp
   0055 FD 6E 00      [19]  331 	ld	l, 0 (iy)
                     0058   332 	C$_sms_manager.c$58$1$89	= .
                            333 	.globl	C$_sms_manager.c$58$1$89
                     0058   334 	XG$devkit_SMS_setSpriteMode$0$0	= .
                            335 	.globl	XG$devkit_SMS_setSpriteMode$0$0
   0058 C3r00r00      [10]  336 	jp  _SMS_setSpriteMode
                     005B   337 	G$devkit_SMS_useFirstHalfTilesforSprites_False$0$0	= .
                            338 	.globl	G$devkit_SMS_useFirstHalfTilesforSprites_False$0$0
                     005B   339 	C$_sms_manager.c$59$1$89	= .
                            340 	.globl	C$_sms_manager.c$59$1$89
                            341 ;_sms_manager.c:59: void devkit_SMS_useFirstHalfTilesforSprites_False()
                            342 ;	---------------------------------
                            343 ; Function devkit_SMS_useFirstHalfTilesforSprites_False
                            344 ; ---------------------------------
   005B                     345 _devkit_SMS_useFirstHalfTilesforSprites_False::
                     005B   346 	C$_sms_manager.c$61$1$90	= .
                            347 	.globl	C$_sms_manager.c$61$1$90
                            348 ;_sms_manager.c:61: SMS_useFirstHalfTilesforSprites( false );
   005B 2E 00         [ 7]  349 	ld	l, #0x00
                     005D   350 	C$_sms_manager.c$62$1$90	= .
                            351 	.globl	C$_sms_manager.c$62$1$90
                     005D   352 	XG$devkit_SMS_useFirstHalfTilesforSprites_False$0$0	= .
                            353 	.globl	XG$devkit_SMS_useFirstHalfTilesforSprites_False$0$0
   005D C3r00r00      [10]  354 	jp  _SMS_useFirstHalfTilesforSprites
                     0060   355 	G$devkit_SMS_useFirstHalfTilesforSprites_True$0$0	= .
                            356 	.globl	G$devkit_SMS_useFirstHalfTilesforSprites_True$0$0
                     0060   357 	C$_sms_manager.c$63$1$90	= .
                            358 	.globl	C$_sms_manager.c$63$1$90
                            359 ;_sms_manager.c:63: void devkit_SMS_useFirstHalfTilesforSprites_True()
                            360 ;	---------------------------------
                            361 ; Function devkit_SMS_useFirstHalfTilesforSprites_True
                            362 ; ---------------------------------
   0060                     363 _devkit_SMS_useFirstHalfTilesforSprites_True::
                     0060   364 	C$_sms_manager.c$65$1$91	= .
                            365 	.globl	C$_sms_manager.c$65$1$91
                            366 ;_sms_manager.c:65: SMS_useFirstHalfTilesforSprites( true );
   0060 2E 01         [ 7]  367 	ld	l, #0x01
                     0062   368 	C$_sms_manager.c$66$1$91	= .
                            369 	.globl	C$_sms_manager.c$66$1$91
                     0062   370 	XG$devkit_SMS_useFirstHalfTilesforSprites_True$0$0	= .
                            371 	.globl	XG$devkit_SMS_useFirstHalfTilesforSprites_True$0$0
   0062 C3r00r00      [10]  372 	jp  _SMS_useFirstHalfTilesforSprites
                     0065   373 	G$devkit_SMS_VDPturnOnFeature$0$0	= .
                            374 	.globl	G$devkit_SMS_VDPturnOnFeature$0$0
                     0065   375 	C$_sms_manager.c$67$1$91	= .
                            376 	.globl	C$_sms_manager.c$67$1$91
                            377 ;_sms_manager.c:67: void devkit_SMS_VDPturnOnFeature( unsigned int feature )
                            378 ;	---------------------------------
                            379 ; Function devkit_SMS_VDPturnOnFeature
                            380 ; ---------------------------------
   0065                     381 _devkit_SMS_VDPturnOnFeature::
                     0065   382 	C$_sms_manager.c$69$1$93	= .
                            383 	.globl	C$_sms_manager.c$69$1$93
                            384 ;_sms_manager.c:69: SMS_VDPturnOnFeature( feature );
   0065 C1            [10]  385 	pop	bc
   0066 E1            [10]  386 	pop	hl
   0067 E5            [11]  387 	push	hl
   0068 C5            [11]  388 	push	bc
                     0069   389 	C$_sms_manager.c$70$1$93	= .
                            390 	.globl	C$_sms_manager.c$70$1$93
                     0069   391 	XG$devkit_SMS_VDPturnOnFeature$0$0	= .
                            392 	.globl	XG$devkit_SMS_VDPturnOnFeature$0$0
   0069 C3r00r00      [10]  393 	jp  _SMS_VDPturnOnFeature
                     006C   394 	G$devkit_SMS_loadPSGaidencompressedTiles$0$0	= .
                            395 	.globl	G$devkit_SMS_loadPSGaidencompressedTiles$0$0
                     006C   396 	C$_sms_manager.c$72$1$93	= .
                            397 	.globl	C$_sms_manager.c$72$1$93
                            398 ;_sms_manager.c:72: void devkit_SMS_loadPSGaidencompressedTiles( void *src, unsigned int tilefrom )
                            399 ;	---------------------------------
                            400 ; Function devkit_SMS_loadPSGaidencompressedTiles
                            401 ; ---------------------------------
   006C                     402 _devkit_SMS_loadPSGaidencompressedTiles::
                     006C   403 	C$_sms_manager.c$74$1$95	= .
                            404 	.globl	C$_sms_manager.c$74$1$95
                            405 ;_sms_manager.c:74: SMS_loadPSGaidencompressedTiles( src, tilefrom );
   006C 21 04 00      [10]  406 	ld	hl, #4
   006F 39            [11]  407 	add	hl, sp
   0070 4E            [ 7]  408 	ld	c, (hl)
   0071 23            [ 6]  409 	inc	hl
   0072 46            [ 7]  410 	ld	b, (hl)
   0073 C5            [11]  411 	push	bc
   0074 21 04 00      [10]  412 	ld	hl, #4
   0077 39            [11]  413 	add	hl, sp
   0078 4E            [ 7]  414 	ld	c, (hl)
   0079 23            [ 6]  415 	inc	hl
   007A 46            [ 7]  416 	ld	b, (hl)
   007B C5            [11]  417 	push	bc
   007C CDr00r00      [17]  418 	call	_SMS_loadPSGaidencompressedTiles
   007F F1            [10]  419 	pop	af
   0080 F1            [10]  420 	pop	af
                     0081   421 	C$_sms_manager.c$75$1$95	= .
                            422 	.globl	C$_sms_manager.c$75$1$95
                     0081   423 	XG$devkit_SMS_loadPSGaidencompressedTiles$0$0	= .
                            424 	.globl	XG$devkit_SMS_loadPSGaidencompressedTiles$0$0
   0081 C9            [10]  425 	ret
                     0082   426 	G$devkit_SMS_loadSTMcompressedTileMap$0$0	= .
                            427 	.globl	G$devkit_SMS_loadSTMcompressedTileMap$0$0
                     0082   428 	C$_sms_manager.c$76$1$95	= .
                            429 	.globl	C$_sms_manager.c$76$1$95
                            430 ;_sms_manager.c:76: void devkit_SMS_loadSTMcompressedTileMap( unsigned char x, unsigned char y, unsigned char *src )
                            431 ;	---------------------------------
                            432 ; Function devkit_SMS_loadSTMcompressedTileMap
                            433 ; ---------------------------------
   0082                     434 _devkit_SMS_loadSTMcompressedTileMap::
                     0082   435 	C$_sms_manager.c$78$1$97	= .
                            436 	.globl	C$_sms_manager.c$78$1$97
                            437 ;_sms_manager.c:78: SMS_loadSTMcompressedTileMap( x, y, src );
   0082 3E 20         [ 7]  438 	ld	a, #0x20
   0084 F5            [11]  439 	push	af
   0085 33            [ 6]  440 	inc	sp
   0086 21 05 00      [10]  441 	ld	hl, #5
   0089 39            [11]  442 	add	hl, sp
   008A 4E            [ 7]  443 	ld	c, (hl)
   008B 23            [ 6]  444 	inc	hl
   008C 46            [ 7]  445 	ld	b, (hl)
   008D C5            [11]  446 	push	bc
   008E 21 06 00      [10]  447 	ld	hl, #6+0
   0091 39            [11]  448 	add	hl, sp
   0092 7E            [ 7]  449 	ld	a, (hl)
   0093 F5            [11]  450 	push	af
   0094 33            [ 6]  451 	inc	sp
   0095 21 06 00      [10]  452 	ld	hl, #6+0
   0098 39            [11]  453 	add	hl, sp
   0099 7E            [ 7]  454 	ld	a, (hl)
   009A F5            [11]  455 	push	af
   009B 33            [ 6]  456 	inc	sp
   009C CDr00r00      [17]  457 	call	_SMS_loadSTMcompressedTileMapArea
   009F F1            [10]  458 	pop	af
   00A0 F1            [10]  459 	pop	af
   00A1 33            [ 6]  460 	inc	sp
                     00A2   461 	C$_sms_manager.c$79$1$97	= .
                            462 	.globl	C$_sms_manager.c$79$1$97
                     00A2   463 	XG$devkit_SMS_loadSTMcompressedTileMap$0$0	= .
                            464 	.globl	XG$devkit_SMS_loadSTMcompressedTileMap$0$0
   00A2 C9            [10]  465 	ret
                     00A3   466 	G$devkit_SMS_loadBGPalette$0$0	= .
                            467 	.globl	G$devkit_SMS_loadBGPalette$0$0
                     00A3   468 	C$_sms_manager.c$81$1$97	= .
                            469 	.globl	C$_sms_manager.c$81$1$97
                            470 ;_sms_manager.c:81: void devkit_SMS_loadBGPalette( void *palette )
                            471 ;	---------------------------------
                            472 ; Function devkit_SMS_loadBGPalette
                            473 ; ---------------------------------
   00A3                     474 _devkit_SMS_loadBGPalette::
                     00A3   475 	C$_sms_manager.c$83$1$99	= .
                            476 	.globl	C$_sms_manager.c$83$1$99
                            477 ;_sms_manager.c:83: SMS_loadBGPalette( palette );
   00A3 C1            [10]  478 	pop	bc
   00A4 E1            [10]  479 	pop	hl
   00A5 E5            [11]  480 	push	hl
   00A6 C5            [11]  481 	push	bc
                     00A7   482 	C$_sms_manager.c$84$1$99	= .
                            483 	.globl	C$_sms_manager.c$84$1$99
                     00A7   484 	XG$devkit_SMS_loadBGPalette$0$0	= .
                            485 	.globl	XG$devkit_SMS_loadBGPalette$0$0
   00A7 C3r00r00      [10]  486 	jp  _SMS_loadBGPalette
                     00AA   487 	G$devkit_SMS_loadSpritePalette$0$0	= .
                            488 	.globl	G$devkit_SMS_loadSpritePalette$0$0
                     00AA   489 	C$_sms_manager.c$85$1$99	= .
                            490 	.globl	C$_sms_manager.c$85$1$99
                            491 ;_sms_manager.c:85: void devkit_SMS_loadSpritePalette( void *palette )
                            492 ;	---------------------------------
                            493 ; Function devkit_SMS_loadSpritePalette
                            494 ; ---------------------------------
   00AA                     495 _devkit_SMS_loadSpritePalette::
                     00AA   496 	C$_sms_manager.c$87$1$101	= .
                            497 	.globl	C$_sms_manager.c$87$1$101
                            498 ;_sms_manager.c:87: SMS_loadSpritePalette( palette );
   00AA C1            [10]  499 	pop	bc
   00AB E1            [10]  500 	pop	hl
   00AC E5            [11]  501 	push	hl
   00AD C5            [11]  502 	push	bc
                     00AE   503 	C$_sms_manager.c$88$1$101	= .
                            504 	.globl	C$_sms_manager.c$88$1$101
                     00AE   505 	XG$devkit_SMS_loadSpritePalette$0$0	= .
                            506 	.globl	XG$devkit_SMS_loadSpritePalette$0$0
   00AE C3r00r00      [10]  507 	jp  _SMS_loadSpritePalette
                     00B1   508 	G$devkit_SMS_setBGPaletteColor$0$0	= .
                            509 	.globl	G$devkit_SMS_setBGPaletteColor$0$0
                     00B1   510 	C$_sms_manager.c$89$1$101	= .
                            511 	.globl	C$_sms_manager.c$89$1$101
                            512 ;_sms_manager.c:89: void devkit_SMS_setBGPaletteColor( const unsigned char entry, const unsigned char r, const unsigned char g, const unsigned char b )
                            513 ;	---------------------------------
                            514 ; Function devkit_SMS_setBGPaletteColor
                            515 ; ---------------------------------
   00B1                     516 _devkit_SMS_setBGPaletteColor::
                     00B1   517 	C$_sms_manager.c$91$1$103	= .
                            518 	.globl	C$_sms_manager.c$91$1$103
                            519 ;_sms_manager.c:91: const unsigned char color = RGB( r, g, b );
   00B1 21 04 00      [10]  520 	ld	hl, #4+0
   00B4 39            [11]  521 	add	hl, sp
   00B5 7E            [ 7]  522 	ld	a, (hl)
   00B6 87            [ 4]  523 	add	a, a
   00B7 87            [ 4]  524 	add	a, a
   00B8 21 03 00      [10]  525 	ld	hl, #3+0
   00BB 39            [11]  526 	add	hl, sp
   00BC B6            [ 7]  527 	or	a, (hl)
   00BD 4F            [ 4]  528 	ld	c, a
   00BE 21 05 00      [10]  529 	ld	hl, #5+0
   00C1 39            [11]  530 	add	hl, sp
   00C2 7E            [ 7]  531 	ld	a, (hl)
   00C3 07            [ 4]  532 	rlca
   00C4 07            [ 4]  533 	rlca
   00C5 07            [ 4]  534 	rlca
   00C6 07            [ 4]  535 	rlca
   00C7 E6 F0         [ 7]  536 	and	a, #0xf0
   00C9 B1            [ 4]  537 	or	a, c
   00CA 47            [ 4]  538 	ld	b, a
                     00CB   539 	C$_sms_manager.c$92$1$103	= .
                            540 	.globl	C$_sms_manager.c$92$1$103
                            541 ;_sms_manager.c:92: SMS_setBGPaletteColor( entry, color );
   00CB C5            [11]  542 	push	bc
   00CC 33            [ 6]  543 	inc	sp
   00CD 21 03 00      [10]  544 	ld	hl, #3+0
   00D0 39            [11]  545 	add	hl, sp
   00D1 7E            [ 7]  546 	ld	a, (hl)
   00D2 F5            [11]  547 	push	af
   00D3 33            [ 6]  548 	inc	sp
   00D4 CDr00r00      [17]  549 	call	_SMS_setBGPaletteColor
   00D7 F1            [10]  550 	pop	af
                     00D8   551 	C$_sms_manager.c$93$1$103	= .
                            552 	.globl	C$_sms_manager.c$93$1$103
                     00D8   553 	XG$devkit_SMS_setBGPaletteColor$0$0	= .
                            554 	.globl	XG$devkit_SMS_setBGPaletteColor$0$0
   00D8 C9            [10]  555 	ret
                     00D9   556 	G$devkit_SMS_setSpritePaletteColor$0$0	= .
                            557 	.globl	G$devkit_SMS_setSpritePaletteColor$0$0
                     00D9   558 	C$_sms_manager.c$94$1$103	= .
                            559 	.globl	C$_sms_manager.c$94$1$103
                            560 ;_sms_manager.c:94: void devkit_SMS_setSpritePaletteColor( const unsigned char entry, const unsigned char r, const unsigned char g, const unsigned char b )
                            561 ;	---------------------------------
                            562 ; Function devkit_SMS_setSpritePaletteColor
                            563 ; ---------------------------------
   00D9                     564 _devkit_SMS_setSpritePaletteColor::
                     00D9   565 	C$_sms_manager.c$96$1$105	= .
                            566 	.globl	C$_sms_manager.c$96$1$105
                            567 ;_sms_manager.c:96: const unsigned char color = RGB( r, g, b );
   00D9 21 04 00      [10]  568 	ld	hl, #4+0
   00DC 39            [11]  569 	add	hl, sp
   00DD 7E            [ 7]  570 	ld	a, (hl)
   00DE 87            [ 4]  571 	add	a, a
   00DF 87            [ 4]  572 	add	a, a
   00E0 21 03 00      [10]  573 	ld	hl, #3+0
   00E3 39            [11]  574 	add	hl, sp
   00E4 B6            [ 7]  575 	or	a, (hl)
   00E5 4F            [ 4]  576 	ld	c, a
   00E6 21 05 00      [10]  577 	ld	hl, #5+0
   00E9 39            [11]  578 	add	hl, sp
   00EA 7E            [ 7]  579 	ld	a, (hl)
   00EB 07            [ 4]  580 	rlca
   00EC 07            [ 4]  581 	rlca
   00ED 07            [ 4]  582 	rlca
   00EE 07            [ 4]  583 	rlca
   00EF E6 F0         [ 7]  584 	and	a, #0xf0
   00F1 B1            [ 4]  585 	or	a, c
   00F2 47            [ 4]  586 	ld	b, a
                     00F3   587 	C$_sms_manager.c$97$1$105	= .
                            588 	.globl	C$_sms_manager.c$97$1$105
                            589 ;_sms_manager.c:97: SMS_setSpritePaletteColor( entry, color );
   00F3 C5            [11]  590 	push	bc
   00F4 33            [ 6]  591 	inc	sp
   00F5 21 03 00      [10]  592 	ld	hl, #3+0
   00F8 39            [11]  593 	add	hl, sp
   00F9 7E            [ 7]  594 	ld	a, (hl)
   00FA F5            [11]  595 	push	af
   00FB 33            [ 6]  596 	inc	sp
   00FC CDr00r00      [17]  597 	call	_SMS_setSpritePaletteColor
   00FF F1            [10]  598 	pop	af
                     0100   599 	C$_sms_manager.c$98$1$105	= .
                            600 	.globl	C$_sms_manager.c$98$1$105
                     0100   601 	XG$devkit_SMS_setSpritePaletteColor$0$0	= .
                            602 	.globl	XG$devkit_SMS_setSpritePaletteColor$0$0
   0100 C9            [10]  603 	ret
                     0101   604 	G$devkit_SMS_setNextTileatXY$0$0	= .
                            605 	.globl	G$devkit_SMS_setNextTileatXY$0$0
                     0101   606 	C$_sms_manager.c$100$1$105	= .
                            607 	.globl	C$_sms_manager.c$100$1$105
                            608 ;_sms_manager.c:100: void devkit_SMS_setNextTileatXY( unsigned char x, unsigned char y )
                            609 ;	---------------------------------
                            610 ; Function devkit_SMS_setNextTileatXY
                            611 ; ---------------------------------
   0101                     612 _devkit_SMS_setNextTileatXY::
   0101 DD E5         [15]  613 	push	ix
   0103 DD 21 00 00   [14]  614 	ld	ix,#0
   0107 DD 39         [15]  615 	add	ix,sp
                     0109   616 	C$_sms_manager.c$102$1$107	= .
                            617 	.globl	C$_sms_manager.c$102$1$107
                            618 ;_sms_manager.c:102: SMS_setNextTileatXY( x, y );
   0109 DD 6E 05      [19]  619 	ld	l, 5 (ix)
   010C 26 00         [ 7]  620 	ld	h, #0x00
   010E 29            [11]  621 	add	hl, hl
   010F 29            [11]  622 	add	hl, hl
   0110 29            [11]  623 	add	hl, hl
   0111 29            [11]  624 	add	hl, hl
   0112 29            [11]  625 	add	hl, hl
   0113 29            [11]  626 	add	hl, hl
   0114 4D            [ 4]  627 	ld	c, l
   0115 7C            [ 4]  628 	ld	a, h
   0116 F6 78         [ 7]  629 	or	a, #0x78
   0118 47            [ 4]  630 	ld	b, a
   0119 DD 6E 04      [19]  631 	ld	l, 4 (ix)
   011C 26 00         [ 7]  632 	ld	h, #0x00
   011E 29            [11]  633 	add	hl, hl
   011F 7D            [ 4]  634 	ld	a, l
   0120 B1            [ 4]  635 	or	a, c
   0121 6F            [ 4]  636 	ld	l, a
   0122 7C            [ 4]  637 	ld	a, h
   0123 B0            [ 4]  638 	or	a, b
   0124 67            [ 4]  639 	ld	h, a
                     0125   640 	C$_sms_manager.c$103$1$107	= .
                            641 	.globl	C$_sms_manager.c$103$1$107
                     0125   642 	XG$devkit_SMS_setNextTileatXY$0$0	= .
                            643 	.globl	XG$devkit_SMS_setNextTileatXY$0$0
   0125 DD E1         [14]  644 	pop	ix
   0127 C3r00r00      [10]  645 	jp	_SMS_crt0_RST08
                     012A   646 	G$devkit_SMS_setTile$0$0	= .
                            647 	.globl	G$devkit_SMS_setTile$0$0
                     012A   648 	C$_sms_manager.c$104$1$107	= .
                            649 	.globl	C$_sms_manager.c$104$1$107
                            650 ;_sms_manager.c:104: void devkit_SMS_setTile( const unsigned int tile )
                            651 ;	---------------------------------
                            652 ; Function devkit_SMS_setTile
                            653 ; ---------------------------------
   012A                     654 _devkit_SMS_setTile::
                     012A   655 	C$_sms_manager.c$106$1$109	= .
                            656 	.globl	C$_sms_manager.c$106$1$109
                            657 ;_sms_manager.c:106: SMS_setTile( tile );
   012A C1            [10]  658 	pop	bc
   012B E1            [10]  659 	pop	hl
   012C E5            [11]  660 	push	hl
   012D C5            [11]  661 	push	bc
                     012E   662 	C$_sms_manager.c$107$1$109	= .
                            663 	.globl	C$_sms_manager.c$107$1$109
                     012E   664 	XG$devkit_SMS_setTile$0$0	= .
                            665 	.globl	XG$devkit_SMS_setTile$0$0
   012E C3r00r00      [10]  666 	jp  _SMS_crt0_RST18
                     0131   667 	G$devkit_SMS_setTilePriority$0$0	= .
                            668 	.globl	G$devkit_SMS_setTilePriority$0$0
                     0131   669 	C$_sms_manager.c$108$1$109	= .
                            670 	.globl	C$_sms_manager.c$108$1$109
                            671 ;_sms_manager.c:108: void devkit_SMS_setTilePriority( const unsigned char tile )
                            672 ;	---------------------------------
                            673 ; Function devkit_SMS_setTilePriority
                            674 ; ---------------------------------
   0131                     675 _devkit_SMS_setTilePriority::
                     0131   676 	C$_sms_manager.c$110$1$111	= .
                            677 	.globl	C$_sms_manager.c$110$1$111
                            678 ;_sms_manager.c:110: SMS_setTile( tile | TILE_PRIORITY | TILE_USE_SPRITE_PALETTE );
   0131 FD 21 02 00   [14]  679 	ld	iy, #2
   0135 FD 39         [15]  680 	add	iy, sp
   0137 FD 6E 00      [19]  681 	ld	l, 0 (iy)
   013A 3E 00         [ 7]  682 	ld	a, #0x00
   013C F6 18         [ 7]  683 	or	a, #0x18
   013E 67            [ 4]  684 	ld	h, a
                     013F   685 	C$_sms_manager.c$111$1$111	= .
                            686 	.globl	C$_sms_manager.c$111$1$111
                     013F   687 	XG$devkit_SMS_setTilePriority$0$0	= .
                            688 	.globl	XG$devkit_SMS_setTilePriority$0$0
   013F C3r00r00      [10]  689 	jp  _SMS_crt0_RST18
                     0142   690 	G$devkit_SMS_addSprite$0$0	= .
                            691 	.globl	G$devkit_SMS_addSprite$0$0
                     0142   692 	C$_sms_manager.c$113$1$111	= .
                            693 	.globl	C$_sms_manager.c$113$1$111
                            694 ;_sms_manager.c:113: void devkit_SMS_addSprite( unsigned char x, unsigned char y, int tile )
                            695 ;	---------------------------------
                            696 ; Function devkit_SMS_addSprite
                            697 ; ---------------------------------
   0142                     698 _devkit_SMS_addSprite::
                     0142   699 	C$_sms_manager.c$115$1$113	= .
                            700 	.globl	C$_sms_manager.c$115$1$113
                            701 ;_sms_manager.c:115: SMS_addSprite( x, y, tile );
   0142 21 04 00      [10]  702 	ld	hl, #4+0
   0145 39            [11]  703 	add	hl, sp
   0146 46            [ 7]  704 	ld	b, (hl)
   0147 C5            [11]  705 	push	bc
   0148 33            [ 6]  706 	inc	sp
   0149 21 04 00      [10]  707 	ld	hl, #4+0
   014C 39            [11]  708 	add	hl, sp
   014D 7E            [ 7]  709 	ld	a, (hl)
   014E F5            [11]  710 	push	af
   014F 33            [ 6]  711 	inc	sp
   0150 21 04 00      [10]  712 	ld	hl, #4+0
   0153 39            [11]  713 	add	hl, sp
   0154 7E            [ 7]  714 	ld	a, (hl)
   0155 F5            [11]  715 	push	af
   0156 33            [ 6]  716 	inc	sp
   0157 CDr00r00      [17]  717 	call	_SMS_addSprite
   015A F1            [10]  718 	pop	af
   015B 33            [ 6]  719 	inc	sp
                     015C   720 	C$_sms_manager.c$116$1$113	= .
                            721 	.globl	C$_sms_manager.c$116$1$113
                     015C   722 	XG$devkit_SMS_addSprite$0$0	= .
                            723 	.globl	XG$devkit_SMS_addSprite$0$0
   015C C9            [10]  724 	ret
                     015D   725 	G$devkit_SMS_initSprites$0$0	= .
                            726 	.globl	G$devkit_SMS_initSprites$0$0
                     015D   727 	C$_sms_manager.c$117$1$113	= .
                            728 	.globl	C$_sms_manager.c$117$1$113
                            729 ;_sms_manager.c:117: void devkit_SMS_initSprites()
                            730 ;	---------------------------------
                            731 ; Function devkit_SMS_initSprites
                            732 ; ---------------------------------
   015D                     733 _devkit_SMS_initSprites::
                     015D   734 	C$_sms_manager.c$119$1$114	= .
                            735 	.globl	C$_sms_manager.c$119$1$114
                            736 ;_sms_manager.c:119: SMS_initSprites();
                     015D   737 	C$_sms_manager.c$120$1$114	= .
                            738 	.globl	C$_sms_manager.c$120$1$114
                     015D   739 	XG$devkit_SMS_initSprites$0$0	= .
                            740 	.globl	XG$devkit_SMS_initSprites$0$0
   015D C3r00r00      [10]  741 	jp  _SMS_initSprites
                     0160   742 	G$devkit_SMS_finalizeSprites$0$0	= .
                            743 	.globl	G$devkit_SMS_finalizeSprites$0$0
                     0160   744 	C$_sms_manager.c$121$1$114	= .
                            745 	.globl	C$_sms_manager.c$121$1$114
                            746 ;_sms_manager.c:121: void devkit_SMS_finalizeSprites()
                            747 ;	---------------------------------
                            748 ; Function devkit_SMS_finalizeSprites
                            749 ; ---------------------------------
   0160                     750 _devkit_SMS_finalizeSprites::
                     0160   751 	C$_sms_manager.c$123$1$115	= .
                            752 	.globl	C$_sms_manager.c$123$1$115
                            753 ;_sms_manager.c:123: SMS_finalizeSprites();
                     0160   754 	C$_sms_manager.c$124$1$115	= .
                            755 	.globl	C$_sms_manager.c$124$1$115
                     0160   756 	XG$devkit_SMS_finalizeSprites$0$0	= .
                            757 	.globl	XG$devkit_SMS_finalizeSprites$0$0
   0160 C3r00r00      [10]  758 	jp  _SMS_finalizeSprites
                     0163   759 	G$devkit_SMS_waitForVBlank$0$0	= .
                            760 	.globl	G$devkit_SMS_waitForVBlank$0$0
                     0163   761 	C$_sms_manager.c$125$1$115	= .
                            762 	.globl	C$_sms_manager.c$125$1$115
                            763 ;_sms_manager.c:125: void devkit_SMS_waitForVBlank()
                            764 ;	---------------------------------
                            765 ; Function devkit_SMS_waitForVBlank
                            766 ; ---------------------------------
   0163                     767 _devkit_SMS_waitForVBlank::
                     0163   768 	C$_sms_manager.c$127$1$116	= .
                            769 	.globl	C$_sms_manager.c$127$1$116
                            770 ;_sms_manager.c:127: SMS_waitForVBlank();
                     0163   771 	C$_sms_manager.c$128$1$116	= .
                            772 	.globl	C$_sms_manager.c$128$1$116
                     0163   773 	XG$devkit_SMS_waitForVBlank$0$0	= .
                            774 	.globl	XG$devkit_SMS_waitForVBlank$0$0
   0163 C3r00r00      [10]  775 	jp  _SMS_waitForVBlank
                     0166   776 	G$devkit_SMS_copySpritestoSAT$0$0	= .
                            777 	.globl	G$devkit_SMS_copySpritestoSAT$0$0
                     0166   778 	C$_sms_manager.c$129$1$116	= .
                            779 	.globl	C$_sms_manager.c$129$1$116
                            780 ;_sms_manager.c:129: void devkit_SMS_copySpritestoSAT()
                            781 ;	---------------------------------
                            782 ; Function devkit_SMS_copySpritestoSAT
                            783 ; ---------------------------------
   0166                     784 _devkit_SMS_copySpritestoSAT::
                     0166   785 	C$_sms_manager.c$131$1$117	= .
                            786 	.globl	C$_sms_manager.c$131$1$117
                            787 ;_sms_manager.c:131: UNSAFE_SMS_copySpritestoSAT();
                     0166   788 	C$_sms_manager.c$132$1$117	= .
                            789 	.globl	C$_sms_manager.c$132$1$117
                     0166   790 	XG$devkit_SMS_copySpritestoSAT$0$0	= .
                            791 	.globl	XG$devkit_SMS_copySpritestoSAT$0$0
   0166 C3r00r00      [10]  792 	jp  _UNSAFE_SMS_copySpritestoSAT
                     0169   793 	G$devkit_UNSAFE_SMS_copySpritestoSAT$0$0	= .
                            794 	.globl	G$devkit_UNSAFE_SMS_copySpritestoSAT$0$0
                     0169   795 	C$_sms_manager.c$133$1$117	= .
                            796 	.globl	C$_sms_manager.c$133$1$117
                            797 ;_sms_manager.c:133: void devkit_UNSAFE_SMS_copySpritestoSAT()
                            798 ;	---------------------------------
                            799 ; Function devkit_UNSAFE_SMS_copySpritestoSAT
                            800 ; ---------------------------------
   0169                     801 _devkit_UNSAFE_SMS_copySpritestoSAT::
                     0169   802 	C$_sms_manager.c$135$1$118	= .
                            803 	.globl	C$_sms_manager.c$135$1$118
                            804 ;_sms_manager.c:135: UNSAFE_SMS_copySpritestoSAT();
                     0169   805 	C$_sms_manager.c$136$1$118	= .
                            806 	.globl	C$_sms_manager.c$136$1$118
                     0169   807 	XG$devkit_UNSAFE_SMS_copySpritestoSAT$0$0	= .
                            808 	.globl	XG$devkit_UNSAFE_SMS_copySpritestoSAT$0$0
   0169 C3r00r00      [10]  809 	jp  _UNSAFE_SMS_copySpritestoSAT
                     016C   810 	G$devkit_SMS_queryPauseRequested$0$0	= .
                            811 	.globl	G$devkit_SMS_queryPauseRequested$0$0
                     016C   812 	C$_sms_manager.c$138$1$118	= .
                            813 	.globl	C$_sms_manager.c$138$1$118
                            814 ;_sms_manager.c:138: unsigned char devkit_SMS_queryPauseRequested()
                            815 ;	---------------------------------
                            816 ; Function devkit_SMS_queryPauseRequested
                            817 ; ---------------------------------
   016C                     818 _devkit_SMS_queryPauseRequested::
                     016C   819 	C$_sms_manager.c$140$1$119	= .
                            820 	.globl	C$_sms_manager.c$140$1$119
                            821 ;_sms_manager.c:140: return SMS_queryPauseRequested();
                     016C   822 	C$_sms_manager.c$141$1$119	= .
                            823 	.globl	C$_sms_manager.c$141$1$119
                     016C   824 	XG$devkit_SMS_queryPauseRequested$0$0	= .
                            825 	.globl	XG$devkit_SMS_queryPauseRequested$0$0
   016C C3r00r00      [10]  826 	jp  _SMS_queryPauseRequested
                     016F   827 	G$devkit_SMS_resetPauseRequest$0$0	= .
                            828 	.globl	G$devkit_SMS_resetPauseRequest$0$0
                     016F   829 	C$_sms_manager.c$142$1$119	= .
                            830 	.globl	C$_sms_manager.c$142$1$119
                            831 ;_sms_manager.c:142: void devkit_SMS_resetPauseRequest()
                            832 ;	---------------------------------
                            833 ; Function devkit_SMS_resetPauseRequest
                            834 ; ---------------------------------
   016F                     835 _devkit_SMS_resetPauseRequest::
                     016F   836 	C$_sms_manager.c$144$1$120	= .
                            837 	.globl	C$_sms_manager.c$144$1$120
                            838 ;_sms_manager.c:144: SMS_resetPauseRequest();
                     016F   839 	C$_sms_manager.c$145$1$120	= .
                            840 	.globl	C$_sms_manager.c$145$1$120
                     016F   841 	XG$devkit_SMS_resetPauseRequest$0$0	= .
                            842 	.globl	XG$devkit_SMS_resetPauseRequest$0$0
   016F C3r00r00      [10]  843 	jp  _SMS_resetPauseRequest
                     0172   844 	G$devkit_isCollisionDetected$0$0	= .
                            845 	.globl	G$devkit_isCollisionDetected$0$0
                     0172   846 	C$_sms_manager.c$148$1$120	= .
                            847 	.globl	C$_sms_manager.c$148$1$120
                            848 ;_sms_manager.c:148: unsigned char devkit_isCollisionDetected()
                            849 ;	---------------------------------
                            850 ; Function devkit_isCollisionDetected
                            851 ; ---------------------------------
   0172                     852 _devkit_isCollisionDetected::
                     0172   853 	C$_sms_manager.c$150$1$121	= .
                            854 	.globl	C$_sms_manager.c$150$1$121
                            855 ;_sms_manager.c:150: return ( SMS_VDPFlags & VDPFLAG_SPRITECOLLISION );
   0172 3Ar00r00      [13]  856 	ld	a,(#_SMS_VDPFlags + 0)
   0175 E6 20         [ 7]  857 	and	a, #0x20
   0177 6F            [ 4]  858 	ld	l, a
                     0178   859 	C$_sms_manager.c$151$1$121	= .
                            860 	.globl	C$_sms_manager.c$151$1$121
                     0178   861 	XG$devkit_isCollisionDetected$0$0	= .
                            862 	.globl	XG$devkit_isCollisionDetected$0$0
   0178 C9            [10]  863 	ret
                     0179   864 	G$devkit_SMS_getKeysStatus$0$0	= .
                            865 	.globl	G$devkit_SMS_getKeysStatus$0$0
                     0179   866 	C$_sms_manager.c$154$1$121	= .
                            867 	.globl	C$_sms_manager.c$154$1$121
                            868 ;_sms_manager.c:154: unsigned int devkit_SMS_getKeysStatus()
                            869 ;	---------------------------------
                            870 ; Function devkit_SMS_getKeysStatus
                            871 ; ---------------------------------
   0179                     872 _devkit_SMS_getKeysStatus::
                     0179   873 	C$_sms_manager.c$156$1$122	= .
                            874 	.globl	C$_sms_manager.c$156$1$122
                            875 ;_sms_manager.c:156: return SMS_getKeysStatus();
                     0179   876 	C$_sms_manager.c$157$1$122	= .
                            877 	.globl	C$_sms_manager.c$157$1$122
                     0179   878 	XG$devkit_SMS_getKeysStatus$0$0	= .
                            879 	.globl	XG$devkit_SMS_getKeysStatus$0$0
   0179 C3r00r00      [10]  880 	jp  _SMS_getKeysStatus
                     017C   881 	G$devkit_PORT_A_KEY_UP$0$0	= .
                            882 	.globl	G$devkit_PORT_A_KEY_UP$0$0
                     017C   883 	C$_sms_manager.c$158$1$122	= .
                            884 	.globl	C$_sms_manager.c$158$1$122
                            885 ;_sms_manager.c:158: unsigned int devkit_PORT_A_KEY_UP()
                            886 ;	---------------------------------
                            887 ; Function devkit_PORT_A_KEY_UP
                            888 ; ---------------------------------
   017C                     889 _devkit_PORT_A_KEY_UP::
                     017C   890 	C$_sms_manager.c$160$1$123	= .
                            891 	.globl	C$_sms_manager.c$160$1$123
                            892 ;_sms_manager.c:160: return PORT_A_KEY_UP;
   017C 21 01 00      [10]  893 	ld	hl, #0x0001
                     017F   894 	C$_sms_manager.c$161$1$123	= .
                            895 	.globl	C$_sms_manager.c$161$1$123
                     017F   896 	XG$devkit_PORT_A_KEY_UP$0$0	= .
                            897 	.globl	XG$devkit_PORT_A_KEY_UP$0$0
   017F C9            [10]  898 	ret
                     0180   899 	G$devkit_PORT_A_KEY_DOWN$0$0	= .
                            900 	.globl	G$devkit_PORT_A_KEY_DOWN$0$0
                     0180   901 	C$_sms_manager.c$162$1$123	= .
                            902 	.globl	C$_sms_manager.c$162$1$123
                            903 ;_sms_manager.c:162: unsigned int devkit_PORT_A_KEY_DOWN()
                            904 ;	---------------------------------
                            905 ; Function devkit_PORT_A_KEY_DOWN
                            906 ; ---------------------------------
   0180                     907 _devkit_PORT_A_KEY_DOWN::
                     0180   908 	C$_sms_manager.c$164$1$124	= .
                            909 	.globl	C$_sms_manager.c$164$1$124
                            910 ;_sms_manager.c:164: return PORT_A_KEY_DOWN;
   0180 21 02 00      [10]  911 	ld	hl, #0x0002
                     0183   912 	C$_sms_manager.c$165$1$124	= .
                            913 	.globl	C$_sms_manager.c$165$1$124
                     0183   914 	XG$devkit_PORT_A_KEY_DOWN$0$0	= .
                            915 	.globl	XG$devkit_PORT_A_KEY_DOWN$0$0
   0183 C9            [10]  916 	ret
                     0184   917 	G$devkit_PORT_A_KEY_LEFT$0$0	= .
                            918 	.globl	G$devkit_PORT_A_KEY_LEFT$0$0
                     0184   919 	C$_sms_manager.c$166$1$124	= .
                            920 	.globl	C$_sms_manager.c$166$1$124
                            921 ;_sms_manager.c:166: unsigned int devkit_PORT_A_KEY_LEFT()
                            922 ;	---------------------------------
                            923 ; Function devkit_PORT_A_KEY_LEFT
                            924 ; ---------------------------------
   0184                     925 _devkit_PORT_A_KEY_LEFT::
                     0184   926 	C$_sms_manager.c$168$1$125	= .
                            927 	.globl	C$_sms_manager.c$168$1$125
                            928 ;_sms_manager.c:168: return PORT_A_KEY_LEFT;
   0184 21 04 00      [10]  929 	ld	hl, #0x0004
                     0187   930 	C$_sms_manager.c$169$1$125	= .
                            931 	.globl	C$_sms_manager.c$169$1$125
                     0187   932 	XG$devkit_PORT_A_KEY_LEFT$0$0	= .
                            933 	.globl	XG$devkit_PORT_A_KEY_LEFT$0$0
   0187 C9            [10]  934 	ret
                     0188   935 	G$devkit_PORT_A_KEY_RIGHT$0$0	= .
                            936 	.globl	G$devkit_PORT_A_KEY_RIGHT$0$0
                     0188   937 	C$_sms_manager.c$170$1$125	= .
                            938 	.globl	C$_sms_manager.c$170$1$125
                            939 ;_sms_manager.c:170: unsigned int devkit_PORT_A_KEY_RIGHT()
                            940 ;	---------------------------------
                            941 ; Function devkit_PORT_A_KEY_RIGHT
                            942 ; ---------------------------------
   0188                     943 _devkit_PORT_A_KEY_RIGHT::
                     0188   944 	C$_sms_manager.c$172$1$126	= .
                            945 	.globl	C$_sms_manager.c$172$1$126
                            946 ;_sms_manager.c:172: return PORT_A_KEY_RIGHT;
   0188 21 08 00      [10]  947 	ld	hl, #0x0008
                     018B   948 	C$_sms_manager.c$173$1$126	= .
                            949 	.globl	C$_sms_manager.c$173$1$126
                     018B   950 	XG$devkit_PORT_A_KEY_RIGHT$0$0	= .
                            951 	.globl	XG$devkit_PORT_A_KEY_RIGHT$0$0
   018B C9            [10]  952 	ret
                     018C   953 	G$devkit_PORT_A_KEY_1$0$0	= .
                            954 	.globl	G$devkit_PORT_A_KEY_1$0$0
                     018C   955 	C$_sms_manager.c$174$1$126	= .
                            956 	.globl	C$_sms_manager.c$174$1$126
                            957 ;_sms_manager.c:174: unsigned int devkit_PORT_A_KEY_1()
                            958 ;	---------------------------------
                            959 ; Function devkit_PORT_A_KEY_1
                            960 ; ---------------------------------
   018C                     961 _devkit_PORT_A_KEY_1::
                     018C   962 	C$_sms_manager.c$176$1$127	= .
                            963 	.globl	C$_sms_manager.c$176$1$127
                            964 ;_sms_manager.c:176: return PORT_A_KEY_1;
   018C 21 10 00      [10]  965 	ld	hl, #0x0010
                     018F   966 	C$_sms_manager.c$177$1$127	= .
                            967 	.globl	C$_sms_manager.c$177$1$127
                     018F   968 	XG$devkit_PORT_A_KEY_1$0$0	= .
                            969 	.globl	XG$devkit_PORT_A_KEY_1$0$0
   018F C9            [10]  970 	ret
                     0190   971 	G$devkit_PORT_A_KEY_2$0$0	= .
                            972 	.globl	G$devkit_PORT_A_KEY_2$0$0
                     0190   973 	C$_sms_manager.c$178$1$127	= .
                            974 	.globl	C$_sms_manager.c$178$1$127
                            975 ;_sms_manager.c:178: unsigned int devkit_PORT_A_KEY_2()
                            976 ;	---------------------------------
                            977 ; Function devkit_PORT_A_KEY_2
                            978 ; ---------------------------------
   0190                     979 _devkit_PORT_A_KEY_2::
                     0190   980 	C$_sms_manager.c$180$1$128	= .
                            981 	.globl	C$_sms_manager.c$180$1$128
                            982 ;_sms_manager.c:180: return PORT_A_KEY_2;
   0190 21 20 00      [10]  983 	ld	hl, #0x0020
                     0193   984 	C$_sms_manager.c$181$1$128	= .
                            985 	.globl	C$_sms_manager.c$181$1$128
                     0193   986 	XG$devkit_PORT_A_KEY_2$0$0	= .
                            987 	.globl	XG$devkit_PORT_A_KEY_2$0$0
   0193 C9            [10]  988 	ret
                     0194   989 	G$devkit_SPRITEMODE_NORMAL$0$0	= .
                            990 	.globl	G$devkit_SPRITEMODE_NORMAL$0$0
                     0194   991 	C$_sms_manager.c$185$1$128	= .
                            992 	.globl	C$_sms_manager.c$185$1$128
                            993 ;_sms_manager.c:185: unsigned char devkit_SPRITEMODE_NORMAL()
                            994 ;	---------------------------------
                            995 ; Function devkit_SPRITEMODE_NORMAL
                            996 ; ---------------------------------
   0194                     997 _devkit_SPRITEMODE_NORMAL::
                     0194   998 	C$_sms_manager.c$187$1$129	= .
                            999 	.globl	C$_sms_manager.c$187$1$129
                           1000 ;_sms_manager.c:187: return SPRITEMODE_NORMAL;
   0194 2E 00         [ 7] 1001 	ld	l, #0x00
                     0196  1002 	C$_sms_manager.c$188$1$129	= .
                           1003 	.globl	C$_sms_manager.c$188$1$129
                     0196  1004 	XG$devkit_SPRITEMODE_NORMAL$0$0	= .
                           1005 	.globl	XG$devkit_SPRITEMODE_NORMAL$0$0
   0196 C9            [10] 1006 	ret
                     0197  1007 	G$devkit_VDPFEATURE_HIDEFIRSTCOL$0$0	= .
                           1008 	.globl	G$devkit_VDPFEATURE_HIDEFIRSTCOL$0$0
                     0197  1009 	C$_sms_manager.c$189$1$129	= .
                           1010 	.globl	C$_sms_manager.c$189$1$129
                           1011 ;_sms_manager.c:189: unsigned int devkit_VDPFEATURE_HIDEFIRSTCOL()
                           1012 ;	---------------------------------
                           1013 ; Function devkit_VDPFEATURE_HIDEFIRSTCOL
                           1014 ; ---------------------------------
   0197                    1015 _devkit_VDPFEATURE_HIDEFIRSTCOL::
                     0197  1016 	C$_sms_manager.c$191$1$130	= .
                           1017 	.globl	C$_sms_manager.c$191$1$130
                           1018 ;_sms_manager.c:191: return VDPFEATURE_HIDEFIRSTCOL;
   0197 21 20 00      [10] 1019 	ld	hl, #0x0020
                     019A  1020 	C$_sms_manager.c$192$1$130	= .
                           1021 	.globl	C$_sms_manager.c$192$1$130
                     019A  1022 	XG$devkit_VDPFEATURE_HIDEFIRSTCOL$0$0	= .
                           1023 	.globl	XG$devkit_VDPFEATURE_HIDEFIRSTCOL$0$0
   019A C9            [10] 1024 	ret
                     019B  1025 	G$devkit_TILE_PRIORITY$0$0	= .
                           1026 	.globl	G$devkit_TILE_PRIORITY$0$0
                     019B  1027 	C$_sms_manager.c$193$1$130	= .
                           1028 	.globl	C$_sms_manager.c$193$1$130
                           1029 ;_sms_manager.c:193: unsigned int devkit_TILE_PRIORITY()
                           1030 ;	---------------------------------
                           1031 ; Function devkit_TILE_PRIORITY
                           1032 ; ---------------------------------
   019B                    1033 _devkit_TILE_PRIORITY::
                     019B  1034 	C$_sms_manager.c$195$1$131	= .
                           1035 	.globl	C$_sms_manager.c$195$1$131
                           1036 ;_sms_manager.c:195: return TILE_PRIORITY;
   019B 21 00 10      [10] 1037 	ld	hl, #0x1000
                     019E  1038 	C$_sms_manager.c$196$1$131	= .
                           1039 	.globl	C$_sms_manager.c$196$1$131
                     019E  1040 	XG$devkit_TILE_PRIORITY$0$0	= .
                           1041 	.globl	XG$devkit_TILE_PRIORITY$0$0
   019E C9            [10] 1042 	ret
                     019F  1043 	G$devkit_TILE_USE_SPRITE_PALETTE$0$0	= .
                           1044 	.globl	G$devkit_TILE_USE_SPRITE_PALETTE$0$0
                     019F  1045 	C$_sms_manager.c$197$1$131	= .
                           1046 	.globl	C$_sms_manager.c$197$1$131
                           1047 ;_sms_manager.c:197: unsigned int devkit_TILE_USE_SPRITE_PALETTE()
                           1048 ;	---------------------------------
                           1049 ; Function devkit_TILE_USE_SPRITE_PALETTE
                           1050 ; ---------------------------------
   019F                    1051 _devkit_TILE_USE_SPRITE_PALETTE::
                     019F  1052 	C$_sms_manager.c$199$1$132	= .
                           1053 	.globl	C$_sms_manager.c$199$1$132
                           1054 ;_sms_manager.c:199: return TILE_USE_SPRITE_PALETTE;
   019F 21 00 08      [10] 1055 	ld	hl, #0x0800
                     01A2  1056 	C$_sms_manager.c$200$1$132	= .
                           1057 	.globl	C$_sms_manager.c$200$1$132
                     01A2  1058 	XG$devkit_TILE_USE_SPRITE_PALETTE$0$0	= .
                           1059 	.globl	XG$devkit_TILE_USE_SPRITE_PALETTE$0$0
   01A2 C9            [10] 1060 	ret
                           1061 	.area _CODE
                     01A3  1062 F_sms_manager$__str_0$0$0 == .
   01A3                    1063 __str_0:
   01A3 53 74 65 76 65 6E  1064 	.ascii "Steven Boland"
        20 42 6F 6C 61 6E
        64
   01B0 00                 1065 	.db 0x00
                     01B1  1066 F_sms_manager$__str_1$0$0 == .
   01B1                    1067 __str_1:
   01B1 53 70 72 69 74 65  1068 	.ascii "Sprite Tiles"
        20 54 69 6C 65 73
   01BD 00                 1069 	.db 0x00
                     01BE  1070 F_sms_manager$__str_2$0$0 == .
   01BE                    1071 __str_2:
   01BE 53 69 6D 70 6C 65  1072 	.ascii "Simple Sega Master System demo to run on real hardware!"
        20 53 65 67 61 20
        4D 61 73 74 65 72
        20 53 79 73 74 65
        6D 20 64 65 6D 6F
        20 74 6F 20 72 75
        6E 20 6F 6E 20 72
        65 61 6C 20 68 61
        72 64 77 61 72 65
        21
   01F5 00                 1073 	.db 0x00
                           1074 	.area _INITIALIZER
                           1075 	.area _CABS (ABS)
   7FF0                    1076 	.org 0x7FF0
                     7FF0  1077 G$__SMS__SEGA_signature$0$0 == .
   7FF0                    1078 ___SMS__SEGA_signature:
   7FF0 54                 1079 	.db #0x54	; 84	'T'
   7FF1 4D                 1080 	.db #0x4d	; 77	'M'
   7FF2 52                 1081 	.db #0x52	; 82	'R'
   7FF3 20                 1082 	.db #0x20	; 32
   7FF4 53                 1083 	.db #0x53	; 83	'S'
   7FF5 45                 1084 	.db #0x45	; 69	'E'
   7FF6 47                 1085 	.db #0x47	; 71	'G'
   7FF7 41                 1086 	.db #0x41	; 65	'A'
   7FF8 FF                 1087 	.db #0xff	; 255
   7FF9 FF                 1088 	.db #0xff	; 255
   7FFA FF                 1089 	.db #0xff	; 255
   7FFB FF                 1090 	.db #0xff	; 255
   7FFC 99                 1091 	.db #0x99	; 153
   7FFD 99                 1092 	.db #0x99	; 153
   7FFE 00                 1093 	.db #0x00	; 0
   7FFF 4C                 1094 	.db #0x4c	; 76	'L'
   7FD2                    1095 	.org 0x7FD2
                     7FD2  1096 G$__SMS__SDSC_author$0$0 == .
   7FD2                    1097 ___SMS__SDSC_author:
   7FD2 53 74 65 76 65 6E  1098 	.ascii "Steven Boland"
        20 42 6F 6C 61 6E
        64
   7FDF 00                 1099 	.db 0x00
   7FC5                    1100 	.org 0x7FC5
                     7FC5  1101 G$__SMS__SDSC_name$0$0 == .
   7FC5                    1102 ___SMS__SDSC_name:
   7FC5 53 70 72 69 74 65  1103 	.ascii "Sprite Tiles"
        20 54 69 6C 65 73
   7FD1 00                 1104 	.db 0x00
   7F8D                    1105 	.org 0x7F8D
                     7F8D  1106 G$__SMS__SDSC_descr$0$0 == .
   7F8D                    1107 ___SMS__SDSC_descr:
   7F8D 53 69 6D 70 6C 65  1108 	.ascii "Simple Sega Master System demo to run on real hardware!"
        20 53 65 67 61 20
        4D 61 73 74 65 72
        20 53 79 73 74 65
        6D 20 64 65 6D 6F
        20 74 6F 20 72 75
        6E 20 6F 6E 20 72
        65 61 6C 20 68 61
        72 64 77 61 72 65
        21
   7FC4 00                 1109 	.db 0x00
   7FE0                    1110 	.org 0x7FE0
                     7FE0  1111 G$__SMS__SDSC_signature$0$0 == .
   7FE0                    1112 ___SMS__SDSC_signature:
   7FE0 53                 1113 	.db #0x53	; 83	'S'
   7FE1 44                 1114 	.db #0x44	; 68	'D'
   7FE2 53                 1115 	.db #0x53	; 83	'S'
   7FE3 43                 1116 	.db #0x43	; 67	'C'
   7FE4 01                 1117 	.db #0x01	; 1
   7FE5 00                 1118 	.db #0x00	; 0
   7FE6 06                 1119 	.db #0x06	; 6
   7FE7 12                 1120 	.db #0x12	; 18
   7FE8 19                 1121 	.db #0x19	; 25
   7FE9 20                 1122 	.db #0x20	; 32
   7FEA D2                 1123 	.db #0xd2	; 210
   7FEB 7F                 1124 	.db #0x7f	; 127
   7FEC C5                 1125 	.db #0xc5	; 197
   7FED 7F                 1126 	.db #0x7f	; 127
   7FEE 8D                 1127 	.db #0x8d	; 141
   7FEF 7F                 1128 	.db #0x7f	; 127
