                              1 ;--------------------------------------------------------
                              2 ; File Created by SDCC : free open source ANSI-C Compiler
                              3 ; Version 3.6.9 #9960 (MINGW64)
                              4 ;--------------------------------------------------------
                              5 	.module _snd_manager
                              6 	.optsdcc -mz80
                              7 	
                              8 ;--------------------------------------------------------
                              9 ; Public variables in this module
                             10 ;--------------------------------------------------------
                             11 	.globl _PSGSFXFrame
                             12 	.globl _PSGFrame
                             13 	.globl _PSGRestoreVolumes
                             14 	.globl _PSGSilenceChannels
                             15 	.globl _PSGSFXGetStatus
                             16 	.globl _PSGSFXStop
                             17 	.globl _PSGSFXPlay
                             18 	.globl _PSGSetMusicVolumeAttenuation
                             19 	.globl _PSGGetStatus
                             20 	.globl _PSGResume
                             21 	.globl _PSGStop
                             22 	.globl _PSGPlayNoRepeat
                             23 	.globl _PSGPlay
                             24 	.globl _devkit_PSGPlay
                             25 	.globl _devkit_PSGPlayNoRepeat
                             26 	.globl _devkit_PSGStop
                             27 	.globl _devkit_PSGResume
                             28 	.globl _devkit_PSGGetStatus
                             29 	.globl _devkit_PSGSetMusicVolumeAttenuation
                             30 	.globl _devkit_PSGSFXPlay
                             31 	.globl _devkit_PSGSFXStop
                             32 	.globl _devkit_PSGSFXGetStatus
                             33 	.globl _devkit_PSGSilenceChannels
                             34 	.globl _devkit_PSGRestoreVolumes
                             35 	.globl _devkit_PSGFrame
                             36 	.globl _devkit_PSGSFXFrame
                             37 	.globl _devkit_SFX_CHANNEL2
                             38 	.globl _devkit_SFX_CHANNEL3
                             39 	.globl _devkit_SFX_CHANNELS2AND3
                             40 ;--------------------------------------------------------
                             41 ; special function registers
                             42 ;--------------------------------------------------------
                             43 ;--------------------------------------------------------
                             44 ; ram data
                             45 ;--------------------------------------------------------
                             46 	.area _DATA
                             47 ;--------------------------------------------------------
                             48 ; ram data
                             49 ;--------------------------------------------------------
                             50 	.area _INITIALIZED
                             51 ;--------------------------------------------------------
                             52 ; absolute external ram data
                             53 ;--------------------------------------------------------
                             54 	.area _DABS (ABS)
                             55 ;--------------------------------------------------------
                             56 ; global & static initialisations
                             57 ;--------------------------------------------------------
                             58 	.area _HOME
                             59 	.area _GSINIT
                             60 	.area _GSFINAL
                             61 	.area _GSINIT
                             62 ;--------------------------------------------------------
                             63 ; Home
                             64 ;--------------------------------------------------------
                             65 	.area _HOME
                             66 	.area _HOME
                             67 ;--------------------------------------------------------
                             68 ; code
                             69 ;--------------------------------------------------------
                             70 	.area _CODE
                     0000    71 	G$devkit_PSGPlay$0$0	= .
                             72 	.globl	G$devkit_PSGPlay$0$0
                     0000    73 	C$_snd_manager.c$9$0$0	= .
                             74 	.globl	C$_snd_manager.c$9$0$0
                             75 ;_snd_manager.c:9: void devkit_PSGPlay( void *song )
                             76 ;	---------------------------------
                             77 ; Function devkit_PSGPlay
                             78 ; ---------------------------------
   0000                      79 _devkit_PSGPlay::
                     0000    80 	C$_snd_manager.c$11$1$31	= .
                             81 	.globl	C$_snd_manager.c$11$1$31
                             82 ;_snd_manager.c:11: PSGPlay( song );
   0000 C1            [10]   83 	pop	bc
   0001 E1            [10]   84 	pop	hl
   0002 E5            [11]   85 	push	hl
   0003 C5            [11]   86 	push	bc
   0004 E5            [11]   87 	push	hl
   0005 CDr00r00      [17]   88 	call	_PSGPlay
   0008 F1            [10]   89 	pop	af
                     0009    90 	C$_snd_manager.c$12$1$31	= .
                             91 	.globl	C$_snd_manager.c$12$1$31
                     0009    92 	XG$devkit_PSGPlay$0$0	= .
                             93 	.globl	XG$devkit_PSGPlay$0$0
   0009 C9            [10]   94 	ret
                     000A    95 	G$devkit_PSGPlayNoRepeat$0$0	= .
                             96 	.globl	G$devkit_PSGPlayNoRepeat$0$0
                     000A    97 	C$_snd_manager.c$13$1$31	= .
                             98 	.globl	C$_snd_manager.c$13$1$31
                             99 ;_snd_manager.c:13: void devkit_PSGPlayNoRepeat( void *song )
                            100 ;	---------------------------------
                            101 ; Function devkit_PSGPlayNoRepeat
                            102 ; ---------------------------------
   000A                     103 _devkit_PSGPlayNoRepeat::
                     000A   104 	C$_snd_manager.c$15$1$33	= .
                            105 	.globl	C$_snd_manager.c$15$1$33
                            106 ;_snd_manager.c:15: PSGPlayNoRepeat( song );
   000A C1            [10]  107 	pop	bc
   000B E1            [10]  108 	pop	hl
   000C E5            [11]  109 	push	hl
   000D C5            [11]  110 	push	bc
   000E E5            [11]  111 	push	hl
   000F CDr00r00      [17]  112 	call	_PSGPlayNoRepeat
   0012 F1            [10]  113 	pop	af
                     0013   114 	C$_snd_manager.c$16$1$33	= .
                            115 	.globl	C$_snd_manager.c$16$1$33
                     0013   116 	XG$devkit_PSGPlayNoRepeat$0$0	= .
                            117 	.globl	XG$devkit_PSGPlayNoRepeat$0$0
   0013 C9            [10]  118 	ret
                     0014   119 	G$devkit_PSGStop$0$0	= .
                            120 	.globl	G$devkit_PSGStop$0$0
                     0014   121 	C$_snd_manager.c$17$1$33	= .
                            122 	.globl	C$_snd_manager.c$17$1$33
                            123 ;_snd_manager.c:17: void devkit_PSGStop( void )
                            124 ;	---------------------------------
                            125 ; Function devkit_PSGStop
                            126 ; ---------------------------------
   0014                     127 _devkit_PSGStop::
                     0014   128 	C$_snd_manager.c$19$1$35	= .
                            129 	.globl	C$_snd_manager.c$19$1$35
                            130 ;_snd_manager.c:19: PSGStop();
                     0014   131 	C$_snd_manager.c$20$1$35	= .
                            132 	.globl	C$_snd_manager.c$20$1$35
                     0014   133 	XG$devkit_PSGStop$0$0	= .
                            134 	.globl	XG$devkit_PSGStop$0$0
   0014 C3r00r00      [10]  135 	jp  _PSGStop
                     0017   136 	G$devkit_PSGResume$0$0	= .
                            137 	.globl	G$devkit_PSGResume$0$0
                     0017   138 	C$_snd_manager.c$21$1$35	= .
                            139 	.globl	C$_snd_manager.c$21$1$35
                            140 ;_snd_manager.c:21: void devkit_PSGResume( void )
                            141 ;	---------------------------------
                            142 ; Function devkit_PSGResume
                            143 ; ---------------------------------
   0017                     144 _devkit_PSGResume::
                     0017   145 	C$_snd_manager.c$23$1$37	= .
                            146 	.globl	C$_snd_manager.c$23$1$37
                            147 ;_snd_manager.c:23: PSGResume();
                     0017   148 	C$_snd_manager.c$24$1$37	= .
                            149 	.globl	C$_snd_manager.c$24$1$37
                     0017   150 	XG$devkit_PSGResume$0$0	= .
                            151 	.globl	XG$devkit_PSGResume$0$0
   0017 C3r00r00      [10]  152 	jp  _PSGResume
                     001A   153 	G$devkit_PSGGetStatus$0$0	= .
                            154 	.globl	G$devkit_PSGGetStatus$0$0
                     001A   155 	C$_snd_manager.c$25$1$37	= .
                            156 	.globl	C$_snd_manager.c$25$1$37
                            157 ;_snd_manager.c:25: unsigned char devkit_PSGGetStatus( void )
                            158 ;	---------------------------------
                            159 ; Function devkit_PSGGetStatus
                            160 ; ---------------------------------
   001A                     161 _devkit_PSGGetStatus::
                     001A   162 	C$_snd_manager.c$27$1$39	= .
                            163 	.globl	C$_snd_manager.c$27$1$39
                            164 ;_snd_manager.c:27: return PSGGetStatus();
                     001A   165 	C$_snd_manager.c$28$1$39	= .
                            166 	.globl	C$_snd_manager.c$28$1$39
                     001A   167 	XG$devkit_PSGGetStatus$0$0	= .
                            168 	.globl	XG$devkit_PSGGetStatus$0$0
   001A C3r00r00      [10]  169 	jp  _PSGGetStatus
                     001D   170 	G$devkit_PSGSetMusicVolumeAttenuation$0$0	= .
                            171 	.globl	G$devkit_PSGSetMusicVolumeAttenuation$0$0
                     001D   172 	C$_snd_manager.c$29$1$39	= .
                            173 	.globl	C$_snd_manager.c$29$1$39
                            174 ;_snd_manager.c:29: void devkit_PSGSetMusicVolumeAttenuation( unsigned char attenuation )
                            175 ;	---------------------------------
                            176 ; Function devkit_PSGSetMusicVolumeAttenuation
                            177 ; ---------------------------------
   001D                     178 _devkit_PSGSetMusicVolumeAttenuation::
                     001D   179 	C$_snd_manager.c$31$1$41	= .
                            180 	.globl	C$_snd_manager.c$31$1$41
                            181 ;_snd_manager.c:31: PSGSetMusicVolumeAttenuation( attenuation );
   001D 21 02 00      [10]  182 	ld	hl, #2+0
   0020 39            [11]  183 	add	hl, sp
   0021 7E            [ 7]  184 	ld	a, (hl)
   0022 F5            [11]  185 	push	af
   0023 33            [ 6]  186 	inc	sp
   0024 CDr00r00      [17]  187 	call	_PSGSetMusicVolumeAttenuation
   0027 33            [ 6]  188 	inc	sp
                     0028   189 	C$_snd_manager.c$32$1$41	= .
                            190 	.globl	C$_snd_manager.c$32$1$41
                     0028   191 	XG$devkit_PSGSetMusicVolumeAttenuation$0$0	= .
                            192 	.globl	XG$devkit_PSGSetMusicVolumeAttenuation$0$0
   0028 C9            [10]  193 	ret
                     0029   194 	G$devkit_PSGSFXPlay$0$0	= .
                            195 	.globl	G$devkit_PSGSFXPlay$0$0
                     0029   196 	C$_snd_manager.c$34$1$41	= .
                            197 	.globl	C$_snd_manager.c$34$1$41
                            198 ;_snd_manager.c:34: void devkit_PSGSFXPlay( void *sfx, unsigned char channels )
                            199 ;	---------------------------------
                            200 ; Function devkit_PSGSFXPlay
                            201 ; ---------------------------------
   0029                     202 _devkit_PSGSFXPlay::
                     0029   203 	C$_snd_manager.c$36$1$43	= .
                            204 	.globl	C$_snd_manager.c$36$1$43
                            205 ;_snd_manager.c:36: PSGSFXPlay( sfx, channels );
   0029 21 04 00      [10]  206 	ld	hl, #4+0
   002C 39            [11]  207 	add	hl, sp
   002D 7E            [ 7]  208 	ld	a, (hl)
   002E F5            [11]  209 	push	af
   002F 33            [ 6]  210 	inc	sp
   0030 21 03 00      [10]  211 	ld	hl, #3
   0033 39            [11]  212 	add	hl, sp
   0034 4E            [ 7]  213 	ld	c, (hl)
   0035 23            [ 6]  214 	inc	hl
   0036 46            [ 7]  215 	ld	b, (hl)
   0037 C5            [11]  216 	push	bc
   0038 CDr00r00      [17]  217 	call	_PSGSFXPlay
   003B F1            [10]  218 	pop	af
   003C 33            [ 6]  219 	inc	sp
                     003D   220 	C$_snd_manager.c$37$1$43	= .
                            221 	.globl	C$_snd_manager.c$37$1$43
                     003D   222 	XG$devkit_PSGSFXPlay$0$0	= .
                            223 	.globl	XG$devkit_PSGSFXPlay$0$0
   003D C9            [10]  224 	ret
                     003E   225 	G$devkit_PSGSFXStop$0$0	= .
                            226 	.globl	G$devkit_PSGSFXStop$0$0
                     003E   227 	C$_snd_manager.c$38$1$43	= .
                            228 	.globl	C$_snd_manager.c$38$1$43
                            229 ;_snd_manager.c:38: void devkit_PSGSFXStop( void )
                            230 ;	---------------------------------
                            231 ; Function devkit_PSGSFXStop
                            232 ; ---------------------------------
   003E                     233 _devkit_PSGSFXStop::
                     003E   234 	C$_snd_manager.c$40$1$45	= .
                            235 	.globl	C$_snd_manager.c$40$1$45
                            236 ;_snd_manager.c:40: PSGSFXStop();
                     003E   237 	C$_snd_manager.c$41$1$45	= .
                            238 	.globl	C$_snd_manager.c$41$1$45
                     003E   239 	XG$devkit_PSGSFXStop$0$0	= .
                            240 	.globl	XG$devkit_PSGSFXStop$0$0
   003E C3r00r00      [10]  241 	jp  _PSGSFXStop
                     0041   242 	G$devkit_PSGSFXGetStatus$0$0	= .
                            243 	.globl	G$devkit_PSGSFXGetStatus$0$0
                     0041   244 	C$_snd_manager.c$42$1$45	= .
                            245 	.globl	C$_snd_manager.c$42$1$45
                            246 ;_snd_manager.c:42: unsigned char devkit_PSGSFXGetStatus( void )
                            247 ;	---------------------------------
                            248 ; Function devkit_PSGSFXGetStatus
                            249 ; ---------------------------------
   0041                     250 _devkit_PSGSFXGetStatus::
                     0041   251 	C$_snd_manager.c$44$1$47	= .
                            252 	.globl	C$_snd_manager.c$44$1$47
                            253 ;_snd_manager.c:44: return PSGSFXGetStatus();
                     0041   254 	C$_snd_manager.c$45$1$47	= .
                            255 	.globl	C$_snd_manager.c$45$1$47
                     0041   256 	XG$devkit_PSGSFXGetStatus$0$0	= .
                            257 	.globl	XG$devkit_PSGSFXGetStatus$0$0
   0041 C3r00r00      [10]  258 	jp  _PSGSFXGetStatus
                     0044   259 	G$devkit_PSGSilenceChannels$0$0	= .
                            260 	.globl	G$devkit_PSGSilenceChannels$0$0
                     0044   261 	C$_snd_manager.c$47$1$47	= .
                            262 	.globl	C$_snd_manager.c$47$1$47
                            263 ;_snd_manager.c:47: void devkit_PSGSilenceChannels( void )
                            264 ;	---------------------------------
                            265 ; Function devkit_PSGSilenceChannels
                            266 ; ---------------------------------
   0044                     267 _devkit_PSGSilenceChannels::
                     0044   268 	C$_snd_manager.c$49$1$49	= .
                            269 	.globl	C$_snd_manager.c$49$1$49
                            270 ;_snd_manager.c:49: PSGSilenceChannels();
                     0044   271 	C$_snd_manager.c$50$1$49	= .
                            272 	.globl	C$_snd_manager.c$50$1$49
                     0044   273 	XG$devkit_PSGSilenceChannels$0$0	= .
                            274 	.globl	XG$devkit_PSGSilenceChannels$0$0
   0044 C3r00r00      [10]  275 	jp  _PSGSilenceChannels
                     0047   276 	G$devkit_PSGRestoreVolumes$0$0	= .
                            277 	.globl	G$devkit_PSGRestoreVolumes$0$0
                     0047   278 	C$_snd_manager.c$51$1$49	= .
                            279 	.globl	C$_snd_manager.c$51$1$49
                            280 ;_snd_manager.c:51: void devkit_PSGRestoreVolumes( void )
                            281 ;	---------------------------------
                            282 ; Function devkit_PSGRestoreVolumes
                            283 ; ---------------------------------
   0047                     284 _devkit_PSGRestoreVolumes::
                     0047   285 	C$_snd_manager.c$53$1$51	= .
                            286 	.globl	C$_snd_manager.c$53$1$51
                            287 ;_snd_manager.c:53: PSGRestoreVolumes();
                     0047   288 	C$_snd_manager.c$54$1$51	= .
                            289 	.globl	C$_snd_manager.c$54$1$51
                     0047   290 	XG$devkit_PSGRestoreVolumes$0$0	= .
                            291 	.globl	XG$devkit_PSGRestoreVolumes$0$0
   0047 C3r00r00      [10]  292 	jp  _PSGRestoreVolumes
                     004A   293 	G$devkit_PSGFrame$0$0	= .
                            294 	.globl	G$devkit_PSGFrame$0$0
                     004A   295 	C$_snd_manager.c$56$1$51	= .
                            296 	.globl	C$_snd_manager.c$56$1$51
                            297 ;_snd_manager.c:56: void devkit_PSGFrame( void )
                            298 ;	---------------------------------
                            299 ; Function devkit_PSGFrame
                            300 ; ---------------------------------
   004A                     301 _devkit_PSGFrame::
                     004A   302 	C$_snd_manager.c$58$1$53	= .
                            303 	.globl	C$_snd_manager.c$58$1$53
                            304 ;_snd_manager.c:58: PSGFrame();
                     004A   305 	C$_snd_manager.c$59$1$53	= .
                            306 	.globl	C$_snd_manager.c$59$1$53
                     004A   307 	XG$devkit_PSGFrame$0$0	= .
                            308 	.globl	XG$devkit_PSGFrame$0$0
   004A C3r00r00      [10]  309 	jp  _PSGFrame
                     004D   310 	G$devkit_PSGSFXFrame$0$0	= .
                            311 	.globl	G$devkit_PSGSFXFrame$0$0
                     004D   312 	C$_snd_manager.c$60$1$53	= .
                            313 	.globl	C$_snd_manager.c$60$1$53
                            314 ;_snd_manager.c:60: void devkit_PSGSFXFrame( void )
                            315 ;	---------------------------------
                            316 ; Function devkit_PSGSFXFrame
                            317 ; ---------------------------------
   004D                     318 _devkit_PSGSFXFrame::
                     004D   319 	C$_snd_manager.c$62$1$55	= .
                            320 	.globl	C$_snd_manager.c$62$1$55
                            321 ;_snd_manager.c:62: PSGSFXFrame();
                     004D   322 	C$_snd_manager.c$63$1$55	= .
                            323 	.globl	C$_snd_manager.c$63$1$55
                     004D   324 	XG$devkit_PSGSFXFrame$0$0	= .
                            325 	.globl	XG$devkit_PSGSFXFrame$0$0
   004D C3r00r00      [10]  326 	jp  _PSGSFXFrame
                     0050   327 	G$devkit_SFX_CHANNEL2$0$0	= .
                            328 	.globl	G$devkit_SFX_CHANNEL2$0$0
                     0050   329 	C$_snd_manager.c$66$1$55	= .
                            330 	.globl	C$_snd_manager.c$66$1$55
                            331 ;_snd_manager.c:66: unsigned char devkit_SFX_CHANNEL2()
                            332 ;	---------------------------------
                            333 ; Function devkit_SFX_CHANNEL2
                            334 ; ---------------------------------
   0050                     335 _devkit_SFX_CHANNEL2::
                     0050   336 	C$_snd_manager.c$68$1$56	= .
                            337 	.globl	C$_snd_manager.c$68$1$56
                            338 ;_snd_manager.c:68: return SFX_CHANNEL2;
   0050 2E 01         [ 7]  339 	ld	l, #0x01
                     0052   340 	C$_snd_manager.c$69$1$56	= .
                            341 	.globl	C$_snd_manager.c$69$1$56
                     0052   342 	XG$devkit_SFX_CHANNEL2$0$0	= .
                            343 	.globl	XG$devkit_SFX_CHANNEL2$0$0
   0052 C9            [10]  344 	ret
                     0053   345 	G$devkit_SFX_CHANNEL3$0$0	= .
                            346 	.globl	G$devkit_SFX_CHANNEL3$0$0
                     0053   347 	C$_snd_manager.c$70$1$56	= .
                            348 	.globl	C$_snd_manager.c$70$1$56
                            349 ;_snd_manager.c:70: unsigned char devkit_SFX_CHANNEL3()
                            350 ;	---------------------------------
                            351 ; Function devkit_SFX_CHANNEL3
                            352 ; ---------------------------------
   0053                     353 _devkit_SFX_CHANNEL3::
                     0053   354 	C$_snd_manager.c$72$1$57	= .
                            355 	.globl	C$_snd_manager.c$72$1$57
                            356 ;_snd_manager.c:72: return SFX_CHANNEL3;
   0053 2E 02         [ 7]  357 	ld	l, #0x02
                     0055   358 	C$_snd_manager.c$73$1$57	= .
                            359 	.globl	C$_snd_manager.c$73$1$57
                     0055   360 	XG$devkit_SFX_CHANNEL3$0$0	= .
                            361 	.globl	XG$devkit_SFX_CHANNEL3$0$0
   0055 C9            [10]  362 	ret
                     0056   363 	G$devkit_SFX_CHANNELS2AND3$0$0	= .
                            364 	.globl	G$devkit_SFX_CHANNELS2AND3$0$0
                     0056   365 	C$_snd_manager.c$74$1$57	= .
                            366 	.globl	C$_snd_manager.c$74$1$57
                            367 ;_snd_manager.c:74: unsigned char devkit_SFX_CHANNELS2AND3()
                            368 ;	---------------------------------
                            369 ; Function devkit_SFX_CHANNELS2AND3
                            370 ; ---------------------------------
   0056                     371 _devkit_SFX_CHANNELS2AND3::
                     0056   372 	C$_snd_manager.c$76$1$58	= .
                            373 	.globl	C$_snd_manager.c$76$1$58
                            374 ;_snd_manager.c:76: return SFX_CHANNELS2AND3;
   0056 2E 03         [ 7]  375 	ld	l, #0x03
                     0058   376 	C$_snd_manager.c$77$1$58	= .
                            377 	.globl	C$_snd_manager.c$77$1$58
                     0058   378 	XG$devkit_SFX_CHANNELS2AND3$0$0	= .
                            379 	.globl	XG$devkit_SFX_CHANNELS2AND3$0$0
   0058 C9            [10]  380 	ret
                            381 	.area _CODE
                            382 	.area _INITIALIZER
                            383 	.area _CABS (ABS)
