ASxxxx Linker V03.00 + NoICE + sdld,  page 1.
Hexadecimal  [32-Bits]

Area                                    Addr        Size        Decimal Bytes (Attributes)
--------------------------------        ----        ----        ------- ----- ------------
.  .ABS.                            00000000    00000000 =           0. bytes (ABS,CON)

      Value  Global                              Global Defined In Module
      -----  --------------------------------   ------------------------
     00000000  .__.ABS.                           
     00000000  l__BSEG                         
     00000000  l__BSS                          
     00000000  l__CABS                         
     00000000  l__DABS                         
     00000000  l__HEADER                       
     00000000  l__HEAP                         
     00000000  l__HOME                         
     00000000  s__CABS                         
     00000000  s__CABS0                        
     00000000  s__CABS1                        
     00000000  s__CABS2                        
     00000000  s__CABS3                        
     00000000  s__CABS4                        
     00000000  s__DABS                         
     00000000  s__HEADER                       
     00000000  s__HEADER0                      
     00000000  s__HEADER1                      
     00000000  s__HEADER2                      
     00000000  s__HEADER3                      
     00000000  s__HEADER4                      
     00000001  l__GSFINAL                      
     00000008  l__HEADER0                      
     00000009  l__HEADER1                      
     00000009  l__INITIALIZED                  
     00000009  l__INITIALIZER                  
     0000000D  l__CABS2                        
     0000000E  l__CABS1                        
     0000000F  l__GSINIT                       
     00000010  l__CABS0                        
     00000010  l__CABS4                        
     00000018  l__HEADER2                      
     0000002B  l__HEADER3                      
     00000038  l__CABS3                        
     000000BE  G$VDPDataPort$0$0                  asm_manager
     000000BF  G$VDPControlPort$0$0               asm_manager
     00000104  l__HEADER4                      
     00000119  l__DATA                         
     00000200  s__CODE                         
     000032EA  l__CODE                         
     000034EA  s__HOME                         
     000034EA  s__INITIALIZER                  
     000034F3  s__GSINIT                       
     00003502  s__GSFINAL                      
     00008000  G$SMS_SRAM$0$0                     _sms_manager
     00008000  _SMS_SRAM                          SMSlib_loadTileMapArea
     0000C000  s__DATA                         
     0000C119  s__INITIALIZED                  
     0000C122  s__BSEG                         
     0000C122  s__BSS                          
ASxxxx Linker V03.00 + NoICE + sdld,  page 2.
Hexadecimal  [32-Bits]

Area                                    Addr        Size        Decimal Bytes (Attributes)
--------------------------------        ----        ----        ------- ----- ------------
.  .ABS.                            00000000    00000000 =           0. bytes (ABS,CON)

      Value  Global                              Global Defined In Module
      -----  --------------------------------   ------------------------
     0000C122  s__HEAP                         
     0000FFFC  G$SRAM_bank_to_be_mapped_on_slot   _sms_manager
     0000FFFC  _SRAM_bank_to_be_mapped_on_slot2   SMSlib_loadTileMapArea
     0000FFFF  G$ROM_bank_to_be_mapped_on_slot2   _sms_manager
     0000FFFF  _ROM_bank_to_be_mapped_on_slot2    SMSlib_loadTileMapArea

ASxxxx Linker V03.00 + NoICE + sdld,  page 3.
Hexadecimal  [32-Bits]

Area                                    Addr        Size        Decimal Bytes (Attributes)
--------------------------------        ----        ----        ------- ----- ------------
_CODE                               00000200    000032EA =       13034. bytes (REL,CON)

      Value  Global                              Global Defined In Module
      -----  --------------------------------   ------------------------
     00000200  A$main$75                          main
     00000200  C$main.c$3$0$0                     main
     00000200  C$main.c$5$1$78                    main
     00000200  G$main$0$0                         main
     00000200  _main                              main
     00000203  A$main$79                          main
     00000203  C$main.c$6$1$78                    main
     00000206  A$main$83                          main
     00000206  C$main.c$7$1$78                    main
     00000209  A$main$87                          main
     00000209  C$main.c$9$1$78                    main
     0000020C  A$main$88                          main
     0000020D  A$main$89                          main
     0000020E  A$main$90                          main
     0000020F  A$main$91                          main
     00000212  A$main$92                          main
     00000213  A$main$96                          main
     00000213  C$main.c$10$1$78                   main
     00000214  A$main$97                          main
     00000215  A$main$98                          main
     00000216  A$main$99                          main
     00000219  A$main$100                         main
     0000021A  A$main$104                         main
     0000021A  C$main.c$12$1$78                   main
     0000021D  A$main$105                         main
     0000021E  A$main$106                         main
     00000221  A$main$107                         main
     00000222  A$main$111                         main
     00000222  C$main.c$16$1$78                   main
     00000225  A$main$115                         main
     00000225  C$main.c$18$1$78                   main
     00000228  A$main$116                         main
     00000229  A$main$117                         main
     0000022A  A$main$118                         main
     0000022B  A$main$119                         main
     0000022C  A$main$120                         main
     0000022F  A$main$121                         main
     00000230  A$main$122                         main
     00000231  A$main$123                         main
     00000232  A$main$124                         main
     00000233  A$main$125                         main
     00000234  A$main$126                         main
     00000235  A$main$127                         main
     00000236  A$main$128                         main
     00000237  A$main$129                         main
     0000023A  A$main$130                         main
     0000023B  A$main$134                         main
     0000023B  C$main.c$19$1$78                   main
     0000023E  A$main$139                         main
     0000023E  C$main.c$22$3$80                   main
ASxxxx Linker V03.00 + NoICE + sdld,  page 4.
Hexadecimal  [32-Bits]

Area                                    Addr        Size        Decimal Bytes (Attributes)
--------------------------------        ----        ----        ------- ----- ------------
_CODE                               00000200    000032EA =       13034. bytes (REL,CON)

      Value  Global                              Global Defined In Module
      -----  --------------------------------   ------------------------
     00000241  A$main$143                         main
     00000241  C$main.c$23$3$80                   main
     00000244  A$main$147                         main
     00000244  C$main.c$24$3$80                   main
     00000247  A$main$151                         main
     00000247  C$main.c$26$3$80                   main
     0000024A  A$main$155                         main
     0000024A  C$main.c$27$3$80                   main
     0000024D  A$main$159                         main
     0000024D  C$main.c$28$3$80                   main
     00000250  A$main$163                         main
     00000250  C$main.c$30$3$80                   main
     00000253  A$main$167                         main
     00000253  C$main.c$31$3$80                   main
     00000256  A$main$172                         main
     00000256  C$main.c$33$2$79                   main
     00000256  XG$main$0$0                        main
     00000258  _PSGStop                           PSGlib
     0000027F  _PSGResume                         PSGlib
     000002CB  _PSGPlay                           PSGlib
     000002F8  _PSGCancelLoop                     PSGlib
     000002FE  _PSGPlayNoRepeat                   PSGlib
     0000030D  _PSGGetStatus                      PSGlib
     00000315  _PSGSilenceChannels                PSGlib
     00000326  _PSGRestoreVolumes                 PSGlib
     00000425  _PSGSetMusicVolumeAttenuation      PSGlib
     00000514  _PSGSFXStop                        PSGlib
     000005DE  _PSGSFXPlay                        PSGlib
     0000062B  _PSGSFXCancelLoop                  PSGlib
     00000631  _PSGSFXGetStatus                   PSGlib
     00000639  _PSGSFXPlayLoop                    PSGlib
     0000065A  _PSGFrame                          PSGlib
     00000773  _PSGSFXFrame                       PSGlib
     000007F9  A$_sms_manager$163                 _sms_manager
     000007F9  C$_sms_manager.c$13$0$0            _sms_manager
     000007F9  C$_sms_manager.c$15$1$101          _sms_manager
     000007F9  C$_sms_manager.c$16$1$101          _sms_manager
     000007F9  G$devkit_SMS_init$0$0              _sms_manager
     000007F9  XG$devkit_SMS_init$0$0             _sms_manager
     000007F9  _devkit_SMS_init                   _sms_manager
     000007FC  A$_sms_manager$176                 _sms_manager
     000007FC  C$_sms_manager.c$19$1$101          _sms_manager
     000007FC  C$_sms_manager.c$21$1$103          _sms_manager
     000007FC  G$devkit_SMS_VDPturnOnFeature$0$   _sms_manager
     000007FC  _devkit_SMS_VDPturnOnFeature       _sms_manager
     000007FD  A$_sms_manager$177                 _sms_manager
     000007FE  A$_sms_manager$178                 _sms_manager
     000007FF  A$_sms_manager$179                 _sms_manager
     00000800  A$_sms_manager$184                 _sms_manager
     00000800  C$_sms_manager.c$22$1$103          _sms_manager
     00000800  XG$devkit_SMS_VDPturnOnFeature$0   _sms_manager
ASxxxx Linker V03.00 + NoICE + sdld,  page 5.
Hexadecimal  [32-Bits]

Area                                    Addr        Size        Decimal Bytes (Attributes)
--------------------------------        ----        ----        ------- ----- ------------
_CODE                               00000200    000032EA =       13034. bytes (REL,CON)

      Value  Global                              Global Defined In Module
      -----  --------------------------------   ------------------------
     00000803  A$_sms_manager$197                 _sms_manager
     00000803  C$_sms_manager.c$23$1$103          _sms_manager
     00000803  C$_sms_manager.c$25$1$105          _sms_manager
     00000803  G$devkit_SMS_VDPturnOffFeature$0   _sms_manager
     00000803  _devkit_SMS_VDPturnOffFeature      _sms_manager
     00000804  A$_sms_manager$198                 _sms_manager
     00000805  A$_sms_manager$199                 _sms_manager
     00000806  A$_sms_manager$200                 _sms_manager
     00000807  A$_sms_manager$205                 _sms_manager
     00000807  C$_sms_manager.c$26$1$105          _sms_manager
     00000807  XG$devkit_SMS_VDPturnOffFeature$   _sms_manager
     0000080A  A$_sms_manager$218                 _sms_manager
     0000080A  C$_sms_manager.c$29$1$105          _sms_manager
     0000080A  C$_sms_manager.c$31$1$106          _sms_manager
     0000080A  G$devkit_VDPFEATURE_HIDEFIRSTCOL   _sms_manager
     0000080A  _devkit_VDPFEATURE_HIDEFIRSTCOL    _sms_manager
     0000080D  A$_sms_manager$223                 _sms_manager
     0000080D  C$_sms_manager.c$32$1$106          _sms_manager
     0000080D  XG$devkit_VDPFEATURE_HIDEFIRSTCO   _sms_manager
     0000080E  A$_sms_manager$236                 _sms_manager
     0000080E  C$_sms_manager.c$35$1$106          _sms_manager
     0000080E  C$_sms_manager.c$37$1$107          _sms_manager
     0000080E  G$devkit_VDPFEATURE_SHOWDISPLAY$   _sms_manager
     0000080E  _devkit_VDPFEATURE_SHOWDISPLAY     _sms_manager
     00000811  A$_sms_manager$241                 _sms_manager
     00000811  C$_sms_manager.c$38$1$107          _sms_manager
     00000811  XG$devkit_VDPFEATURE_SHOWDISPLAY   _sms_manager
     00000812  A$_sms_manager$254                 _sms_manager
     00000812  C$_sms_manager.c$41$1$107          _sms_manager
     00000812  C$_sms_manager.c$43$1$108          _sms_manager
     00000812  G$devkit_SMS_displayOn$0$0         _sms_manager
     00000812  _devkit_SMS_displayOn              _sms_manager
     00000815  A$_sms_manager$259                 _sms_manager
     00000815  C$_sms_manager.c$44$1$108          _sms_manager
     00000815  XG$devkit_SMS_displayOn$0$0        _sms_manager
     00000818  A$_sms_manager$272                 _sms_manager
     00000818  C$_sms_manager.c$45$1$108          _sms_manager
     00000818  C$_sms_manager.c$47$1$109          _sms_manager
     00000818  G$devkit_SMS_displayOff$0$0        _sms_manager
     00000818  _devkit_SMS_displayOff             _sms_manager
     0000081B  A$_sms_manager$277                 _sms_manager
     0000081B  C$_sms_manager.c$48$1$109          _sms_manager
     0000081B  XG$devkit_SMS_displayOff$0$0       _sms_manager
     0000081E  A$_sms_manager$290                 _sms_manager
     0000081E  C$_sms_manager.c$50$1$109          _sms_manager
     0000081E  C$_sms_manager.c$52$1$111          _sms_manager
     0000081E  G$devkit_SMS_setBGScrollX$0$0      _sms_manager
     0000081E  _devkit_SMS_setBGScrollX           _sms_manager
     00000822  A$_sms_manager$291                 _sms_manager
     00000824  A$_sms_manager$292                 _sms_manager
     00000827  A$_sms_manager$297                 _sms_manager
ASxxxx Linker V03.00 + NoICE + sdld,  page 6.
Hexadecimal  [32-Bits]

Area                                    Addr        Size        Decimal Bytes (Attributes)
--------------------------------        ----        ----        ------- ----- ------------
_CODE                               00000200    000032EA =       13034. bytes (REL,CON)

      Value  Global                              Global Defined In Module
      -----  --------------------------------   ------------------------
     00000827  C$_sms_manager.c$53$1$111          _sms_manager
     00000827  XG$devkit_SMS_setBGScrollX$0$0     _sms_manager
     0000082A  A$_sms_manager$310                 _sms_manager
     0000082A  C$_sms_manager.c$54$1$111          _sms_manager
     0000082A  C$_sms_manager.c$56$1$113          _sms_manager
     0000082A  G$devkit_SMS_setBGScrollY$0$0      _sms_manager
     0000082A  _devkit_SMS_setBGScrollY           _sms_manager
     0000082E  A$_sms_manager$311                 _sms_manager
     00000830  A$_sms_manager$312                 _sms_manager
     00000833  A$_sms_manager$317                 _sms_manager
     00000833  C$_sms_manager.c$57$1$113          _sms_manager
     00000833  XG$devkit_SMS_setBGScrollY$0$0     _sms_manager
     00000836  A$_sms_manager$330                 _sms_manager
     00000836  C$_sms_manager.c$58$1$113          _sms_manager
     00000836  C$_sms_manager.c$60$1$115          _sms_manager
     00000836  G$devkit_SMS_setBackdropColor$0$   _sms_manager
     00000836  _devkit_SMS_setBackdropColor       _sms_manager
     0000083A  A$_sms_manager$331                 _sms_manager
     0000083C  A$_sms_manager$332                 _sms_manager
     0000083F  A$_sms_manager$337                 _sms_manager
     0000083F  C$_sms_manager.c$61$1$115          _sms_manager
     0000083F  XG$devkit_SMS_setBackdropColor$0   _sms_manager
     00000842  A$_sms_manager$350                 _sms_manager
     00000842  C$_sms_manager.c$62$1$115          _sms_manager
     00000842  C$_sms_manager.c$64$1$117          _sms_manager
     00000842  G$devkit_SMS_useFirstHalfTilesfo   _sms_manager
     00000842  _devkit_SMS_useFirstHalfTilesfor   _sms_manager
     00000843  A$_sms_manager$351                 _sms_manager
     00000847  A$_sms_manager$352                 _sms_manager
     00000849  A$_sms_manager$353                 _sms_manager
     0000084C  A$_sms_manager$354                 _sms_manager
     0000084D  A$_sms_manager$355                 _sms_manager
     0000084E  A$_sms_manager$360                 _sms_manager
     0000084E  C$_sms_manager.c$65$1$117          _sms_manager
     0000084E  XG$devkit_SMS_useFirstHalfTilesf   _sms_manager
     00000851  A$_sms_manager$373                 _sms_manager
     00000851  C$_sms_manager.c$66$1$117          _sms_manager
     00000851  C$_sms_manager.c$68$1$119          _sms_manager
     00000851  G$devkit_SMS_setSpriteMode$0$0     _sms_manager
     00000851  _devkit_SMS_setSpriteMode          _sms_manager
     00000855  A$_sms_manager$374                 _sms_manager
     00000857  A$_sms_manager$375                 _sms_manager
     0000085A  A$_sms_manager$380                 _sms_manager
     0000085A  C$_sms_manager.c$69$1$119          _sms_manager
     0000085A  XG$devkit_SMS_setSpriteMode$0$0    _sms_manager
     0000085D  A$_sms_manager$393                 _sms_manager
     0000085D  C$_sms_manager.c$72$1$119          _sms_manager
     0000085D  C$_sms_manager.c$74$1$120          _sms_manager
     0000085D  G$devkit_SPRITEMODE_NORMAL$0$0     _sms_manager
     0000085D  _devkit_SPRITEMODE_NORMAL          _sms_manager
     0000085F  A$_sms_manager$398                 _sms_manager
ASxxxx Linker V03.00 + NoICE + sdld,  page 7.
Hexadecimal  [32-Bits]

Area                                    Addr        Size        Decimal Bytes (Attributes)
--------------------------------        ----        ----        ------- ----- ------------
_CODE                               00000200    000032EA =       13034. bytes (REL,CON)

      Value  Global                              Global Defined In Module
      -----  --------------------------------   ------------------------
     0000085F  C$_sms_manager.c$75$1$120          _sms_manager
     0000085F  XG$devkit_SPRITEMODE_NORMAL$0$0    _sms_manager
     00000860  A$_sms_manager$411                 _sms_manager
     00000860  C$_sms_manager.c$78$1$120          _sms_manager
     00000860  C$_sms_manager.c$80$1$122          _sms_manager
     00000860  G$devkit_SMS_mapROMBank$0$0        _sms_manager
     00000860  _devkit_SMS_mapROMBank             _sms_manager
     00000863  A$_sms_manager$412                 _sms_manager
     00000864  A$_sms_manager$413                 _sms_manager
     00000865  A$_sms_manager$414                 _sms_manager
     00000868  A$_sms_manager$419                 _sms_manager
     00000868  C$_sms_manager.c$81$1$122          _sms_manager
     00000868  XG$devkit_SMS_mapROMBank$0$0       _sms_manager
     00000869  A$_sms_manager$432                 _sms_manager
     00000869  C$_sms_manager.c$84$1$122          _sms_manager
     00000869  C$_sms_manager.c$86$1$123          _sms_manager
     00000869  G$devkit_SMS_enableSRAM$0$0        _sms_manager
     00000869  _devkit_SMS_enableSRAM             _sms_manager
     0000086C  A$_sms_manager$433                 _sms_manager
     0000086E  A$_sms_manager$438                 _sms_manager
     0000086E  C$_sms_manager.c$87$1$123          _sms_manager
     0000086E  XG$devkit_SMS_enableSRAM$0$0       _sms_manager
     0000086F  A$_sms_manager$451                 _sms_manager
     0000086F  C$_sms_manager.c$88$1$123          _sms_manager
     0000086F  C$_sms_manager.c$90$1$125          _sms_manager
     0000086F  G$devkit_SMS_enableSRAMBank$0$0    _sms_manager
     0000086F  _devkit_SMS_enableSRAMBank         _sms_manager
     00000872  A$_sms_manager$452                 _sms_manager
     00000873  A$_sms_manager$453                 _sms_manager
     00000874  A$_sms_manager$454                 _sms_manager
     00000875  A$_sms_manager$455                 _sms_manager
     00000876  A$_sms_manager$456                 _sms_manager
     00000878  A$_sms_manager$457                 _sms_manager
     0000087A  A$_sms_manager$458                 _sms_manager
     0000087D  A$_sms_manager$463                 _sms_manager
     0000087D  C$_sms_manager.c$91$1$125          _sms_manager
     0000087D  XG$devkit_SMS_enableSRAMBank$0$0   _sms_manager
     0000087E  A$_sms_manager$476                 _sms_manager
     0000087E  C$_sms_manager.c$92$1$125          _sms_manager
     0000087E  C$_sms_manager.c$94$1$126          _sms_manager
     0000087E  G$devkit_SMS_disableSRAM$0$0       _sms_manager
     0000087E  _devkit_SMS_disableSRAM            _sms_manager
     00000881  A$_sms_manager$477                 _sms_manager
     00000883  A$_sms_manager$482                 _sms_manager
     00000883  C$_sms_manager.c$95$1$126          _sms_manager
     00000883  XG$devkit_SMS_disableSRAM$0$0      _sms_manager
     00000884  A$_sms_manager$495                 _sms_manager
     00000884  C$_sms_manager.c$97$1$126          _sms_manager
     00000884  C$_sms_manager.c$99$1$127          _sms_manager
     00000884  G$devkit_SMS_SRAM$0$0              _sms_manager
     00000884  _devkit_SMS_SRAM                   _sms_manager
ASxxxx Linker V03.00 + NoICE + sdld,  page 8.
Hexadecimal  [32-Bits]

Area                                    Addr        Size        Decimal Bytes (Attributes)
--------------------------------        ----        ----        ------- ----- ------------
_CODE                               00000200    000032EA =       13034. bytes (REL,CON)

      Value  Global                              Global Defined In Module
      -----  --------------------------------   ------------------------
     00000887  A$_sms_manager$500                 _sms_manager
     00000887  C$_sms_manager.c$100$1$127         _sms_manager
     00000887  XG$devkit_SMS_SRAM$0$0             _sms_manager
     00000888  A$_sms_manager$517                 _sms_manager
     00000888  C$_sms_manager.c$103$1$127         _sms_manager
     00000888  C$_sms_manager.c$105$1$128         _sms_manager
     00000888  C$_sms_manager.c$106$1$128         _sms_manager
     00000888  G$devkit_SMS_waitForVBlank$0$0     _sms_manager
     00000888  XG$devkit_SMS_waitForVBlank$0$0    _sms_manager
     00000888  _devkit_SMS_waitForVBlank          _sms_manager
     0000088B  A$_sms_manager$530                 _sms_manager
     0000088B  C$_sms_manager.c$108$1$128         _sms_manager
     0000088B  C$_sms_manager.c$110$1$130         _sms_manager
     0000088B  G$devkit_SMS_crt0_RST08$0$0        _sms_manager
     0000088B  _devkit_SMS_crt0_RST08             _sms_manager
     0000088C  A$_sms_manager$531                 _sms_manager
     0000088D  A$_sms_manager$532                 _sms_manager
     0000088E  A$_sms_manager$533                 _sms_manager
     0000088F  A$_sms_manager$538                 _sms_manager
     0000088F  C$_sms_manager.c$111$1$130         _sms_manager
     0000088F  XG$devkit_SMS_crt0_RST08$0$0       _sms_manager
     00000892  A$_sms_manager$551                 _sms_manager
     00000892  C$_sms_manager.c$112$1$130         _sms_manager
     00000892  C$_sms_manager.c$114$1$132         _sms_manager
     00000892  G$devkit_SMS_crt0_RST18$0$0        _sms_manager
     00000892  _devkit_SMS_crt0_RST18             _sms_manager
     00000893  A$_sms_manager$552                 _sms_manager
     00000894  A$_sms_manager$553                 _sms_manager
     00000895  A$_sms_manager$554                 _sms_manager
     00000896  A$_sms_manager$559                 _sms_manager
     00000896  C$_sms_manager.c$115$1$132         _sms_manager
     00000896  XG$devkit_SMS_crt0_RST18$0$0       _sms_manager
     00000899  A$_sms_manager$572                 _sms_manager
     00000899  C$_sms_manager.c$118$1$132         _sms_manager
     00000899  C$_sms_manager.c$120$1$134         _sms_manager
     00000899  G$devkit_SMS_setTile$0$0           _sms_manager
     00000899  _devkit_SMS_setTile                _sms_manager
     0000089D  A$_sms_manager$573                 _sms_manager
     0000089F  A$_sms_manager$574                 _sms_manager
     000008A2  A$_sms_manager$575                 _sms_manager
     000008A4  A$_sms_manager$580                 _sms_manager
     000008A4  C$_sms_manager.c$121$1$134         _sms_manager
     000008A4  XG$devkit_SMS_setTile$0$0          _sms_manager
     000008A7  A$_sms_manager$593                 _sms_manager
     000008A7  C$_sms_manager.c$122$1$134         _sms_manager
     000008A7  C$_sms_manager.c$124$1$136         _sms_manager
     000008A7  G$devkit_SMS_setAddr$0$0           _sms_manager
     000008A7  _devkit_SMS_setAddr                _sms_manager
     000008AB  A$_sms_manager$594                 _sms_manager
     000008AD  A$_sms_manager$595                 _sms_manager
     000008B0  A$_sms_manager$596                 _sms_manager
ASxxxx Linker V03.00 + NoICE + sdld,  page 9.
Hexadecimal  [32-Bits]

Area                                    Addr        Size        Decimal Bytes (Attributes)
--------------------------------        ----        ----        ------- ----- ------------
_CODE                               00000200    000032EA =       13034. bytes (REL,CON)

      Value  Global                              Global Defined In Module
      -----  --------------------------------   ------------------------
     000008B2  A$_sms_manager$601                 _sms_manager
     000008B2  C$_sms_manager.c$125$1$136         _sms_manager
     000008B2  XG$devkit_SMS_setAddr$0$0          _sms_manager
     000008B5  A$_sms_manager$611                 _sms_manager
     000008B5  C$_sms_manager.c$128$1$136         _sms_manager
     000008B5  G$devkit_SMS_setNextTileatXY$0$0   _sms_manager
     000008B5  _devkit_SMS_setNextTileatXY        _sms_manager
     000008B7  A$_sms_manager$612                 _sms_manager
     000008BB  A$_sms_manager$613                 _sms_manager
     000008BD  A$_sms_manager$617                 _sms_manager
     000008BD  C$_sms_manager.c$130$1$138         _sms_manager
     000008C0  A$_sms_manager$618                 _sms_manager
     000008C2  A$_sms_manager$619                 _sms_manager
     000008C3  A$_sms_manager$620                 _sms_manager
     000008C4  A$_sms_manager$621                 _sms_manager
     000008C5  A$_sms_manager$622                 _sms_manager
     000008C6  A$_sms_manager$623                 _sms_manager
     000008C7  A$_sms_manager$624                 _sms_manager
     000008CA  A$_sms_manager$625                 _sms_manager
     000008CC  A$_sms_manager$626                 _sms_manager
     000008CD  A$_sms_manager$627                 _sms_manager
     000008CE  A$_sms_manager$628                 _sms_manager
     000008CF  A$_sms_manager$629                 _sms_manager
     000008D1  A$_sms_manager$630                 _sms_manager
     000008D2  A$_sms_manager$635                 _sms_manager
     000008D2  C$_sms_manager.c$131$1$138         _sms_manager
     000008D2  XG$devkit_SMS_setNextTileatXY$0$   _sms_manager
     000008D4  A$_sms_manager$636                 _sms_manager
     000008D7  A$_sms_manager$649                 _sms_manager
     000008D7  C$_sms_manager.c$134$1$138         _sms_manager
     000008D7  C$_sms_manager.c$136$1$140         _sms_manager
     000008D7  G$devkit_SMS_loadTiles$0$0         _sms_manager
     000008D7  _devkit_SMS_loadTiles              _sms_manager
     000008DA  A$_sms_manager$650                 _sms_manager
     000008DB  A$_sms_manager$651                 _sms_manager
     000008DC  A$_sms_manager$652                 _sms_manager
     000008DD  A$_sms_manager$653                 _sms_manager
     000008DE  A$_sms_manager$654                 _sms_manager
     000008DF  A$_sms_manager$655                 _sms_manager
     000008E0  A$_sms_manager$656                 _sms_manager
     000008E1  A$_sms_manager$657                 _sms_manager
     000008E2  A$_sms_manager$658                 _sms_manager
     000008E3  A$_sms_manager$659                 _sms_manager
     000008E4  A$_sms_manager$660                 _sms_manager
     000008E6  A$_sms_manager$661                 _sms_manager
     000008EA  A$_sms_manager$662                 _sms_manager
     000008EC  A$_sms_manager$663                 _sms_manager
     000008EF  A$_sms_manager$664                 _sms_manager
     000008F2  A$_sms_manager$665                 _sms_manager
     000008F3  A$_sms_manager$666                 _sms_manager
     000008F7  A$_sms_manager$667                 _sms_manager
ASxxxx Linker V03.00 + NoICE + sdld,  page 10.
Hexadecimal  [32-Bits]

Area                                    Addr        Size        Decimal Bytes (Attributes)
--------------------------------        ----        ----        ------- ----- ------------
_CODE                               00000200    000032EA =       13034. bytes (REL,CON)

      Value  Global                              Global Defined In Module
      -----  --------------------------------   ------------------------
     000008F9  A$_sms_manager$668                 _sms_manager
     000008FC  A$_sms_manager$669                 _sms_manager
     000008FF  A$_sms_manager$670                 _sms_manager
     00000900  A$_sms_manager$671                 _sms_manager
     00000901  A$_sms_manager$672                 _sms_manager
     00000904  A$_sms_manager$677                 _sms_manager
     00000904  C$_sms_manager.c$137$1$140         _sms_manager
     00000904  XG$devkit_SMS_loadTiles$0$0        _sms_manager
     00000905  A$_sms_manager$690                 _sms_manager
     00000905  C$_sms_manager.c$138$1$140         _sms_manager
     00000905  C$_sms_manager.c$140$1$142         _sms_manager
     00000905  G$devkit_SMS_load1bppTiles$0$0     _sms_manager
     00000905  _devkit_SMS_load1bppTiles          _sms_manager
     00000908  A$_sms_manager$691                 _sms_manager
     00000909  A$_sms_manager$692                 _sms_manager
     0000090A  A$_sms_manager$693                 _sms_manager
     0000090B  A$_sms_manager$694                 _sms_manager
     0000090C  A$_sms_manager$695                 _sms_manager
     0000090F  A$_sms_manager$696                 _sms_manager
     00000910  A$_sms_manager$697                 _sms_manager
     00000911  A$_sms_manager$698                 _sms_manager
     00000912  A$_sms_manager$699                 _sms_manager
     00000913  A$_sms_manager$700                 _sms_manager
     00000916  A$_sms_manager$701                 _sms_manager
     00000917  A$_sms_manager$702                 _sms_manager
     00000918  A$_sms_manager$703                 _sms_manager
     00000919  A$_sms_manager$704                 _sms_manager
     0000091A  A$_sms_manager$705                 _sms_manager
     0000091B  A$_sms_manager$706                 _sms_manager
     0000091E  A$_sms_manager$707                 _sms_manager
     0000091F  A$_sms_manager$708                 _sms_manager
     00000920  A$_sms_manager$709                 _sms_manager
     00000921  A$_sms_manager$710                 _sms_manager
     00000922  A$_sms_manager$711                 _sms_manager
     00000923  A$_sms_manager$712                 _sms_manager
     00000926  A$_sms_manager$713                 _sms_manager
     00000927  A$_sms_manager$714                 _sms_manager
     00000928  A$_sms_manager$715                 _sms_manager
     00000929  A$_sms_manager$716                 _sms_manager
     0000092A  A$_sms_manager$717                 _sms_manager
     0000092B  A$_sms_manager$718                 _sms_manager
     0000092E  A$_sms_manager$719                 _sms_manager
     00000931  A$_sms_manager$720                 _sms_manager
     00000932  A$_sms_manager$721                 _sms_manager
     00000933  A$_sms_manager$726                 _sms_manager
     00000933  C$_sms_manager.c$141$1$142         _sms_manager
     00000933  XG$devkit_SMS_load1bppTiles$0$0    _sms_manager
     00000934  A$_sms_manager$739                 _sms_manager
     00000934  C$_sms_manager.c$144$1$142         _sms_manager
     00000934  C$_sms_manager.c$146$1$144         _sms_manager
     00000934  G$devkit_SMS_loadPSGaidencompres   _sms_manager
ASxxxx Linker V03.00 + NoICE + sdld,  page 11.
Hexadecimal  [32-Bits]

Area                                    Addr        Size        Decimal Bytes (Attributes)
--------------------------------        ----        ----        ------- ----- ------------
_CODE                               00000200    000032EA =       13034. bytes (REL,CON)

      Value  Global                              Global Defined In Module
      -----  --------------------------------   ------------------------
     00000934  _devkit_SMS_loadPSGaidencompress   _sms_manager
     00000937  A$_sms_manager$740                 _sms_manager
     00000938  A$_sms_manager$741                 _sms_manager
     00000939  A$_sms_manager$742                 _sms_manager
     0000093A  A$_sms_manager$743                 _sms_manager
     0000093B  A$_sms_manager$744                 _sms_manager
     0000093C  A$_sms_manager$745                 _sms_manager
     0000093F  A$_sms_manager$746                 _sms_manager
     00000940  A$_sms_manager$747                 _sms_manager
     00000941  A$_sms_manager$748                 _sms_manager
     00000942  A$_sms_manager$749                 _sms_manager
     00000943  A$_sms_manager$750                 _sms_manager
     00000944  A$_sms_manager$751                 _sms_manager
     00000947  A$_sms_manager$752                 _sms_manager
     00000948  A$_sms_manager$753                 _sms_manager
     00000949  A$_sms_manager$758                 _sms_manager
     00000949  C$_sms_manager.c$147$1$144         _sms_manager
     00000949  XG$devkit_SMS_loadPSGaidencompre   _sms_manager
     0000094A  A$_sms_manager$771                 _sms_manager
     0000094A  C$_sms_manager.c$148$1$144         _sms_manager
     0000094A  C$_sms_manager.c$150$1$146         _sms_manager
     0000094A  G$devkit_SMS_loadPSGaidencompres   _sms_manager
     0000094A  _devkit_SMS_loadPSGaidencompress   _sms_manager
     0000094D  A$_sms_manager$772                 _sms_manager
     0000094E  A$_sms_manager$773                 _sms_manager
     0000094F  A$_sms_manager$774                 _sms_manager
     00000950  A$_sms_manager$775                 _sms_manager
     00000951  A$_sms_manager$776                 _sms_manager
     00000952  A$_sms_manager$777                 _sms_manager
     00000953  A$_sms_manager$778                 _sms_manager
     00000954  A$_sms_manager$779                 _sms_manager
     00000955  A$_sms_manager$780                 _sms_manager
     00000956  A$_sms_manager$781                 _sms_manager
     00000957  A$_sms_manager$782                 _sms_manager
     00000959  A$_sms_manager$783                 _sms_manager
     0000095A  A$_sms_manager$784                 _sms_manager
     0000095D  A$_sms_manager$785                 _sms_manager
     0000095E  A$_sms_manager$786                 _sms_manager
     0000095F  A$_sms_manager$787                 _sms_manager
     00000960  A$_sms_manager$788                 _sms_manager
     00000961  A$_sms_manager$789                 _sms_manager
     00000962  A$_sms_manager$790                 _sms_manager
     00000965  A$_sms_manager$791                 _sms_manager
     00000966  A$_sms_manager$792                 _sms_manager
     00000967  A$_sms_manager$797                 _sms_manager
     00000967  C$_sms_manager.c$151$1$146         _sms_manager
     00000967  XG$devkit_SMS_loadPSGaidencompre   _sms_manager
     00000968  A$_sms_manager$807                 _sms_manager
     00000968  C$_sms_manager.c$160$1$146         _sms_manager
     00000968  G$devkit_SMS_loadTileMap$0$0       _sms_manager
     00000968  _devkit_SMS_loadTileMap            _sms_manager
ASxxxx Linker V03.00 + NoICE + sdld,  page 12.
Hexadecimal  [32-Bits]

Area                                    Addr        Size        Decimal Bytes (Attributes)
--------------------------------        ----        ----        ------- ----- ------------
_CODE                               00000200    000032EA =       13034. bytes (REL,CON)

      Value  Global                              Global Defined In Module
      -----  --------------------------------   ------------------------
     0000096A  A$_sms_manager$808                 _sms_manager
     0000096E  A$_sms_manager$809                 _sms_manager
     00000970  A$_sms_manager$813                 _sms_manager
     00000970  C$_sms_manager.c$162$1$148         _sms_manager
     00000973  A$_sms_manager$814                 _sms_manager
     00000976  A$_sms_manager$815                 _sms_manager
     00000979  A$_sms_manager$816                 _sms_manager
     0000097B  A$_sms_manager$817                 _sms_manager
     0000097C  A$_sms_manager$818                 _sms_manager
     0000097D  A$_sms_manager$819                 _sms_manager
     0000097E  A$_sms_manager$820                 _sms_manager
     0000097F  A$_sms_manager$821                 _sms_manager
     00000980  A$_sms_manager$822                 _sms_manager
     00000983  A$_sms_manager$823                 _sms_manager
     00000985  A$_sms_manager$824                 _sms_manager
     00000986  A$_sms_manager$825                 _sms_manager
     00000987  A$_sms_manager$826                 _sms_manager
     00000988  A$_sms_manager$827                 _sms_manager
     0000098A  A$_sms_manager$828                 _sms_manager
     0000098B  A$_sms_manager$829                 _sms_manager
     0000098E  A$_sms_manager$830                 _sms_manager
     00000991  A$_sms_manager$831                 _sms_manager
     00000992  A$_sms_manager$832                 _sms_manager
     00000993  A$_sms_manager$833                 _sms_manager
     00000994  A$_sms_manager$834                 _sms_manager
     00000997  A$_sms_manager$835                 _sms_manager
     00000999  A$_sms_manager$840                 _sms_manager
     00000999  C$_sms_manager.c$163$1$148         _sms_manager
     00000999  XG$devkit_SMS_loadTileMap$0$0      _sms_manager
     0000099A  A$_sms_manager$853                 _sms_manager
     0000099A  C$_sms_manager.c$164$1$148         _sms_manager
     0000099A  C$_sms_manager.c$166$1$150         _sms_manager
     0000099A  G$devkit_SMS_loadTileMapArea$0$0   _sms_manager
     0000099A  _devkit_SMS_loadTileMapArea        _sms_manager
     0000099D  A$_sms_manager$854                 _sms_manager
     0000099E  A$_sms_manager$855                 _sms_manager
     0000099F  A$_sms_manager$856                 _sms_manager
     000009A0  A$_sms_manager$857                 _sms_manager
     000009A1  A$_sms_manager$858                 _sms_manager
     000009A4  A$_sms_manager$859                 _sms_manager
     000009A5  A$_sms_manager$860                 _sms_manager
     000009A6  A$_sms_manager$861                 _sms_manager
     000009A7  A$_sms_manager$862                 _sms_manager
     000009A8  A$_sms_manager$863                 _sms_manager
     000009AB  A$_sms_manager$864                 _sms_manager
     000009AC  A$_sms_manager$865                 _sms_manager
     000009AD  A$_sms_manager$866                 _sms_manager
     000009AE  A$_sms_manager$867                 _sms_manager
     000009AF  A$_sms_manager$868                 _sms_manager
     000009B0  A$_sms_manager$869                 _sms_manager
     000009B3  A$_sms_manager$870                 _sms_manager
ASxxxx Linker V03.00 + NoICE + sdld,  page 13.
Hexadecimal  [32-Bits]

Area                                    Addr        Size        Decimal Bytes (Attributes)
--------------------------------        ----        ----        ------- ----- ------------
_CODE                               00000200    000032EA =       13034. bytes (REL,CON)

      Value  Global                              Global Defined In Module
      -----  --------------------------------   ------------------------
     000009B4  A$_sms_manager$871                 _sms_manager
     000009B5  A$_sms_manager$872                 _sms_manager
     000009B6  A$_sms_manager$873                 _sms_manager
     000009B7  A$_sms_manager$874                 _sms_manager
     000009BA  A$_sms_manager$875                 _sms_manager
     000009BB  A$_sms_manager$876                 _sms_manager
     000009BC  A$_sms_manager$877                 _sms_manager
     000009BD  A$_sms_manager$878                 _sms_manager
     000009BE  A$_sms_manager$879                 _sms_manager
     000009C1  A$_sms_manager$880                 _sms_manager
     000009C4  A$_sms_manager$881                 _sms_manager
     000009C5  A$_sms_manager$882                 _sms_manager
     000009C6  A$_sms_manager$887                 _sms_manager
     000009C6  C$_sms_manager.c$167$1$150         _sms_manager
     000009C6  XG$devkit_SMS_loadTileMapArea$0$   _sms_manager
     000009C7  A$_sms_manager$900                 _sms_manager
     000009C7  C$_sms_manager.c$169$1$150         _sms_manager
     000009C7  C$_sms_manager.c$171$1$152         _sms_manager
     000009C7  G$devkit_SMS_loadSTMcompressedTi   _sms_manager
     000009C7  _devkit_SMS_loadSTMcompressedTil   _sms_manager
     000009CA  A$_sms_manager$901                 _sms_manager
     000009CB  A$_sms_manager$902                 _sms_manager
     000009CC  A$_sms_manager$903                 _sms_manager
     000009CD  A$_sms_manager$904                 _sms_manager
     000009CE  A$_sms_manager$905                 _sms_manager
     000009CF  A$_sms_manager$906                 _sms_manager
     000009D2  A$_sms_manager$907                 _sms_manager
     000009D3  A$_sms_manager$908                 _sms_manager
     000009D4  A$_sms_manager$909                 _sms_manager
     000009D5  A$_sms_manager$910                 _sms_manager
     000009D6  A$_sms_manager$911                 _sms_manager
     000009D7  A$_sms_manager$912                 _sms_manager
     000009DA  A$_sms_manager$913                 _sms_manager
     000009DB  A$_sms_manager$914                 _sms_manager
     000009DC  A$_sms_manager$919                 _sms_manager
     000009DC  C$_sms_manager.c$172$1$152         _sms_manager
     000009DC  XG$devkit_SMS_loadSTMcompressedT   _sms_manager
     000009DD  A$_sms_manager$929                 _sms_manager
     000009DD  C$_sms_manager.c$173$1$152         _sms_manager
     000009DD  G$devkit_SMS_loadSTMcompressedTi   _sms_manager
     000009DD  _devkit_SMS_loadSTMcompressedTil   _sms_manager
     000009DF  A$_sms_manager$930                 _sms_manager
     000009E3  A$_sms_manager$931                 _sms_manager
     000009E5  A$_sms_manager$935                 _sms_manager
     000009E5  C$_sms_manager.c$175$1$154         _sms_manager
     000009E8  A$_sms_manager$936                 _sms_manager
     000009EB  A$_sms_manager$937                 _sms_manager
     000009EE  A$_sms_manager$938                 _sms_manager
     000009F0  A$_sms_manager$939                 _sms_manager
     000009F1  A$_sms_manager$940                 _sms_manager
     000009F2  A$_sms_manager$941                 _sms_manager
ASxxxx Linker V03.00 + NoICE + sdld,  page 14.
Hexadecimal  [32-Bits]

Area                                    Addr        Size        Decimal Bytes (Attributes)
--------------------------------        ----        ----        ------- ----- ------------
_CODE                               00000200    000032EA =       13034. bytes (REL,CON)

      Value  Global                              Global Defined In Module
      -----  --------------------------------   ------------------------
     000009F3  A$_sms_manager$942                 _sms_manager
     000009F4  A$_sms_manager$943                 _sms_manager
     000009F5  A$_sms_manager$944                 _sms_manager
     000009F8  A$_sms_manager$945                 _sms_manager
     000009FA  A$_sms_manager$946                 _sms_manager
     000009FB  A$_sms_manager$947                 _sms_manager
     000009FC  A$_sms_manager$948                 _sms_manager
     000009FD  A$_sms_manager$949                 _sms_manager
     000009FF  A$_sms_manager$950                 _sms_manager
     00000A00  A$_sms_manager$951                 _sms_manager
     00000A01  A$_sms_manager$952                 _sms_manager
     00000A02  A$_sms_manager$953                 _sms_manager
     00000A05  A$_sms_manager$954                 _sms_manager
     00000A06  A$_sms_manager$955                 _sms_manager
     00000A07  A$_sms_manager$956                 _sms_manager
     00000A09  A$_sms_manager$961                 _sms_manager
     00000A09  C$_sms_manager.c$176$1$154         _sms_manager
     00000A09  XG$devkit_SMS_loadSTMcompressedT   _sms_manager
     00000A0A  A$_sms_manager$971                 _sms_manager
     00000A0A  C$_sms_manager.c$177$1$154         _sms_manager
     00000A0A  G$devkit_SMS_loadSTMcompressedTi   _sms_manager
     00000A0A  _devkit_SMS_loadSTMcompressedTil   _sms_manager
     00000A0C  A$_sms_manager$972                 _sms_manager
     00000A10  A$_sms_manager$973                 _sms_manager
     00000A12  A$_sms_manager$977                 _sms_manager
     00000A12  C$_sms_manager.c$179$1$156         _sms_manager
     00000A15  A$_sms_manager$978                 _sms_manager
     00000A18  A$_sms_manager$979                 _sms_manager
     00000A1B  A$_sms_manager$980                 _sms_manager
     00000A1D  A$_sms_manager$981                 _sms_manager
     00000A1E  A$_sms_manager$982                 _sms_manager
     00000A1F  A$_sms_manager$983                 _sms_manager
     00000A20  A$_sms_manager$984                 _sms_manager
     00000A21  A$_sms_manager$985                 _sms_manager
     00000A22  A$_sms_manager$986                 _sms_manager
     00000A25  A$_sms_manager$987                 _sms_manager
     00000A27  A$_sms_manager$988                 _sms_manager
     00000A28  A$_sms_manager$989                 _sms_manager
     00000A29  A$_sms_manager$990                 _sms_manager
     00000A2A  A$_sms_manager$991                 _sms_manager
     00000A2C  A$_sms_manager$992                 _sms_manager
     00000A2D  A$_sms_manager$993                 _sms_manager
     00000A2E  A$_sms_manager$994                 _sms_manager
     00000A2F  A$_sms_manager$995                 _sms_manager
     00000A32  A$_sms_manager$996                 _sms_manager
     00000A33  A$_sms_manager$997                 _sms_manager
     00000A34  A$_sms_manager$998                 _sms_manager
     00000A36  A$_sms_manager$1003                _sms_manager
     00000A36  C$_sms_manager.c$180$1$156         _sms_manager
     00000A36  XG$devkit_SMS_loadSTMcompressedT   _sms_manager
     00000A37  A$_sms_manager$1020                _sms_manager
ASxxxx Linker V03.00 + NoICE + sdld,  page 15.
Hexadecimal  [32-Bits]

Area                                    Addr        Size        Decimal Bytes (Attributes)
--------------------------------        ----        ----        ------- ----- ------------
_CODE                               00000200    000032EA =       13034. bytes (REL,CON)

      Value  Global                              Global Defined In Module
      -----  --------------------------------   ------------------------
     00000A37  C$_sms_manager.c$183$1$156         _sms_manager
     00000A37  C$_sms_manager.c$185$1$157         _sms_manager
     00000A37  C$_sms_manager.c$186$1$157         _sms_manager
     00000A37  G$devkit_SMS_initSprites$0$0       _sms_manager
     00000A37  XG$devkit_SMS_initSprites$0$0      _sms_manager
     00000A37  _devkit_SMS_initSprites            _sms_manager
     00000A3A  A$_sms_manager$1033                _sms_manager
     00000A3A  C$_sms_manager.c$187$1$157         _sms_manager
     00000A3A  C$_sms_manager.c$189$1$159         _sms_manager
     00000A3A  G$devkit_SMS_addSprite$0$0         _sms_manager
     00000A3A  _devkit_SMS_addSprite              _sms_manager
     00000A3D  A$_sms_manager$1034                _sms_manager
     00000A3E  A$_sms_manager$1035                _sms_manager
     00000A3F  A$_sms_manager$1036                _sms_manager
     00000A40  A$_sms_manager$1037                _sms_manager
     00000A41  A$_sms_manager$1038                _sms_manager
     00000A44  A$_sms_manager$1039                _sms_manager
     00000A45  A$_sms_manager$1040                _sms_manager
     00000A46  A$_sms_manager$1041                _sms_manager
     00000A47  A$_sms_manager$1042                _sms_manager
     00000A48  A$_sms_manager$1043                _sms_manager
     00000A4B  A$_sms_manager$1044                _sms_manager
     00000A4C  A$_sms_manager$1045                _sms_manager
     00000A4D  A$_sms_manager$1046                _sms_manager
     00000A4E  A$_sms_manager$1047                _sms_manager
     00000A4F  A$_sms_manager$1048                _sms_manager
     00000A52  A$_sms_manager$1049                _sms_manager
     00000A53  A$_sms_manager$1050                _sms_manager
     00000A54  A$_sms_manager$1055                _sms_manager
     00000A54  C$_sms_manager.c$190$1$159         _sms_manager
     00000A54  XG$devkit_SMS_addSprite$0$0        _sms_manager
     00000A55  A$_sms_manager$1072                _sms_manager
     00000A55  C$_sms_manager.c$191$1$159         _sms_manager
     00000A55  C$_sms_manager.c$193$1$160         _sms_manager
     00000A55  C$_sms_manager.c$194$1$160         _sms_manager
     00000A55  G$devkit_SMS_finalizeSprites$0$0   _sms_manager
     00000A55  XG$devkit_SMS_finalizeSprites$0$   _sms_manager
     00000A55  _devkit_SMS_finalizeSprites        _sms_manager
     00000A58  A$_sms_manager$1089                _sms_manager
     00000A58  C$_sms_manager.c$195$1$160         _sms_manager
     00000A58  C$_sms_manager.c$197$1$161         _sms_manager
     00000A58  C$_sms_manager.c$198$1$161         _sms_manager
     00000A58  G$devkit_SMS_copySpritestoSAT$0$   _sms_manager
     00000A58  XG$devkit_SMS_copySpritestoSAT$0   _sms_manager
     00000A58  _devkit_SMS_copySpritestoSAT       _sms_manager
     00000A5B  A$_sms_manager$1102                _sms_manager
     00000A5B  C$_sms_manager.c$201$1$161         _sms_manager
     00000A5B  C$_sms_manager.c$203$1$163         _sms_manager
     00000A5B  G$devkit_SMS_setBGPaletteColor$0   _sms_manager
     00000A5B  _devkit_SMS_setBGPaletteColor      _sms_manager
     00000A5E  A$_sms_manager$1103                _sms_manager
ASxxxx Linker V03.00 + NoICE + sdld,  page 16.
Hexadecimal  [32-Bits]

Area                                    Addr        Size        Decimal Bytes (Attributes)
--------------------------------        ----        ----        ------- ----- ------------
_CODE                               00000200    000032EA =       13034. bytes (REL,CON)

      Value  Global                              Global Defined In Module
      -----  --------------------------------   ------------------------
     00000A5F  A$_sms_manager$1104                _sms_manager
     00000A60  A$_sms_manager$1105                _sms_manager
     00000A61  A$_sms_manager$1106                _sms_manager
     00000A62  A$_sms_manager$1107                _sms_manager
     00000A65  A$_sms_manager$1108                _sms_manager
     00000A66  A$_sms_manager$1109                _sms_manager
     00000A67  A$_sms_manager$1110                _sms_manager
     00000A68  A$_sms_manager$1111                _sms_manager
     00000A69  A$_sms_manager$1112                _sms_manager
     00000A6C  A$_sms_manager$1113                _sms_manager
     00000A6D  A$_sms_manager$1118                _sms_manager
     00000A6D  C$_sms_manager.c$204$1$163         _sms_manager
     00000A6D  XG$devkit_SMS_setBGPaletteColor$   _sms_manager
     00000A6E  A$_sms_manager$1131                _sms_manager
     00000A6E  C$_sms_manager.c$205$1$163         _sms_manager
     00000A6E  C$_sms_manager.c$207$1$165         _sms_manager
     00000A6E  G$devkit_SMS_setSpritePaletteCol   _sms_manager
     00000A6E  _devkit_SMS_setSpritePaletteColo   _sms_manager
     00000A71  A$_sms_manager$1132                _sms_manager
     00000A72  A$_sms_manager$1133                _sms_manager
     00000A73  A$_sms_manager$1134                _sms_manager
     00000A74  A$_sms_manager$1135                _sms_manager
     00000A75  A$_sms_manager$1136                _sms_manager
     00000A78  A$_sms_manager$1137                _sms_manager
     00000A79  A$_sms_manager$1138                _sms_manager
     00000A7A  A$_sms_manager$1139                _sms_manager
     00000A7B  A$_sms_manager$1140                _sms_manager
     00000A7C  A$_sms_manager$1141                _sms_manager
     00000A7F  A$_sms_manager$1142                _sms_manager
     00000A80  A$_sms_manager$1147                _sms_manager
     00000A80  C$_sms_manager.c$208$1$165         _sms_manager
     00000A80  XG$devkit_SMS_setSpritePaletteCo   _sms_manager
     00000A81  A$_sms_manager$1160                _sms_manager
     00000A81  C$_sms_manager.c$209$1$165         _sms_manager
     00000A81  C$_sms_manager.c$211$1$167         _sms_manager
     00000A81  G$devkit_SMS_loadBGPalette$0$0     _sms_manager
     00000A81  _devkit_SMS_loadBGPalette          _sms_manager
     00000A82  A$_sms_manager$1161                _sms_manager
     00000A83  A$_sms_manager$1162                _sms_manager
     00000A84  A$_sms_manager$1163                _sms_manager
     00000A85  A$_sms_manager$1168                _sms_manager
     00000A85  C$_sms_manager.c$212$1$167         _sms_manager
     00000A85  XG$devkit_SMS_loadBGPalette$0$0    _sms_manager
     00000A88  A$_sms_manager$1181                _sms_manager
     00000A88  C$_sms_manager.c$213$1$167         _sms_manager
     00000A88  C$_sms_manager.c$215$1$169         _sms_manager
     00000A88  G$devkit_SMS_loadSpritePalette$0   _sms_manager
     00000A88  _devkit_SMS_loadSpritePalette      _sms_manager
     00000A89  A$_sms_manager$1182                _sms_manager
     00000A8A  A$_sms_manager$1183                _sms_manager
     00000A8B  A$_sms_manager$1184                _sms_manager
ASxxxx Linker V03.00 + NoICE + sdld,  page 17.
Hexadecimal  [32-Bits]

Area                                    Addr        Size        Decimal Bytes (Attributes)
--------------------------------        ----        ----        ------- ----- ------------
_CODE                               00000200    000032EA =       13034. bytes (REL,CON)

      Value  Global                              Global Defined In Module
      -----  --------------------------------   ------------------------
     00000A8C  A$_sms_manager$1189                _sms_manager
     00000A8C  C$_sms_manager.c$216$1$169         _sms_manager
     00000A8C  XG$devkit_SMS_loadSpritePalette$   _sms_manager
     00000A8F  A$_sms_manager$1202                _sms_manager
     00000A8F  C$_sms_manager.c$219$1$169         _sms_manager
     00000A8F  C$_sms_manager.c$221$1$171         _sms_manager
     00000A8F  G$devkit_RGB$0$0                   _sms_manager
     00000A8F  _devkit_RGB                        _sms_manager
     00000A92  A$_sms_manager$1203                _sms_manager
     00000A93  A$_sms_manager$1204                _sms_manager
     00000A94  A$_sms_manager$1205                _sms_manager
     00000A95  A$_sms_manager$1206                _sms_manager
     00000A96  A$_sms_manager$1207                _sms_manager
     00000A99  A$_sms_manager$1208                _sms_manager
     00000A9A  A$_sms_manager$1209                _sms_manager
     00000A9B  A$_sms_manager$1210                _sms_manager
     00000A9C  A$_sms_manager$1211                _sms_manager
     00000A9F  A$_sms_manager$1212                _sms_manager
     00000AA0  A$_sms_manager$1213                _sms_manager
     00000AA1  A$_sms_manager$1214                _sms_manager
     00000AA2  A$_sms_manager$1215                _sms_manager
     00000AA3  A$_sms_manager$1216                _sms_manager
     00000AA4  A$_sms_manager$1217                _sms_manager
     00000AA5  A$_sms_manager$1218                _sms_manager
     00000AA7  A$_sms_manager$1219                _sms_manager
     00000AA8  A$_sms_manager$1220                _sms_manager
     00000AA9  A$_sms_manager$1225                _sms_manager
     00000AA9  C$_sms_manager.c$222$1$171         _sms_manager
     00000AA9  XG$devkit_RGB$0$0                  _sms_manager
     00000AAA  A$_sms_manager$1238                _sms_manager
     00000AAA  C$_sms_manager.c$225$1$171         _sms_manager
     00000AAA  C$_sms_manager.c$227$1$173         _sms_manager
     00000AAA  G$devkit_SMS_loadBGPaletteHalfBr   _sms_manager
     00000AAA  _devkit_SMS_loadBGPaletteHalfBri   _sms_manager
     00000AAB  A$_sms_manager$1239                _sms_manager
     00000AAC  A$_sms_manager$1240                _sms_manager
     00000AAD  A$_sms_manager$1241                _sms_manager
     00000AAE  A$_sms_manager$1246                _sms_manager
     00000AAE  C$_sms_manager.c$228$1$173         _sms_manager
     00000AAE  XG$devkit_SMS_loadBGPaletteHalfB   _sms_manager
     00000AB1  A$_sms_manager$1259                _sms_manager
     00000AB1  C$_sms_manager.c$229$1$173         _sms_manager
     00000AB1  C$_sms_manager.c$231$1$175         _sms_manager
     00000AB1  G$devkit_SMS_loadSpritePaletteHa   _sms_manager
     00000AB1  _devkit_SMS_loadSpritePaletteHal   _sms_manager
     00000AB2  A$_sms_manager$1260                _sms_manager
     00000AB3  A$_sms_manager$1261                _sms_manager
     00000AB4  A$_sms_manager$1262                _sms_manager
     00000AB5  A$_sms_manager$1267                _sms_manager
     00000AB5  C$_sms_manager.c$232$1$175         _sms_manager
     00000AB5  XG$devkit_SMS_loadSpritePaletteH   _sms_manager
ASxxxx Linker V03.00 + NoICE + sdld,  page 18.
Hexadecimal  [32-Bits]

Area                                    Addr        Size        Decimal Bytes (Attributes)
--------------------------------        ----        ----        ------- ----- ------------
_CODE                               00000200    000032EA =       13034. bytes (REL,CON)

      Value  Global                              Global Defined In Module
      -----  --------------------------------   ------------------------
     00000AB8  A$_sms_manager$1284                _sms_manager
     00000AB8  C$_sms_manager.c$233$1$175         _sms_manager
     00000AB8  C$_sms_manager.c$235$1$177         _sms_manager
     00000AB8  C$_sms_manager.c$236$1$177         _sms_manager
     00000AB8  G$devkit_SMS_zeroBGPalette$0$0     _sms_manager
     00000AB8  XG$devkit_SMS_zeroBGPalette$0$0    _sms_manager
     00000AB8  _devkit_SMS_zeroBGPalette          _sms_manager
     00000ABB  A$_sms_manager$1301                _sms_manager
     00000ABB  C$_sms_manager.c$237$1$177         _sms_manager
     00000ABB  C$_sms_manager.c$239$1$179         _sms_manager
     00000ABB  C$_sms_manager.c$240$1$179         _sms_manager
     00000ABB  G$devkit_SMS_zeroSpritePalette$0   _sms_manager
     00000ABB  XG$devkit_SMS_zeroSpritePalette$   _sms_manager
     00000ABB  _devkit_SMS_zeroSpritePalette      _sms_manager
     00000ABE  A$_sms_manager$1318                _sms_manager
     00000ABE  C$_sms_manager.c$243$1$179         _sms_manager
     00000ABE  C$_sms_manager.c$245$1$180         _sms_manager
     00000ABE  C$_sms_manager.c$246$1$180         _sms_manager
     00000ABE  G$devkit_UNSAFE_SMS_copySpritest   _sms_manager
     00000ABE  XG$devkit_UNSAFE_SMS_copySprites   _sms_manager
     00000ABE  _devkit_UNSAFE_SMS_copySpritesto   _sms_manager
     00000AC1  A$_sms_manager$1335                _sms_manager
     00000AC1  C$_sms_manager.c$252$1$180         _sms_manager
     00000AC1  C$_sms_manager.c$254$1$181         _sms_manager
     00000AC1  C$_sms_manager.c$255$1$181         _sms_manager
     00000AC1  G$devkit_SMS_queryPauseRequested   _sms_manager
     00000AC1  XG$devkit_SMS_queryPauseRequeste   _sms_manager
     00000AC1  _devkit_SMS_queryPauseRequested    _sms_manager
     00000AC4  A$_sms_manager$1352                _sms_manager
     00000AC4  C$_sms_manager.c$256$1$181         _sms_manager
     00000AC4  C$_sms_manager.c$258$1$182         _sms_manager
     00000AC4  C$_sms_manager.c$259$1$182         _sms_manager
     00000AC4  G$devkit_SMS_resetPauseRequest$0   _sms_manager
     00000AC4  XG$devkit_SMS_resetPauseRequest$   _sms_manager
     00000AC4  _devkit_SMS_resetPauseRequest      _sms_manager
     00000AC7  A$_sms_manager$1365                _sms_manager
     00000AC7  C$_sms_manager.c$261$1$182         _sms_manager
     00000AC7  C$_sms_manager.c$263$1$183         _sms_manager
     00000AC7  G$devkit_isCollisionDetected$0$0   _sms_manager
     00000AC7  _devkit_isCollisionDetected        _sms_manager
     00000ACA  A$_sms_manager$1366                _sms_manager
     00000ACC  A$_sms_manager$1367                _sms_manager
     00000ACD  A$_sms_manager$1372                _sms_manager
     00000ACD  C$_sms_manager.c$264$1$183         _sms_manager
     00000ACD  XG$devkit_isCollisionDetected$0$   _sms_manager
     00000ACE  A$_sms_manager$1389                _sms_manager
     00000ACE  C$_sms_manager.c$267$1$183         _sms_manager
     00000ACE  C$_sms_manager.c$269$1$184         _sms_manager
     00000ACE  C$_sms_manager.c$270$1$184         _sms_manager
     00000ACE  G$devkit_SMS_getKeysStatus$0$0     _sms_manager
     00000ACE  XG$devkit_SMS_getKeysStatus$0$0    _sms_manager
ASxxxx Linker V03.00 + NoICE + sdld,  page 19.
Hexadecimal  [32-Bits]

Area                                    Addr        Size        Decimal Bytes (Attributes)
--------------------------------        ----        ----        ------- ----- ------------
_CODE                               00000200    000032EA =       13034. bytes (REL,CON)

      Value  Global                              Global Defined In Module
      -----  --------------------------------   ------------------------
     00000ACE  _devkit_SMS_getKeysStatus          _sms_manager
     00000AD1  A$_sms_manager$1402                _sms_manager
     00000AD1  C$_sms_manager.c$271$1$184         _sms_manager
     00000AD1  C$_sms_manager.c$273$1$185         _sms_manager
     00000AD1  G$devkit_PORT_A_KEY_UP$0$0         _sms_manager
     00000AD1  _devkit_PORT_A_KEY_UP              _sms_manager
     00000AD4  A$_sms_manager$1407                _sms_manager
     00000AD4  C$_sms_manager.c$274$1$185         _sms_manager
     00000AD4  XG$devkit_PORT_A_KEY_UP$0$0        _sms_manager
     00000AD5  A$_sms_manager$1420                _sms_manager
     00000AD5  C$_sms_manager.c$275$1$185         _sms_manager
     00000AD5  C$_sms_manager.c$277$1$186         _sms_manager
     00000AD5  G$devkit_PORT_A_KEY_DOWN$0$0       _sms_manager
     00000AD5  _devkit_PORT_A_KEY_DOWN            _sms_manager
     00000AD8  A$_sms_manager$1425                _sms_manager
     00000AD8  C$_sms_manager.c$278$1$186         _sms_manager
     00000AD8  XG$devkit_PORT_A_KEY_DOWN$0$0      _sms_manager
     00000AD9  A$_sms_manager$1438                _sms_manager
     00000AD9  C$_sms_manager.c$279$1$186         _sms_manager
     00000AD9  C$_sms_manager.c$281$1$187         _sms_manager
     00000AD9  G$devkit_PORT_A_KEY_LEFT$0$0       _sms_manager
     00000AD9  _devkit_PORT_A_KEY_LEFT            _sms_manager
     00000ADC  A$_sms_manager$1443                _sms_manager
     00000ADC  C$_sms_manager.c$282$1$187         _sms_manager
     00000ADC  XG$devkit_PORT_A_KEY_LEFT$0$0      _sms_manager
     00000ADD  A$_sms_manager$1456                _sms_manager
     00000ADD  C$_sms_manager.c$283$1$187         _sms_manager
     00000ADD  C$_sms_manager.c$285$1$188         _sms_manager
     00000ADD  G$devkit_PORT_A_KEY_RIGHT$0$0      _sms_manager
     00000ADD  _devkit_PORT_A_KEY_RIGHT           _sms_manager
     00000AE0  A$_sms_manager$1461                _sms_manager
     00000AE0  C$_sms_manager.c$286$1$188         _sms_manager
     00000AE0  XG$devkit_PORT_A_KEY_RIGHT$0$0     _sms_manager
     00000AE1  A$_sms_manager$1474                _sms_manager
     00000AE1  C$_sms_manager.c$287$1$188         _sms_manager
     00000AE1  C$_sms_manager.c$289$1$189         _sms_manager
     00000AE1  G$devkit_PORT_A_KEY_1$0$0          _sms_manager
     00000AE1  _devkit_PORT_A_KEY_1               _sms_manager
     00000AE4  A$_sms_manager$1479                _sms_manager
     00000AE4  C$_sms_manager.c$290$1$189         _sms_manager
     00000AE4  XG$devkit_PORT_A_KEY_1$0$0         _sms_manager
     00000AE5  A$_sms_manager$1492                _sms_manager
     00000AE5  C$_sms_manager.c$291$1$189         _sms_manager
     00000AE5  C$_sms_manager.c$293$1$190         _sms_manager
     00000AE5  G$devkit_PORT_A_KEY_2$0$0          _sms_manager
     00000AE5  _devkit_PORT_A_KEY_2               _sms_manager
     00000AE8  A$_sms_manager$1497                _sms_manager
     00000AE8  C$_sms_manager.c$294$1$190         _sms_manager
     00000AE8  XG$devkit_PORT_A_KEY_2$0$0         _sms_manager
     00000AE9  A$_sms_manager$1507                _sms_manager
     00000AE9  C$_sms_manager.c$297$1$190         _sms_manager
ASxxxx Linker V03.00 + NoICE + sdld,  page 20.
Hexadecimal  [32-Bits]

Area                                    Addr        Size        Decimal Bytes (Attributes)
--------------------------------        ----        ----        ------- ----- ------------
_CODE                               00000200    000032EA =       13034. bytes (REL,CON)

      Value  Global                              Global Defined In Module
      -----  --------------------------------   ------------------------
     00000AE9  G$devkit_SMS_addSprite_bulk8$0$0   _sms_manager
     00000AE9  _devkit_SMS_addSprite_bulk8        _sms_manager
     00000AEB  A$_sms_manager$1508                _sms_manager
     00000AEF  A$_sms_manager$1509                _sms_manager
     00000AF1  A$_sms_manager$1513                _sms_manager
     00000AF1  C$_sms_manager.c$299$1$192         _sms_manager
     00000AF4  A$_sms_manager$1514                _sms_manager
     00000AF7  A$_sms_manager$1515                _sms_manager
     00000AF8  A$_sms_manager$1516                _sms_manager
     00000AFB  A$_sms_manager$1517                _sms_manager
     00000AFE  A$_sms_manager$1518                _sms_manager
     00000AFF  A$_sms_manager$1519                _sms_manager
     00000B02  A$_sms_manager$1520                _sms_manager
     00000B03  A$_sms_manager$1521                _sms_manager
     00000B04  A$_sms_manager$1525                _sms_manager
     00000B04  C$_sms_manager.c$300$1$192         _sms_manager
     00000B07  A$_sms_manager$1526                _sms_manager
     00000B0A  A$_sms_manager$1527                _sms_manager
     00000B0B  A$_sms_manager$1528                _sms_manager
     00000B0E  A$_sms_manager$1529                _sms_manager
     00000B10  A$_sms_manager$1530                _sms_manager
     00000B11  A$_sms_manager$1531                _sms_manager
     00000B12  A$_sms_manager$1532                _sms_manager
     00000B13  A$_sms_manager$1533                _sms_manager
     00000B16  A$_sms_manager$1534                _sms_manager
     00000B17  A$_sms_manager$1535                _sms_manager
     00000B18  A$_sms_manager$1536                _sms_manager
     00000B19  A$_sms_manager$1537                _sms_manager
     00000B1A  A$_sms_manager$1538                _sms_manager
     00000B1D  A$_sms_manager$1539                _sms_manager
     00000B1E  A$_sms_manager$1540                _sms_manager
     00000B1F  A$_sms_manager$1541                _sms_manager
     00000B20  A$_sms_manager$1545                _sms_manager
     00000B20  C$_sms_manager.c$302$1$192         _sms_manager
     00000B23  A$_sms_manager$1546                _sms_manager
     00000B26  A$_sms_manager$1547                _sms_manager
     00000B27  A$_sms_manager$1548                _sms_manager
     00000B28  A$_sms_manager$1549                _sms_manager
     00000B2B  A$_sms_manager$1550                _sms_manager
     00000B2D  A$_sms_manager$1551                _sms_manager
     00000B2E  A$_sms_manager$1552                _sms_manager
     00000B2F  A$_sms_manager$1553                _sms_manager
     00000B30  A$_sms_manager$1554                _sms_manager
     00000B31  A$_sms_manager$1555                _sms_manager
     00000B32  A$_sms_manager$1556                _sms_manager
     00000B33  A$_sms_manager$1557                _sms_manager
     00000B36  A$_sms_manager$1558                _sms_manager
     00000B37  A$_sms_manager$1559                _sms_manager
     00000B38  A$_sms_manager$1560                _sms_manager
     00000B3B  A$_sms_manager$1561                _sms_manager
     00000B3C  A$_sms_manager$1562                _sms_manager
ASxxxx Linker V03.00 + NoICE + sdld,  page 21.
Hexadecimal  [32-Bits]

Area                                    Addr        Size        Decimal Bytes (Attributes)
--------------------------------        ----        ----        ------- ----- ------------
_CODE                               00000200    000032EA =       13034. bytes (REL,CON)

      Value  Global                              Global Defined In Module
      -----  --------------------------------   ------------------------
     00000B3D  A$_sms_manager$1563                _sms_manager
     00000B3E  A$_sms_manager$1564                _sms_manager
     00000B3F  A$_sms_manager$1568                _sms_manager
     00000B3F  C$_sms_manager.c$303$1$192         _sms_manager
     00000B42  A$_sms_manager$1569                _sms_manager
     00000B45  A$_sms_manager$1570                _sms_manager
     00000B46  A$_sms_manager$1571                _sms_manager
     00000B47  A$_sms_manager$1572                _sms_manager
     00000B48  A$_sms_manager$1573                _sms_manager
     00000B49  A$_sms_manager$1574                _sms_manager
     00000B4A  A$_sms_manager$1575                _sms_manager
     00000B4B  A$_sms_manager$1576                _sms_manager
     00000B4C  A$_sms_manager$1577                _sms_manager
     00000B4F  A$_sms_manager$1578                _sms_manager
     00000B50  A$_sms_manager$1579                _sms_manager
     00000B51  A$_sms_manager$1580                _sms_manager
     00000B52  A$_sms_manager$1584                _sms_manager
     00000B52  C$_sms_manager.c$305$1$192         _sms_manager
     00000B55  A$_sms_manager$1585                _sms_manager
     00000B57  A$_sms_manager$1586                _sms_manager
     00000B58  A$_sms_manager$1587                _sms_manager
     00000B5B  A$_sms_manager$1588                _sms_manager
     00000B5D  A$_sms_manager$1589                _sms_manager
     00000B5E  A$_sms_manager$1590                _sms_manager
     00000B61  A$_sms_manager$1591                _sms_manager
     00000B63  A$_sms_manager$1592                _sms_manager
     00000B64  A$_sms_manager$1593                _sms_manager
     00000B65  A$_sms_manager$1594                _sms_manager
     00000B66  A$_sms_manager$1595                _sms_manager
     00000B67  A$_sms_manager$1596                _sms_manager
     00000B68  A$_sms_manager$1597                _sms_manager
     00000B69  A$_sms_manager$1598                _sms_manager
     00000B6C  A$_sms_manager$1599                _sms_manager
     00000B6D  A$_sms_manager$1600                _sms_manager
     00000B6E  A$_sms_manager$1601                _sms_manager
     00000B71  A$_sms_manager$1602                _sms_manager
     00000B72  A$_sms_manager$1603                _sms_manager
     00000B73  A$_sms_manager$1604                _sms_manager
     00000B74  A$_sms_manager$1605                _sms_manager
     00000B75  A$_sms_manager$1609                _sms_manager
     00000B75  C$_sms_manager.c$306$1$192         _sms_manager
     00000B78  A$_sms_manager$1610                _sms_manager
     00000B7A  A$_sms_manager$1611                _sms_manager
     00000B7B  A$_sms_manager$1612                _sms_manager
     00000B7E  A$_sms_manager$1613                _sms_manager
     00000B80  A$_sms_manager$1614                _sms_manager
     00000B81  A$_sms_manager$1615                _sms_manager
     00000B82  A$_sms_manager$1616                _sms_manager
     00000B83  A$_sms_manager$1617                _sms_manager
     00000B84  A$_sms_manager$1618                _sms_manager
     00000B85  A$_sms_manager$1619                _sms_manager
ASxxxx Linker V03.00 + NoICE + sdld,  page 22.
Hexadecimal  [32-Bits]

Area                                    Addr        Size        Decimal Bytes (Attributes)
--------------------------------        ----        ----        ------- ----- ------------
_CODE                               00000200    000032EA =       13034. bytes (REL,CON)

      Value  Global                              Global Defined In Module
      -----  --------------------------------   ------------------------
     00000B88  A$_sms_manager$1620                _sms_manager
     00000B89  A$_sms_manager$1621                _sms_manager
     00000B8A  A$_sms_manager$1622                _sms_manager
     00000B8B  A$_sms_manager$1626                _sms_manager
     00000B8B  C$_sms_manager.c$308$1$192         _sms_manager
     00000B8E  A$_sms_manager$1627                _sms_manager
     00000B90  A$_sms_manager$1628                _sms_manager
     00000B91  A$_sms_manager$1629                _sms_manager
     00000B94  A$_sms_manager$1630                _sms_manager
     00000B96  A$_sms_manager$1631                _sms_manager
     00000B97  A$_sms_manager$1632                _sms_manager
     00000B9A  A$_sms_manager$1633                _sms_manager
     00000B9C  A$_sms_manager$1634                _sms_manager
     00000B9D  A$_sms_manager$1635                _sms_manager
     00000B9E  A$_sms_manager$1636                _sms_manager
     00000B9F  A$_sms_manager$1637                _sms_manager
     00000BA0  A$_sms_manager$1638                _sms_manager
     00000BA1  A$_sms_manager$1639                _sms_manager
     00000BA2  A$_sms_manager$1640                _sms_manager
     00000BA5  A$_sms_manager$1641                _sms_manager
     00000BA6  A$_sms_manager$1642                _sms_manager
     00000BA7  A$_sms_manager$1643                _sms_manager
     00000BAA  A$_sms_manager$1644                _sms_manager
     00000BAB  A$_sms_manager$1645                _sms_manager
     00000BAC  A$_sms_manager$1646                _sms_manager
     00000BAD  A$_sms_manager$1647                _sms_manager
     00000BAE  A$_sms_manager$1651                _sms_manager
     00000BAE  C$_sms_manager.c$309$1$192         _sms_manager
     00000BB1  A$_sms_manager$1652                _sms_manager
     00000BB3  A$_sms_manager$1653                _sms_manager
     00000BB4  A$_sms_manager$1654                _sms_manager
     00000BB7  A$_sms_manager$1655                _sms_manager
     00000BB9  A$_sms_manager$1656                _sms_manager
     00000BBA  A$_sms_manager$1657                _sms_manager
     00000BBB  A$_sms_manager$1658                _sms_manager
     00000BBC  A$_sms_manager$1659                _sms_manager
     00000BBD  A$_sms_manager$1660                _sms_manager
     00000BC0  A$_sms_manager$1661                _sms_manager
     00000BC1  A$_sms_manager$1662                _sms_manager
     00000BC2  A$_sms_manager$1663                _sms_manager
     00000BC4  A$_sms_manager$1668                _sms_manager
     00000BC4  C$_sms_manager.c$310$1$192         _sms_manager
     00000BC4  XG$devkit_SMS_addSprite_bulk8$0$   _sms_manager
     00000BC5  A$_sms_manager$1678                _sms_manager
     00000BC5  C$_sms_manager.c$311$1$192         _sms_manager
     00000BC5  G$devkit_SMS_addSprite_bulk12$0$   _sms_manager
     00000BC5  _devkit_SMS_addSprite_bulk12       _sms_manager
     00000BC7  A$_sms_manager$1679                _sms_manager
     00000BCB  A$_sms_manager$1680                _sms_manager
     00000BCD  A$_sms_manager$1684                _sms_manager
     00000BCD  C$_sms_manager.c$313$1$194         _sms_manager
ASxxxx Linker V03.00 + NoICE + sdld,  page 23.
Hexadecimal  [32-Bits]

Area                                    Addr        Size        Decimal Bytes (Attributes)
--------------------------------        ----        ----        ------- ----- ------------
_CODE                               00000200    000032EA =       13034. bytes (REL,CON)

      Value  Global                              Global Defined In Module
      -----  --------------------------------   ------------------------
     00000BD0  A$_sms_manager$1685                _sms_manager
     00000BD1  A$_sms_manager$1686                _sms_manager
     00000BD2  A$_sms_manager$1687                _sms_manager
     00000BD5  A$_sms_manager$1688                _sms_manager
     00000BD6  A$_sms_manager$1689                _sms_manager
     00000BD9  A$_sms_manager$1690                _sms_manager
     00000BDA  A$_sms_manager$1691                _sms_manager
     00000BDB  A$_sms_manager$1692                _sms_manager
     00000BDE  A$_sms_manager$1693                _sms_manager
     00000BDF  A$_sms_manager$1694                _sms_manager
     00000BE0  A$_sms_manager$1695                _sms_manager
     00000BE1  A$_sms_manager$1699                _sms_manager
     00000BE1  C$_sms_manager.c$314$1$194         _sms_manager
     00000BE2  A$_sms_manager$1700                _sms_manager
     00000BE3  A$_sms_manager$1701                _sms_manager
     00000BE6  A$_sms_manager$1702                _sms_manager
     00000BE8  A$_sms_manager$1703                _sms_manager
     00000BE9  A$_sms_manager$1704                _sms_manager
     00000BEA  A$_sms_manager$1705                _sms_manager
     00000BEB  A$_sms_manager$1706                _sms_manager
     00000BEC  A$_sms_manager$1707                _sms_manager
     00000BEF  A$_sms_manager$1708                _sms_manager
     00000BF0  A$_sms_manager$1709                _sms_manager
     00000BF1  A$_sms_manager$1710                _sms_manager
     00000BF2  A$_sms_manager$1711                _sms_manager
     00000BF3  A$_sms_manager$1712                _sms_manager
     00000BF6  A$_sms_manager$1713                _sms_manager
     00000BF7  A$_sms_manager$1714                _sms_manager
     00000BF8  A$_sms_manager$1715                _sms_manager
     00000BF9  A$_sms_manager$1719                _sms_manager
     00000BF9  C$_sms_manager.c$315$1$194         _sms_manager
     00000BFA  A$_sms_manager$1720                _sms_manager
     00000BFB  A$_sms_manager$1721                _sms_manager
     00000BFC  A$_sms_manager$1722                _sms_manager
     00000BFF  A$_sms_manager$1723                _sms_manager
     00000C01  A$_sms_manager$1724                _sms_manager
     00000C02  A$_sms_manager$1725                _sms_manager
[...]
     0000111E  A$sprite_manager$116               sprite_manager
     0000111F  A$sprite_manager$117               sprite_manager
     00001120  A$sprite_manager$118               sprite_manager
     00001121  A$sprite_manager$119               sprite_manager
     00001122  A$sprite_manager$120               sprite_manager
     00001123  A$sprite_manager$121               sprite_manager
     00001124  A$sprite_manager$122               sprite_manager
     00001127  A$sprite_manager$123               sprite_manager
     00001128  A$sprite_manager$124               sprite_manager
     00001129  A$sprite_manager$125               sprite_manager
     0000112B  A$sprite_manager$130               sprite_manager
     0000112B  C$sprite_manager.c$10$1$39         sprite_manager
     0000112B  XG$engine_sprite_manager_draw$0$   sprite_manager
     0000112C  G$font_tiles__palette__bin$0$0     gfx
     0000112C  _font_tiles__palette__bin          gfx
     0000113C  G$font_tiles__tilemap__bin$0$0     gfx
     0000113C  _font_tiles__tilemap__bin          gfx
     000011BC  G$font_tiles__tiles__psgcompr$0$   gfx
     000011BC  _font_tiles__tiles__psgcompr       gfx
     00001453  G$sprites__palette__bin$0$0        gfx
     00001453  _sprites__palette__bin             gfx
     00001463  G$sprites__tiles__psgcompr$0$0     gfx
     00001463  _sprites__tiles__psgcompr          gfx
     000014A1  G$tree_avoid__palette__bin$0$0     gfx
     000014A1  _tree_avoid__palette__bin          gfx
     000014B1  G$tree_avoid__tilemap__bin$0$0     gfx
     000014B1  _tree_avoid__tilemap__bin          gfx
     000014B9  G$tree_avoid__tiles__psgcompr$0$   gfx
     000014B9  _tree_avoid__tiles__psgcompr       gfx
     0000150B  G$music_psg$0$0                    psg
     0000150B  _music_psg                         psg
     00001B30  G$phone_psg$0$0                    psg
     00001B30  _phone_psg                         psg
     00002DA8  G$sound1_psg$0$0                   psg
     00002DA8  _sound1_psg                        psg
     00002DD3  G$sound2_psg$0$0                   psg
     00002DD3  _sound2_psg                        psg
ASxxxx Linker V03.00 + NoICE + sdld,  page 45.
Hexadecimal  [32-Bits]

Area                                    Addr        Size        Decimal Bytes (Attributes)
--------------------------------        ----        ----        ------- ----- ------------
_CODE                               00000200    000032EA =       13034. bytes (REL,CON)

      Value  Global                              Global Defined In Module
      -----  --------------------------------   ------------------------
     00002DF3  G$sound3_psg$0$0                   psg
     00002DF3  _sound3_psg                        psg
     00002E16  __divuint                          
     00002E1E  __divuchar                         
     00002E25  __divu8                            
     00002E28  __divu16                           
     00002E57  _UNSAFE_SMS_copySpritestoSAT       SMSlib_UNSAFE
     00002E9E  _UNSAFE_SMS_VRAMmemcpy32           SMSlib_UNSAFE
     00002EBE  _UNSAFE_SMS_VRAMmemcpy64           SMSlib_UNSAFE
     00002EDE  _UNSAFE_SMS_VRAMmemcpy128          SMSlib_UNSAFE
     00002EFE  _SMS_init                          SMSlib
     00002F30  _VDPReg_init                       SMSlib
     00002F3B  _SMS_VDPturnOnFeature              SMSlib
     00002F50  _SMS_VDPturnOffFeature             SMSlib
     00002F68  _SMS_setBGScrollX                  SMSlib
     00002F72  _SMS_setBGScrollY                  SMSlib
     00002F7C  _SMS_setBackdropColor              SMSlib
     00002F86  _SMS_useFirstHalfTilesforSprites   SMSlib
     00002F9C  _SMS_setSpriteMode                 SMSlib
     00002FEA  _SMS_setBGPaletteColor             SMSlib
     00002FFE  _SMS_setSpritePaletteColor         SMSlib
     00003012  _SMS_loadBGPalette                 SMSlib
     00003027  _SMS_loadSpritePalette             SMSlib
     0000303C  _SMS_setColor                      SMSlib
     00003040  _SMS_waitForVBlank                 SMSlib
     0000304D  _SMS_getKeysStatus                 SMSlib
     00003051  _SMS_getKeysPressed                SMSlib
     0000306E  _SMS_getKeysHeld                   SMSlib
     00003082  _SMS_getKeysReleased               SMSlib
     0000309F  _SMS_queryPauseRequested           SMSlib
     000030A4  _SMS_resetPauseRequest             SMSlib
     000030AA  _SMS_setLineInterruptHandler       SMSlib
     000030AE  _SMS_setLineCounter                SMSlib
     000030B8  _SMS_getVCount                     SMSlib
     000030BC  _SMS_getHCount                     SMSlib
     000030C0  _SMS_isr                           SMSlib
     000030F6  _SMS_nmi_isr                       SMSlib
     000030FF  _SMS_loadPSGaidencompressedTiles   SMSlib_PSGaiden
     000031D9  _SMS_load1bppTiles                 SMSlib_load1bppTiles
     0000324B  _SMS_loadBGPaletteHalfBrightness   SMSlib_paletteAdv
     00003262  _SMS_zeroBGPalette                 SMSlib_paletteAdv
     00003276  _SMS_loadSpritePaletteHalfBright   SMSlib_paletteAdv
     0000328D  _SMS_zeroSpritePalette             SMSlib_paletteAdv
     000032A1  _SMS_initSprites                   SMSlib_sprite
     000032A7  _SMS_addSprite                     SMSlib_sprite
     000032DA  _SMS_copySpritestoSAT              SMSlib_sprite
     00003310  ___sdcc_call_hl                    
     00003311  _SMS_finalizeSprites               SMSlib_deprecated
     00003312  _SMS_VRAMmemcpy                    SMSlib_VRAMmemcpy
     0000332B  _SMS_loadSTMcompressedTileMapatA   SMSlib_STMcomp
     00003453  _SMS_loadTileMapArea               SMSlib_loadTileMapArea
ASxxxx Linker V03.00 + NoICE + sdld,  page 46.
Hexadecimal  [32-Bits]

Area                                    Addr        Size        Decimal Bytes (Attributes)
--------------------------------        ----        ----        ------- ----- ------------
_CODE                               00000200    000032EA =       13034. bytes (REL,CON)

      Value  Global                              Global Defined In Module
      -----  --------------------------------   ------------------------
     000034D3  __moduchar                         
     000034DF  __moduint                          

ASxxxx Linker V03.00 + NoICE + sdld,  page 47.
Hexadecimal  [32-Bits]

Area                                    Addr        Size        Decimal Bytes (Attributes)
--------------------------------        ----        ----        ------- ----- ------------
_HEADER0                            00000000    00000008 =           8. bytes (ABS,CON)

      Value  Global                              Global Defined In Module
      -----  --------------------------------   ------------------------
ASxxxx Linker V03.00 + NoICE + sdld,  page 48.
Hexadecimal  [32-Bits]

Area                                    Addr        Size        Decimal Bytes (Attributes)
--------------------------------        ----        ----        ------- ----- ------------
_HEADER1                            00000000    00000009 =           9. bytes (ABS,CON)

      Value  Global                              Global Defined In Module
      -----  --------------------------------   ------------------------
     00000008  _SMS_crt0_RST08                    crt0

ASxxxx Linker V03.00 + NoICE + sdld,  page 49.
Hexadecimal  [32-Bits]

Area                                    Addr        Size        Decimal Bytes (Attributes)
--------------------------------        ----        ----        ------- ----- ------------
_HEADER2                            00000000    00000018 =          24. bytes (ABS,CON)

      Value  Global                              Global Defined In Module
      -----  --------------------------------   ------------------------
     00000018  _SMS_crt0_RST18                    crt0

ASxxxx Linker V03.00 + NoICE + sdld,  page 50.
Hexadecimal  [32-Bits]

Area                                    Addr        Size        Decimal Bytes (Attributes)
--------------------------------        ----        ----        ------- ----- ------------
_HEADER3                            00000000    0000002B =          43. bytes (ABS,CON)

      Value  Global                              Global Defined In Module
      -----  --------------------------------   ------------------------
ASxxxx Linker V03.00 + NoICE + sdld,  page 51.
Hexadecimal  [32-Bits]

Area                                    Addr        Size        Decimal Bytes (Attributes)
--------------------------------        ----        ----        ------- ----- ------------
_HEADER4                            00000000    00000104 =         260. bytes (ABS,CON)

      Value  Global                              Global Defined In Module
      -----  --------------------------------   ------------------------
     00000069  _OUTI128                           crt0
     000000E9  _OUTI64                            crt0
     00000129  _OUTI32                            crt0
     00000169  _outi_block                        crt0

ASxxxx Linker V03.00 + NoICE + sdld,  page 52.
Hexadecimal  [32-Bits]

Area                                    Addr        Size        Decimal Bytes (Attributes)
--------------------------------        ----        ----        ------- ----- ------------
_INITIALIZER                        000034EA    00000009 =           9. bytes (REL,CON)

      Value  Global                              Global Defined In Module
      -----  --------------------------------   ------------------------
     000034EA  Finput_manager$__xinit_curr_joyp   input_manager
     000034EC  Finput_manager$__xinit_prev_joyp   input_manager

ASxxxx Linker V03.00 + NoICE + sdld,  page 53.
Hexadecimal  [32-Bits]

Area                                    Addr        Size        Decimal Bytes (Attributes)
--------------------------------        ----        ----        ------- ----- ------------
_GSINIT                             000034F3    0000000F =          15. bytes (REL,CON)

      Value  Global                              Global Defined In Module
      -----  --------------------------------   ------------------------
     000034F3  gsinit                             crt0

ASxxxx Linker V03.00 + NoICE + sdld,  page 54.
Hexadecimal  [32-Bits]

Area                                    Addr        Size        Decimal Bytes (Attributes)
--------------------------------        ----        ----        ------- ----- ------------
_GSFINAL                            00003502    00000001 =           1. bytes (REL,CON)

      Value  Global                              Global Defined In Module
      -----  --------------------------------   ------------------------
ASxxxx Linker V03.00 + NoICE + sdld,  page 55.
Hexadecimal  [32-Bits]

Area                                    Addr        Size        Decimal Bytes (Attributes)
--------------------------------        ----        ----        ------- ----- ------------
_DATA                               0000C000    00000119 =         281. bytes (REL,CON)

      Value  Global                              Global Defined In Module
      -----  --------------------------------   ------------------------
     0000C000  _PSGMusicStatus                    PSGlib
     0000C001  _PSGMusicStart                     PSGlib
     0000C003  _PSGMusicPointer                   PSGlib
     0000C005  _PSGMusicLoopPoint                 PSGlib
     0000C007  _PSGMusicSkipFrames                PSGlib
     0000C008  _PSGLoopFlag                       PSGlib
     0000C009  _PSGMusicLastLatch                 PSGlib
     0000C00A  _PSGMusicVolumeAttenuation         PSGlib
     0000C00B  _PSGMusicSubstringLen              PSGlib
     0000C00C  _PSGMusicSubstringRetAddr          PSGlib
     0000C00E  _PSGChan0Volume                    PSGlib
     0000C00F  _PSGChan1Volume                    PSGlib
     0000C010  _PSGChan2Volume                    PSGlib
     0000C011  _PSGChan3Volume                    PSGlib
     0000C012  _PSGChan2LowTone                   PSGlib
     0000C013  _PSGChan2HighTone                  PSGlib
     0000C014  _PSGChan3LowTone                   PSGlib
     0000C015  _PSGChannel2SFX                    PSGlib
     0000C016  _PSGChannel3SFX                    PSGlib
     0000C017  _PSGSFXChan2Volume                 PSGlib
     0000C018  _PSGSFXChan3Volume                 PSGlib
     0000C019  _PSGSFXStatus                      PSGlib
     0000C01A  _PSGSFXStart                       PSGlib
     0000C01C  _PSGSFXPointer                     PSGlib
     0000C01E  _PSGSFXLoopPoint                   PSGlib
     0000C020  _PSGSFXSkipFrames                  PSGlib
     0000C021  _PSGSFXLoopFlag                    PSGlib
     0000C022  _PSGSFXSubstringLen                PSGlib
     0000C023  _PSGSFXSubstringRetAddr            PSGlib
     0000C025  _VDPBlank                          SMSlib
     0000C026  _SMS_VDPFlags                      SMSlib
     0000C027  _PauseRequested                    SMSlib
     0000C028  _SMS_Port3EBIOSvalue               SMSlib
     0000C029  _KeysStatus                        SMSlib
     0000C02B  _PreviousKeysStatus                SMSlib
     0000C02D  _SMS_theLineInterruptHandler       SMSlib
     0000C02F  _decompBuffer                      SMSlib_PSGaiden
     0000C04F  _SpriteTableY                      SMSlib_sprite
     0000C08F  _SpriteTableXN                     SMSlib_sprite
     0000C10F  _SpriteNextFree                    SMSlib_sprite
     0000C110  _STM_src                           SMSlib_STMcomp
     0000C112  _STM_dest                          SMSlib_STMcomp
     0000C114  _STM_HH                            SMSlib_STMcomp
     0000C115  _STM_oldHH                         SMSlib_STMcomp
     0000C116  _STM_needRestore                   SMSlib_STMcomp
     0000C117  _STM_ttw                           SMSlib_STMcomp
     0000C118  _STM_width                         SMSlib_STMcomp

ASxxxx Linker V03.00 + NoICE + sdld,  page 56.
Hexadecimal  [32-Bits]

Area                                    Addr        Size        Decimal Bytes (Attributes)
--------------------------------        ----        ----        ------- ----- ------------
_INITIALIZED                        0000C119    00000009 =           9. bytes (REL,CON)

      Value  Global                              Global Defined In Module
      -----  --------------------------------   ------------------------
     0000C119  Finput_manager$curr_joypad1$0$0    input_manager
     0000C11B  Finput_manager$prev_joypad1$0$0    input_manager
     0000C11D  _VDPReg                            SMSlib
     0000C11F  _spritesHeight                     SMSlib
     0000C120  _spritesWidth                      SMSlib
     0000C121  _spritesTileOffset                 SMSlib
ASxxxx Linker V03.00 + NoICE + sdld,  page 57.
Hexadecimal  [32-Bits]

Area                                    Addr        Size        Decimal Bytes (Attributes)
--------------------------------        ----        ----        ------- ----- ------------
_CABS0                              00000000    00000010 =          16. bytes (ABS,CON)

      Value  Global                              Global Defined In Module
      -----  --------------------------------   ------------------------
     00007FF0  G$__SMS__SEGA_signature$0$0        _sms_manager
     00007FF0  ___SMS__SEGA_signature             _sms_manager

ASxxxx Linker V03.00 + NoICE + sdld,  page 58.
Hexadecimal  [32-Bits]

Area                                    Addr        Size        Decimal Bytes (Attributes)
--------------------------------        ----        ----        ------- ----- ------------
_CABS1                              00000000    0000000E =          14. bytes (ABS,CON)

      Value  Global                              Global Defined In Module
      -----  --------------------------------   ------------------------
     00007FD2  G$__SMS__SDSC_author$0$0           _sms_manager
     00007FD2  ___SMS__SDSC_author                _sms_manager

ASxxxx Linker V03.00 + NoICE + sdld,  page 59.
Hexadecimal  [32-Bits]

Area                                    Addr        Size        Decimal Bytes (Attributes)
--------------------------------        ----        ----        ------- ----- ------------
_CABS2                              00000000    0000000D =          13. bytes (ABS,CON)

      Value  Global                              Global Defined In Module
      -----  --------------------------------   ------------------------
     00007FC5  G$__SMS__SDSC_name$0$0             _sms_manager
     00007FC5  ___SMS__SDSC_name                  _sms_manager

ASxxxx Linker V03.00 + NoICE + sdld,  page 60.
Hexadecimal  [32-Bits]

Area                                    Addr        Size        Decimal Bytes (Attributes)
--------------------------------        ----        ----        ------- ----- ------------
_CABS3                              00000000    00000038 =          56. bytes (ABS,CON)

      Value  Global                              Global Defined In Module
      -----  --------------------------------   ------------------------
     00007F8D  G$__SMS__SDSC_descr$0$0            _sms_manager
     00007F8D  ___SMS__SDSC_descr                 _sms_manager

ASxxxx Linker V03.00 + NoICE + sdld,  page 61.
Hexadecimal  [32-Bits]

Area                                    Addr        Size        Decimal Bytes (Attributes)
--------------------------------        ----        ----        ------- ----- ------------
_CABS4                              00000000    00000010 =          16. bytes (ABS,CON)

      Value  Global                              Global Defined In Module
      -----  --------------------------------   ------------------------
     00007FE0  G$__SMS__SDSC_signature$0$0        _sms_manager
     00007FE0  ___SMS__SDSC_signature             _sms_manager

ASxxxx Linker V03.00 + NoICE + sdld,  page 62.

Files Linked                              [ module(s) ]

../crt0/crt0_sms.rel                      [ crt0 ]
main.rel                                  [ main ]
../lib/PSGlib.rel                         [ PSGlib ]
devkit/_sms_manager.rel                   [ _sms_manager ]
devkit/_snd_manager.rel                   [ _snd_manager ]
engine/asm_manager.rel                    [ asm_manager ]
engine/content_manager.rel                [ content_manager ]
engine/font_manager.rel                   [ font_manager ]
engine/input_manager.rel                  [ input_manager ]
engine/screen_manager.rel                 [ screen_manager ]
engine/sound_manager.rel                  [ sound_manager ]
engine/sprite_manager.rel                 [ sprite_manager ]
content/gfx.rel                           [ gfx ]
content/psg.rel                           [ psg ]


Libraries Linked                          [ object file ]

C:\Program Files\SDCC\bin\..\lib\z80/z80.lib
                                          [ divunsigned.rel ]
../lib/SMSlib.lib                         [ SMSlib_UNSAFE.rel ]
../lib/SMSlib.lib                         [ SMSlib.rel ]
../lib/SMSlib.lib                         [ SMSlib_PSGaiden.rel ]
../lib/SMSlib.lib                         [ SMSlib_load1bppTiles.rel ]
../lib/SMSlib.lib                         [ SMSlib_paletteAdv.rel ]
../lib/SMSlib.lib                         [ SMSlib_sprite.rel ]
C:\Program Files\SDCC\bin\..\lib\z80/z80.lib
                                          [ __sdcc_call_hl.rel ]
../lib/SMSlib.lib                         [ SMSlib_deprecated.rel ]
../lib/SMSlib.lib                         [ SMSlib_VRAMmemcpy.rel ]
../lib/SMSlib.lib                         [ SMSlib_STMcomp.rel ]
../lib/SMSlib.lib                         [ SMSlib_loadTileMapArea.rel ]
C:\Program Files\SDCC\bin\..\lib\z80/z80.lib
                                          [ modunsigned.rel ]

ASxxxx Linker V03.00 + NoICE + sdld,  page 63.

User Base Address Definitions

_CODE = 0x0200
_DATA = 0xc000

