ASxxxx Linker V03.00 + NoICE + sdld,  page 1.
Hexadecimal  [32-Bits]

Area                                    Addr        Size        Decimal Bytes (Attributes)
--------------------------------        ----        ----        ------- ----- ------------
.  .ABS.                            00000000    00000000 =           0. bytes (ABS,CON)

      Value  Global                              Global Defined In Module
      -----  --------------------------------   ------------------------
     00000000  .__.ABS.                           
     00000000  l__BSEG                         
     00000000  l__BSS                          
     00000000  l__CABS                         
     00000000  l__DABS                         
     00000000  l__HEADER                       
     00000000  l__HEAP                         
     00000000  l__HOME                         
     00000000  s__CABS                         
     00000000  s__CABS0                        
     00000000  s__CABS1                        
     00000000  s__CABS2                        
     00000000  s__CABS3                        
     00000000  s__CABS4                        
     00000000  s__DABS                         
     00000000  s__HEADER                       
     00000000  s__HEADER0                      
     00000000  s__HEADER1                      
     00000000  s__HEADER2                      
     00000000  s__HEADER3                      
     00000000  s__HEADER4                      
     00000001  l__GSFINAL                      
     00000008  l__HEADER0                      
     00000009  l__HEADER1                      
     00000009  l__INITIALIZED                  
     00000009  l__INITIALIZER                  
     0000000D  l__CABS2                        
     0000000E  l__CABS1                        
     0000000F  l__GSINIT                       
     00000010  l__CABS0                        
     00000010  l__CABS4                        
     00000018  l__HEADER2                      
     0000002B  l__HEADER3                      
     00000038  l__CABS3                        
     000000BE  G$VDPDataPort$0$0                  asm_manager
     000000BF  G$VDPControlPort$0$0               asm_manager
     00000104  l__HEADER4                      
     00000119  l__DATA                         
     00000200  s__CODE                         
     000032E7  l__CODE                         
     000034E7  s__HOME                         
     000034E7  s__INITIALIZER                  
     000034F0  s__GSINIT                       
     000034FF  s__GSFINAL                      
     00008000  G$SMS_SRAM$0$0                     _sms_manager
     00008000  _SMS_SRAM                          SMSlib_loadTileMapArea
     0000C000  s__DATA                         
     0000C119  s__INITIALIZED                  
     0000C122  s__BSEG                         
     0000C122  s__BSS                          
ASxxxx Linker V03.00 + NoICE + sdld,  page 2.
Hexadecimal  [32-Bits]

Area                                    Addr        Size        Decimal Bytes (Attributes)
--------------------------------        ----        ----        ------- ----- ------------
.  .ABS.                            00000000    00000000 =           0. bytes (ABS,CON)

      Value  Global                              Global Defined In Module
      -----  --------------------------------   ------------------------
     0000C122  s__HEAP                         
     0000FFFC  G$SRAM_bank_to_be_mapped_on_slot   _sms_manager
     0000FFFC  _SRAM_bank_to_be_mapped_on_slot2   SMSlib_loadTileMapArea
     0000FFFF  G$ROM_bank_to_be_mapped_on_slot2   _sms_manager
     0000FFFF  _ROM_bank_to_be_mapped_on_slot2    SMSlib_loadTileMapArea

ASxxxx Linker V03.00 + NoICE + sdld,  page 3.
Hexadecimal  [32-Bits]

Area                                    Addr        Size        Decimal Bytes (Attributes)
--------------------------------        ----        ----        ------- ----- ------------
_CODE                               00000200    000032E7 =       13031. bytes (REL,CON)

      Value  Global                              Global Defined In Module
      -----  --------------------------------   ------------------------
     00000200  A$main$75                          main
     00000200  C$main.c$3$0$0                     main
     00000200  C$main.c$5$1$77                    main
     00000200  G$main$0$0                         main
     00000200  _main                              main
     00000203  A$main$79                          main
     00000203  C$main.c$6$1$77                    main
     00000206  A$main$83                          main
     00000206  C$main.c$7$1$77                    main
     00000209  A$main$87                          main
     00000209  C$main.c$9$1$77                    main
     0000020C  A$main$88                          main
     0000020D  A$main$89                          main
     0000020E  A$main$90                          main
     0000020F  A$main$91                          main
     00000212  A$main$92                          main
     00000213  A$main$96                          main
     00000213  C$main.c$10$1$77                   main
     00000214  A$main$97                          main
     00000215  A$main$98                          main
     00000216  A$main$99                          main
     00000219  A$main$100                         main
     0000021A  A$main$104                         main
     0000021A  C$main.c$12$1$77                   main
     0000021D  A$main$105                         main
     0000021E  A$main$106                         main
     00000221  A$main$107                         main
     00000222  A$main$111                         main
     00000222  C$main.c$14$1$77                   main
     00000225  A$main$115                         main
     00000225  C$main.c$15$1$77                   main
     00000228  A$main$119                         main
     00000228  C$main.c$16$1$77                   main
     0000022B  A$main$123                         main
     0000022B  C$main.c$19$1$77                   main
     0000022E  A$main$128                         main
     0000022E  C$main.c$22$3$79                   main
     00000231  A$main$132                         main
     00000231  C$main.c$23$3$79                   main
     00000234  A$main$136                         main
     00000234  C$main.c$24$3$79                   main
     00000237  A$main$140                         main
     00000237  C$main.c$26$3$79                   main
     0000023A  A$main$144                         main
     0000023A  C$main.c$27$3$79                   main
     0000023D  A$main$148                         main
     0000023D  C$main.c$28$3$79                   main
     00000240  A$main$152                         main
     00000240  C$main.c$30$3$79                   main
     00000243  A$main$156                         main
ASxxxx Linker V03.00 + NoICE + sdld,  page 4.
Hexadecimal  [32-Bits]

Area                                    Addr        Size        Decimal Bytes (Attributes)
--------------------------------        ----        ----        ------- ----- ------------
_CODE                               00000200    000032E7 =       13031. bytes (REL,CON)

      Value  Global                              Global Defined In Module
      -----  --------------------------------   ------------------------
     00000243  C$main.c$31$3$79                   main
     00000246  A$main$161                         main
     00000246  C$main.c$33$2$78                   main
     00000246  XG$main$0$0                        main
     00000248  _PSGStop                           PSGlib
     0000026F  _PSGResume                         PSGlib
     000002BB  _PSGPlay                           PSGlib
     000002E8  _PSGCancelLoop                     PSGlib
     000002EE  _PSGPlayNoRepeat                   PSGlib
     000002FD  _PSGGetStatus                      PSGlib
     00000305  _PSGSilenceChannels                PSGlib
     00000316  _PSGRestoreVolumes                 PSGlib
     00000415  _PSGSetMusicVolumeAttenuation      PSGlib
     00000504  _PSGSFXStop                        PSGlib
     000005CE  _PSGSFXPlay                        PSGlib
     0000061B  _PSGSFXCancelLoop                  PSGlib
     00000621  _PSGSFXGetStatus                   PSGlib
     00000629  _PSGSFXPlayLoop                    PSGlib
     0000064A  _PSGFrame                          PSGlib
     00000763  _PSGSFXFrame                       PSGlib
     000007E9  A$_sms_manager$170                 _sms_manager
     000007E9  C$_sms_manager.c$13$0$0            _sms_manager
     000007E9  C$_sms_manager.c$15$1$100          _sms_manager
     000007E9  C$_sms_manager.c$16$1$100          _sms_manager
     000007E9  G$devkit_SMS_init$0$0              _sms_manager
     000007E9  XG$devkit_SMS_init$0$0             _sms_manager
     000007E9  _devkit_SMS_init                   _sms_manager
     000007EC  A$_sms_manager$183                 _sms_manager
     000007EC  C$_sms_manager.c$19$1$100          _sms_manager
     000007EC  C$_sms_manager.c$21$1$102          _sms_manager
     000007EC  G$devkit_SMS_VDPturnOnFeature$0$   _sms_manager
     000007EC  _devkit_SMS_VDPturnOnFeature       _sms_manager
     000007ED  A$_sms_manager$184                 _sms_manager
     000007EE  A$_sms_manager$185                 _sms_manager
     000007EF  A$_sms_manager$186                 _sms_manager
     000007F0  A$_sms_manager$191                 _sms_manager
     000007F0  C$_sms_manager.c$22$1$102          _sms_manager
     000007F0  XG$devkit_SMS_VDPturnOnFeature$0   _sms_manager
     000007F3  A$_sms_manager$204                 _sms_manager
     000007F3  C$_sms_manager.c$23$1$102          _sms_manager
     000007F3  C$_sms_manager.c$25$1$104          _sms_manager
     000007F3  G$devkit_SMS_VDPturnOffFeature$0   _sms_manager
     000007F3  _devkit_SMS_VDPturnOffFeature      _sms_manager
     000007F4  A$_sms_manager$205                 _sms_manager
     000007F5  A$_sms_manager$206                 _sms_manager
     000007F6  A$_sms_manager$207                 _sms_manager
     000007F7  A$_sms_manager$212                 _sms_manager
     000007F7  C$_sms_manager.c$26$1$104          _sms_manager
     000007F7  XG$devkit_SMS_VDPturnOffFeature$   _sms_manager
     000007FA  A$_sms_manager$225                 _sms_manager
     000007FA  C$_sms_manager.c$29$1$104          _sms_manager
ASxxxx Linker V03.00 + NoICE + sdld,  page 5.
Hexadecimal  [32-Bits]

Area                                    Addr        Size        Decimal Bytes (Attributes)
--------------------------------        ----        ----        ------- ----- ------------
_CODE                               00000200    000032E7 =       13031. bytes (REL,CON)

      Value  Global                              Global Defined In Module
      -----  --------------------------------   ------------------------
     000007FA  C$_sms_manager.c$31$1$105          _sms_manager
     000007FA  G$devkit_VDPFEATURE_HIDEFIRSTCOL   _sms_manager
     000007FA  _devkit_VDPFEATURE_HIDEFIRSTCOL    _sms_manager
     000007FD  A$_sms_manager$230                 _sms_manager
     000007FD  C$_sms_manager.c$32$1$105          _sms_manager
     000007FD  XG$devkit_VDPFEATURE_HIDEFIRSTCO   _sms_manager
     000007FE  A$_sms_manager$243                 _sms_manager
     000007FE  C$_sms_manager.c$35$1$105          _sms_manager
     000007FE  C$_sms_manager.c$37$1$106          _sms_manager
     000007FE  G$devkit_VDPFEATURE_SHOWDISPLAY$   _sms_manager
     000007FE  _devkit_VDPFEATURE_SHOWDISPLAY     _sms_manager
     00000801  A$_sms_manager$248                 _sms_manager
     00000801  C$_sms_manager.c$38$1$106          _sms_manager
     00000801  XG$devkit_VDPFEATURE_SHOWDISPLAY   _sms_manager
     00000802  A$_sms_manager$261                 _sms_manager
     00000802  C$_sms_manager.c$41$1$106          _sms_manager
     00000802  C$_sms_manager.c$43$1$107          _sms_manager
     00000802  G$devkit_SMS_displayOn$0$0         _sms_manager
     00000802  _devkit_SMS_displayOn              _sms_manager
     00000805  A$_sms_manager$266                 _sms_manager
     00000805  C$_sms_manager.c$44$1$107          _sms_manager
     00000805  XG$devkit_SMS_displayOn$0$0        _sms_manager
     00000808  A$_sms_manager$279                 _sms_manager
     00000808  C$_sms_manager.c$45$1$107          _sms_manager
     00000808  C$_sms_manager.c$47$1$108          _sms_manager
     00000808  G$devkit_SMS_displayOff$0$0        _sms_manager
     00000808  _devkit_SMS_displayOff             _sms_manager
     0000080B  A$_sms_manager$284                 _sms_manager
     0000080B  C$_sms_manager.c$48$1$108          _sms_manager
     0000080B  XG$devkit_SMS_displayOff$0$0       _sms_manager
     0000080E  A$_sms_manager$297                 _sms_manager
     0000080E  C$_sms_manager.c$50$1$108          _sms_manager
     0000080E  C$_sms_manager.c$52$1$110          _sms_manager
     0000080E  G$devkit_SMS_setBGScrollX$0$0      _sms_manager
     0000080E  _devkit_SMS_setBGScrollX           _sms_manager
     00000812  A$_sms_manager$298                 _sms_manager
     00000814  A$_sms_manager$299                 _sms_manager
     00000817  A$_sms_manager$304                 _sms_manager
     00000817  C$_sms_manager.c$53$1$110          _sms_manager
     00000817  XG$devkit_SMS_setBGScrollX$0$0     _sms_manager
     0000081A  A$_sms_manager$317                 _sms_manager
     0000081A  C$_sms_manager.c$54$1$110          _sms_manager
     0000081A  C$_sms_manager.c$56$1$112          _sms_manager
     0000081A  G$devkit_SMS_setBGScrollY$0$0      _sms_manager
     0000081A  _devkit_SMS_setBGScrollY           _sms_manager
     0000081E  A$_sms_manager$318                 _sms_manager
     00000820  A$_sms_manager$319                 _sms_manager
     00000823  A$_sms_manager$324                 _sms_manager
     00000823  C$_sms_manager.c$57$1$112          _sms_manager
     00000823  XG$devkit_SMS_setBGScrollY$0$0     _sms_manager
     00000826  A$_sms_manager$337                 _sms_manager
ASxxxx Linker V03.00 + NoICE + sdld,  page 6.
Hexadecimal  [32-Bits]

Area                                    Addr        Size        Decimal Bytes (Attributes)
--------------------------------        ----        ----        ------- ----- ------------
_CODE                               00000200    000032E7 =       13031. bytes (REL,CON)

      Value  Global                              Global Defined In Module
      -----  --------------------------------   ------------------------
     00000826  C$_sms_manager.c$58$1$112          _sms_manager
     00000826  C$_sms_manager.c$60$1$114          _sms_manager
     00000826  G$devkit_SMS_setBackdropColor$0$   _sms_manager
     00000826  _devkit_SMS_setBackdropColor       _sms_manager
     0000082A  A$_sms_manager$338                 _sms_manager
     0000082C  A$_sms_manager$339                 _sms_manager
     0000082F  A$_sms_manager$344                 _sms_manager
     0000082F  C$_sms_manager.c$61$1$114          _sms_manager
     0000082F  XG$devkit_SMS_setBackdropColor$0   _sms_manager
     00000832  A$_sms_manager$357                 _sms_manager
     00000832  C$_sms_manager.c$62$1$114          _sms_manager
     00000832  C$_sms_manager.c$64$1$116          _sms_manager
     00000832  G$devkit_SMS_useFirstHalfTilesfo   _sms_manager
     00000832  _devkit_SMS_useFirstHalfTilesfor   _sms_manager
     00000833  A$_sms_manager$358                 _sms_manager
     00000837  A$_sms_manager$359                 _sms_manager
     00000839  A$_sms_manager$360                 _sms_manager
     0000083C  A$_sms_manager$361                 _sms_manager
     0000083D  A$_sms_manager$362                 _sms_manager
     0000083E  A$_sms_manager$367                 _sms_manager
     0000083E  C$_sms_manager.c$65$1$116          _sms_manager
     0000083E  XG$devkit_SMS_useFirstHalfTilesf   _sms_manager
     00000841  A$_sms_manager$380                 _sms_manager
     00000841  C$_sms_manager.c$66$1$116          _sms_manager
     00000841  C$_sms_manager.c$68$1$118          _sms_manager
     00000841  G$devkit_SMS_setSpriteMode$0$0     _sms_manager
     00000841  _devkit_SMS_setSpriteMode          _sms_manager
     00000845  A$_sms_manager$381                 _sms_manager
     00000847  A$_sms_manager$382                 _sms_manager
     0000084A  A$_sms_manager$387                 _sms_manager
     0000084A  C$_sms_manager.c$69$1$118          _sms_manager
     0000084A  XG$devkit_SMS_setSpriteMode$0$0    _sms_manager
     0000084D  A$_sms_manager$400                 _sms_manager
     0000084D  C$_sms_manager.c$72$1$118          _sms_manager
     0000084D  C$_sms_manager.c$74$1$119          _sms_manager
     0000084D  G$devkit_SPRITEMODE_NORMAL$0$0     _sms_manager
     0000084D  _devkit_SPRITEMODE_NORMAL          _sms_manager
     0000084F  A$_sms_manager$405                 _sms_manager
     0000084F  C$_sms_manager.c$75$1$119          _sms_manager
     0000084F  XG$devkit_SPRITEMODE_NORMAL$0$0    _sms_manager
     00000850  A$_sms_manager$418                 _sms_manager
     00000850  C$_sms_manager.c$78$1$119          _sms_manager
     00000850  C$_sms_manager.c$80$1$121          _sms_manager
     00000850  G$devkit_SMS_mapROMBank$0$0        _sms_manager
     00000850  _devkit_SMS_mapROMBank             _sms_manager
     00000853  A$_sms_manager$419                 _sms_manager
     00000854  A$_sms_manager$420                 _sms_manager
     00000855  A$_sms_manager$421                 _sms_manager
     00000858  A$_sms_manager$426                 _sms_manager
     00000858  C$_sms_manager.c$81$1$121          _sms_manager
     00000858  XG$devkit_SMS_mapROMBank$0$0       _sms_manager
ASxxxx Linker V03.00 + NoICE + sdld,  page 7.
Hexadecimal  [32-Bits]

Area                                    Addr        Size        Decimal Bytes (Attributes)
--------------------------------        ----        ----        ------- ----- ------------
_CODE                               00000200    000032E7 =       13031. bytes (REL,CON)

      Value  Global                              Global Defined In Module
      -----  --------------------------------   ------------------------
     00000859  A$_sms_manager$439                 _sms_manager
     00000859  C$_sms_manager.c$84$1$121          _sms_manager
     00000859  C$_sms_manager.c$86$1$122          _sms_manager
     00000859  G$devkit_SMS_enableSRAM$0$0        _sms_manager
     00000859  _devkit_SMS_enableSRAM             _sms_manager
     0000085C  A$_sms_manager$440                 _sms_manager
     0000085E  A$_sms_manager$445                 _sms_manager
     0000085E  C$_sms_manager.c$87$1$122          _sms_manager
     0000085E  XG$devkit_SMS_enableSRAM$0$0       _sms_manager
     0000085F  A$_sms_manager$458                 _sms_manager
     0000085F  C$_sms_manager.c$88$1$122          _sms_manager
     0000085F  C$_sms_manager.c$90$1$124          _sms_manager
     0000085F  G$devkit_SMS_enableSRAMBank$0$0    _sms_manager
     0000085F  _devkit_SMS_enableSRAMBank         _sms_manager
     00000862  A$_sms_manager$459                 _sms_manager
     00000863  A$_sms_manager$460                 _sms_manager
     00000864  A$_sms_manager$461                 _sms_manager
     00000865  A$_sms_manager$462                 _sms_manager
     00000866  A$_sms_manager$463                 _sms_manager
     00000868  A$_sms_manager$464                 _sms_manager
     0000086A  A$_sms_manager$465                 _sms_manager
     0000086D  A$_sms_manager$470                 _sms_manager
     0000086D  C$_sms_manager.c$91$1$124          _sms_manager
     0000086D  XG$devkit_SMS_enableSRAMBank$0$0   _sms_manager
     0000086E  A$_sms_manager$483                 _sms_manager
     0000086E  C$_sms_manager.c$92$1$124          _sms_manager
     0000086E  C$_sms_manager.c$94$1$125          _sms_manager
     0000086E  G$devkit_SMS_disableSRAM$0$0       _sms_manager
     0000086E  _devkit_SMS_disableSRAM            _sms_manager
     00000871  A$_sms_manager$484                 _sms_manager
     00000873  A$_sms_manager$489                 _sms_manager
     00000873  C$_sms_manager.c$95$1$125          _sms_manager
     00000873  XG$devkit_SMS_disableSRAM$0$0      _sms_manager
     00000874  A$_sms_manager$502                 _sms_manager
     00000874  C$_sms_manager.c$97$1$125          _sms_manager
     00000874  C$_sms_manager.c$99$1$126          _sms_manager
     00000874  G$devkit_SMS_SRAM$0$0              _sms_manager
     00000874  _devkit_SMS_SRAM                   _sms_manager
     00000877  A$_sms_manager$507                 _sms_manager
     00000877  C$_sms_manager.c$100$1$126         _sms_manager
     00000877  XG$devkit_SMS_SRAM$0$0             _sms_manager
     00000878  A$_sms_manager$524                 _sms_manager
     00000878  C$_sms_manager.c$103$1$126         _sms_manager
     00000878  C$_sms_manager.c$105$1$127         _sms_manager
     00000878  C$_sms_manager.c$106$1$127         _sms_manager
     00000878  G$devkit_SMS_waitForVBlank$0$0     _sms_manager
     00000878  XG$devkit_SMS_waitForVBlank$0$0    _sms_manager
     00000878  _devkit_SMS_waitForVBlank          _sms_manager
     0000087B  A$_sms_manager$537                 _sms_manager
     0000087B  C$_sms_manager.c$108$1$127         _sms_manager
     0000087B  C$_sms_manager.c$110$1$129         _sms_manager
ASxxxx Linker V03.00 + NoICE + sdld,  page 8.
Hexadecimal  [32-Bits]

Area                                    Addr        Size        Decimal Bytes (Attributes)
--------------------------------        ----        ----        ------- ----- ------------
_CODE                               00000200    000032E7 =       13031. bytes (REL,CON)

      Value  Global                              Global Defined In Module
      -----  --------------------------------   ------------------------
     0000087B  G$devkit_SMS_crt0_RST08$0$0        _sms_manager
     0000087B  _devkit_SMS_crt0_RST08             _sms_manager
     0000087C  A$_sms_manager$538                 _sms_manager
     0000087D  A$_sms_manager$539                 _sms_manager
     0000087E  A$_sms_manager$540                 _sms_manager
     0000087F  A$_sms_manager$545                 _sms_manager
     0000087F  C$_sms_manager.c$111$1$129         _sms_manager
     0000087F  XG$devkit_SMS_crt0_RST08$0$0       _sms_manager
     00000882  A$_sms_manager$558                 _sms_manager
     00000882  C$_sms_manager.c$112$1$129         _sms_manager
     00000882  C$_sms_manager.c$114$1$131         _sms_manager
     00000882  G$devkit_SMS_crt0_RST18$0$0        _sms_manager
     00000882  _devkit_SMS_crt0_RST18             _sms_manager
     00000883  A$_sms_manager$559                 _sms_manager
     00000884  A$_sms_manager$560                 _sms_manager
     00000885  A$_sms_manager$561                 _sms_manager
     00000886  A$_sms_manager$566                 _sms_manager
     00000886  C$_sms_manager.c$115$1$131         _sms_manager
     00000886  XG$devkit_SMS_crt0_RST18$0$0       _sms_manager
     00000889  A$_sms_manager$579                 _sms_manager
     00000889  C$_sms_manager.c$118$1$131         _sms_manager
     00000889  C$_sms_manager.c$120$1$133         _sms_manager
     00000889  G$devkit_SMS_setTile$0$0           _sms_manager
     00000889  _devkit_SMS_setTile                _sms_manager
     0000088D  A$_sms_manager$580                 _sms_manager
     0000088F  A$_sms_manager$581                 _sms_manager
     00000892  A$_sms_manager$582                 _sms_manager
     00000894  A$_sms_manager$587                 _sms_manager
     00000894  C$_sms_manager.c$121$1$133         _sms_manager
     00000894  XG$devkit_SMS_setTile$0$0          _sms_manager
     00000897  A$_sms_manager$600                 _sms_manager
     00000897  C$_sms_manager.c$122$1$133         _sms_manager
     00000897  C$_sms_manager.c$124$1$135         _sms_manager
     00000897  G$devkit_SMS_setAddr$0$0           _sms_manager
     00000897  _devkit_SMS_setAddr                _sms_manager
     0000089B  A$_sms_manager$601                 _sms_manager
     0000089D  A$_sms_manager$602                 _sms_manager
     000008A0  A$_sms_manager$603                 _sms_manager
     000008A2  A$_sms_manager$608                 _sms_manager
     000008A2  C$_sms_manager.c$125$1$135         _sms_manager
     000008A2  XG$devkit_SMS_setAddr$0$0          _sms_manager
     000008A5  A$_sms_manager$618                 _sms_manager
     000008A5  C$_sms_manager.c$128$1$135         _sms_manager
     000008A5  G$devkit_SMS_setNextTileatXY$0$0   _sms_manager
     000008A5  _devkit_SMS_setNextTileatXY        _sms_manager
     000008A7  A$_sms_manager$619                 _sms_manager
     000008AB  A$_sms_manager$620                 _sms_manager
     000008AD  A$_sms_manager$624                 _sms_manager
     000008AD  C$_sms_manager.c$130$1$137         _sms_manager
     000008B0  A$_sms_manager$625                 _sms_manager
     000008B2  A$_sms_manager$626                 _sms_manager
ASxxxx Linker V03.00 + NoICE + sdld,  page 9.
Hexadecimal  [32-Bits]

Area                                    Addr        Size        Decimal Bytes (Attributes)
--------------------------------        ----        ----        ------- ----- ------------
_CODE                               00000200    000032E7 =       13031. bytes (REL,CON)

      Value  Global                              Global Defined In Module
      -----  --------------------------------   ------------------------
     000008B3  A$_sms_manager$627                 _sms_manager
     000008B4  A$_sms_manager$628                 _sms_manager
     000008B5  A$_sms_manager$629                 _sms_manager
     000008B6  A$_sms_manager$630                 _sms_manager
     000008B7  A$_sms_manager$631                 _sms_manager
     000008BA  A$_sms_manager$632                 _sms_manager
     000008BC  A$_sms_manager$633                 _sms_manager
     000008BD  A$_sms_manager$634                 _sms_manager
     000008BE  A$_sms_manager$635                 _sms_manager
     000008BF  A$_sms_manager$636                 _sms_manager
     000008C1  A$_sms_manager$637                 _sms_manager
     000008C2  A$_sms_manager$642                 _sms_manager
     000008C2  C$_sms_manager.c$131$1$137         _sms_manager
     000008C2  XG$devkit_SMS_setNextTileatXY$0$   _sms_manager
     000008C4  A$_sms_manager$643                 _sms_manager
     000008C7  A$_sms_manager$656                 _sms_manager
     000008C7  C$_sms_manager.c$134$1$137         _sms_manager
     000008C7  C$_sms_manager.c$136$1$139         _sms_manager
     000008C7  G$devkit_SMS_loadTiles$0$0         _sms_manager
     000008C7  _devkit_SMS_loadTiles              _sms_manager
     000008CA  A$_sms_manager$657                 _sms_manager
     000008CB  A$_sms_manager$658                 _sms_manager
     000008CC  A$_sms_manager$659                 _sms_manager
     000008CD  A$_sms_manager$660                 _sms_manager
     000008CE  A$_sms_manager$661                 _sms_manager
     000008CF  A$_sms_manager$662                 _sms_manager
     000008D0  A$_sms_manager$663                 _sms_manager
     000008D1  A$_sms_manager$664                 _sms_manager
     000008D2  A$_sms_manager$665                 _sms_manager
     000008D3  A$_sms_manager$666                 _sms_manager
     000008D4  A$_sms_manager$667                 _sms_manager
     000008D6  A$_sms_manager$668                 _sms_manager
     000008DA  A$_sms_manager$669                 _sms_manager
     000008DC  A$_sms_manager$670                 _sms_manager
     000008DF  A$_sms_manager$671                 _sms_manager
     000008E2  A$_sms_manager$672                 _sms_manager
     000008E3  A$_sms_manager$673                 _sms_manager
     000008E7  A$_sms_manager$674                 _sms_manager
     000008E9  A$_sms_manager$675                 _sms_manager
     000008EC  A$_sms_manager$676                 _sms_manager
     000008EF  A$_sms_manager$677                 _sms_manager
     000008F0  A$_sms_manager$678                 _sms_manager
     000008F1  A$_sms_manager$679                 _sms_manager
     000008F4  A$_sms_manager$684                 _sms_manager
     000008F4  C$_sms_manager.c$137$1$139         _sms_manager
     000008F4  XG$devkit_SMS_loadTiles$0$0        _sms_manager
     000008F5  A$_sms_manager$697                 _sms_manager
     000008F5  C$_sms_manager.c$138$1$139         _sms_manager
     000008F5  C$_sms_manager.c$140$1$141         _sms_manager
     000008F5  G$devkit_SMS_load1bppTiles$0$0     _sms_manager
     000008F5  _devkit_SMS_load1bppTiles          _sms_manager
ASxxxx Linker V03.00 + NoICE + sdld,  page 10.
Hexadecimal  [32-Bits]

Area                                    Addr        Size        Decimal Bytes (Attributes)
--------------------------------        ----        ----        ------- ----- ------------
_CODE                               00000200    000032E7 =       13031. bytes (REL,CON)

      Value  Global                              Global Defined In Module
      -----  --------------------------------   ------------------------
     000008F8  A$_sms_manager$698                 _sms_manager
     000008F9  A$_sms_manager$699                 _sms_manager
     000008FA  A$_sms_manager$700                 _sms_manager
     000008FB  A$_sms_manager$701                 _sms_manager
     000008FC  A$_sms_manager$702                 _sms_manager
     000008FF  A$_sms_manager$703                 _sms_manager
     00000900  A$_sms_manager$704                 _sms_manager
     00000901  A$_sms_manager$705                 _sms_manager
     00000902  A$_sms_manager$706                 _sms_manager
     00000903  A$_sms_manager$707                 _sms_manager
     00000906  A$_sms_manager$708                 _sms_manager
     00000907  A$_sms_manager$709                 _sms_manager
     00000908  A$_sms_manager$710                 _sms_manager
     00000909  A$_sms_manager$711                 _sms_manager
     0000090A  A$_sms_manager$712                 _sms_manager
     0000090B  A$_sms_manager$713                 _sms_manager
     0000090E  A$_sms_manager$714                 _sms_manager
     0000090F  A$_sms_manager$715                 _sms_manager
     00000910  A$_sms_manager$716                 _sms_manager
     00000911  A$_sms_manager$717                 _sms_manager
     00000912  A$_sms_manager$718                 _sms_manager
     00000913  A$_sms_manager$719                 _sms_manager
     00000916  A$_sms_manager$720                 _sms_manager
     00000917  A$_sms_manager$721                 _sms_manager
     00000918  A$_sms_manager$722                 _sms_manager
     00000919  A$_sms_manager$723                 _sms_manager
     0000091A  A$_sms_manager$724                 _sms_manager
     0000091B  A$_sms_manager$725                 _sms_manager
     0000091E  A$_sms_manager$726                 _sms_manager
     00000921  A$_sms_manager$727                 _sms_manager
     00000922  A$_sms_manager$728                 _sms_manager
     00000923  A$_sms_manager$733                 _sms_manager
     00000923  C$_sms_manager.c$141$1$141         _sms_manager
     00000923  XG$devkit_SMS_load1bppTiles$0$0    _sms_manager
     00000924  A$_sms_manager$746                 _sms_manager
     00000924  C$_sms_manager.c$144$1$141         _sms_manager
     00000924  C$_sms_manager.c$146$1$143         _sms_manager
     00000924  G$devkit_SMS_loadPSGaidencompres   _sms_manager
     00000924  _devkit_SMS_loadPSGaidencompress   _sms_manager
     00000927  A$_sms_manager$747                 _sms_manager
     00000928  A$_sms_manager$748                 _sms_manager
     00000929  A$_sms_manager$749                 _sms_manager
     0000092A  A$_sms_manager$750                 _sms_manager
     0000092B  A$_sms_manager$751                 _sms_manager
     0000092C  A$_sms_manager$752                 _sms_manager
     0000092F  A$_sms_manager$753                 _sms_manager
     00000930  A$_sms_manager$754                 _sms_manager
     00000931  A$_sms_manager$755                 _sms_manager
     00000932  A$_sms_manager$756                 _sms_manager
     00000933  A$_sms_manager$757                 _sms_manager
     00000934  A$_sms_manager$758                 _sms_manager
ASxxxx Linker V03.00 + NoICE + sdld,  page 11.
Hexadecimal  [32-Bits]

Area                                    Addr        Size        Decimal Bytes (Attributes)
--------------------------------        ----        ----        ------- ----- ------------
_CODE                               00000200    000032E7 =       13031. bytes (REL,CON)

      Value  Global                              Global Defined In Module
      -----  --------------------------------   ------------------------
     00000937  A$_sms_manager$759                 _sms_manager
     00000938  A$_sms_manager$760                 _sms_manager
     00000939  A$_sms_manager$765                 _sms_manager
     00000939  C$_sms_manager.c$147$1$143         _sms_manager
     00000939  XG$devkit_SMS_loadPSGaidencompre   _sms_manager
     0000093A  A$_sms_manager$778                 _sms_manager
     0000093A  C$_sms_manager.c$148$1$143         _sms_manager
     0000093A  C$_sms_manager.c$150$1$145         _sms_manager
     0000093A  G$devkit_SMS_loadPSGaidencompres   _sms_manager
     0000093A  _devkit_SMS_loadPSGaidencompress   _sms_manager
     0000093D  A$_sms_manager$779                 _sms_manager
     0000093E  A$_sms_manager$780                 _sms_manager
     0000093F  A$_sms_manager$781                 _sms_manager
     00000940  A$_sms_manager$782                 _sms_manager
     00000941  A$_sms_manager$783                 _sms_manager
     00000942  A$_sms_manager$784                 _sms_manager
     00000943  A$_sms_manager$785                 _sms_manager
     00000944  A$_sms_manager$786                 _sms_manager
     00000945  A$_sms_manager$787                 _sms_manager
     00000946  A$_sms_manager$788                 _sms_manager
     00000947  A$_sms_manager$789                 _sms_manager
     00000949  A$_sms_manager$790                 _sms_manager
     0000094A  A$_sms_manager$791                 _sms_manager
     0000094D  A$_sms_manager$792                 _sms_manager
     0000094E  A$_sms_manager$793                 _sms_manager
     0000094F  A$_sms_manager$794                 _sms_manager
     00000950  A$_sms_manager$795                 _sms_manager
     00000951  A$_sms_manager$796                 _sms_manager
     00000952  A$_sms_manager$797                 _sms_manager
     00000955  A$_sms_manager$798                 _sms_manager
     00000956  A$_sms_manager$799                 _sms_manager
     00000957  A$_sms_manager$804                 _sms_manager
     00000957  C$_sms_manager.c$151$1$145         _sms_manager
     00000957  XG$devkit_SMS_loadPSGaidencompre   _sms_manager
     00000958  A$_sms_manager$814                 _sms_manager
     00000958  C$_sms_manager.c$160$1$145         _sms_manager
     00000958  G$devkit_SMS_loadTileMap$0$0       _sms_manager
     00000958  _devkit_SMS_loadTileMap            _sms_manager
     0000095A  A$_sms_manager$815                 _sms_manager
     0000095E  A$_sms_manager$816                 _sms_manager
     00000960  A$_sms_manager$820                 _sms_manager
     00000960  C$_sms_manager.c$162$1$147         _sms_manager
     00000963  A$_sms_manager$821                 _sms_manager
     00000966  A$_sms_manager$822                 _sms_manager
     00000969  A$_sms_manager$823                 _sms_manager
     0000096B  A$_sms_manager$824                 _sms_manager
     0000096C  A$_sms_manager$825                 _sms_manager
     0000096D  A$_sms_manager$826                 _sms_manager
     0000096E  A$_sms_manager$827                 _sms_manager
     0000096F  A$_sms_manager$828                 _sms_manager
     00000970  A$_sms_manager$829                 _sms_manager
ASxxxx Linker V03.00 + NoICE + sdld,  page 12.
Hexadecimal  [32-Bits]

Area                                    Addr        Size        Decimal Bytes (Attributes)
--------------------------------        ----        ----        ------- ----- ------------
_CODE                               00000200    000032E7 =       13031. bytes (REL,CON)

      Value  Global                              Global Defined In Module
      -----  --------------------------------   ------------------------
     00000973  A$_sms_manager$830                 _sms_manager
     00000975  A$_sms_manager$831                 _sms_manager
     00000976  A$_sms_manager$832                 _sms_manager
     00000977  A$_sms_manager$833                 _sms_manager
     00000978  A$_sms_manager$834                 _sms_manager
     0000097A  A$_sms_manager$835                 _sms_manager
     0000097B  A$_sms_manager$836                 _sms_manager
     0000097E  A$_sms_manager$837                 _sms_manager
     00000981  A$_sms_manager$838                 _sms_manager
     00000982  A$_sms_manager$839                 _sms_manager
     00000983  A$_sms_manager$840                 _sms_manager
     00000984  A$_sms_manager$841                 _sms_manager
     00000987  A$_sms_manager$842                 _sms_manager
     00000989  A$_sms_manager$847                 _sms_manager
     00000989  C$_sms_manager.c$163$1$147         _sms_manager
     00000989  XG$devkit_SMS_loadTileMap$0$0      _sms_manager
     0000098A  A$_sms_manager$860                 _sms_manager
     0000098A  C$_sms_manager.c$164$1$147         _sms_manager
     0000098A  C$_sms_manager.c$166$1$149         _sms_manager
     0000098A  G$devkit_SMS_loadTileMapArea$0$0   _sms_manager
     0000098A  _devkit_SMS_loadTileMapArea        _sms_manager
     0000098D  A$_sms_manager$861                 _sms_manager
     0000098E  A$_sms_manager$862                 _sms_manager
     0000098F  A$_sms_manager$863                 _sms_manager
     00000990  A$_sms_manager$864                 _sms_manager
     00000991  A$_sms_manager$865                 _sms_manager
     00000994  A$_sms_manager$866                 _sms_manager
     00000995  A$_sms_manager$867                 _sms_manager
     00000996  A$_sms_manager$868                 _sms_manager
     00000997  A$_sms_manager$869                 _sms_manager
     00000998  A$_sms_manager$870                 _sms_manager
     0000099B  A$_sms_manager$871                 _sms_manager
     0000099C  A$_sms_manager$872                 _sms_manager
     0000099D  A$_sms_manager$873                 _sms_manager
     0000099E  A$_sms_manager$874                 _sms_manager
     0000099F  A$_sms_manager$875                 _sms_manager
     000009A0  A$_sms_manager$876                 _sms_manager
     000009A3  A$_sms_manager$877                 _sms_manager
     000009A4  A$_sms_manager$878                 _sms_manager
     000009A5  A$_sms_manager$879                 _sms_manager
     000009A6  A$_sms_manager$880                 _sms_manager
     000009A7  A$_sms_manager$881                 _sms_manager
     000009AA  A$_sms_manager$882                 _sms_manager
     000009AB  A$_sms_manager$883                 _sms_manager
     000009AC  A$_sms_manager$884                 _sms_manager
     000009AD  A$_sms_manager$885                 _sms_manager
     000009AE  A$_sms_manager$886                 _sms_manager
     000009B1  A$_sms_manager$887                 _sms_manager
     000009B4  A$_sms_manager$888                 _sms_manager
     000009B5  A$_sms_manager$889                 _sms_manager
     000009B6  A$_sms_manager$894                 _sms_manager
ASxxxx Linker V03.00 + NoICE + sdld,  page 13.
Hexadecimal  [32-Bits]

Area                                    Addr        Size        Decimal Bytes (Attributes)
--------------------------------        ----        ----        ------- ----- ------------
_CODE                               00000200    000032E7 =       13031. bytes (REL,CON)

      Value  Global                              Global Defined In Module
      -----  --------------------------------   ------------------------
     000009B6  C$_sms_manager.c$167$1$149         _sms_manager
     000009B6  XG$devkit_SMS_loadTileMapArea$0$   _sms_manager
     000009B7  A$_sms_manager$907                 _sms_manager
     000009B7  C$_sms_manager.c$169$1$149         _sms_manager
     000009B7  C$_sms_manager.c$171$1$151         _sms_manager
     000009B7  G$devkit_SMS_loadSTMcompressedTi   _sms_manager
     000009B7  _devkit_SMS_loadSTMcompressedTil   _sms_manager
     000009BA  A$_sms_manager$908                 _sms_manager
     000009BB  A$_sms_manager$909                 _sms_manager
     000009BC  A$_sms_manager$910                 _sms_manager
     000009BD  A$_sms_manager$911                 _sms_manager
     000009BE  A$_sms_manager$912                 _sms_manager
     000009BF  A$_sms_manager$913                 _sms_manager
     000009C2  A$_sms_manager$914                 _sms_manager
     000009C3  A$_sms_manager$915                 _sms_manager
     000009C4  A$_sms_manager$916                 _sms_manager
     000009C5  A$_sms_manager$917                 _sms_manager
     000009C6  A$_sms_manager$918                 _sms_manager
     000009C7  A$_sms_manager$919                 _sms_manager
     000009CA  A$_sms_manager$920                 _sms_manager
     000009CB  A$_sms_manager$921                 _sms_manager
     000009CC  A$_sms_manager$926                 _sms_manager
     000009CC  C$_sms_manager.c$172$1$151         _sms_manager
     000009CC  XG$devkit_SMS_loadSTMcompressedT   _sms_manager
     000009CD  A$_sms_manager$936                 _sms_manager
     000009CD  C$_sms_manager.c$173$1$151         _sms_manager
     000009CD  G$devkit_SMS_loadSTMcompressedTi   _sms_manager
     000009CD  _devkit_SMS_loadSTMcompressedTil   _sms_manager
     000009CF  A$_sms_manager$937                 _sms_manager
     000009D3  A$_sms_manager$938                 _sms_manager
     000009D5  A$_sms_manager$942                 _sms_manager
     000009D5  C$_sms_manager.c$175$1$153         _sms_manager
     000009D8  A$_sms_manager$943                 _sms_manager
     000009DB  A$_sms_manager$944                 _sms_manager
     000009DE  A$_sms_manager$945                 _sms_manager
     000009E0  A$_sms_manager$946                 _sms_manager
     000009E1  A$_sms_manager$947                 _sms_manager
     000009E2  A$_sms_manager$948                 _sms_manager
     000009E3  A$_sms_manager$949                 _sms_manager
     000009E4  A$_sms_manager$950                 _sms_manager
     000009E5  A$_sms_manager$951                 _sms_manager
     000009E8  A$_sms_manager$952                 _sms_manager
     000009EA  A$_sms_manager$953                 _sms_manager
     000009EB  A$_sms_manager$954                 _sms_manager
     000009EC  A$_sms_manager$955                 _sms_manager
     000009ED  A$_sms_manager$956                 _sms_manager
     000009EF  A$_sms_manager$957                 _sms_manager
     000009F0  A$_sms_manager$958                 _sms_manager
     000009F1  A$_sms_manager$959                 _sms_manager
     000009F2  A$_sms_manager$960                 _sms_manager
     000009F5  A$_sms_manager$961                 _sms_manager
ASxxxx Linker V03.00 + NoICE + sdld,  page 14.
Hexadecimal  [32-Bits]

Area                                    Addr        Size        Decimal Bytes (Attributes)
--------------------------------        ----        ----        ------- ----- ------------
_CODE                               00000200    000032E7 =       13031. bytes (REL,CON)

      Value  Global                              Global Defined In Module
      -----  --------------------------------   ------------------------
     000009F6  A$_sms_manager$962                 _sms_manager
     000009F7  A$_sms_manager$963                 _sms_manager
     000009F9  A$_sms_manager$968                 _sms_manager
     000009F9  C$_sms_manager.c$176$1$153         _sms_manager
     000009F9  XG$devkit_SMS_loadSTMcompressedT   _sms_manager
     000009FA  A$_sms_manager$978                 _sms_manager
     000009FA  C$_sms_manager.c$177$1$153         _sms_manager
     000009FA  G$devkit_SMS_loadSTMcompressedTi   _sms_manager
     000009FA  _devkit_SMS_loadSTMcompressedTil   _sms_manager
     000009FC  A$_sms_manager$979                 _sms_manager
     00000A00  A$_sms_manager$980                 _sms_manager
     00000A02  A$_sms_manager$984                 _sms_manager
     00000A02  C$_sms_manager.c$179$1$155         _sms_manager
     00000A05  A$_sms_manager$985                 _sms_manager
     00000A08  A$_sms_manager$986                 _sms_manager
     00000A0B  A$_sms_manager$987                 _sms_manager
     00000A0D  A$_sms_manager$988                 _sms_manager
     00000A0E  A$_sms_manager$989                 _sms_manager
     00000A0F  A$_sms_manager$990                 _sms_manager
     00000A10  A$_sms_manager$991                 _sms_manager
     00000A11  A$_sms_manager$992                 _sms_manager
     00000A12  A$_sms_manager$993                 _sms_manager
     00000A15  A$_sms_manager$994                 _sms_manager
     00000A17  A$_sms_manager$995                 _sms_manager
     00000A18  A$_sms_manager$996                 _sms_manager
     00000A19  A$_sms_manager$997                 _sms_manager
     00000A1A  A$_sms_manager$998                 _sms_manager
     00000A1C  A$_sms_manager$999                 _sms_manager
     00000A1D  A$_sms_manager$1000                _sms_manager
     00000A1E  A$_sms_manager$1001                _sms_manager
     00000A1F  A$_sms_manager$1002                _sms_manager
     00000A22  A$_sms_manager$1003                _sms_manager
     00000A23  A$_sms_manager$1004                _sms_manager
     00000A24  A$_sms_manager$1005                _sms_manager
     00000A26  A$_sms_manager$1010                _sms_manager
     00000A26  C$_sms_manager.c$180$1$155         _sms_manager
     00000A26  XG$devkit_SMS_loadSTMcompressedT   _sms_manager
     00000A27  A$_sms_manager$1027                _sms_manager
     00000A27  C$_sms_manager.c$183$1$155         _sms_manager
     00000A27  C$_sms_manager.c$185$1$156         _sms_manager
     00000A27  C$_sms_manager.c$186$1$156         _sms_manager
     00000A27  G$devkit_SMS_initSprites$0$0       _sms_manager
     00000A27  XG$devkit_SMS_initSprites$0$0      _sms_manager
     00000A27  _devkit_SMS_initSprites            _sms_manager
     00000A2A  A$_sms_manager$1040                _sms_manager
     00000A2A  C$_sms_manager.c$187$1$156         _sms_manager
     00000A2A  C$_sms_manager.c$189$1$158         _sms_manager
     00000A2A  G$devkit_SMS_addSprite$0$0         _sms_manager
     00000A2A  _devkit_SMS_addSprite              _sms_manager
     00000A2D  A$_sms_manager$1041                _sms_manager
     00000A2E  A$_sms_manager$1042                _sms_manager
ASxxxx Linker V03.00 + NoICE + sdld,  page 15.
Hexadecimal  [32-Bits]

Area                                    Addr        Size        Decimal Bytes (Attributes)
--------------------------------        ----        ----        ------- ----- ------------
_CODE                               00000200    000032E7 =       13031. bytes (REL,CON)

      Value  Global                              Global Defined In Module
      -----  --------------------------------   ------------------------
     00000A2F  A$_sms_manager$1043                _sms_manager
     00000A30  A$_sms_manager$1044                _sms_manager
     00000A31  A$_sms_manager$1045                _sms_manager
     00000A34  A$_sms_manager$1046                _sms_manager
     00000A35  A$_sms_manager$1047                _sms_manager
     00000A36  A$_sms_manager$1048                _sms_manager
     00000A37  A$_sms_manager$1049                _sms_manager
     00000A38  A$_sms_manager$1050                _sms_manager
     00000A3B  A$_sms_manager$1051                _sms_manager
     00000A3C  A$_sms_manager$1052                _sms_manager
     00000A3D  A$_sms_manager$1053                _sms_manager
     00000A3E  A$_sms_manager$1054                _sms_manager
     00000A3F  A$_sms_manager$1055                _sms_manager
     00000A42  A$_sms_manager$1056                _sms_manager
     00000A43  A$_sms_manager$1057                _sms_manager
     00000A44  A$_sms_manager$1062                _sms_manager
     00000A44  C$_sms_manager.c$190$1$158         _sms_manager
     00000A44  XG$devkit_SMS_addSprite$0$0        _sms_manager
     00000A45  A$_sms_manager$1079                _sms_manager
     00000A45  C$_sms_manager.c$191$1$158         _sms_manager
     00000A45  C$_sms_manager.c$193$1$159         _sms_manager
     00000A45  C$_sms_manager.c$194$1$159         _sms_manager
     00000A45  G$devkit_SMS_finalizeSprites$0$0   _sms_manager
     00000A45  XG$devkit_SMS_finalizeSprites$0$   _sms_manager
     00000A45  _devkit_SMS_finalizeSprites        _sms_manager
     00000A48  A$_sms_manager$1096                _sms_manager
     00000A48  C$_sms_manager.c$195$1$159         _sms_manager
     00000A48  C$_sms_manager.c$197$1$160         _sms_manager
     00000A48  C$_sms_manager.c$198$1$160         _sms_manager
     00000A48  G$devkit_SMS_copySpritestoSAT$0$   _sms_manager
     00000A48  XG$devkit_SMS_copySpritestoSAT$0   _sms_manager
     00000A48  _devkit_SMS_copySpritestoSAT       _sms_manager
     00000A4B  A$_sms_manager$1109                _sms_manager
     00000A4B  C$_sms_manager.c$201$1$160         _sms_manager
     00000A4B  C$_sms_manager.c$203$1$162         _sms_manager
     00000A4B  G$devkit_SMS_setBGPaletteColor$0   _sms_manager
     00000A4B  _devkit_SMS_setBGPaletteColor      _sms_manager
     00000A4E  A$_sms_manager$1110                _sms_manager
     00000A4F  A$_sms_manager$1111                _sms_manager
     00000A50  A$_sms_manager$1112                _sms_manager
     00000A51  A$_sms_manager$1113                _sms_manager
     00000A52  A$_sms_manager$1114                _sms_manager
     00000A55  A$_sms_manager$1115                _sms_manager
     00000A56  A$_sms_manager$1116                _sms_manager
     00000A57  A$_sms_manager$1117                _sms_manager
     00000A58  A$_sms_manager$1118                _sms_manager
     00000A59  A$_sms_manager$1119                _sms_manager
     00000A5C  A$_sms_manager$1120                _sms_manager
     00000A5D  A$_sms_manager$1125                _sms_manager
     00000A5D  C$_sms_manager.c$204$1$162         _sms_manager
     00000A5D  XG$devkit_SMS_setBGPaletteColor$   _sms_manager
ASxxxx Linker V03.00 + NoICE + sdld,  page 16.
Hexadecimal  [32-Bits]

Area                                    Addr        Size        Decimal Bytes (Attributes)
--------------------------------        ----        ----        ------- ----- ------------
_CODE                               00000200    000032E7 =       13031. bytes (REL,CON)

      Value  Global                              Global Defined In Module
      -----  --------------------------------   ------------------------
     00000A5E  A$_sms_manager$1138                _sms_manager
     00000A5E  C$_sms_manager.c$205$1$162         _sms_manager
     00000A5E  C$_sms_manager.c$207$1$164         _sms_manager
     00000A5E  G$devkit_SMS_setSpritePaletteCol   _sms_manager
     00000A5E  _devkit_SMS_setSpritePaletteColo   _sms_manager
     00000A61  A$_sms_manager$1139                _sms_manager
     00000A62  A$_sms_manager$1140                _sms_manager
     00000A63  A$_sms_manager$1141                _sms_manager
     00000A64  A$_sms_manager$1142                _sms_manager
     00000A65  A$_sms_manager$1143                _sms_manager
     00000A68  A$_sms_manager$1144                _sms_manager
     00000A69  A$_sms_manager$1145                _sms_manager
     00000A6A  A$_sms_manager$1146                _sms_manager
     00000A6B  A$_sms_manager$1147                _sms_manager
     00000A6C  A$_sms_manager$1148                _sms_manager
     00000A6F  A$_sms_manager$1149                _sms_manager
     00000A70  A$_sms_manager$1154                _sms_manager
     00000A70  C$_sms_manager.c$208$1$164         _sms_manager
     00000A70  XG$devkit_SMS_setSpritePaletteCo   _sms_manager
     00000A71  A$_sms_manager$1167                _sms_manager
     00000A71  C$_sms_manager.c$209$1$164         _sms_manager
     00000A71  C$_sms_manager.c$211$1$166         _sms_manager
     00000A71  G$devkit_SMS_loadBGPalette$0$0     _sms_manager
     00000A71  _devkit_SMS_loadBGPalette          _sms_manager
     00000A72  A$_sms_manager$1168                _sms_manager
     00000A73  A$_sms_manager$1169                _sms_manager
     00000A74  A$_sms_manager$1170                _sms_manager
     00000A75  A$_sms_manager$1175                _sms_manager
     00000A75  C$_sms_manager.c$212$1$166         _sms_manager
     00000A75  XG$devkit_SMS_loadBGPalette$0$0    _sms_manager
     00000A78  A$_sms_manager$1188                _sms_manager
     00000A78  C$_sms_manager.c$213$1$166         _sms_manager
     00000A78  C$_sms_manager.c$215$1$168         _sms_manager
     00000A78  G$devkit_SMS_loadSpritePalette$0   _sms_manager
     00000A78  _devkit_SMS_loadSpritePalette      _sms_manager
     00000A79  A$_sms_manager$1189                _sms_manager
     00000A7A  A$_sms_manager$1190                _sms_manager
     00000A7B  A$_sms_manager$1191                _sms_manager
     00000A7C  A$_sms_manager$1196                _sms_manager
     00000A7C  C$_sms_manager.c$216$1$168         _sms_manager
     00000A7C  XG$devkit_SMS_loadSpritePalette$   _sms_manager
     00000A7F  A$_sms_manager$1209                _sms_manager
     00000A7F  C$_sms_manager.c$219$1$168         _sms_manager
     00000A7F  C$_sms_manager.c$221$1$170         _sms_manager
     00000A7F  G$devkit_RGB$0$0                   _sms_manager
     00000A7F  _devkit_RGB                        _sms_manager
     00000A82  A$_sms_manager$1210                _sms_manager
     00000A83  A$_sms_manager$1211                _sms_manager
     00000A84  A$_sms_manager$1212                _sms_manager
     00000A85  A$_sms_manager$1213                _sms_manager
     00000A86  A$_sms_manager$1214                _sms_manager
ASxxxx Linker V03.00 + NoICE + sdld,  page 17.
Hexadecimal  [32-Bits]

Area                                    Addr        Size        Decimal Bytes (Attributes)
--------------------------------        ----        ----        ------- ----- ------------
_CODE                               00000200    000032E7 =       13031. bytes (REL,CON)

      Value  Global                              Global Defined In Module
      -----  --------------------------------   ------------------------
     00000A89  A$_sms_manager$1215                _sms_manager
     00000A8A  A$_sms_manager$1216                _sms_manager
     00000A8B  A$_sms_manager$1217                _sms_manager
     00000A8C  A$_sms_manager$1218                _sms_manager
     00000A8F  A$_sms_manager$1219                _sms_manager
     00000A90  A$_sms_manager$1220                _sms_manager
     00000A91  A$_sms_manager$1221                _sms_manager
     00000A92  A$_sms_manager$1222                _sms_manager
     00000A93  A$_sms_manager$1223                _sms_manager
     00000A94  A$_sms_manager$1224                _sms_manager
     00000A95  A$_sms_manager$1225                _sms_manager
     00000A97  A$_sms_manager$1226                _sms_manager
     00000A98  A$_sms_manager$1227                _sms_manager
     00000A99  A$_sms_manager$1232                _sms_manager
     00000A99  C$_sms_manager.c$222$1$170         _sms_manager
     00000A99  XG$devkit_RGB$0$0                  _sms_manager
     00000A9A  A$_sms_manager$1245                _sms_manager
     00000A9A  C$_sms_manager.c$225$1$170         _sms_manager
     00000A9A  C$_sms_manager.c$227$1$172         _sms_manager
     00000A9A  G$devkit_SMS_loadBGPaletteHalfBr   _sms_manager
     00000A9A  _devkit_SMS_loadBGPaletteHalfBri   _sms_manager
     00000A9B  A$_sms_manager$1246                _sms_manager
     00000A9C  A$_sms_manager$1247                _sms_manager
     00000A9D  A$_sms_manager$1248                _sms_manager
     00000A9E  A$_sms_manager$1253                _sms_manager
     00000A9E  C$_sms_manager.c$228$1$172         _sms_manager
     00000A9E  XG$devkit_SMS_loadBGPaletteHalfB   _sms_manager
     00000AA1  A$_sms_manager$1266                _sms_manager
     00000AA1  C$_sms_manager.c$229$1$172         _sms_manager
     00000AA1  C$_sms_manager.c$231$1$174         _sms_manager
     00000AA1  G$devkit_SMS_loadSpritePaletteHa   _sms_manager
     00000AA1  _devkit_SMS_loadSpritePaletteHal   _sms_manager
     00000AA2  A$_sms_manager$1267                _sms_manager
     00000AA3  A$_sms_manager$1268                _sms_manager
     00000AA4  A$_sms_manager$1269                _sms_manager
     00000AA5  A$_sms_manager$1274                _sms_manager
     00000AA5  C$_sms_manager.c$232$1$174         _sms_manager
     00000AA5  XG$devkit_SMS_loadSpritePaletteH   _sms_manager
     00000AA8  A$_sms_manager$1291                _sms_manager
     00000AA8  C$_sms_manager.c$233$1$174         _sms_manager
     00000AA8  C$_sms_manager.c$235$1$176         _sms_manager
     00000AA8  C$_sms_manager.c$236$1$176         _sms_manager
     00000AA8  G$devkit_SMS_zeroBGPalette$0$0     _sms_manager
     00000AA8  XG$devkit_SMS_zeroBGPalette$0$0    _sms_manager
     00000AA8  _devkit_SMS_zeroBGPalette          _sms_manager
     00000AAB  A$_sms_manager$1308                _sms_manager
     00000AAB  C$_sms_manager.c$237$1$176         _sms_manager
     00000AAB  C$_sms_manager.c$239$1$178         _sms_manager
     00000AAB  C$_sms_manager.c$240$1$178         _sms_manager
     00000AAB  G$devkit_SMS_zeroSpritePalette$0   _sms_manager
     00000AAB  XG$devkit_SMS_zeroSpritePalette$   _sms_manager
ASxxxx Linker V03.00 + NoICE + sdld,  page 18.
Hexadecimal  [32-Bits]

Area                                    Addr        Size        Decimal Bytes (Attributes)
--------------------------------        ----        ----        ------- ----- ------------
_CODE                               00000200    000032E7 =       13031. bytes (REL,CON)

      Value  Global                              Global Defined In Module
      -----  --------------------------------   ------------------------
     00000AAB  _devkit_SMS_zeroSpritePalette      _sms_manager
     00000AAE  A$_sms_manager$1325                _sms_manager
     00000AAE  C$_sms_manager.c$250$1$178         _sms_manager
     00000AAE  C$_sms_manager.c$252$1$179         _sms_manager
     00000AAE  C$_sms_manager.c$253$1$179         _sms_manager
     00000AAE  G$devkit_SMS_getKeysStatus$0$0     _sms_manager
     00000AAE  XG$devkit_SMS_getKeysStatus$0$0    _sms_manager
     00000AAE  _devkit_SMS_getKeysStatus          _sms_manager
     00000AB1  A$_sms_manager$1342                _sms_manager
     00000AB1  C$_sms_manager.c$254$1$179         _sms_manager
     00000AB1  C$_sms_manager.c$256$1$180         _sms_manager
     00000AB1  C$_sms_manager.c$257$1$180         _sms_manager
     00000AB1  G$devkit_SMS_getKeysPressed$0$0    _sms_manager
     00000AB1  XG$devkit_SMS_getKeysPressed$0$0   _sms_manager
     00000AB1  _devkit_SMS_getKeysPressed         _sms_manager
     00000AB4  A$_sms_manager$1359                _sms_manager
     00000AB4  C$_sms_manager.c$258$1$180         _sms_manager
     00000AB4  C$_sms_manager.c$260$1$181         _sms_manager
     00000AB4  C$_sms_manager.c$261$1$181         _sms_manager
     00000AB4  G$devkit_SMS_getKeysHeld$0$0       _sms_manager
     00000AB4  XG$devkit_SMS_getKeysHeld$0$0      _sms_manager
     00000AB4  _devkit_SMS_getKeysHeld            _sms_manager
     00000AB7  A$_sms_manager$1376                _sms_manager
     00000AB7  C$_sms_manager.c$262$1$181         _sms_manager
     00000AB7  C$_sms_manager.c$264$1$182         _sms_manager
     00000AB7  C$_sms_manager.c$265$1$182         _sms_manager
     00000AB7  G$devkit_SMS_getKeysReleased$0$0   _sms_manager
     00000AB7  XG$devkit_SMS_getKeysReleased$0$   _sms_manager
     00000AB7  _devkit_SMS_getKeysReleased        _sms_manager
     00000ABA  A$_sms_manager$1389                _sms_manager
     00000ABA  C$_sms_manager.c$268$1$182         _sms_manager
     00000ABA  C$_sms_manager.c$270$1$183         _sms_manager
     00000ABA  G$devkit_PORT_A_KEY_UP$0$0         _sms_manager
     00000ABA  _devkit_PORT_A_KEY_UP              _sms_manager
     00000ABD  A$_sms_manager$1394                _sms_manager
     00000ABD  C$_sms_manager.c$271$1$183         _sms_manager
     00000ABD  XG$devkit_PORT_A_KEY_UP$0$0        _sms_manager
     00000ABE  A$_sms_manager$1407                _sms_manager
     00000ABE  C$_sms_manager.c$272$1$183         _sms_manager
     00000ABE  C$_sms_manager.c$274$1$184         _sms_manager
     00000ABE  G$devkit_PORT_A_KEY_DOWN$0$0       _sms_manager
     00000ABE  _devkit_PORT_A_KEY_DOWN            _sms_manager
     00000AC1  A$_sms_manager$1412                _sms_manager
     00000AC1  C$_sms_manager.c$275$1$184         _sms_manager
     00000AC1  XG$devkit_PORT_A_KEY_DOWN$0$0      _sms_manager
     00000AC2  A$_sms_manager$1425                _sms_manager
     00000AC2  C$_sms_manager.c$276$1$184         _sms_manager
     00000AC2  C$_sms_manager.c$278$1$185         _sms_manager
     00000AC2  G$devkit_PORT_A_KEY_LEFT$0$0       _sms_manager
     00000AC2  _devkit_PORT_A_KEY_LEFT            _sms_manager
     00000AC5  A$_sms_manager$1430                _sms_manager
ASxxxx Linker V03.00 + NoICE + sdld,  page 19.
Hexadecimal  [32-Bits]

Area                                    Addr        Size        Decimal Bytes (Attributes)
--------------------------------        ----        ----        ------- ----- ------------
_CODE                               00000200    000032E7 =       13031. bytes (REL,CON)

      Value  Global                              Global Defined In Module
      -----  --------------------------------   ------------------------
     00000AC5  C$_sms_manager.c$279$1$185         _sms_manager
     00000AC5  XG$devkit_PORT_A_KEY_LEFT$0$0      _sms_manager
     00000AC6  A$_sms_manager$1443                _sms_manager
     00000AC6  C$_sms_manager.c$280$1$185         _sms_manager
     00000AC6  C$_sms_manager.c$282$1$186         _sms_manager
     00000AC6  G$devkit_PORT_A_KEY_RIGHT$0$0      _sms_manager
     00000AC6  _devkit_PORT_A_KEY_RIGHT           _sms_manager
     00000AC9  A$_sms_manager$1448                _sms_manager
     00000AC9  C$_sms_manager.c$283$1$186         _sms_manager
     00000AC9  XG$devkit_PORT_A_KEY_RIGHT$0$0     _sms_manager
     00000ACA  A$_sms_manager$1461                _sms_manager
     00000ACA  C$_sms_manager.c$284$1$186         _sms_manager
     00000ACA  C$_sms_manager.c$286$1$187         _sms_manager
     00000ACA  G$devkit_PORT_A_KEY_1$0$0          _sms_manager
     00000ACA  _devkit_PORT_A_KEY_1               _sms_manager
     00000ACD  A$_sms_manager$1466                _sms_manager
     00000ACD  C$_sms_manager.c$287$1$187         _sms_manager
     00000ACD  XG$devkit_PORT_A_KEY_1$0$0         _sms_manager
     00000ACE  A$_sms_manager$1479                _sms_manager
     00000ACE  C$_sms_manager.c$288$1$187         _sms_manager
     00000ACE  C$_sms_manager.c$290$1$188         _sms_manager
     00000ACE  G$devkit_PORT_A_KEY_2$0$0          _sms_manager
     00000ACE  _devkit_PORT_A_KEY_2               _sms_manager
     00000AD1  A$_sms_manager$1484                _sms_manager
     00000AD1  C$_sms_manager.c$291$1$188         _sms_manager
     00000AD1  XG$devkit_PORT_A_KEY_2$0$0         _sms_manager
     00000AD2  A$_sms_manager$1497                _sms_manager
     00000AD2  C$_sms_manager.c$292$1$188         _sms_manager
     00000AD2  C$_sms_manager.c$294$1$189         _sms_manager
     00000AD2  G$devkit_PORT_A_KEY_START$0$0      _sms_manager
     00000AD2  _devkit_PORT_A_KEY_START           _sms_manager
     00000AD5  A$_sms_manager$1502                _sms_manager
     00000AD5  C$_sms_manager.c$295$1$189         _sms_manager
     00000AD5  XG$devkit_PORT_A_KEY_START$0$0     _sms_manager
     00000AD6  A$_sms_manager$1519                _sms_manager
     00000AD6  C$_sms_manager.c$299$1$189         _sms_manager
     00000AD6  C$_sms_manager.c$301$1$190         _sms_manager
     00000AD6  C$_sms_manager.c$302$1$190         _sms_manager
     00000AD6  G$devkit_UNSAFE_SMS_copySpritest   _sms_manager
     00000AD6  XG$devkit_UNSAFE_SMS_copySprites   _sms_manager
     00000AD6  _devkit_UNSAFE_SMS_copySpritesto   _sms_manager
     00000AD9  A$_sms_manager$1536                _sms_manager
     00000AD9  C$_sms_manager.c$308$1$190         _sms_manager
     00000AD9  C$_sms_manager.c$310$1$191         _sms_manager
     00000AD9  C$_sms_manager.c$311$1$191         _sms_manager
     00000AD9  G$devkit_SMS_queryPauseRequested   _sms_manager
     00000AD9  XG$devkit_SMS_queryPauseRequeste   _sms_manager
     00000AD9  _devkit_SMS_queryPauseRequested    _sms_manager
     00000ADC  A$_sms_manager$1553                _sms_manager
     00000ADC  C$_sms_manager.c$312$1$191         _sms_manager
     00000ADC  C$_sms_manager.c$314$1$192         _sms_manager
ASxxxx Linker V03.00 + NoICE + sdld,  page 20.
Hexadecimal  [32-Bits]

Area                                    Addr        Size        Decimal Bytes (Attributes)
--------------------------------        ----        ----        ------- ----- ------------
_CODE                               00000200    000032E7 =       13031. bytes (REL,CON)

      Value  Global                              Global Defined In Module
      -----  --------------------------------   ------------------------
     00000ADC  C$_sms_manager.c$315$1$192         _sms_manager
     00000ADC  G$devkit_SMS_resetPauseRequest$0   _sms_manager
     00000ADC  XG$devkit_SMS_resetPauseRequest$   _sms_manager
     00000ADC  _devkit_SMS_resetPauseRequest      _sms_manager
     00000ADF  A$_sms_manager$1566                _sms_manager
     00000ADF  C$_sms_manager.c$317$1$192         _sms_manager
     00000ADF  C$_sms_manager.c$319$1$193         _sms_manager
     00000ADF  G$devkit_isCollisionDetected$0$0   _sms_manager
     00000ADF  _devkit_isCollisionDetected        _sms_manager
     00000AE2  A$_sms_manager$1567                _sms_manager
     00000AE4  A$_sms_manager$1568                _sms_manager
     00000AE5  A$_sms_manager$1573                _sms_manager
     00000AE5  C$_sms_manager.c$320$1$193         _sms_manager
     00000AE5  XG$devkit_isCollisionDetected$0$   _sms_manager
     00000AE6  A$_sms_manager$1583                _sms_manager
     00000AE6  C$_sms_manager.c$326$1$193         _sms_manager
     00000AE6  G$devkit_SMS_addSprite_bulk8$0$0   _sms_manager
     00000AE6  _devkit_SMS_addSprite_bulk8        _sms_manager
     00000AE8  A$_sms_manager$1584                _sms_manager
     00000AEC  A$_sms_manager$1585                _sms_manager
     00000AEE  A$_sms_manager$1589                _sms_manager
     00000AEE  C$_sms_manager.c$328$1$195         _sms_manager
     00000AF1  A$_sms_manager$1590                _sms_manager
     00000AF4  A$_sms_manager$1591                _sms_manager
     00000AF5  A$_sms_manager$1592                _sms_manager
     00000AF8  A$_sms_manager$1593                _sms_manager
     00000AFB  A$_sms_manager$1594                _sms_manager
     00000AFC  A$_sms_manager$1595                _sms_manager
     00000AFF  A$_sms_manager$1596                _sms_manager
     00000B00  A$_sms_manager$1597                _sms_manager
     00000B01  A$_sms_manager$1601                _sms_manager
     00000B01  C$_sms_manager.c$329$1$195         _sms_manager
     00000B04  A$_sms_manager$1602                _sms_manager
     00000B07  A$_sms_manager$1603                _sms_manager
     00000B08  A$_sms_manager$1604                _sms_manager
     00000B0B  A$_sms_manager$1605                _sms_manager
     00000B0D  A$_sms_manager$1606                _sms_manager
     00000B0E  A$_sms_manager$1607                _sms_manager
     00000B0F  A$_sms_manager$1608                _sms_manager
     00000B10  A$_sms_manager$1609                _sms_manager
     00000B13  A$_sms_manager$1610                _sms_manager
     00000B14  A$_sms_manager$1611                _sms_manager
     00000B15  A$_sms_manager$1612                _sms_manager
     00000B16  A$_sms_manager$1613                _sms_manager
     00000B17  A$_sms_manager$1614                _sms_manager
     00000B1A  A$_sms_manager$1615                _sms_manager
     00000B1B  A$_sms_manager$1616                _sms_manager
     00000B1C  A$_sms_manager$1617                _sms_manager
     00000B1D  A$_sms_manager$1621                _sms_manager
     00000B1D  C$_sms_manager.c$331$1$195         _sms_manager
     00000B20  A$_sms_manager$1622                _sms_manager
ASxxxx Linker V03.00 + NoICE + sdld,  page 21.
Hexadecimal  [32-Bits]

Area                                    Addr        Size        Decimal Bytes (Attributes)
--------------------------------        ----        ----        ------- ----- ------------
_CODE                               00000200    000032E7 =       13031. bytes (REL,CON)

      Value  Global                              Global Defined In Module
      -----  --------------------------------   ------------------------
     00000B23  A$_sms_manager$1623                _sms_manager
     00000B24  A$_sms_manager$1624                _sms_manager
     00000B25  A$_sms_manager$1625                _sms_manager
     00000B28  A$_sms_manager$1626                _sms_manager
     00000B2A  A$_sms_manager$1627                _sms_manager
     00000B2B  A$_sms_manager$1628                _sms_manager
     00000B2C  A$_sms_manager$1629                _sms_manager
     00000B2D  A$_sms_manager$1630                _sms_manager
     00000B2E  A$_sms_manager$1631                _sms_manager
     00000B2F  A$_sms_manager$1632                _sms_manager
     00000B30  A$_sms_manager$1633                _sms_manager
     00000B33  A$_sms_manager$1634                _sms_manager
     00000B34  A$_sms_manager$1635                _sms_manager
     00000B35  A$_sms_manager$1636                _sms_manager
     00000B38  A$_sms_manager$1637                _sms_manager
     00000B39  A$_sms_manager$1638                _sms_manager
     00000B3A  A$_sms_manager$1639                _sms_manager
     00000B3B  A$_sms_manager$1640                _sms_manager
     00000B3C  A$_sms_manager$1644                _sms_manager
     00000B3C  C$_sms_manager.c$332$1$195         _sms_manager
     00000B3F  A$_sms_manager$1645                _sms_manager
     00000B42  A$_sms_manager$1646                _sms_manager
     00000B43  A$_sms_manager$1647                _sms_manager
     00000B44  A$_sms_manager$1648                _sms_manager
     00000B45  A$_sms_manager$1649                _sms_manager
     00000B46  A$_sms_manager$1650                _sms_manager
     00000B47  A$_sms_manager$1651                _sms_manager
     00000B48  A$_sms_manager$1652                _sms_manager
     00000B49  A$_sms_manager$1653                _sms_manager
     00000B4C  A$_sms_manager$1654                _sms_manager
     00000B4D  A$_sms_manager$1655                _sms_manager
     00000B4E  A$_sms_manager$1656                _sms_manager
     00000B4F  A$_sms_manager$1660                _sms_manager
     00000B4F  C$_sms_manager.c$334$1$195         _sms_manager
     00000B52  A$_sms_manager$1661                _sms_manager
     00000B54  A$_sms_manager$1662                _sms_manager
     00000B55  A$_sms_manager$1663                _sms_manager
     00000B58  A$_sms_manager$1664                _sms_manager
     00000B5A  A$_sms_manager$1665                _sms_manager
     00000B5B  A$_sms_manager$1666                _sms_manager
     00000B5E  A$_sms_manager$1667                _sms_manager
     00000B60  A$_sms_manager$1668                _sms_manager
     00000B61  A$_sms_manager$1669                _sms_manager
     00000B62  A$_sms_manager$1670                _sms_manager
     00000B63  A$_sms_manager$1671                _sms_manager
     00000B64  A$_sms_manager$1672                _sms_manager
     00000B65  A$_sms_manager$1673                _sms_manager
     00000B66  A$_sms_manager$1674                _sms_manager
     00000B69  A$_sms_manager$1675                _sms_manager
     00000B6A  A$_sms_manager$1676                _sms_manager
     00000B6B  A$_sms_manager$1677                _sms_manager
ASxxxx Linker V03.00 + NoICE + sdld,  page 22.
Hexadecimal  [32-Bits]

Area                                    Addr        Size        Decimal Bytes (Attributes)
--------------------------------        ----        ----        ------- ----- ------------
_CODE                               00000200    000032E7 =       13031. bytes (REL,CON)

      Value  Global                              Global Defined In Module
      -----  --------------------------------   ------------------------
     00000B6E  A$_sms_manager$1678                _sms_manager
     00000B6F  A$_sms_manager$1679                _sms_manager
     00000B70  A$_sms_manager$1680                _sms_manager
     00000B71  A$_sms_manager$1681                _sms_manager
     00000B72  A$_sms_manager$1685                _sms_manager
     00000B72  C$_sms_manager.c$335$1$195         _sms_manager
     00000B75  A$_sms_manager$1686                _sms_manager
     00000B77  A$_sms_manager$1687                _sms_manager
     00000B78  A$_sms_manager$1688                _sms_manager
     00000B7B  A$_sms_manager$1689                _sms_manager
     00000B7D  A$_sms_manager$1690                _sms_manager
     00000B7E  A$_sms_manager$1691                _sms_manager
     00000B7F  A$_sms_manager$1692                _sms_manager
     00000B80  A$_sms_manager$1693                _sms_manager
     00000B81  A$_sms_manager$1694                _sms_manager
     00000B82  A$_sms_manager$1695                _sms_manager
     00000B85  A$_sms_manager$1696                _sms_manager
     00000B86  A$_sms_manager$1697                _sms_manager
     00000B87  A$_sms_manager$1698                _sms_manager
     00000B88  A$_sms_manager$1702                _sms_manager
     00000B88  C$_sms_manager.c$337$1$195         _sms_manager
     00000B8B  A$_sms_manager$1703                _sms_manager
     00000B8D  A$_sms_manager$1704                _sms_manager
     00000B8E  A$_sms_manager$1705                _sms_manager
     00000B91  A$_sms_manager$1706                _sms_manager
     00000B93  A$_sms_manager$1707                _sms_manager
     00000B94  A$_sms_manager$1708                _sms_manager
     00000B97  A$_sms_manager$1709                _sms_manager
     00000B99  A$_sms_manager$1710                _sms_manager
     00000B9A  A$_sms_manager$1711                _sms_manager
     00000B9B  A$_sms_manager$1712                _sms_manager
     00000B9C  A$_sms_manager$1713                _sms_manager
     00000B9D  A$_sms_manager$1714                _sms_manager
     00000B9E  A$_sms_manager$1715                _sms_manager
     00000B9F  A$_sms_manager$1716                _sms_manager
     00000BA2  A$_sms_manager$1717                _sms_manager
     00000BA3  A$_sms_manager$1718                _sms_manager
     00000BA4  A$_sms_manager$1719                _sms_manager
     00000BA7  A$_sms_manager$1720                _sms_manager
     00000BA8  A$_sms_manager$1721                _sms_manager
     00000BA9  A$_sms_manager$1722                _sms_manager
     00000BAA  A$_sms_manager$1723                _sms_manager
     00000BAB  A$_sms_manager$1727                _sms_manager
     00000BAB  C$_sms_manager.c$338$1$195         _sms_manager
     00000BAE  A$_sms_manager$1728                _sms_manager
     00000BB0  A$_sms_manager$1729                _sms_manager
     00000BB1  A$_sms_manager$1730                _sms_manager
     00000BB4  A$_sms_manager$1731                _sms_manager
     00000BB6  A$_sms_manager$1732                _sms_manager
     00000BB7  A$_sms_manager$1733                _sms_manager
     00000BB8  A$_sms_manager$1734                _sms_manager
ASxxxx Linker V03.00 + NoICE + sdld,  page 23.
Hexadecimal  [32-Bits]

Area                                    Addr        Size        Decimal Bytes (Attributes)
--------------------------------        ----        ----        ------- ----- ------------
_CODE                               00000200    000032E7 =       13031. bytes (REL,CON)

      Value  Global                              Global Defined In Module
      -----  --------------------------------   ------------------------
     00000BB9  A$_sms_manager$1735                _sms_manager
     00000BBA  A$_sms_manager$1736                _sms_manager
     00000BBD  A$_sms_manager$1737                _sms_manager
     00000BBE  A$_sms_manager$1738                _sms_manager
     00000BBF  A$_sms_manager$1739                _sms_manager
     00000BC1  A$_sms_manager$1744                _sms_manager
     00000BC1  C$_sms_manager.c$339$1$195         _sms_manager
     00000BC1  XG$devkit_SMS_addSprite_bulk8$0$   _sms_manager
     00000BC2  A$_sms_manager$1754                _sms_manager
     00000BC2  C$_sms_manager.c$340$1$195         _sms_manager
     00000BC2  G$devkit_SMS_addSprite_bulk12$0$   _sms_manager
     00000BC2  _devkit_SMS_addSprite_bulk12       _sms_manager
     00000BC4  A$_sms_manager$1755                _sms_manager
     00000BC8  A$_sms_manager$1756                _sms_manager
     00000BCA  A$_sms_manager$1760                _sms_manager
     00000BCA  C$_sms_manager.c$342$1$197         _sms_manager
     00000BCD  A$_sms_manager$1761                _sms_manager
     00000BCE  A$_sms_manager$1762                _sms_manager
     00000BCF  A$_sms_manager$1763                _sms_manager
     00000BD2  A$_sms_manager$1764                _sms_manager
     00000BD3  A$_sms_manager$1765                _sms_manager
     00000BD6  A$_sms_manager$1766                _sms_manager
     00000BD7  A$_sms_manager$1767                _sms_manager
     00000BD8  A$_sms_manager$1768                _sms_manager
     00000BDB  A$_sms_manager$1769                _sms_manager
     00000BDC  A$_sms_manager$1770                _sms_manager
     00000BDD  A$_sms_manager$1771                _sms_manager
     00000BDE  A$_sms_manager$1775                _sms_manager
     00000BDE  C$_sms_manager.c$343$1$197         _sms_manager
     00000BDF  A$_sms_manager$1776                _sms_manager
     00000BE0  A$_sms_manager$1777                _sms_manager
     00000BE3  A$_sms_manager$1778                _sms_manager
     00000BE5  A$_sms_manager$1779                _sms_manager
     00000BE6  A$_sms_manager$1780                _sms_manager
     00000BE7  A$_sms_manager$1781                _sms_manager
     00000BE8  A$_sms_manager$1782                _sms_manager
[...]
     0000111B  A$sprite_manager$116               sprite_manager
     0000111C  A$sprite_manager$117               sprite_manager
     0000111D  A$sprite_manager$118               sprite_manager
     0000111E  A$sprite_manager$119               sprite_manager
     0000111F  A$sprite_manager$120               sprite_manager
     00001120  A$sprite_manager$121               sprite_manager
     00001121  A$sprite_manager$122               sprite_manager
     00001124  A$sprite_manager$123               sprite_manager
     00001125  A$sprite_manager$124               sprite_manager
     00001126  A$sprite_manager$125               sprite_manager
     00001128  A$sprite_manager$130               sprite_manager
     00001128  C$sprite_manager.c$10$1$38         sprite_manager
     00001128  XG$engine_sprite_manager_draw$0$   sprite_manager
     00001129  G$font_tiles__palette__bin$0$0     gfx
     00001129  _font_tiles__palette__bin          gfx
     00001139  G$font_tiles__tilemap__bin$0$0     gfx
     00001139  _font_tiles__tilemap__bin          gfx
     000011B9  G$font_tiles__tiles__psgcompr$0$   gfx
     000011B9  _font_tiles__tiles__psgcompr       gfx
     00001450  G$sprites__palette__bin$0$0        gfx
     00001450  _sprites__palette__bin             gfx
ASxxxx Linker V03.00 + NoICE + sdld,  page 45.
Hexadecimal  [32-Bits]

Area                                    Addr        Size        Decimal Bytes (Attributes)
--------------------------------        ----        ----        ------- ----- ------------
_CODE                               00000200    000032E7 =       13031. bytes (REL,CON)

      Value  Global                              Global Defined In Module
      -----  --------------------------------   ------------------------
     00001460  G$sprites__tiles__psgcompr$0$0     gfx
     00001460  _sprites__tiles__psgcompr          gfx
     0000149E  G$tree_avoid__palette__bin$0$0     gfx
     0000149E  _tree_avoid__palette__bin          gfx
     000014AE  G$tree_avoid__tilemap__bin$0$0     gfx
     000014AE  _tree_avoid__tilemap__bin          gfx
     000014B6  G$tree_avoid__tiles__psgcompr$0$   gfx
     000014B6  _tree_avoid__tiles__psgcompr       gfx
     00001508  G$music_psg$0$0                    psg
     00001508  _music_psg                         psg
     00001B2D  G$phone_psg$0$0                    psg
     00001B2D  _phone_psg                         psg
     00002DA5  G$sound1_psg$0$0                   psg
     00002DA5  _sound1_psg                        psg
     00002DD0  G$sound2_psg$0$0                   psg
     00002DD0  _sound2_psg                        psg
     00002DF0  G$sound3_psg$0$0                   psg
     00002DF0  _sound3_psg                        psg
     00002E13  __divuint                          
     00002E1B  __divuchar                         
     00002E22  __divu8                            
     00002E25  __divu16                           
     00002E54  _UNSAFE_SMS_copySpritestoSAT       SMSlib_UNSAFE
     00002E9B  _UNSAFE_SMS_VRAMmemcpy32           SMSlib_UNSAFE
     00002EBB  _UNSAFE_SMS_VRAMmemcpy64           SMSlib_UNSAFE
     00002EDB  _UNSAFE_SMS_VRAMmemcpy128          SMSlib_UNSAFE
     00002EFB  _SMS_init                          SMSlib
     00002F2D  _VDPReg_init                       SMSlib
     00002F38  _SMS_VDPturnOnFeature              SMSlib
     00002F4D  _SMS_VDPturnOffFeature             SMSlib
     00002F65  _SMS_setBGScrollX                  SMSlib
     00002F6F  _SMS_setBGScrollY                  SMSlib
     00002F79  _SMS_setBackdropColor              SMSlib
     00002F83  _SMS_useFirstHalfTilesforSprites   SMSlib
     00002F99  _SMS_setSpriteMode                 SMSlib
     00002FE7  _SMS_setBGPaletteColor             SMSlib
     00002FFB  _SMS_setSpritePaletteColor         SMSlib
     0000300F  _SMS_loadBGPalette                 SMSlib
     00003024  _SMS_loadSpritePalette             SMSlib
     00003039  _SMS_setColor                      SMSlib
     0000303D  _SMS_waitForVBlank                 SMSlib
     0000304A  _SMS_getKeysStatus                 SMSlib
     0000304E  _SMS_getKeysPressed                SMSlib
     0000306B  _SMS_getKeysHeld                   SMSlib
     0000307F  _SMS_getKeysReleased               SMSlib
     0000309C  _SMS_queryPauseRequested           SMSlib
     000030A1  _SMS_resetPauseRequest             SMSlib
     000030A7  _SMS_setLineInterruptHandler       SMSlib
     000030AB  _SMS_setLineCounter                SMSlib
     000030B5  _SMS_getVCount                     SMSlib
     000030B9  _SMS_getHCount                     SMSlib
ASxxxx Linker V03.00 + NoICE + sdld,  page 46.
Hexadecimal  [32-Bits]

Area                                    Addr        Size        Decimal Bytes (Attributes)
--------------------------------        ----        ----        ------- ----- ------------
_CODE                               00000200    000032E7 =       13031. bytes (REL,CON)

      Value  Global                              Global Defined In Module
      -----  --------------------------------   ------------------------
     000030BD  _SMS_isr                           SMSlib
     000030F3  _SMS_nmi_isr                       SMSlib
     000030FC  _SMS_loadPSGaidencompressedTiles   SMSlib_PSGaiden
     000031D6  _SMS_load1bppTiles                 SMSlib_load1bppTiles
     00003248  _SMS_loadBGPaletteHalfBrightness   SMSlib_paletteAdv
     0000325F  _SMS_zeroBGPalette                 SMSlib_paletteAdv
     00003273  _SMS_loadSpritePaletteHalfBright   SMSlib_paletteAdv
     0000328A  _SMS_zeroSpritePalette             SMSlib_paletteAdv
     0000329E  _SMS_initSprites                   SMSlib_sprite
     000032A4  _SMS_addSprite                     SMSlib_sprite
     000032D7  _SMS_copySpritestoSAT              SMSlib_sprite
     0000330D  ___sdcc_call_hl                    
     0000330E  _SMS_finalizeSprites               SMSlib_deprecated
     0000330F  _SMS_VRAMmemcpy                    SMSlib_VRAMmemcpy
     00003328  _SMS_loadSTMcompressedTileMapatA   SMSlib_STMcomp
     00003450  _SMS_loadTileMapArea               SMSlib_loadTileMapArea
     000034D0  __moduchar                         
     000034DC  __moduint                          

ASxxxx Linker V03.00 + NoICE + sdld,  page 47.
Hexadecimal  [32-Bits]

Area                                    Addr        Size        Decimal Bytes (Attributes)
--------------------------------        ----        ----        ------- ----- ------------
_HEADER0                            00000000    00000008 =           8. bytes (ABS,CON)

      Value  Global                              Global Defined In Module
      -----  --------------------------------   ------------------------
ASxxxx Linker V03.00 + NoICE + sdld,  page 48.
Hexadecimal  [32-Bits]

Area                                    Addr        Size        Decimal Bytes (Attributes)
--------------------------------        ----        ----        ------- ----- ------------
_HEADER1                            00000000    00000009 =           9. bytes (ABS,CON)

      Value  Global                              Global Defined In Module
      -----  --------------------------------   ------------------------
     00000008  _SMS_crt0_RST08                    crt0

ASxxxx Linker V03.00 + NoICE + sdld,  page 49.
Hexadecimal  [32-Bits]

Area                                    Addr        Size        Decimal Bytes (Attributes)
--------------------------------        ----        ----        ------- ----- ------------
_HEADER2                            00000000    00000018 =          24. bytes (ABS,CON)

      Value  Global                              Global Defined In Module
      -----  --------------------------------   ------------------------
     00000018  _SMS_crt0_RST18                    crt0

ASxxxx Linker V03.00 + NoICE + sdld,  page 50.
Hexadecimal  [32-Bits]

Area                                    Addr        Size        Decimal Bytes (Attributes)
--------------------------------        ----        ----        ------- ----- ------------
_HEADER3                            00000000    0000002B =          43. bytes (ABS,CON)

      Value  Global                              Global Defined In Module
      -----  --------------------------------   ------------------------
ASxxxx Linker V03.00 + NoICE + sdld,  page 51.
Hexadecimal  [32-Bits]

Area                                    Addr        Size        Decimal Bytes (Attributes)
--------------------------------        ----        ----        ------- ----- ------------
_HEADER4                            00000000    00000104 =         260. bytes (ABS,CON)

      Value  Global                              Global Defined In Module
      -----  --------------------------------   ------------------------
     00000069  _OUTI128                           crt0
     000000E9  _OUTI64                            crt0
     00000129  _OUTI32                            crt0
     00000169  _outi_block                        crt0

ASxxxx Linker V03.00 + NoICE + sdld,  page 52.
Hexadecimal  [32-Bits]

Area                                    Addr        Size        Decimal Bytes (Attributes)
--------------------------------        ----        ----        ------- ----- ------------
_INITIALIZER                        000034E7    00000009 =           9. bytes (REL,CON)

      Value  Global                              Global Defined In Module
      -----  --------------------------------   ------------------------
     000034E7  Finput_manager$__xinit_curr_joyp   input_manager
     000034E9  Finput_manager$__xinit_prev_joyp   input_manager

ASxxxx Linker V03.00 + NoICE + sdld,  page 53.
Hexadecimal  [32-Bits]

Area                                    Addr        Size        Decimal Bytes (Attributes)
--------------------------------        ----        ----        ------- ----- ------------
_GSINIT                             000034F0    0000000F =          15. bytes (REL,CON)

      Value  Global                              Global Defined In Module
      -----  --------------------------------   ------------------------
     000034F0  gsinit                             crt0

ASxxxx Linker V03.00 + NoICE + sdld,  page 54.
Hexadecimal  [32-Bits]

Area                                    Addr        Size        Decimal Bytes (Attributes)
--------------------------------        ----        ----        ------- ----- ------------
_GSFINAL                            000034FF    00000001 =           1. bytes (REL,CON)

      Value  Global                              Global Defined In Module
      -----  --------------------------------   ------------------------
ASxxxx Linker V03.00 + NoICE + sdld,  page 55.
Hexadecimal  [32-Bits]

Area                                    Addr        Size        Decimal Bytes (Attributes)
--------------------------------        ----        ----        ------- ----- ------------
_DATA                               0000C000    00000119 =         281. bytes (REL,CON)

      Value  Global                              Global Defined In Module
      -----  --------------------------------   ------------------------
     0000C000  _PSGMusicStatus                    PSGlib
     0000C001  _PSGMusicStart                     PSGlib
     0000C003  _PSGMusicPointer                   PSGlib
     0000C005  _PSGMusicLoopPoint                 PSGlib
     0000C007  _PSGMusicSkipFrames                PSGlib
     0000C008  _PSGLoopFlag                       PSGlib
     0000C009  _PSGMusicLastLatch                 PSGlib
     0000C00A  _PSGMusicVolumeAttenuation         PSGlib
     0000C00B  _PSGMusicSubstringLen              PSGlib
     0000C00C  _PSGMusicSubstringRetAddr          PSGlib
     0000C00E  _PSGChan0Volume                    PSGlib
     0000C00F  _PSGChan1Volume                    PSGlib
     0000C010  _PSGChan2Volume                    PSGlib
     0000C011  _PSGChan3Volume                    PSGlib
     0000C012  _PSGChan2LowTone                   PSGlib
     0000C013  _PSGChan2HighTone                  PSGlib
     0000C014  _PSGChan3LowTone                   PSGlib
     0000C015  _PSGChannel2SFX                    PSGlib
     0000C016  _PSGChannel3SFX                    PSGlib
     0000C017  _PSGSFXChan2Volume                 PSGlib
     0000C018  _PSGSFXChan3Volume                 PSGlib
     0000C019  _PSGSFXStatus                      PSGlib
     0000C01A  _PSGSFXStart                       PSGlib
     0000C01C  _PSGSFXPointer                     PSGlib
     0000C01E  _PSGSFXLoopPoint                   PSGlib
     0000C020  _PSGSFXSkipFrames                  PSGlib
     0000C021  _PSGSFXLoopFlag                    PSGlib
     0000C022  _PSGSFXSubstringLen                PSGlib
     0000C023  _PSGSFXSubstringRetAddr            PSGlib
     0000C025  _VDPBlank                          SMSlib
     0000C026  _SMS_VDPFlags                      SMSlib
     0000C027  _PauseRequested                    SMSlib
     0000C028  _SMS_Port3EBIOSvalue               SMSlib
     0000C029  _KeysStatus                        SMSlib
     0000C02B  _PreviousKeysStatus                SMSlib
     0000C02D  _SMS_theLineInterruptHandler       SMSlib
     0000C02F  _decompBuffer                      SMSlib_PSGaiden
     0000C04F  _SpriteTableY                      SMSlib_sprite
     0000C08F  _SpriteTableXN                     SMSlib_sprite
     0000C10F  _SpriteNextFree                    SMSlib_sprite
     0000C110  _STM_src                           SMSlib_STMcomp
     0000C112  _STM_dest                          SMSlib_STMcomp
     0000C114  _STM_HH                            SMSlib_STMcomp
     0000C115  _STM_oldHH                         SMSlib_STMcomp
     0000C116  _STM_needRestore                   SMSlib_STMcomp
     0000C117  _STM_ttw                           SMSlib_STMcomp
     0000C118  _STM_width                         SMSlib_STMcomp

ASxxxx Linker V03.00 + NoICE + sdld,  page 56.
Hexadecimal  [32-Bits]

Area                                    Addr        Size        Decimal Bytes (Attributes)
--------------------------------        ----        ----        ------- ----- ------------
_INITIALIZED                        0000C119    00000009 =           9. bytes (REL,CON)

      Value  Global                              Global Defined In Module
      -----  --------------------------------   ------------------------
     0000C119  Finput_manager$curr_joypad1$0$0    input_manager
     0000C11B  Finput_manager$prev_joypad1$0$0    input_manager
     0000C11D  _VDPReg                            SMSlib
     0000C11F  _spritesHeight                     SMSlib
     0000C120  _spritesWidth                      SMSlib
     0000C121  _spritesTileOffset                 SMSlib
ASxxxx Linker V03.00 + NoICE + sdld,  page 57.
Hexadecimal  [32-Bits]

Area                                    Addr        Size        Decimal Bytes (Attributes)
--------------------------------        ----        ----        ------- ----- ------------
_CABS0                              00000000    00000010 =          16. bytes (ABS,CON)

      Value  Global                              Global Defined In Module
      -----  --------------------------------   ------------------------
     00007FF0  G$__SMS__SEGA_signature$0$0        _sms_manager
     00007FF0  ___SMS__SEGA_signature             _sms_manager

ASxxxx Linker V03.00 + NoICE + sdld,  page 58.
Hexadecimal  [32-Bits]

Area                                    Addr        Size        Decimal Bytes (Attributes)
--------------------------------        ----        ----        ------- ----- ------------
_CABS1                              00000000    0000000E =          14. bytes (ABS,CON)

      Value  Global                              Global Defined In Module
      -----  --------------------------------   ------------------------
     00007FD2  G$__SMS__SDSC_author$0$0           _sms_manager
     00007FD2  ___SMS__SDSC_author                _sms_manager

ASxxxx Linker V03.00 + NoICE + sdld,  page 59.
Hexadecimal  [32-Bits]

Area                                    Addr        Size        Decimal Bytes (Attributes)
--------------------------------        ----        ----        ------- ----- ------------
_CABS2                              00000000    0000000D =          13. bytes (ABS,CON)

      Value  Global                              Global Defined In Module
      -----  --------------------------------   ------------------------
     00007FC5  G$__SMS__SDSC_name$0$0             _sms_manager
     00007FC5  ___SMS__SDSC_name                  _sms_manager

ASxxxx Linker V03.00 + NoICE + sdld,  page 60.
Hexadecimal  [32-Bits]

Area                                    Addr        Size        Decimal Bytes (Attributes)
--------------------------------        ----        ----        ------- ----- ------------
_CABS3                              00000000    00000038 =          56. bytes (ABS,CON)

      Value  Global                              Global Defined In Module
      -----  --------------------------------   ------------------------
     00007F8D  G$__SMS__SDSC_descr$0$0            _sms_manager
     00007F8D  ___SMS__SDSC_descr                 _sms_manager

ASxxxx Linker V03.00 + NoICE + sdld,  page 61.
Hexadecimal  [32-Bits]

Area                                    Addr        Size        Decimal Bytes (Attributes)
--------------------------------        ----        ----        ------- ----- ------------
_CABS4                              00000000    00000010 =          16. bytes (ABS,CON)

      Value  Global                              Global Defined In Module
      -----  --------------------------------   ------------------------
     00007FE0  G$__SMS__SDSC_signature$0$0        _sms_manager
     00007FE0  ___SMS__SDSC_signature             _sms_manager

ASxxxx Linker V03.00 + NoICE + sdld,  page 62.

Files Linked                              [ module(s) ]

../crt0/crt0_sms.rel                      [ crt0 ]
main.rel                                  [ main ]
../lib/PSGlib.rel                         [ PSGlib ]
devkit/_sms_manager.rel                   [ _sms_manager ]
devkit/_snd_manager.rel                   [ _snd_manager ]
engine/asm_manager.rel                    [ asm_manager ]
engine/content_manager.rel                [ content_manager ]
engine/font_manager.rel                   [ font_manager ]
engine/input_manager.rel                  [ input_manager ]
engine/screen_manager.rel                 [ screen_manager ]
engine/sound_manager.rel                  [ sound_manager ]
engine/sprite_manager.rel                 [ sprite_manager ]
content/gfx.rel                           [ gfx ]
content/psg.rel                           [ psg ]


Libraries Linked                          [ object file ]

C:\Program Files\SDCC\bin\..\lib\z80/z80.lib
                                          [ divunsigned.rel ]
../lib/SMSlib.lib                         [ SMSlib_UNSAFE.rel ]
../lib/SMSlib.lib                         [ SMSlib.rel ]
../lib/SMSlib.lib                         [ SMSlib_PSGaiden.rel ]
../lib/SMSlib.lib                         [ SMSlib_load1bppTiles.rel ]
../lib/SMSlib.lib                         [ SMSlib_paletteAdv.rel ]
../lib/SMSlib.lib                         [ SMSlib_sprite.rel ]
C:\Program Files\SDCC\bin\..\lib\z80/z80.lib
                                          [ __sdcc_call_hl.rel ]
../lib/SMSlib.lib                         [ SMSlib_deprecated.rel ]
../lib/SMSlib.lib                         [ SMSlib_VRAMmemcpy.rel ]
../lib/SMSlib.lib                         [ SMSlib_STMcomp.rel ]
../lib/SMSlib.lib                         [ SMSlib_loadTileMapArea.rel ]
C:\Program Files\SDCC\bin\..\lib\z80/z80.lib
                                          [ modunsigned.rel ]

ASxxxx Linker V03.00 + NoICE + sdld,  page 63.

User Base Address Definitions

_CODE = 0x0200
_DATA = 0xc000

