                              1 ;--------------------------------------------------------
                              2 ; File Created by SDCC : free open source ANSI-C Compiler
                              3 ; Version 3.6.9 #9960 (MINGW64)
                              4 ;--------------------------------------------------------
                              5 	.module main
                              6 	.optsdcc -mz80
                              7 	
                              8 ;--------------------------------------------------------
                              9 ; Public variables in this module
                             10 ;--------------------------------------------------------
                             11 	.globl _main
                             12 	.globl _devkit_VDPFEATURE_HIDEFIRSTCOL
                             13 	.globl _devkit_SPRITEMODE_NORMAL
                             14 	.globl _devkit_SMS_waitForVBlank
                             15 	.globl _devkit_SMS_setSpritePaletteColor
                             16 	.globl _devkit_SMS_VDPturnOnFeature
                             17 	.globl _devkit_SMS_useFirstHalfTilesforSprites_False
                             18 	.globl _devkit_SMS_setSpriteMode
                             19 	.globl _devkit_SMS_displayOff
                             20 	.globl _devkit_SMS_displayOn
                             21 	.globl _devkit_SMS_init
                             22 ;--------------------------------------------------------
                             23 ; special function registers
                             24 ;--------------------------------------------------------
                             25 ;--------------------------------------------------------
                             26 ; ram data
                             27 ;--------------------------------------------------------
                             28 	.area _DATA
                             29 ;--------------------------------------------------------
                             30 ; ram data
                             31 ;--------------------------------------------------------
                             32 	.area _INITIALIZED
                             33 ;--------------------------------------------------------
                             34 ; absolute external ram data
                             35 ;--------------------------------------------------------
                             36 	.area _DABS (ABS)
                             37 ;--------------------------------------------------------
                             38 ; global & static initialisations
                             39 ;--------------------------------------------------------
                             40 	.area _HOME
                             41 	.area _GSINIT
                             42 	.area _GSFINAL
                             43 	.area _GSINIT
                             44 ;--------------------------------------------------------
                             45 ; Home
                             46 ;--------------------------------------------------------
                             47 	.area _HOME
                             48 	.area _HOME
                             49 ;--------------------------------------------------------
                             50 ; code
                             51 ;--------------------------------------------------------
                             52 	.area _CODE
                     0000    53 	G$main$0$0	= .
                             54 	.globl	G$main$0$0
                     0000    55 	C$main.c$3$0$0	= .
                             56 	.globl	C$main.c$3$0$0
                             57 ;main.c:3: void main( void )
                             58 ;	---------------------------------
                             59 ; Function main
                             60 ; ---------------------------------
   0000                      61 _main::
                     0000    62 	C$main.c$5$1$38	= .
                             63 	.globl	C$main.c$5$1$38
                             64 ;main.c:5: devkit_SMS_init();
   0000 CDr00r00      [17]   65 	call	_devkit_SMS_init
                     0003    66 	C$main.c$6$1$38	= .
                             67 	.globl	C$main.c$6$1$38
                             68 ;main.c:6: devkit_SMS_displayOff();
   0003 CDr00r00      [17]   69 	call	_devkit_SMS_displayOff
                     0006    70 	C$main.c$9$1$38	= .
                             71 	.globl	C$main.c$9$1$38
                             72 ;main.c:9: devkit_SMS_setSpriteMode( devkit_SPRITEMODE_NORMAL() );
   0006 CDr00r00      [17]   73 	call	_devkit_SPRITEMODE_NORMAL
   0009 45            [ 4]   74 	ld	b, l
   000A C5            [11]   75 	push	bc
   000B 33            [ 6]   76 	inc	sp
   000C CDr00r00      [17]   77 	call	_devkit_SMS_setSpriteMode
   000F 33            [ 6]   78 	inc	sp
                     0010    79 	C$main.c$10$1$38	= .
                             80 	.globl	C$main.c$10$1$38
                             81 ;main.c:10: devkit_SMS_useFirstHalfTilesforSprites_False();
   0010 CDr00r00      [17]   82 	call	_devkit_SMS_useFirstHalfTilesforSprites_False
                     0013    83 	C$main.c$11$1$38	= .
                             84 	.globl	C$main.c$11$1$38
                             85 ;main.c:11: devkit_SMS_VDPturnOnFeature( devkit_VDPFEATURE_HIDEFIRSTCOL() );
   0013 CDr00r00      [17]   86 	call	_devkit_VDPFEATURE_HIDEFIRSTCOL
   0016 E5            [11]   87 	push	hl
   0017 CDr00r00      [17]   88 	call	_devkit_SMS_VDPturnOnFeature
   001A F1            [10]   89 	pop	af
                     001B    90 	C$main.c$16$1$38	= .
                             91 	.globl	C$main.c$16$1$38
                             92 ;main.c:16: devkit_SMS_setSpritePaletteColor( 0, 3, 3, 3 );
   001B 21 03 03      [10]   93 	ld	hl, #0x0303
   001E E5            [11]   94 	push	hl
   001F 2E 00         [ 7]   95 	ld	l, #0x00
   0021 E5            [11]   96 	push	hl
   0022 CDr00r00      [17]   97 	call	_devkit_SMS_setSpritePaletteColor
   0025 F1            [10]   98 	pop	af
   0026 F1            [10]   99 	pop	af
                     0027   100 	C$main.c$18$1$38	= .
                            101 	.globl	C$main.c$18$1$38
                            102 ;main.c:18: devkit_SMS_displayOn();
   0027 CDr00r00      [17]  103 	call	_devkit_SMS_displayOn
   002A                     104 00102$:
                     002A   105 	C$main.c$26$3$40	= .
                            106 	.globl	C$main.c$26$3$40
                            107 ;main.c:26: devkit_SMS_waitForVBlank();
   002A CDr00r00      [17]  108 	call	_devkit_SMS_waitForVBlank
                     002D   109 	C$main.c$29$2$39	= .
                            110 	.globl	C$main.c$29$2$39
                     002D   111 	XG$main$0$0	= .
                            112 	.globl	XG$main$0$0
   002D 18 FB         [12]  113 	jr	00102$
                            114 	.area _CODE
                            115 	.area _INITIALIZER
                            116 	.area _CABS (ABS)
