ASxxxx Linker V03.00 + NoICE + sdld,  page 1.
Hexadecimal  [32-Bits]

Area                                    Addr        Size        Decimal Bytes (Attributes)
--------------------------------        ----        ----        ------- ----- ------------
.  .ABS.                            00000000    00000000 =           0. bytes (ABS,CON)

      Value  Global                              Global Defined In Module
      -----  --------------------------------   ------------------------
     00000000  .__.ABS.                           SMSlib_loadTileMap
     00000000  l__BSEG                         
     00000000  l__BSS                          
     00000000  l__CABS                         
     00000000  l__DABS                         
     00000000  l__HEADER                       
     00000000  l__HEAP                         
     00000000  l__HOME                         
     00000000  s__CABS                         
     00000000  s__CABS0                        
     00000000  s__CABS1                        
     00000000  s__CABS2                        
     00000000  s__CABS3                        
     00000000  s__CABS4                        
     00000000  s__DABS                         
     00000000  s__HEADER                       
     00000000  s__HEADER0                      
     00000000  s__HEADER1                      
     00000000  s__HEADER2                      
     00000000  s__HEADER3                      
     00000000  s__HEADER4                      
     00000000  s__HEADER5                      
     00000001  l__GSFINAL                      
     00000003  l__HEADER3                      
     00000003  l__HEADER4                      
     00000006  l__HEADER0                      
     00000008  l__INITIALIZED                  
     00000008  l__INITIALIZER                  
     00000009  l__HEADER1                      
     0000000A  l__HEADER2                      
     0000000D  l__CABS2                        
     0000000E  l__CABS1                        
     0000000F  l__GSINIT                       
     00000010  l__CABS0                        
     00000010  l__CABS4                        
     00000038  l__CABS3                        
     00000110  l__DATA                         
     0000012A  l__HEADER5                      
     00000200  s__CODE                         
     0000174F  l__CODE                         
     0000194F  s__HOME                         
     0000194F  s__INITIALIZER                  
     00001957  s__GSINIT                       
     00001966  s__GSFINAL                      
     00008000  G$SMS_SRAM$0$0                     _sms_manager
     00008000  _SMS_SRAM                          SMSlib_loadTileMap
     0000C000  s__DATA                         
     0000C110  s__INITIALIZED                  
     0000C118  s__BSEG                         
     0000C118  s__BSS                          
ASxxxx Linker V03.00 + NoICE + sdld,  page 2.
Hexadecimal  [32-Bits]

Area                                    Addr        Size        Decimal Bytes (Attributes)
--------------------------------        ----        ----        ------- ----- ------------
.  .ABS.                            00000000    00000000 =           0. bytes (ABS,CON)

      Value  Global                              Global Defined In Module
      -----  --------------------------------   ------------------------
     0000C118  s__HEAP                         
     0000FFFC  G$SRAM_bank_to_be_mapped_on_slot   _sms_manager
     0000FFFC  _SRAM_bank_to_be_mapped_on_slot2   SMSlib_loadTileMap
     0000FFFF  G$ROM_bank_to_be_mapped_on_slot2   _sms_manager
     0000FFFF  _ROM_bank_to_be_mapped_on_slot2    SMSlib_loadTileMap

ASxxxx Linker V03.00 + NoICE + sdld,  page 3.
Hexadecimal  [32-Bits]

Area                                    Addr        Size        Decimal Bytes (Attributes)
--------------------------------        ----        ----        ------- ----- ------------
_CODE                               00000200    0000174F =        5967. bytes (REL,CON)

      Value  Global                              Global Defined In Module
      -----  --------------------------------   ------------------------
     00000200  __clock                            crt0
     00000204  _exit                              crt0
     0000020A  A$main$69                          main
     0000020A  C$main.c$3$0$0                     main
     0000020A  C$main.c$5$1$84                    main
     0000020A  G$main$0$0                         main
     0000020A  _main                              main
     0000020D  A$main$73                          main
     0000020D  C$main.c$6$1$84                    main
     00000210  A$main$77                          main
     00000210  C$main.c$9$1$84                    main
     00000213  A$main$78                          main
     00000214  A$main$79                          main
     00000215  A$main$80                          main
     00000216  A$main$81                          main
     00000219  A$main$82                          main
     0000021A  A$main$86                          main
     0000021A  C$main.c$10$1$84                   main
     0000021B  A$main$87                          main
     0000021C  A$main$88                          main
     0000021D  A$main$89                          main
     00000220  A$main$90                          main
     00000221  A$main$94                          main
     00000221  C$main.c$11$1$84                   main
     00000224  A$main$95                          main
     00000225  A$main$96                          main
     00000228  A$main$100                         main
     00000228  C$main.c$16$1$84                   main
     0000022B  A$main$101                         main
     0000022C  A$main$102                         main
     0000022E  A$main$103                         main
     0000022F  A$main$104                         main
     00000230  A$main$105                         main
     00000233  A$main$106                         main
     00000234  A$main$107                         main
     00000235  A$main$108                         main
     00000236  A$main$109                         main
     00000237  A$main$110                         main
     00000238  A$main$111                         main
     00000239  A$main$112                         main
     0000023A  A$main$113                         main
     0000023B  A$main$114                         main
     0000023E  A$main$115                         main
     0000023F  A$main$119                         main
     0000023F  C$main.c$18$1$84                   main
     00000242  A$main$124                         main
     00000242  C$main.c$21$3$86                   main
     00000245  A$main$128                         main
     00000245  C$main.c$25$3$86                   main
     00000248  A$main$132                         main
ASxxxx Linker V03.00 + NoICE + sdld,  page 4.
Hexadecimal  [32-Bits]

Area                                    Addr        Size        Decimal Bytes (Attributes)
--------------------------------        ----        ----        ------- ----- ------------
_CODE                               00000200    0000174F =        5967. bytes (REL,CON)

      Value  Global                              Global Defined In Module
      -----  --------------------------------   ------------------------
     00000248  C$main.c$26$3$86                   main
     0000024B  A$main$136                         main
     0000024B  C$main.c$27$3$86                   main
     0000024E  A$main$141                         main
     0000024E  C$main.c$29$2$85                   main
     0000024E  XG$main$0$0                        main
     00000250  _PSGStop                           PSGlib
     00000277  _PSGResume                         PSGlib
     000002C3  _PSGPlay                           PSGlib
     000002F0  _PSGCancelLoop                     PSGlib
     000002F6  _PSGPlayNoRepeat                   PSGlib
     00000305  _PSGGetStatus                      PSGlib
     0000030D  _PSGSilenceChannels                PSGlib
     0000031E  _PSGRestoreVolumes                 PSGlib
     0000041D  _PSGSetMusicVolumeAttenuation      PSGlib
     0000050C  _PSGSFXStop                        PSGlib
     000005D6  _PSGSFXPlay                        PSGlib
     00000623  _PSGSFXCancelLoop                  PSGlib
     00000629  _PSGSFXGetStatus                   PSGlib
     00000631  _PSGSFXPlayLoop                    PSGlib
     00000652  _PSGFrame                          PSGlib
     0000076B  _PSGSFXFrame                       PSGlib
     000007F1  A$_sms_manager$253                 _sms_manager
     000007F1  C$_sms_manager.c$12$0$0            _sms_manager
     000007F1  C$_sms_manager.c$14$1$120          _sms_manager
     000007F1  C$_sms_manager.c$15$1$120          _sms_manager
     000007F1  G$devkit_SMS_init$0$0              _sms_manager
     000007F1  XG$devkit_SMS_init$0$0             _sms_manager
     000007F1  _devkit_SMS_init                   _sms_manager
     000007F4  A$_sms_manager$266                 _sms_manager
     000007F4  C$_sms_manager.c$18$1$120          _sms_manager
     000007F4  C$_sms_manager.c$20$1$122          _sms_manager
     000007F4  G$devkit_SMS_VDPturnOnFeature$0$   _sms_manager
     000007F4  _devkit_SMS_VDPturnOnFeature       _sms_manager
     000007F5  A$_sms_manager$267                 _sms_manager
     000007F6  A$_sms_manager$268                 _sms_manager
     000007F7  A$_sms_manager$269                 _sms_manager
     000007F8  A$_sms_manager$274                 _sms_manager
     000007F8  C$_sms_manager.c$21$1$122          _sms_manager
     000007F8  XG$devkit_SMS_VDPturnOnFeature$0   _sms_manager
     000007FB  A$_sms_manager$287                 _sms_manager
     000007FB  C$_sms_manager.c$22$1$122          _sms_manager
     000007FB  C$_sms_manager.c$24$1$124          _sms_manager
     000007FB  G$devkit_SMS_VDPturnOffFeature$0   _sms_manager
     000007FB  _devkit_SMS_VDPturnOffFeature      _sms_manager
     000007FC  A$_sms_manager$288                 _sms_manager
     000007FD  A$_sms_manager$289                 _sms_manager
     000007FE  A$_sms_manager$290                 _sms_manager
     000007FF  A$_sms_manager$295                 _sms_manager
     000007FF  C$_sms_manager.c$25$1$124          _sms_manager
     000007FF  XG$devkit_SMS_VDPturnOffFeature$   _sms_manager
ASxxxx Linker V03.00 + NoICE + sdld,  page 5.
Hexadecimal  [32-Bits]

Area                                    Addr        Size        Decimal Bytes (Attributes)
--------------------------------        ----        ----        ------- ----- ------------
_CODE                               00000200    0000174F =        5967. bytes (REL,CON)

      Value  Global                              Global Defined In Module
      -----  --------------------------------   ------------------------
     00000802  A$_sms_manager$308                 _sms_manager
     00000802  C$_sms_manager.c$28$1$124          _sms_manager
     00000802  C$_sms_manager.c$30$1$125          _sms_manager
     00000802  G$devkit_VDPFEATURE_EXTRAHEIGHT$   _sms_manager
     00000802  _devkit_VDPFEATURE_EXTRAHEIGHT     _sms_manager
     00000805  A$_sms_manager$313                 _sms_manager
     00000805  C$_sms_manager.c$31$1$125          _sms_manager
     00000805  XG$devkit_VDPFEATURE_EXTRAHEIGHT   _sms_manager
     00000806  A$_sms_manager$326                 _sms_manager
     00000806  C$_sms_manager.c$32$1$125          _sms_manager
     00000806  C$_sms_manager.c$34$1$126          _sms_manager
     00000806  G$devkit_VDPFEATURE_SHIFTSPRITES   _sms_manager
     00000806  _devkit_VDPFEATURE_SHIFTSPRITES    _sms_manager
     00000809  A$_sms_manager$331                 _sms_manager
     00000809  C$_sms_manager.c$35$1$126          _sms_manager
     00000809  XG$devkit_VDPFEATURE_SHIFTSPRITE   _sms_manager
     0000080A  A$_sms_manager$344                 _sms_manager
     0000080A  C$_sms_manager.c$36$1$126          _sms_manager
     0000080A  C$_sms_manager.c$38$1$127          _sms_manager
     0000080A  G$devkit_VDPFEATURE_HIDEFIRSTCOL   _sms_manager
     0000080A  _devkit_VDPFEATURE_HIDEFIRSTCOL    _sms_manager
     0000080D  A$_sms_manager$349                 _sms_manager
     0000080D  C$_sms_manager.c$39$1$127          _sms_manager
     0000080D  XG$devkit_VDPFEATURE_HIDEFIRSTCO   _sms_manager
     0000080E  A$_sms_manager$362                 _sms_manager
     0000080E  C$_sms_manager.c$40$1$127          _sms_manager
     0000080E  C$_sms_manager.c$42$1$128          _sms_manager
     0000080E  G$devkit_VDPFEATURE_LEFTCOLBLANK   _sms_manager
     0000080E  _devkit_VDPFEATURE_LEFTCOLBLANK    _sms_manager
     00000811  A$_sms_manager$367                 _sms_manager
     00000811  C$_sms_manager.c$43$1$128          _sms_manager
     00000811  XG$devkit_VDPFEATURE_LEFTCOLBLAN   _sms_manager
     00000812  A$_sms_manager$380                 _sms_manager
     00000812  C$_sms_manager.c$44$1$128          _sms_manager
     00000812  C$_sms_manager.c$46$1$129          _sms_manager
     00000812  G$devkit_VDPFEATURE_LOCKHSCROLL$   _sms_manager
     00000812  _devkit_VDPFEATURE_LOCKHSCROLL     _sms_manager
     00000815  A$_sms_manager$385                 _sms_manager
     00000815  C$_sms_manager.c$47$1$129          _sms_manager
     00000815  XG$devkit_VDPFEATURE_LOCKHSCROLL   _sms_manager
     00000816  A$_sms_manager$398                 _sms_manager
     00000816  C$_sms_manager.c$48$1$129          _sms_manager
     00000816  C$_sms_manager.c$50$1$130          _sms_manager
     00000816  G$devkit_VDPFEATURE_LOCKVSCROLL$   _sms_manager
     00000816  _devkit_VDPFEATURE_LOCKVSCROLL     _sms_manager
     00000819  A$_sms_manager$403                 _sms_manager
     00000819  C$_sms_manager.c$51$1$130          _sms_manager
     00000819  XG$devkit_VDPFEATURE_LOCKVSCROLL   _sms_manager
     0000081A  A$_sms_manager$416                 _sms_manager
     0000081A  C$_sms_manager.c$54$1$130          _sms_manager
     0000081A  C$_sms_manager.c$56$1$131          _sms_manager
ASxxxx Linker V03.00 + NoICE + sdld,  page 6.
Hexadecimal  [32-Bits]

Area                                    Addr        Size        Decimal Bytes (Attributes)
--------------------------------        ----        ----        ------- ----- ------------
_CODE                               00000200    0000174F =        5967. bytes (REL,CON)

      Value  Global                              Global Defined In Module
      -----  --------------------------------   ------------------------
     0000081A  G$devkit_VDPFEATURE_ZOOMSPRITES$   _sms_manager
     0000081A  _devkit_VDPFEATURE_ZOOMSPRITES     _sms_manager
     0000081D  A$_sms_manager$421                 _sms_manager
     0000081D  C$_sms_manager.c$57$1$131          _sms_manager
     0000081D  XG$devkit_VDPFEATURE_ZOOMSPRITES   _sms_manager
     0000081E  A$_sms_manager$434                 _sms_manager
     0000081E  C$_sms_manager.c$58$1$131          _sms_manager
     0000081E  C$_sms_manager.c$60$1$132          _sms_manager
     0000081E  G$devkit_VDPFEATURE_USETALLSPRIT   _sms_manager
     0000081E  _devkit_VDPFEATURE_USETALLSPRITE   _sms_manager
     00000821  A$_sms_manager$439                 _sms_manager
     00000821  C$_sms_manager.c$61$1$132          _sms_manager
     00000821  XG$devkit_VDPFEATURE_USETALLSPRI   _sms_manager
     00000822  A$_sms_manager$452                 _sms_manager
     00000822  C$_sms_manager.c$62$1$132          _sms_manager
     00000822  C$_sms_manager.c$64$1$133          _sms_manager
     00000822  G$devkit_VDPFEATURE_240LINES$0$0   _sms_manager
     00000822  _devkit_VDPFEATURE_240LINES        _sms_manager
     00000825  A$_sms_manager$457                 _sms_manager
     00000825  C$_sms_manager.c$65$1$133          _sms_manager
     00000825  XG$devkit_VDPFEATURE_240LINES$0$   _sms_manager
     00000826  A$_sms_manager$470                 _sms_manager
     00000826  C$_sms_manager.c$66$1$133          _sms_manager
     00000826  C$_sms_manager.c$68$1$134          _sms_manager
     00000826  G$devkit_VDPFEATURE_224LINES$0$0   _sms_manager
     00000826  _devkit_VDPFEATURE_224LINES        _sms_manager
     00000829  A$_sms_manager$475                 _sms_manager
     00000829  C$_sms_manager.c$69$1$134          _sms_manager
     00000829  XG$devkit_VDPFEATURE_224LINES$0$   _sms_manager
     0000082A  A$_sms_manager$488                 _sms_manager
     0000082A  C$_sms_manager.c$70$1$134          _sms_manager
     0000082A  C$_sms_manager.c$72$1$135          _sms_manager
     0000082A  G$devkit_VDPFEATURE_FRAMEIRQ$0$0   _sms_manager
     0000082A  _devkit_VDPFEATURE_FRAMEIRQ        _sms_manager
     0000082D  A$_sms_manager$493                 _sms_manager
     0000082D  C$_sms_manager.c$73$1$135          _sms_manager
     0000082D  XG$devkit_VDPFEATURE_FRAMEIRQ$0$   _sms_manager
     0000082E  A$_sms_manager$506                 _sms_manager
     0000082E  C$_sms_manager.c$74$1$135          _sms_manager
     0000082E  C$_sms_manager.c$76$1$136          _sms_manager
     0000082E  G$devkit_VDPFEATURE_SHOWDISPLAY$   _sms_manager
     0000082E  _devkit_VDPFEATURE_SHOWDISPLAY     _sms_manager
     00000831  A$_sms_manager$511                 _sms_manager
     00000831  C$_sms_manager.c$77$1$136          _sms_manager
     00000831  XG$devkit_VDPFEATURE_SHOWDISPLAY   _sms_manager
     00000832  A$_sms_manager$524                 _sms_manager
     00000832  C$_sms_manager.c$80$1$136          _sms_manager
     00000832  C$_sms_manager.c$82$1$137          _sms_manager
     00000832  G$devkit_SMS_displayOn$0$0         _sms_manager
     00000832  _devkit_SMS_displayOn              _sms_manager
     00000835  A$_sms_manager$529                 _sms_manager
ASxxxx Linker V03.00 + NoICE + sdld,  page 7.
Hexadecimal  [32-Bits]

Area                                    Addr        Size        Decimal Bytes (Attributes)
--------------------------------        ----        ----        ------- ----- ------------
_CODE                               00000200    0000174F =        5967. bytes (REL,CON)

      Value  Global                              Global Defined In Module
      -----  --------------------------------   ------------------------
     00000835  C$_sms_manager.c$83$1$137          _sms_manager
     00000835  XG$devkit_SMS_displayOn$0$0        _sms_manager
     00000838  A$_sms_manager$542                 _sms_manager
     00000838  C$_sms_manager.c$84$1$137          _sms_manager
     00000838  C$_sms_manager.c$86$1$138          _sms_manager
     00000838  G$devkit_SMS_displayOff$0$0        _sms_manager
     00000838  _devkit_SMS_displayOff             _sms_manager
     0000083B  A$_sms_manager$547                 _sms_manager
     0000083B  C$_sms_manager.c$87$1$138          _sms_manager
     0000083B  XG$devkit_SMS_displayOff$0$0       _sms_manager
     0000083E  A$_sms_manager$560                 _sms_manager
     0000083E  C$_sms_manager.c$89$1$138          _sms_manager
     0000083E  C$_sms_manager.c$91$1$140          _sms_manager
     0000083E  G$devkit_SMS_setBGScrollX$0$0      _sms_manager
     0000083E  _devkit_SMS_setBGScrollX           _sms_manager
     00000842  A$_sms_manager$561                 _sms_manager
     00000844  A$_sms_manager$562                 _sms_manager
     00000847  A$_sms_manager$567                 _sms_manager
     00000847  C$_sms_manager.c$92$1$140          _sms_manager
     00000847  XG$devkit_SMS_setBGScrollX$0$0     _sms_manager
     0000084A  A$_sms_manager$580                 _sms_manager
     0000084A  C$_sms_manager.c$93$1$140          _sms_manager
     0000084A  C$_sms_manager.c$95$1$142          _sms_manager
     0000084A  G$devkit_SMS_setBGScrollY$0$0      _sms_manager
     0000084A  _devkit_SMS_setBGScrollY           _sms_manager
     0000084E  A$_sms_manager$581                 _sms_manager
     00000850  A$_sms_manager$582                 _sms_manager
     00000853  A$_sms_manager$587                 _sms_manager
     00000853  C$_sms_manager.c$96$1$142          _sms_manager
     00000853  XG$devkit_SMS_setBGScrollY$0$0     _sms_manager
     00000856  A$_sms_manager$600                 _sms_manager
     00000856  C$_sms_manager.c$97$1$142          _sms_manager
     00000856  C$_sms_manager.c$99$1$144          _sms_manager
     00000856  G$devkit_SMS_setBackdropColor$0$   _sms_manager
     00000856  _devkit_SMS_setBackdropColor       _sms_manager
     0000085A  A$_sms_manager$601                 _sms_manager
     0000085C  A$_sms_manager$602                 _sms_manager
     0000085F  A$_sms_manager$607                 _sms_manager
     0000085F  C$_sms_manager.c$100$1$144         _sms_manager
     0000085F  XG$devkit_SMS_setBackdropColor$0   _sms_manager
     00000862  A$_sms_manager$620                 _sms_manager
     00000862  C$_sms_manager.c$101$1$144         _sms_manager
     00000862  C$_sms_manager.c$103$1$146         _sms_manager
     00000862  G$devkit_SMS_useFirstHalfTilesfo   _sms_manager
     00000862  _devkit_SMS_useFirstHalfTilesfor   _sms_manager
     00000863  A$_sms_manager$621                 _sms_manager
     00000867  A$_sms_manager$622                 _sms_manager
     00000869  A$_sms_manager$623                 _sms_manager
     0000086C  A$_sms_manager$624                 _sms_manager
     0000086D  A$_sms_manager$625                 _sms_manager
     0000086E  A$_sms_manager$630                 _sms_manager
ASxxxx Linker V03.00 + NoICE + sdld,  page 8.
Hexadecimal  [32-Bits]

Area                                    Addr        Size        Decimal Bytes (Attributes)
--------------------------------        ----        ----        ------- ----- ------------
_CODE                               00000200    0000174F =        5967. bytes (REL,CON)

      Value  Global                              Global Defined In Module
      -----  --------------------------------   ------------------------
     0000086E  C$_sms_manager.c$104$1$146         _sms_manager
     0000086E  XG$devkit_SMS_useFirstHalfTilesf   _sms_manager
     00000871  A$_sms_manager$643                 _sms_manager
     00000871  C$_sms_manager.c$105$1$146         _sms_manager
     00000871  C$_sms_manager.c$107$1$148         _sms_manager
     00000871  G$devkit_SMS_setSpriteMode$0$0     _sms_manager
     00000871  _devkit_SMS_setSpriteMode          _sms_manager
     00000875  A$_sms_manager$644                 _sms_manager
     00000877  A$_sms_manager$645                 _sms_manager
     0000087A  A$_sms_manager$650                 _sms_manager
     0000087A  C$_sms_manager.c$108$1$148         _sms_manager
     0000087A  XG$devkit_SMS_setSpriteMode$0$0    _sms_manager
     0000087D  A$_sms_manager$663                 _sms_manager
     0000087D  C$_sms_manager.c$111$1$148         _sms_manager
     0000087D  C$_sms_manager.c$113$1$149         _sms_manager
     0000087D  G$devkit_SPRITEMODE_NORMAL$0$0     _sms_manager
     0000087D  _devkit_SPRITEMODE_NORMAL          _sms_manager
     0000087F  A$_sms_manager$668                 _sms_manager
     0000087F  C$_sms_manager.c$114$1$149         _sms_manager
     0000087F  XG$devkit_SPRITEMODE_NORMAL$0$0    _sms_manager
     00000880  A$_sms_manager$681                 _sms_manager
     00000880  C$_sms_manager.c$115$1$149         _sms_manager
     00000880  C$_sms_manager.c$117$1$150         _sms_manager
     00000880  G$devkit_SPRITEMODE_TALL$0$0       _sms_manager
     00000880  _devkit_SPRITEMODE_TALL            _sms_manager
     00000882  A$_sms_manager$686                 _sms_manager
     00000882  C$_sms_manager.c$118$1$150         _sms_manager
     00000882  XG$devkit_SPRITEMODE_TALL$0$0      _sms_manager
     00000883  A$_sms_manager$699                 _sms_manager
     00000883  C$_sms_manager.c$119$1$150         _sms_manager
     00000883  C$_sms_manager.c$121$1$151         _sms_manager
     00000883  G$devkit_SPRITEMODE_ZOOMED$0$0     _sms_manager
     00000883  _devkit_SPRITEMODE_ZOOMED          _sms_manager
     00000885  A$_sms_manager$704                 _sms_manager
     00000885  C$_sms_manager.c$122$1$151         _sms_manager
     00000885  XG$devkit_SPRITEMODE_ZOOMED$0$0    _sms_manager
     00000886  A$_sms_manager$717                 _sms_manager
     00000886  C$_sms_manager.c$123$1$151         _sms_manager
     00000886  C$_sms_manager.c$125$1$152         _sms_manager
     00000886  G$devkit_SPRITEMODE_TALL_ZOOMED$   _sms_manager
     00000886  _devkit_SPRITEMODE_TALL_ZOOMED     _sms_manager
     00000888  A$_sms_manager$722                 _sms_manager
     00000888  C$_sms_manager.c$126$1$152         _sms_manager
     00000888  XG$devkit_SPRITEMODE_TALL_ZOOMED   _sms_manager
     00000889  A$_sms_manager$735                 _sms_manager
     00000889  C$_sms_manager.c$131$1$152         _sms_manager
     00000889  C$_sms_manager.c$133$1$154         _sms_manager
     00000889  G$devkit_SMS_mapROMBank$0$0        _sms_manager
     00000889  _devkit_SMS_mapROMBank             _sms_manager
     0000088C  A$_sms_manager$736                 _sms_manager
     0000088D  A$_sms_manager$737                 _sms_manager
ASxxxx Linker V03.00 + NoICE + sdld,  page 9.
Hexadecimal  [32-Bits]

Area                                    Addr        Size        Decimal Bytes (Attributes)
--------------------------------        ----        ----        ------- ----- ------------
_CODE                               00000200    0000174F =        5967. bytes (REL,CON)

      Value  Global                              Global Defined In Module
      -----  --------------------------------   ------------------------
     0000088E  A$_sms_manager$738                 _sms_manager
     00000891  A$_sms_manager$743                 _sms_manager
     00000891  C$_sms_manager.c$134$1$154         _sms_manager
     00000891  XG$devkit_SMS_mapROMBank$0$0       _sms_manager
     00000892  A$_sms_manager$756                 _sms_manager
     00000892  C$_sms_manager.c$137$1$154         _sms_manager
     00000892  C$_sms_manager.c$139$1$155         _sms_manager
     00000892  G$devkit_SMS_enableSRAM$0$0        _sms_manager
     00000892  _devkit_SMS_enableSRAM             _sms_manager
     00000895  A$_sms_manager$757                 _sms_manager
     00000897  A$_sms_manager$762                 _sms_manager
     00000897  C$_sms_manager.c$140$1$155         _sms_manager
     00000897  XG$devkit_SMS_enableSRAM$0$0       _sms_manager
     00000898  A$_sms_manager$775                 _sms_manager
     00000898  C$_sms_manager.c$141$1$155         _sms_manager
     00000898  C$_sms_manager.c$143$1$157         _sms_manager
     00000898  G$devkit_SMS_enableSRAMBank$0$0    _sms_manager
     00000898  _devkit_SMS_enableSRAMBank         _sms_manager
     0000089B  A$_sms_manager$776                 _sms_manager
     0000089C  A$_sms_manager$777                 _sms_manager
     0000089D  A$_sms_manager$778                 _sms_manager
     0000089E  A$_sms_manager$779                 _sms_manager
     0000089F  A$_sms_manager$780                 _sms_manager
     000008A1  A$_sms_manager$781                 _sms_manager
     000008A3  A$_sms_manager$782                 _sms_manager
     000008A6  A$_sms_manager$787                 _sms_manager
     000008A6  C$_sms_manager.c$144$1$157         _sms_manager
     000008A6  XG$devkit_SMS_enableSRAMBank$0$0   _sms_manager
     000008A7  A$_sms_manager$800                 _sms_manager
     000008A7  C$_sms_manager.c$145$1$157         _sms_manager
     000008A7  C$_sms_manager.c$147$1$158         _sms_manager
     000008A7  G$devkit_SMS_disableSRAM$0$0       _sms_manager
     000008A7  _devkit_SMS_disableSRAM            _sms_manager
     000008AA  A$_sms_manager$801                 _sms_manager
     000008AC  A$_sms_manager$806                 _sms_manager
     000008AC  C$_sms_manager.c$148$1$158         _sms_manager
     000008AC  XG$devkit_SMS_disableSRAM$0$0      _sms_manager
     000008AD  A$_sms_manager$819                 _sms_manager
     000008AD  C$_sms_manager.c$151$1$158         _sms_manager
     000008AD  C$_sms_manager.c$153$1$159         _sms_manager
     000008AD  G$devkit_SMS_SRAM$0$0              _sms_manager
     000008AD  _devkit_SMS_SRAM                   _sms_manager
     000008B0  A$_sms_manager$824                 _sms_manager
     000008B0  C$_sms_manager.c$154$1$159         _sms_manager
     000008B0  XG$devkit_SMS_SRAM$0$0             _sms_manager
     000008B1  A$_sms_manager$841                 _sms_manager
     000008B1  C$_sms_manager.c$157$1$159         _sms_manager
     000008B1  C$_sms_manager.c$159$1$160         _sms_manager
     000008B1  C$_sms_manager.c$160$1$160         _sms_manager
     000008B1  G$devkit_SMS_waitForVBlank$0$0     _sms_manager
     000008B1  XG$devkit_SMS_waitForVBlank$0$0    _sms_manager
ASxxxx Linker V03.00 + NoICE + sdld,  page 10.
Hexadecimal  [32-Bits]

Area                                    Addr        Size        Decimal Bytes (Attributes)
--------------------------------        ----        ----        ------- ----- ------------
_CODE                               00000200    0000174F =        5967. bytes (REL,CON)

      Value  Global                              Global Defined In Module
      -----  --------------------------------   ------------------------
     000008B1  _devkit_SMS_waitForVBlank          _sms_manager
     000008B4  A$_sms_manager$854                 _sms_manager
     000008B4  C$_sms_manager.c$163$1$160         _sms_manager
     000008B4  C$_sms_manager.c$165$1$162         _sms_manager
     000008B4  G$devkit_SMS_loadTiles$0$0         _sms_manager
     000008B4  _devkit_SMS_loadTiles              _sms_manager
     000008B7  A$_sms_manager$855                 _sms_manager
     000008B8  A$_sms_manager$856                 _sms_manager
     000008B9  A$_sms_manager$857                 _sms_manager
     000008BA  A$_sms_manager$858                 _sms_manager
     000008BB  A$_sms_manager$859                 _sms_manager
     000008BC  A$_sms_manager$860                 _sms_manager
     000008BF  A$_sms_manager$861                 _sms_manager
     000008C0  A$_sms_manager$862                 _sms_manager
     000008C1  A$_sms_manager$863                 _sms_manager
     000008C2  A$_sms_manager$864                 _sms_manager
     000008C3  A$_sms_manager$865                 _sms_manager
     000008C4  A$_sms_manager$866                 _sms_manager
     000008C7  A$_sms_manager$867                 _sms_manager
     000008C8  A$_sms_manager$868                 _sms_manager
     000008C9  A$_sms_manager$869                 _sms_manager
     000008CA  A$_sms_manager$870                 _sms_manager
     000008CB  A$_sms_manager$871                 _sms_manager
     000008CC  A$_sms_manager$872                 _sms_manager
     000008CF  A$_sms_manager$873                 _sms_manager
     000008D2  A$_sms_manager$874                 _sms_manager
     000008D3  A$_sms_manager$875                 _sms_manager
     000008D4  A$_sms_manager$880                 _sms_manager
     000008D4  C$_sms_manager.c$166$1$162         _sms_manager
     000008D4  XG$devkit_SMS_loadTiles$0$0        _sms_manager
     000008D5  A$_sms_manager$893                 _sms_manager
     000008D5  C$_sms_manager.c$167$1$162         _sms_manager
     000008D5  C$_sms_manager.c$169$1$164         _sms_manager
     000008D5  G$devkit_SMS_loadPSGaidencompres   _sms_manager
     000008D5  _devkit_SMS_loadPSGaidencompress   _sms_manager
     000008D8  A$_sms_manager$894                 _sms_manager
     000008D9  A$_sms_manager$895                 _sms_manager
     000008DA  A$_sms_manager$896                 _sms_manager
     000008DB  A$_sms_manager$897                 _sms_manager
     000008DC  A$_sms_manager$898                 _sms_manager
     000008DD  A$_sms_manager$899                 _sms_manager
     000008E0  A$_sms_manager$900                 _sms_manager
     000008E1  A$_sms_manager$901                 _sms_manager
     000008E2  A$_sms_manager$902                 _sms_manager
     000008E3  A$_sms_manager$903                 _sms_manager
     000008E4  A$_sms_manager$904                 _sms_manager
     000008E5  A$_sms_manager$905                 _sms_manager
     000008E8  A$_sms_manager$906                 _sms_manager
     000008E9  A$_sms_manager$907                 _sms_manager
     000008EA  A$_sms_manager$912                 _sms_manager
     000008EA  C$_sms_manager.c$170$1$164         _sms_manager
ASxxxx Linker V03.00 + NoICE + sdld,  page 11.
Hexadecimal  [32-Bits]

Area                                    Addr        Size        Decimal Bytes (Attributes)
--------------------------------        ----        ----        ------- ----- ------------
_CODE                               00000200    0000174F =        5967. bytes (REL,CON)

      Value  Global                              Global Defined In Module
      -----  --------------------------------   ------------------------
     000008EA  XG$devkit_SMS_loadPSGaidencompre   _sms_manager
     000008EB  A$_sms_manager$925                 _sms_manager
     000008EB  C$_sms_manager.c$173$1$164         _sms_manager
     000008EB  C$_sms_manager.c$175$1$166         _sms_manager
     000008EB  G$devkit_SMS_loadTileMap$0$0       _sms_manager
     000008EB  _devkit_SMS_loadTileMap            _sms_manager
     000008EE  A$_sms_manager$926                 _sms_manager
     000008EF  A$_sms_manager$927                 _sms_manager
     000008F0  A$_sms_manager$928                 _sms_manager
     000008F1  A$_sms_manager$929                 _sms_manager
     000008F2  A$_sms_manager$930                 _sms_manager
     000008F3  A$_sms_manager$931                 _sms_manager
     000008F6  A$_sms_manager$932                 _sms_manager
     000008F7  A$_sms_manager$933                 _sms_manager
     000008F8  A$_sms_manager$934                 _sms_manager
     000008F9  A$_sms_manager$935                 _sms_manager
     000008FA  A$_sms_manager$936                 _sms_manager
     000008FB  A$_sms_manager$937                 _sms_manager
     000008FE  A$_sms_manager$938                 _sms_manager
     000008FF  A$_sms_manager$939                 _sms_manager
     00000900  A$_sms_manager$940                 _sms_manager
     00000901  A$_sms_manager$941                 _sms_manager
     00000902  A$_sms_manager$942                 _sms_manager
     00000905  A$_sms_manager$943                 _sms_manager
     00000906  A$_sms_manager$944                 _sms_manager
     00000907  A$_sms_manager$945                 _sms_manager
     00000908  A$_sms_manager$946                 _sms_manager
     00000909  A$_sms_manager$947                 _sms_manager
     0000090C  A$_sms_manager$948                 _sms_manager
     0000090F  A$_sms_manager$949                 _sms_manager
     00000910  A$_sms_manager$950                 _sms_manager
     00000911  A$_sms_manager$955                 _sms_manager
     00000911  C$_sms_manager.c$176$1$166         _sms_manager
     00000911  XG$devkit_SMS_loadTileMap$0$0      _sms_manager
     00000912  A$_sms_manager$968                 _sms_manager
     00000912  C$_sms_manager.c$177$1$166         _sms_manager
     00000912  C$_sms_manager.c$179$1$168         _sms_manager
     00000912  G$devkit_SMS_loadSTMcompressedTi   _sms_manager
     00000912  _devkit_SMS_loadSTMcompressedTil   _sms_manager
     00000913  A$_sms_manager$969                 _sms_manager
     00000914  A$_sms_manager$970                 _sms_manager
     00000915  A$_sms_manager$971                 _sms_manager
     00000918  A$_sms_manager$972                 _sms_manager
     00000919  A$_sms_manager$973                 _sms_manager
     0000091A  A$_sms_manager$974                 _sms_manager
     0000091B  A$_sms_manager$975                 _sms_manager
     0000091C  A$_sms_manager$976                 _sms_manager
     0000091D  A$_sms_manager$977                 _sms_manager
     00000920  A$_sms_manager$978                 _sms_manager
     00000921  A$_sms_manager$979                 _sms_manager
     00000922  A$_sms_manager$980                 _sms_manager
ASxxxx Linker V03.00 + NoICE + sdld,  page 12.
Hexadecimal  [32-Bits]

Area                                    Addr        Size        Decimal Bytes (Attributes)
--------------------------------        ----        ----        ------- ----- ------------
_CODE                               00000200    0000174F =        5967. bytes (REL,CON)

      Value  Global                              Global Defined In Module
      -----  --------------------------------   ------------------------
     00000923  A$_sms_manager$981                 _sms_manager
     00000924  A$_sms_manager$982                 _sms_manager
     00000927  A$_sms_manager$983                 _sms_manager
     00000928  A$_sms_manager$984                 _sms_manager
     00000929  A$_sms_manager$985                 _sms_manager
     0000092A  A$_sms_manager$986                 _sms_manager
     0000092B  A$_sms_manager$987                 _sms_manager
     0000092E  A$_sms_manager$988                 _sms_manager
     0000092F  A$_sms_manager$989                 _sms_manager
     00000930  A$_sms_manager$990                 _sms_manager
     00000931  A$_sms_manager$995                 _sms_manager
     00000931  C$_sms_manager.c$180$1$168         _sms_manager
     00000931  XG$devkit_SMS_loadSTMcompressedT   _sms_manager
     00000932  A$_sms_manager$1008                _sms_manager
     00000932  C$_sms_manager.c$181$1$168         _sms_manager
     00000932  C$_sms_manager.c$183$1$170         _sms_manager
     00000932  G$devkit_SMS_loadTileMapArea$0$0   _sms_manager
     00000932  _devkit_SMS_loadTileMapArea        _sms_manager
     00000935  A$_sms_manager$1009                _sms_manager
     00000936  A$_sms_manager$1010                _sms_manager
     00000937  A$_sms_manager$1011                _sms_manager
     00000938  A$_sms_manager$1012                _sms_manager
     00000939  A$_sms_manager$1013                _sms_manager
     0000093C  A$_sms_manager$1014                _sms_manager
     0000093D  A$_sms_manager$1015                _sms_manager
     0000093E  A$_sms_manager$1016                _sms_manager
     0000093F  A$_sms_manager$1017                _sms_manager
     00000940  A$_sms_manager$1018                _sms_manager
     00000943  A$_sms_manager$1019                _sms_manager
     00000944  A$_sms_manager$1020                _sms_manager
     00000945  A$_sms_manager$1021                _sms_manager
     00000946  A$_sms_manager$1022                _sms_manager
     00000947  A$_sms_manager$1023                _sms_manager
     00000948  A$_sms_manager$1024                _sms_manager
     0000094B  A$_sms_manager$1025                _sms_manager
     0000094C  A$_sms_manager$1026                _sms_manager
     0000094D  A$_sms_manager$1027                _sms_manager
     0000094E  A$_sms_manager$1028                _sms_manager
     0000094F  A$_sms_manager$1029                _sms_manager
     00000952  A$_sms_manager$1030                _sms_manager
     00000953  A$_sms_manager$1031                _sms_manager
     00000954  A$_sms_manager$1032                _sms_manager
     00000955  A$_sms_manager$1033                _sms_manager
     00000956  A$_sms_manager$1034                _sms_manager
     00000959  A$_sms_manager$1035                _sms_manager
     0000095C  A$_sms_manager$1036                _sms_manager
     0000095D  A$_sms_manager$1037                _sms_manager
     0000095E  A$_sms_manager$1042                _sms_manager
     0000095E  C$_sms_manager.c$184$1$170         _sms_manager
     0000095E  XG$devkit_SMS_loadTileMapArea$0$   _sms_manager
     0000095F  A$_sms_manager$1055                _sms_manager
ASxxxx Linker V03.00 + NoICE + sdld,  page 13.
Hexadecimal  [32-Bits]

Area                                    Addr        Size        Decimal Bytes (Attributes)
--------------------------------        ----        ----        ------- ----- ------------
_CODE                               00000200    0000174F =        5967. bytes (REL,CON)

      Value  Global                              Global Defined In Module
      -----  --------------------------------   ------------------------
     0000095F  C$_sms_manager.c$188$1$170         _sms_manager
     0000095F  C$_sms_manager.c$190$1$172         _sms_manager
     0000095F  G$devkit_SMS_loadSTMcompressedTi   _sms_manager
     0000095F  _devkit_SMS_loadSTMcompressedTil   _sms_manager
     00000961  A$_sms_manager$1056                _sms_manager
     00000962  A$_sms_manager$1057                _sms_manager
     00000963  A$_sms_manager$1058                _sms_manager
     00000966  A$_sms_manager$1059                _sms_manager
     00000967  A$_sms_manager$1060                _sms_manager
     00000968  A$_sms_manager$1061                _sms_manager
     00000969  A$_sms_manager$1062                _sms_manager
     0000096A  A$_sms_manager$1063                _sms_manager
     0000096B  A$_sms_manager$1064                _sms_manager
     0000096E  A$_sms_manager$1065                _sms_manager
     0000096F  A$_sms_manager$1066                _sms_manager
     00000970  A$_sms_manager$1067                _sms_manager
     00000971  A$_sms_manager$1068                _sms_manager
     00000972  A$_sms_manager$1069                _sms_manager
     00000975  A$_sms_manager$1070                _sms_manager
     00000976  A$_sms_manager$1071                _sms_manager
     00000977  A$_sms_manager$1072                _sms_manager
     00000978  A$_sms_manager$1073                _sms_manager
     00000979  A$_sms_manager$1074                _sms_manager
     0000097C  A$_sms_manager$1075                _sms_manager
     0000097D  A$_sms_manager$1076                _sms_manager
     0000097E  A$_sms_manager$1077                _sms_manager
     0000097F  A$_sms_manager$1082                _sms_manager
     0000097F  C$_sms_manager.c$191$1$172         _sms_manager
     0000097F  XG$devkit_SMS_loadSTMcompressedT   _sms_manager
     00000980  A$_sms_manager$1095                _sms_manager
     00000980  C$_sms_manager.c$193$1$172         _sms_manager
     00000980  C$_sms_manager.c$195$1$174         _sms_manager
     00000980  G$devkit_SMS_crt0_RST08$0$0        _sms_manager
     00000980  _devkit_SMS_crt0_RST08             _sms_manager
     00000981  A$_sms_manager$1096                _sms_manager
     00000982  A$_sms_manager$1097                _sms_manager
     00000983  A$_sms_manager$1098                _sms_manager
     00000984  A$_sms_manager$1103                _sms_manager
     00000984  C$_sms_manager.c$196$1$174         _sms_manager
     00000984  XG$devkit_SMS_crt0_RST08$0$0       _sms_manager
     00000987  A$_sms_manager$1116                _sms_manager
     00000987  C$_sms_manager.c$197$1$174         _sms_manager
     00000987  C$_sms_manager.c$199$1$176         _sms_manager
     00000987  G$devkit_SMS_crt0_RST18$0$0        _sms_manager
     00000987  _devkit_SMS_crt0_RST18             _sms_manager
     00000988  A$_sms_manager$1117                _sms_manager
     00000989  A$_sms_manager$1118                _sms_manager
     0000098A  A$_sms_manager$1119                _sms_manager
     0000098B  A$_sms_manager$1124                _sms_manager
     0000098B  C$_sms_manager.c$200$1$176         _sms_manager
     0000098B  XG$devkit_SMS_crt0_RST18$0$0       _sms_manager
ASxxxx Linker V03.00 + NoICE + sdld,  page 14.
Hexadecimal  [32-Bits]

Area                                    Addr        Size        Decimal Bytes (Attributes)
--------------------------------        ----        ----        ------- ----- ------------
_CODE                               00000200    0000174F =        5967. bytes (REL,CON)

      Value  Global                              Global Defined In Module
      -----  --------------------------------   ------------------------
     0000098E  A$_sms_manager$1137                _sms_manager
     0000098E  C$_sms_manager.c$203$1$176         _sms_manager
     0000098E  C$_sms_manager.c$205$1$178         _sms_manager
     0000098E  G$devkit_SMS_setTile$0$0           _sms_manager
     0000098E  _devkit_SMS_setTile                _sms_manager
     0000098F  A$_sms_manager$1138                _sms_manager
     00000990  A$_sms_manager$1139                _sms_manager
     00000991  A$_sms_manager$1140                _sms_manager
     00000992  A$_sms_manager$1145                _sms_manager
     00000992  C$_sms_manager.c$206$1$178         _sms_manager
     00000992  XG$devkit_SMS_setTile$0$0          _sms_manager
     00000995  A$_sms_manager$1158                _sms_manager
     00000995  C$_sms_manager.c$207$1$178         _sms_manager
     00000995  C$_sms_manager.c$209$1$180         _sms_manager
     00000995  G$devkit_SMS_setAddr$0$0           _sms_manager
     00000995  _devkit_SMS_setAddr                _sms_manager
     00000996  A$_sms_manager$1159                _sms_manager
     00000997  A$_sms_manager$1160                _sms_manager
     00000998  A$_sms_manager$1161                _sms_manager
     00000999  A$_sms_manager$1166                _sms_manager
     00000999  C$_sms_manager.c$210$1$180         _sms_manager
     00000999  XG$devkit_SMS_setAddr$0$0          _sms_manager
     0000099C  A$_sms_manager$1183                _sms_manager
     0000099C  C$_sms_manager.c$215$1$180         _sms_manager
     0000099C  C$_sms_manager.c$217$1$182         _sms_manager
     0000099C  C$_sms_manager.c$218$1$182         _sms_manager
     0000099C  G$devkit_XYtoADDR$0$0              _sms_manager
     0000099C  XG$devkit_XYtoADDR$0$0             _sms_manager
     0000099C  _devkit_XYtoADDR                   _sms_manager
     0000099D  A$_sms_manager$1193                _sms_manager
     0000099D  C$_sms_manager.c$219$1$182         _sms_manager
     0000099D  G$devkit_SMS_setNextTileatXY$0$0   _sms_manager
     0000099D  _devkit_SMS_setNextTileatXY        _sms_manager
     0000099F  A$_sms_manager$1194                _sms_manager
     000009A3  A$_sms_manager$1195                _sms_manager
     000009A5  A$_sms_manager$1199                _sms_manager
     000009A5  C$_sms_manager.c$221$1$184         _sms_manager
     000009A8  A$_sms_manager$1200                _sms_manager
     000009AA  A$_sms_manager$1201                _sms_manager
     000009AB  A$_sms_manager$1202                _sms_manager
     000009AC  A$_sms_manager$1203                _sms_manager
     000009AD  A$_sms_manager$1204                _sms_manager
     000009AE  A$_sms_manager$1205                _sms_manager
     000009AF  A$_sms_manager$1206                _sms_manager
     000009B0  A$_sms_manager$1207                _sms_manager
     000009B1  A$_sms_manager$1208                _sms_manager
     000009B2  A$_sms_manager$1209                _sms_manager
     000009B4  A$_sms_manager$1210                _sms_manager
     000009B5  A$_sms_manager$1211                _sms_manager
     000009B8  A$_sms_manager$1212                _sms_manager
     000009BA  A$_sms_manager$1213                _sms_manager
ASxxxx Linker V03.00 + NoICE + sdld,  page 15.
Hexadecimal  [32-Bits]

Area                                    Addr        Size        Decimal Bytes (Attributes)
--------------------------------        ----        ----        ------- ----- ------------
_CODE                               00000200    0000174F =        5967. bytes (REL,CON)

      Value  Global                              Global Defined In Module
      -----  --------------------------------   ------------------------
     000009BB  A$_sms_manager$1214                _sms_manager
     000009BC  A$_sms_manager$1215                _sms_manager
     000009BD  A$_sms_manager$1216                _sms_manager
     000009BE  A$_sms_manager$1217                _sms_manager
     000009BF  A$_sms_manager$1218                _sms_manager
     000009C0  A$_sms_manager$1219                _sms_manager
     000009C1  A$_sms_manager$1224                _sms_manager
     000009C1  C$_sms_manager.c$222$1$184         _sms_manager
     000009C1  XG$devkit_SMS_setNextTileatXY$0$   _sms_manager
     000009C3  A$_sms_manager$1225                _sms_manager
     000009C6  A$_sms_manager$1238                _sms_manager
     000009C6  C$_sms_manager.c$223$1$184         _sms_manager
     000009C6  C$_sms_manager.c$225$1$186         _sms_manager
     000009C6  G$devkit_SMS_setNextTileatLoc$0$   _sms_manager
     000009C6  _devkit_SMS_setNextTileatLoc       _sms_manager
     000009C7  A$_sms_manager$1239                _sms_manager
     000009C8  A$_sms_manager$1240                _sms_manager
     000009C9  A$_sms_manager$1241                _sms_manager
     000009CA  A$_sms_manager$1242                _sms_manager
     000009CB  A$_sms_manager$1243                _sms_manager
     000009CC  A$_sms_manager$1244                _sms_manager
     000009CE  A$_sms_manager$1245                _sms_manager
     000009CF  A$_sms_manager$1250                _sms_manager
     000009CF  C$_sms_manager.c$226$1$186         _sms_manager
     000009CF  XG$devkit_SMS_setNextTileatLoc$0   _sms_manager
     000009D2  A$_sms_manager$1263                _sms_manager
     000009D2  C$_sms_manager.c$227$1$186         _sms_manager
     000009D2  C$_sms_manager.c$229$1$188         _sms_manager
     000009D2  G$devkit_SMS_setNextTileatAddr$0   _sms_manager
     000009D2  _devkit_SMS_setNextTileatAddr      _sms_manager
     000009D6  A$_sms_manager$1264                _sms_manager
     000009D8  A$_sms_manager$1265                _sms_manager
     000009DB  A$_sms_manager$1266                _sms_manager
     000009DD  A$_sms_manager$1271                _sms_manager
     000009DD  C$_sms_manager.c$230$1$188         _sms_manager
     000009DD  XG$devkit_SMS_setNextTileatAddr$   _sms_manager
     000009E0  A$_sms_manager$1281                _sms_manager
     000009E0  C$_sms_manager.c$231$1$188         _sms_manager
     000009E0  G$devkit_SMS_setTileatXY$0$0       _sms_manager
     000009E0  _devkit_SMS_setTileatXY            _sms_manager
     000009E2  A$_sms_manager$1282                _sms_manager
     000009E6  A$_sms_manager$1283                _sms_manager
     000009E8  A$_sms_manager$1287                _sms_manager
     000009E8  C$_sms_manager.c$233$2$191         _sms_manager
     000009EB  A$_sms_manager$1288                _sms_manager
     000009ED  A$_sms_manager$1289                _sms_manager
     000009EE  A$_sms_manager$1290                _sms_manager
     000009EF  A$_sms_manager$1291                _sms_manager
     000009F0  A$_sms_manager$1292                _sms_manager
     000009F1  A$_sms_manager$1293                _sms_manager
     000009F2  A$_sms_manager$1294                _sms_manager
ASxxxx Linker V03.00 + NoICE + sdld,  page 16.
Hexadecimal  [32-Bits]

Area                                    Addr        Size        Decimal Bytes (Attributes)
--------------------------------        ----        ----        ------- ----- ------------
_CODE                               00000200    0000174F =        5967. bytes (REL,CON)

      Value  Global                              Global Defined In Module
      -----  --------------------------------   ------------------------
     000009F3  A$_sms_manager$1295                _sms_manager
     000009F4  A$_sms_manager$1296                _sms_manager
     000009F5  A$_sms_manager$1297                _sms_manager
     000009F7  A$_sms_manager$1298                _sms_manager
     000009F8  A$_sms_manager$1299                _sms_manager
     000009FB  A$_sms_manager$1300                _sms_manager
     000009FD  A$_sms_manager$1301                _sms_manager
     000009FE  A$_sms_manager$1302                _sms_manager
     000009FF  A$_sms_manager$1303                _sms_manager
     00000A00  A$_sms_manager$1304                _sms_manager
     00000A01  A$_sms_manager$1305                _sms_manager
     00000A02  A$_sms_manager$1306                _sms_manager
     00000A03  A$_sms_manager$1307                _sms_manager
     00000A04  A$_sms_manager$1308                _sms_manager
     00000A05  A$_sms_manager$1309                _sms_manager
     00000A08  A$_sms_manager$1310                _sms_manager
     00000A0B  A$_sms_manager$1315                _sms_manager
     00000A0B  C$_sms_manager.c$234$2$191         _sms_manager
     00000A0B  XG$devkit_SMS_setTileatXY$0$0      _sms_manager
     00000A0D  A$_sms_manager$1316                _sms_manager
     00000A10  A$_sms_manager$1329                _sms_manager
     00000A10  C$_sms_manager.c$237$2$191         _sms_manager
     00000A10  C$_sms_manager.c$239$1$192         _sms_manager
     00000A10  G$devkit_TILE_FLIPPED_X$0$0        _sms_manager
     00000A10  _devkit_TILE_FLIPPED_X             _sms_manager
     00000A13  A$_sms_manager$1334                _sms_manager
     00000A13  C$_sms_manager.c$240$1$192         _sms_manager
     00000A13  XG$devkit_TILE_FLIPPED_X$0$0       _sms_manager
     00000A14  A$_sms_manager$1347                _sms_manager
     00000A14  C$_sms_manager.c$241$1$192         _sms_manager
     00000A14  C$_sms_manager.c$243$1$193         _sms_manager
     00000A14  G$devkit_TILE_FLIPPED_Y$0$0        _sms_manager
     00000A14  _devkit_TILE_FLIPPED_Y             _sms_manager
     00000A17  A$_sms_manager$1352                _sms_manager
     00000A17  C$_sms_manager.c$244$1$193         _sms_manager
     00000A17  XG$devkit_TILE_FLIPPED_Y$0$0       _sms_manager
     00000A18  A$_sms_manager$1365                _sms_manager
     00000A18  C$_sms_manager.c$245$1$193         _sms_manager
     00000A18  C$_sms_manager.c$247$1$194         _sms_manager
     00000A18  G$devkit_TILE_USE_SPRITE_PALETTE   _sms_manager
     00000A18  _devkit_TILE_USE_SPRITE_PALETTE    _sms_manager
     00000A1B  A$_sms_manager$1370                _sms_manager
     00000A1B  C$_sms_manager.c$248$1$194         _sms_manager
     00000A1B  XG$devkit_TILE_USE_SPRITE_PALETT   _sms_manager
     00000A1C  A$_sms_manager$1383                _sms_manager
     00000A1C  C$_sms_manager.c$249$1$194         _sms_manager
     00000A1C  C$_sms_manager.c$251$1$195         _sms_manager
     00000A1C  G$devkit_TILE_PRIORITY$0$0         _sms_manager
     00000A1C  _devkit_TILE_PRIORITY              _sms_manager
     00000A1F  A$_sms_manager$1388                _sms_manager
     00000A1F  C$_sms_manager.c$252$1$195         _sms_manager
ASxxxx Linker V03.00 + NoICE + sdld,  page 17.
Hexadecimal  [32-Bits]

Area                                    Addr        Size        Decimal Bytes (Attributes)
--------------------------------        ----        ----        ------- ----- ------------
_CODE                               00000200    0000174F =        5967. bytes (REL,CON)

      Value  Global                              Global Defined In Module
      -----  --------------------------------   ------------------------
     00000A1F  XG$devkit_TILE_PRIORITY$0$0        _sms_manager
     00000A20  A$_sms_manager$1405                _sms_manager
     00000A20  C$_sms_manager.c$255$1$195         _sms_manager
     00000A20  C$_sms_manager.c$257$1$196         _sms_manager
     00000A20  C$_sms_manager.c$258$1$196         _sms_manager
     00000A20  G$devkit_SMS_initSprites$0$0       _sms_manager
     00000A20  XG$devkit_SMS_initSprites$0$0      _sms_manager
     00000A20  _devkit_SMS_initSprites            _sms_manager
     00000A23  A$_sms_manager$1418                _sms_manager
     00000A23  C$_sms_manager.c$259$1$196         _sms_manager
     00000A23  C$_sms_manager.c$261$1$198         _sms_manager
     00000A23  G$devkit_SMS_addSprite$0$0         _sms_manager
     00000A23  _devkit_SMS_addSprite              _sms_manager
     00000A26  A$_sms_manager$1419                _sms_manager
     00000A27  A$_sms_manager$1420                _sms_manager
     00000A28  A$_sms_manager$1421                _sms_manager
     00000A29  A$_sms_manager$1422                _sms_manager
     00000A2A  A$_sms_manager$1423                _sms_manager
     00000A2D  A$_sms_manager$1424                _sms_manager
     00000A2E  A$_sms_manager$1425                _sms_manager
     00000A2F  A$_sms_manager$1426                _sms_manager
     00000A30  A$_sms_manager$1427                _sms_manager
     00000A31  A$_sms_manager$1428                _sms_manager
     00000A34  A$_sms_manager$1429                _sms_manager
     00000A35  A$_sms_manager$1430                _sms_manager
     00000A36  A$_sms_manager$1431                _sms_manager
     00000A37  A$_sms_manager$1432                _sms_manager
     00000A38  A$_sms_manager$1433                _sms_manager
     00000A3B  A$_sms_manager$1434                _sms_manager
     00000A3C  A$_sms_manager$1435                _sms_manager
     00000A3D  A$_sms_manager$1440                _sms_manager
     00000A3D  C$_sms_manager.c$262$1$198         _sms_manager
     00000A3D  XG$devkit_SMS_addSprite$0$0        _sms_manager
     00000A3E  A$_sms_manager$1457                _sms_manager
     00000A3E  C$_sms_manager.c$263$1$198         _sms_manager
     00000A3E  C$_sms_manager.c$265$1$200         _sms_manager
     00000A3E  C$_sms_manager.c$266$1$200         _sms_manager
     00000A3E  G$devkit_SMS_reserveSprite$0$0     _sms_manager
     00000A3E  XG$devkit_SMS_reserveSprite$0$0    _sms_manager
     00000A3E  _devkit_SMS_reserveSprite          _sms_manager
     00000A41  A$_sms_manager$1470                _sms_manager
     00000A41  C$_sms_manager.c$267$1$200         _sms_manager
     00000A41  C$_sms_manager.c$269$1$202         _sms_manager
     00000A41  G$devkit_SMS_updateSpritePositio   _sms_manager
     00000A41  _devkit_SMS_updateSpritePosition   _sms_manager
     00000A44  A$_sms_manager$1471                _sms_manager
     00000A45  A$_sms_manager$1472                _sms_manager
     00000A46  A$_sms_manager$1473                _sms_manager
     00000A47  A$_sms_manager$1474                _sms_manager
     00000A48  A$_sms_manager$1475                _sms_manager
     00000A4B  A$_sms_manager$1476                _sms_manager
ASxxxx Linker V03.00 + NoICE + sdld,  page 18.
Hexadecimal  [32-Bits]

Area                                    Addr        Size        Decimal Bytes (Attributes)
--------------------------------        ----        ----        ------- ----- ------------
_CODE                               00000200    0000174F =        5967. bytes (REL,CON)

      Value  Global                              Global Defined In Module
      -----  --------------------------------   ------------------------
     00000A4C  A$_sms_manager$1477                _sms_manager
     00000A4D  A$_sms_manager$1478                _sms_manager
     00000A4E  A$_sms_manager$1479                _sms_manager
     00000A4F  A$_sms_manager$1480                _sms_manager
     00000A52  A$_sms_manager$1481                _sms_manager
     00000A53  A$_sms_manager$1482                _sms_manager
     00000A54  A$_sms_manager$1483                _sms_manager
     00000A55  A$_sms_manager$1484                _sms_manager
     00000A56  A$_sms_manager$1485                _sms_manager
     00000A59  A$_sms_manager$1486                _sms_manager
     00000A5A  A$_sms_manager$1487                _sms_manager
     00000A5B  A$_sms_manager$1492                _sms_manager
     00000A5B  C$_sms_manager.c$270$1$202         _sms_manager
     00000A5B  XG$devkit_SMS_updateSpritePositi   _sms_manager
     00000A5C  A$_sms_manager$1505                _sms_manager
     00000A5C  C$_sms_manager.c$271$1$202         _sms_manager
     00000A5C  C$_sms_manager.c$273$1$204         _sms_manager
     00000A5C  G$devkit_SMS_updateSpriteImage$0   _sms_manager
     00000A5C  _devkit_SMS_updateSpriteImage      _sms_manager
     00000A5F  A$_sms_manager$1506                _sms_manager
     00000A60  A$_sms_manager$1507                _sms_manager
     00000A61  A$_sms_manager$1508                _sms_manager
     00000A62  A$_sms_manager$1509                _sms_manager
     00000A63  A$_sms_manager$1510                _sms_manager
     00000A66  A$_sms_manager$1511                _sms_manager
     00000A67  A$_sms_manager$1512                _sms_manager
     00000A68  A$_sms_manager$1513                _sms_manager
     00000A69  A$_sms_manager$1514                _sms_manager
     00000A6A  A$_sms_manager$1515                _sms_manager
     00000A6D  A$_sms_manager$1516                _sms_manager
     00000A6E  A$_sms_manager$1521                _sms_manager
     00000A6E  C$_sms_manager.c$274$1$204         _sms_manager
     00000A6E  XG$devkit_SMS_updateSpriteImage$   _sms_manager
     00000A6F  A$_sms_manager$1534                _sms_manager
     00000A6F  C$_sms_manager.c$275$1$204         _sms_manager
     00000A6F  C$_sms_manager.c$277$1$206         _sms_manager
     00000A6F  G$devkit_SMS_hideSprite$0$0        _sms_manager
     00000A6F  _devkit_SMS_hideSprite             _sms_manager
     00000A72  A$_sms_manager$1535                _sms_manager
     00000A73  A$_sms_manager$1536                _sms_manager
     00000A74  A$_sms_manager$1537                _sms_manager
     00000A75  A$_sms_manager$1538                _sms_manager
     00000A76  A$_sms_manager$1539                _sms_manager
     00000A79  A$_sms_manager$1540                _sms_manager
     00000A7A  A$_sms_manager$1545                _sms_manager
     00000A7A  C$_sms_manager.c$278$1$206         _sms_manager
     00000A7A  XG$devkit_SMS_hideSprite$0$0       _sms_manager
     00000A7B  A$_sms_manager$1558                _sms_manager
     00000A7B  C$_sms_manager.c$279$1$206         _sms_manager
     00000A7B  C$_sms_manager.c$281$1$208         _sms_manager
     00000A7B  G$devkit_SMS_setClippingWindow$0   _sms_manager
ASxxxx Linker V03.00 + NoICE + sdld,  page 19.
Hexadecimal  [32-Bits]

Area                                    Addr        Size        Decimal Bytes (Attributes)
--------------------------------        ----        ----        ------- ----- ------------
_CODE                               00000200    0000174F =        5967. bytes (REL,CON)

      Value  Global                              Global Defined In Module
      -----  --------------------------------   ------------------------
     00000A7B  _devkit_SMS_setClippingWindow      _sms_manager
     00000A7E  A$_sms_manager$1559                _sms_manager
     00000A7F  A$_sms_manager$1560                _sms_manager
     00000A80  A$_sms_manager$1561                _sms_manager
     00000A81  A$_sms_manager$1562                _sms_manager
     00000A82  A$_sms_manager$1563                _sms_manager
     00000A85  A$_sms_manager$1564                _sms_manager
     00000A86  A$_sms_manager$1565                _sms_manager
     00000A87  A$_sms_manager$1566                _sms_manager
     00000A88  A$_sms_manager$1567                _sms_manager
     00000A89  A$_sms_manager$1568                _sms_manager
     00000A8C  A$_sms_manager$1569                _sms_manager
     00000A8D  A$_sms_manager$1570                _sms_manager
     00000A8E  A$_sms_manager$1571                _sms_manager
     00000A8F  A$_sms_manager$1572                _sms_manager
     00000A90  A$_sms_manager$1573                _sms_manager
     00000A93  A$_sms_manager$1574                _sms_manager
     00000A94  A$_sms_manager$1575                _sms_manager
     00000A95  A$_sms_manager$1576                _sms_manager
     00000A96  A$_sms_manager$1577                _sms_manager
     00000A97  A$_sms_manager$1578                _sms_manager
     00000A9A  A$_sms_manager$1579                _sms_manager
     00000A9B  A$_sms_manager$1580                _sms_manager
     00000A9C  A$_sms_manager$1585                _sms_manager
     00000A9C  C$_sms_manager.c$282$1$208         _sms_manager
     00000A9C  XG$devkit_SMS_setClippingWindow$   _sms_manager
     00000A9D  A$_sms_manager$1598                _sms_manager
     00000A9D  C$_sms_manager.c$283$1$208         _sms_manager
     00000A9D  C$_sms_manager.c$285$1$210         _sms_manager
     00000A9D  G$devkit_SMS_addSpriteClipping$0   _sms_manager
     00000A9D  _devkit_SMS_addSpriteClipping      _sms_manager
     00000AA0  A$_sms_manager$1599                _sms_manager
     00000AA1  A$_sms_manager$1600                _sms_manager
     00000AA2  A$_sms_manager$1601                _sms_manager
     00000AA3  A$_sms_manager$1602                _sms_manager
     00000AA4  A$_sms_manager$1603                _sms_manager
     00000AA7  A$_sms_manager$1604                _sms_manager
     00000AA8  A$_sms_manager$1605                _sms_manager
     00000AA9  A$_sms_manager$1606                _sms_manager
     00000AAA  A$_sms_manager$1607                _sms_manager
     00000AAB  A$_sms_manager$1608                _sms_manager
     00000AAC  A$_sms_manager$1609                _sms_manager
     00000AAF  A$_sms_manager$1610                _sms_manager
     00000AB0  A$_sms_manager$1611                _sms_manager
     00000AB1  A$_sms_manager$1612                _sms_manager
     00000AB2  A$_sms_manager$1613                _sms_manager
     00000AB3  A$_sms_manager$1614                _sms_manager
     00000AB4  A$_sms_manager$1615                _sms_manager
     00000AB7  A$_sms_manager$1616                _sms_manager
     00000AB8  A$_sms_manager$1617                _sms_manager
     00000AB9  A$_sms_manager$1618                _sms_manager
ASxxxx Linker V03.00 + NoICE + sdld,  page 20.
Hexadecimal  [32-Bits]

Area                                    Addr        Size        Decimal Bytes (Attributes)
--------------------------------        ----        ----        ------- ----- ------------
_CODE                               00000200    0000174F =        5967. bytes (REL,CON)

      Value  Global                              Global Defined In Module
      -----  --------------------------------   ------------------------
     00000ABA  A$_sms_manager$1623                _sms_manager
     00000ABA  C$_sms_manager.c$286$1$210         _sms_manager
     00000ABA  XG$devkit_SMS_addSpriteClipping$   _sms_manager
     00000ABB  A$_sms_manager$1640                _sms_manager
     00000ABB  C$_sms_manager.c$287$1$210         _sms_manager
     00000ABB  C$_sms_manager.c$289$1$211         _sms_manager
     00000ABB  C$_sms_manager.c$290$1$211         _sms_manager
     00000ABB  G$devkit_SMS_finalizeSprites$0$0   _sms_manager
     00000ABB  XG$devkit_SMS_finalizeSprites$0$   _sms_manager
     00000ABB  _devkit_SMS_finalizeSprites        _sms_manager
     00000ABE  A$_sms_manager$1657                _sms_manager
     00000ABE  C$_sms_manager.c$291$1$211         _sms_manager
     00000ABE  C$_sms_manager.c$293$1$212         _sms_manager
     00000ABE  C$_sms_manager.c$294$1$212         _sms_manager
     00000ABE  G$devkit_SMS_copySpritestoSAT$0$   _sms_manager
     00000ABE  XG$devkit_SMS_copySpritestoSAT$0   _sms_manager
     00000ABE  _devkit_SMS_copySpritestoSAT       _sms_manager
     00000AC1  A$_sms_manager$1670                _sms_manager
     00000AC1  C$_sms_manager.c$304$1$212         _sms_manager
     00000AC1  C$_sms_manager.c$306$1$214         _sms_manager
     00000AC1  G$devkit_SMS_setBGPaletteColor$0   _sms_manager
     00000AC1  _devkit_SMS_setBGPaletteColor      _sms_manager
     00000AC4  A$_sms_manager$1671                _sms_manager
     00000AC5  A$_sms_manager$1672                _sms_manager
     00000AC6  A$_sms_manager$1673                _sms_manager
     00000AC7  A$_sms_manager$1674                _sms_manager
     00000AC8  A$_sms_manager$1675                _sms_manager
     00000ACB  A$_sms_manager$1676                _sms_manager
     00000ACC  A$_sms_manager$1677                _sms_manager
     00000ACD  A$_sms_manager$1678                _sms_manager
     00000ACE  A$_sms_manager$1679                _sms_manager
     00000ACF  A$_sms_manager$1680                _sms_manager
     00000AD2  A$_sms_manager$1681                _sms_manager
     00000AD3  A$_sms_manager$1686                _sms_manager
     00000AD3  C$_sms_manager.c$307$1$214         _sms_manager
     00000AD3  XG$devkit_SMS_setBGPaletteColor$   _sms_manager
     00000AD4  A$_sms_manager$1699                _sms_manager
     00000AD4  C$_sms_manager.c$308$1$214         _sms_manager
     00000AD4  C$_sms_manager.c$310$1$216         _sms_manager
     00000AD4  G$devkit_SMS_setSpritePaletteCol   _sms_manager
     00000AD4  _devkit_SMS_setSpritePaletteColo   _sms_manager
     00000AD7  A$_sms_manager$1700                _sms_manager
     00000AD8  A$_sms_manager$1701                _sms_manager
     00000AD9  A$_sms_manager$1702                _sms_manager
     00000ADA  A$_sms_manager$1703                _sms_manager
     00000ADB  A$_sms_manager$1704                _sms_manager
     00000ADE  A$_sms_manager$1705                _sms_manager
     00000ADF  A$_sms_manager$1706                _sms_manager
     00000AE0  A$_sms_manager$1707                _sms_manager
     00000AE1  A$_sms_manager$1708                _sms_manager
     00000AE2  A$_sms_manager$1709                _sms_manager
ASxxxx Linker V03.00 + NoICE + sdld,  page 21.
Hexadecimal  [32-Bits]

Area                                    Addr        Size        Decimal Bytes (Attributes)
--------------------------------        ----        ----        ------- ----- ------------
_CODE                               00000200    0000174F =        5967. bytes (REL,CON)

      Value  Global                              Global Defined In Module
      -----  --------------------------------   ------------------------
     00000AE5  A$_sms_manager$1710                _sms_manager
     00000AE6  A$_sms_manager$1715                _sms_manager
     00000AE6  C$_sms_manager.c$311$1$216         _sms_manager
     00000AE6  XG$devkit_SMS_setSpritePaletteCo   _sms_manager
     00000AE7  A$_sms_manager$1728                _sms_manager
     00000AE7  C$_sms_manager.c$312$1$216         _sms_manager
     00000AE7  C$_sms_manager.c$314$1$218         _sms_manager
     00000AE7  G$devkit_SMS_loadBGPalette$0$0     _sms_manager
     00000AE7  _devkit_SMS_loadBGPalette          _sms_manager
     00000AE8  A$_sms_manager$1729                _sms_manager
     00000AE9  A$_sms_manager$1730                _sms_manager
     00000AEA  A$_sms_manager$1731                _sms_manager
     00000AEB  A$_sms_manager$1736                _sms_manager
     00000AEB  C$_sms_manager.c$315$1$218         _sms_manager
     00000AEB  XG$devkit_SMS_loadBGPalette$0$0    _sms_manager
     00000AEE  A$_sms_manager$1749                _sms_manager
     00000AEE  C$_sms_manager.c$316$1$218         _sms_manager
     00000AEE  C$_sms_manager.c$318$1$220         _sms_manager
     00000AEE  G$devkit_SMS_loadSpritePalette$0   _sms_manager
     00000AEE  _devkit_SMS_loadSpritePalette      _sms_manager
     00000AEF  A$_sms_manager$1750                _sms_manager
     00000AF0  A$_sms_manager$1751                _sms_manager
     00000AF1  A$_sms_manager$1752                _sms_manager
     00000AF2  A$_sms_manager$1757                _sms_manager
     00000AF2  C$_sms_manager.c$319$1$220         _sms_manager
     00000AF2  XG$devkit_SMS_loadSpritePalette$   _sms_manager
     00000AF5  A$_sms_manager$1770                _sms_manager
     00000AF5  C$_sms_manager.c$320$1$220         _sms_manager
     00000AF5  C$_sms_manager.c$322$1$222         _sms_manager
     00000AF5  G$devkit_SMS_setNextBGColoratInd   _sms_manager
     00000AF5  _devkit_SMS_setNextBGColoratInde   _sms_manager
     00000AF9  A$_sms_manager$1771                _sms_manager
     00000AFB  A$_sms_manager$1772                _sms_manager
     00000AFE  A$_sms_manager$1773                _sms_manager
     00000B00  A$_sms_manager$1774                _sms_manager
     00000B01  A$_sms_manager$1775                _sms_manager
     00000B03  A$_sms_manager$1776                _sms_manager
     00000B04  A$_sms_manager$1781                _sms_manager
     00000B04  C$_sms_manager.c$323$1$222         _sms_manager
     00000B04  XG$devkit_SMS_setNextBGColoratIn   _sms_manager
     00000B07  A$_sms_manager$1794                _sms_manager
     00000B07  C$_sms_manager.c$324$1$222         _sms_manager
     00000B07  C$_sms_manager.c$326$1$224         _sms_manager
     00000B07  G$devkit_SMS_setNextSpriteColora   _sms_manager
     00000B07  _devkit_SMS_setNextSpriteColorat   _sms_manager
     00000B0A  A$_sms_manager$1795                _sms_manager
     00000B0B  A$_sms_manager$1796                _sms_manager
     00000B0C  A$_sms_manager$1797                _sms_manager
     00000B0E  A$_sms_manager$1798                _sms_manager
     00000B0F  A$_sms_manager$1799                _sms_manager
     00000B11  A$_sms_manager$1800                _sms_manager
ASxxxx Linker V03.00 + NoICE + sdld,  page 22.
Hexadecimal  [32-Bits]

Area                                    Addr        Size        Decimal Bytes (Attributes)
--------------------------------        ----        ----        ------- ----- ------------
_CODE                               00000200    0000174F =        5967. bytes (REL,CON)

      Value  Global                              Global Defined In Module
      -----  --------------------------------   ------------------------
     00000B12  A$_sms_manager$1801                _sms_manager
     00000B13  A$_sms_manager$1802                _sms_manager
     00000B15  A$_sms_manager$1803                _sms_manager
     00000B16  A$_sms_manager$1808                _sms_manager
     00000B16  C$_sms_manager.c$327$1$224         _sms_manager
     00000B16  XG$devkit_SMS_setNextSpriteColor   _sms_manager
     00000B19  A$_sms_manager$1821                _sms_manager
     00000B19  C$_sms_manager.c$328$1$224         _sms_manager
     00000B19  C$_sms_manager.c$330$1$226         _sms_manager
     00000B19  G$devkit_SMS_setColor$0$0          _sms_manager
     00000B19  _devkit_SMS_setColor               _sms_manager
     00000B1D  A$_sms_manager$1822                _sms_manager
     00000B1F  A$_sms_manager$1823                _sms_manager
     00000B22  A$_sms_manager$1828                _sms_manager
     00000B22  C$_sms_manager.c$331$1$226         _sms_manager
     00000B22  XG$devkit_SMS_setColor$0$0         _sms_manager
     00000B25  A$_sms_manager$1841                _sms_manager
     00000B25  C$_sms_manager.c$334$1$226         _sms_manager
     00000B25  C$_sms_manager.c$336$1$228         _sms_manager
     00000B25  G$devkit_RGB$0$0                   _sms_manager
     00000B25  _devkit_RGB                        _sms_manager
     00000B28  A$_sms_manager$1842                _sms_manager
     00000B29  A$_sms_manager$1843                _sms_manager
     00000B2A  A$_sms_manager$1844                _sms_manager
     00000B2B  A$_sms_manager$1845                _sms_manager
     00000B2C  A$_sms_manager$1846                _sms_manager
     00000B2F  A$_sms_manager$1847                _sms_manager
     00000B30  A$_sms_manager$1848                _sms_manager
     00000B31  A$_sms_manager$1849                _sms_manager
     00000B32  A$_sms_manager$1850                _sms_manager
     00000B35  A$_sms_manager$1851                _sms_manager
     00000B36  A$_sms_manager$1852                _sms_manager
     00000B37  A$_sms_manager$1853                _sms_manager
     00000B38  A$_sms_manager$1854                _sms_manager
     00000B39  A$_sms_manager$1855                _sms_manager
     00000B3A  A$_sms_manager$1856                _sms_manager
     00000B3B  A$_sms_manager$1857                _sms_manager
     00000B3D  A$_sms_manager$1858                _sms_manager
     00000B3E  A$_sms_manager$1859                _sms_manager
     00000B3F  A$_sms_manager$1864                _sms_manager
     00000B3F  C$_sms_manager.c$337$1$228         _sms_manager
     00000B3F  XG$devkit_RGB$0$0                  _sms_manager
     00000B40  A$_sms_manager$1877                _sms_manager
     00000B40  C$_sms_manager.c$338$1$228         _sms_manager
     00000B40  C$_sms_manager.c$340$1$230         _sms_manager
     00000B40  G$devkit_RGB8$0$0                  _sms_manager
     00000B40  _devkit_RGB8                       _sms_manager
     00000B43  A$_sms_manager$1878                _sms_manager
     00000B44  A$_sms_manager$1879                _sms_manager
     00000B45  A$_sms_manager$1880                _sms_manager
     00000B46  A$_sms_manager$1881                _sms_manager
ASxxxx Linker V03.00 + NoICE + sdld,  page 23.
Hexadecimal  [32-Bits]

Area                                    Addr        Size        Decimal Bytes (Attributes)
--------------------------------        ----        ----        ------- ----- ------------
_CODE                               00000200    0000174F =        5967. bytes (REL,CON)

      Value  Global                              Global Defined In Module
      -----  --------------------------------   ------------------------
     00000B47  A$_sms_manager$1882                _sms_manager
     00000B49  A$_sms_manager$1883                _sms_manager
     00000B4A  A$_sms_manager$1884                _sms_manager
     00000B4D  A$_sms_manager$1885                _sms_manager
     00000B4E  A$_sms_manager$1886                _sms_manager
     00000B4F  A$_sms_manager$1887                _sms_manager
     00000B50  A$_sms_manager$1888                _sms_manager
     00000B51  A$_sms_manager$1889                _sms_manager
     00000B53  A$_sms_manager$1890                _sms_manager
     00000B54  A$_sms_manager$1891                _sms_manager
     00000B55  A$_sms_manager$1892                _sms_manager
     00000B56  A$_sms_manager$1893                _sms_manager
     00000B57  A$_sms_manager$1894                _sms_manager
     00000B5A  A$_sms_manager$1895                _sms_manager
     00000B5B  A$_sms_manager$1896                _sms_manager
     00000B5C  A$_sms_manager$1897                _sms_manager
     00000B5D  A$_sms_manager$1898                _sms_manager
     00000B5E  A$_sms_manager$1899                _sms_manager
     00000B60  A$_sms_manager$1900                _sms_manager
     00000B61  A$_sms_manager$1901                _sms_manager
     00000B62  A$_sms_manager$1902                _sms_manager
     00000B63  A$_sms_manager$1903                _sms_manager
     00000B64  A$_sms_manager$1904                _sms_manager
     00000B66  A$_sms_manager$1905                _sms_manager
     00000B67  A$_sms_manager$1906                _sms_manager
     00000B68  A$_sms_manager$1911                _sms_manager
     00000B68  C$_sms_manager.c$341$1$230         _sms_manager
     00000B68  XG$devkit_RGB8$0$0                 _sms_manager
     00000B69  A$_sms_manager$1924                _sms_manager
     00000B69  C$_sms_manager.c$347$1$230         _sms_manager
     00000B69  C$_sms_manager.c$349$1$232         _sms_manager
     00000B69  G$devkit_SMS_loadBGPaletteHalfBr   _sms_manager
     00000B69  _devkit_SMS_loadBGPaletteHalfBri   _sms_manager
     00000B6A  A$_sms_manager$1925                _sms_manager
     00000B6B  A$_sms_manager$1926                _sms_manager
     00000B6C  A$_sms_manager$1927                _sms_manager
[...]
     00000FDD  C$_snd_manager.c$76$1$59           _snd_manager
ASxxxx Linker V03.00 + NoICE + sdld,  page 46.
Hexadecimal  [32-Bits]

Area                                    Addr        Size        Decimal Bytes (Attributes)
--------------------------------        ----        ----        ------- ----- ------------
_CODE                               00000200    0000174F =        5967. bytes (REL,CON)

      Value  Global                              Global Defined In Module
      -----  --------------------------------   ------------------------
     00000FDD  C$_snd_manager.c$77$1$59           _snd_manager
     00000FDD  G$devkit_PSGSFXStop$0$0            _snd_manager
     00000FDD  XG$devkit_PSGSFXStop$0$0           _snd_manager
     00000FDD  _devkit_PSGSFXStop                 _snd_manager
     00000FE0  A$_snd_manager$421                 _snd_manager
     00000FE0  C$_snd_manager.c$78$1$59           _snd_manager
     00000FE0  C$_snd_manager.c$80$1$61           _snd_manager
     00000FE0  C$_snd_manager.c$81$1$61           _snd_manager
     00000FE0  G$devkit_PSGSFXGetStatus$0$0       _snd_manager
     00000FE0  XG$devkit_PSGSFXGetStatus$0$0      _snd_manager
     00000FE0  _devkit_PSGSFXGetStatus            _snd_manager
     00000FE3  A$_snd_manager$438                 _snd_manager
     00000FE3  C$_snd_manager.c$83$1$61           _snd_manager
     00000FE3  C$_snd_manager.c$85$1$63           _snd_manager
     00000FE3  C$_snd_manager.c$86$1$63           _snd_manager
     00000FE3  G$devkit_PSGSilenceChannels$0$0    _snd_manager
     00000FE3  XG$devkit_PSGSilenceChannels$0$0   _snd_manager
     00000FE3  _devkit_PSGSilenceChannels         _snd_manager
     00000FE6  A$_snd_manager$455                 _snd_manager
     00000FE6  C$_snd_manager.c$87$1$63           _snd_manager
     00000FE6  C$_snd_manager.c$89$1$65           _snd_manager
     00000FE6  C$_snd_manager.c$90$1$65           _snd_manager
     00000FE6  G$devkit_PSGRestoreVolumes$0$0     _snd_manager
     00000FE6  XG$devkit_PSGRestoreVolumes$0$0    _snd_manager
     00000FE6  _devkit_PSGRestoreVolumes          _snd_manager
     00000FE9  A$_snd_manager$472                 _snd_manager
     00000FE9  C$_snd_manager.c$92$1$65           _snd_manager
     00000FE9  C$_snd_manager.c$94$1$67           _snd_manager
     00000FE9  C$_snd_manager.c$95$1$67           _snd_manager
     00000FE9  G$devkit_PSGFrame$0$0              _snd_manager
     00000FE9  XG$devkit_PSGFrame$0$0             _snd_manager
     00000FE9  _devkit_PSGFrame                   _snd_manager
     00000FEC  A$_snd_manager$489                 _snd_manager
     00000FEC  C$_snd_manager.c$96$1$67           _snd_manager
     00000FEC  C$_snd_manager.c$98$1$69           _snd_manager
     00000FEC  C$_snd_manager.c$99$1$69           _snd_manager
     00000FEC  G$devkit_PSGSFXFrame$0$0           _snd_manager
     00000FEC  XG$devkit_PSGSFXFrame$0$0          _snd_manager
     00000FEC  _devkit_PSGSFXFrame                _snd_manager
     00000FEF  _SMS_reserveSprite                 SMSlib_spriteAdv
     00001010  _SMS_updateSpritePosition          SMSlib_spriteAdv
     00001052  _SMS_updateSpriteImage             SMSlib_spriteAdv
     0000106C  _SMS_hideSprite                    SMSlib_spriteAdv
     0000107B  _UNSAFE_SMS_copySpritestoSAT       SMSlib_UNSAFE
     00001093  _UNSAFE_SMS_VRAMmemcpy32           SMSlib_UNSAFE
     000010B0  _UNSAFE_SMS_VRAMmemcpy64           SMSlib_UNSAFE
     000010CD  _UNSAFE_SMS_VRAMmemcpy128          SMSlib_UNSAFE
     000010EA  _SMS_init                          SMSlib
     0000113E  _VDPReg_init                       SMSlib
     00001149  _SMS_VDPType                       SMSlib
     00001151  _SMS_VDPturnOnFeature              SMSlib
ASxxxx Linker V03.00 + NoICE + sdld,  page 47.
Hexadecimal  [32-Bits]

Area                                    Addr        Size        Decimal Bytes (Attributes)
--------------------------------        ----        ----        ------- ----- ------------
_CODE                               00000200    0000174F =        5967. bytes (REL,CON)

      Value  Global                              Global Defined In Module
      -----  --------------------------------   ------------------------
     00001168  _SMS_VDPturnOffFeature             SMSlib
     00001181  _SMS_setBGScrollX                  SMSlib
     0000118B  _SMS_setBGScrollY                  SMSlib
     00001195  _SMS_setBackdropColor              SMSlib
     0000119F  _SMS_useFirstHalfTilesforSprites   SMSlib
     000011B3  _SMS_setSpriteMode                 SMSlib
     000011F8  _SMS_setBGPaletteColor             SMSlib
     0000120C  _SMS_setSpritePaletteColor         SMSlib
     00001220  _SMS_loadBGPalette                 SMSlib
     00001234  _SMS_loadSpritePalette             SMSlib
     00001248  _SMS_setColor                      SMSlib
     0000124C  _SMS_initSprites                   SMSlib
     00001252  _SMS_addSprite                     SMSlib
     000012A7  _SMS_finalizeSprites               SMSlib
     000012B9  _SMS_copySpritestoSAT              SMSlib
     000012E2  _SMS_waitForVBlank                 SMSlib
     000012EF  _SMS_getKeysStatus                 SMSlib
     000012F3  _SMS_getKeysPressed                SMSlib
     00001310  _SMS_getKeysHeld                   SMSlib
     00001327  _SMS_getKeysReleased               SMSlib
     00001344  _SMS_queryPauseRequested           SMSlib
     0000134C  _SMS_resetPauseRequest             SMSlib
     00001352  _SMS_setLineInterruptHandler       SMSlib
     00001363  _SMS_setLineCounter                SMSlib
     00001372  _SMS_getVCount                     SMSlib
     00001376  _SMS_getHCount                     SMSlib
     0000137A  _SMS_isr                           SMSlib
     000013B0  _SMS_nmi_isr                       SMSlib
     000013C3  _SMS_setClippingWindow             SMSlib_spriteClip
     000013E4  _SMS_addSpriteClipping             SMSlib_spriteClip
     000014AC  _SMS_VRAMmemset                    SMSlib_VRAMmemset
     000014D1  _SMS_VRAMmemsetW                   SMSlib_VRAMmemset
     00001501  _SMS_loadBGPaletteHalfBrightness   SMSlib_paletteAdv
     00001518  _SMS_zeroBGPalette                 SMSlib_paletteAdv
     0000152C  _SMS_loadSpritePaletteHalfBright   SMSlib_paletteAdv
     00001543  _SMS_zeroSpritePalette             SMSlib_paletteAdv
     00001557  _SMS_loadTiles                     SMSlib_loadTiles
     00001588  _SMS_VRAMmemcpy                    SMSlib_VRAMmemcpy
     000015B5  _SMS_VRAMmemcpy_brief              SMSlib_VRAMmemcpy
     000015DD  _SMS_loadSTMcompressedTileMapAre   SMSlib_STMcomp
     000017BE  ___sdcc_call_hl                    
     000017BF  _SMS_loadPSGaidencompressedTiles   SMSlib_PSGaiden
     000018A1  _SMS_loadTileMapArea               SMSlib_loadTileMapArea
     00001916  _SMS_loadTileMap                   SMSlib_loadTileMap

ASxxxx Linker V03.00 + NoICE + sdld,  page 48.
Hexadecimal  [32-Bits]

Area                                    Addr        Size        Decimal Bytes (Attributes)
--------------------------------        ----        ----        ------- ----- ------------
_HEADER0                            00000000    00000006 =           6. bytes (ABS,CON)

      Value  Global                              Global Defined In Module
      -----  --------------------------------   ------------------------
     00000006  _SMS_crt0_RST08                    crt0

ASxxxx Linker V03.00 + NoICE + sdld,  page 49.
Hexadecimal  [32-Bits]

Area                                    Addr        Size        Decimal Bytes (Attributes)
--------------------------------        ----        ----        ------- ----- ------------
_HEADER1                            00000000    00000009 =           9. bytes (ABS,CON)

      Value  Global                              Global Defined In Module
      -----  --------------------------------   ------------------------
     00000011  _SMS_crt0_RST18                    crt0

ASxxxx Linker V03.00 + NoICE + sdld,  page 50.
Hexadecimal  [32-Bits]

Area                                    Addr        Size        Decimal Bytes (Attributes)
--------------------------------        ----        ----        ------- ----- ------------
_HEADER2                            00000000    0000000A =          10. bytes (ABS,CON)

      Value  Global                              Global Defined In Module
      -----  --------------------------------   ------------------------
ASxxxx Linker V03.00 + NoICE + sdld,  page 51.
Hexadecimal  [32-Bits]

Area                                    Addr        Size        Decimal Bytes (Attributes)
--------------------------------        ----        ----        ------- ----- ------------
_HEADER3                            00000000    00000003 =           3. bytes (ABS,CON)

      Value  Global                              Global Defined In Module
      -----  --------------------------------   ------------------------
ASxxxx Linker V03.00 + NoICE + sdld,  page 52.
Hexadecimal  [32-Bits]

Area                                    Addr        Size        Decimal Bytes (Attributes)
--------------------------------        ----        ----        ------- ----- ------------
_HEADER4                            00000000    00000003 =           3. bytes (ABS,CON)

      Value  Global                              Global Defined In Module
      -----  --------------------------------   ------------------------
ASxxxx Linker V03.00 + NoICE + sdld,  page 53.
Hexadecimal  [32-Bits]

Area                                    Addr        Size        Decimal Bytes (Attributes)
--------------------------------        ----        ----        ------- ----- ------------
_HEADER5                            00000000    0000012A =         298. bytes (ABS,CON)

      Value  Global                              Global Defined In Module
      -----  --------------------------------   ------------------------
     00000099  _OUTI128                           crt0
     00000119  _OUTI64                            crt0
     00000159  _OUTI32                            crt0
     00000199  _outi_block                        crt0

ASxxxx Linker V03.00 + NoICE + sdld,  page 54.
Hexadecimal  [32-Bits]

Area                                    Addr        Size        Decimal Bytes (Attributes)
--------------------------------        ----        ----        ------- ----- ------------
_INITIALIZER                        0000194F    00000008 =           8. bytes (REL,CON)

      Value  Global                              Global Defined In Module
      -----  --------------------------------   ------------------------
ASxxxx Linker V03.00 + NoICE + sdld,  page 55.
Hexadecimal  [32-Bits]

Area                                    Addr        Size        Decimal Bytes (Attributes)
--------------------------------        ----        ----        ------- ----- ------------
_GSINIT                             00001957    0000000F =          15. bytes (REL,CON)

      Value  Global                              Global Defined In Module
      -----  --------------------------------   ------------------------
     00001957  gsinit                             crt0

ASxxxx Linker V03.00 + NoICE + sdld,  page 56.
Hexadecimal  [32-Bits]

Area                                    Addr        Size        Decimal Bytes (Attributes)
--------------------------------        ----        ----        ------- ----- ------------
_GSFINAL                            00001966    00000001 =           1. bytes (REL,CON)

      Value  Global                              Global Defined In Module
      -----  --------------------------------   ------------------------
ASxxxx Linker V03.00 + NoICE + sdld,  page 57.
Hexadecimal  [32-Bits]

Area                                    Addr        Size        Decimal Bytes (Attributes)
--------------------------------        ----        ----        ------- ----- ------------
_DATA                               0000C000    00000110 =         272. bytes (REL,CON)

      Value  Global                              Global Defined In Module
      -----  --------------------------------   ------------------------
     0000C000  _PSGMusicStatus                    PSGlib
     0000C001  _PSGMusicStart                     PSGlib
     0000C003  _PSGMusicPointer                   PSGlib
     0000C005  _PSGMusicLoopPoint                 PSGlib
     0000C007  _PSGMusicSkipFrames                PSGlib
     0000C008  _PSGLoopFlag                       PSGlib
     0000C009  _PSGMusicLastLatch                 PSGlib
     0000C00A  _PSGMusicVolumeAttenuation         PSGlib
     0000C00B  _PSGMusicSubstringLen              PSGlib
     0000C00C  _PSGMusicSubstringRetAddr          PSGlib
     0000C00E  _PSGChan0Volume                    PSGlib
     0000C00F  _PSGChan1Volume                    PSGlib
     0000C010  _PSGChan2Volume                    PSGlib
     0000C011  _PSGChan3Volume                    PSGlib
     0000C012  _PSGChan2LowTone                   PSGlib
     0000C013  _PSGChan2HighTone                  PSGlib
     0000C014  _PSGChan3LowTone                   PSGlib
     0000C015  _PSGChannel2SFX                    PSGlib
     0000C016  _PSGChannel3SFX                    PSGlib
     0000C017  _PSGSFXChan2Volume                 PSGlib
     0000C018  _PSGSFXChan3Volume                 PSGlib
     0000C019  _PSGSFXStatus                      PSGlib
     0000C01A  _PSGSFXStart                       PSGlib
     0000C01C  _PSGSFXPointer                     PSGlib
     0000C01E  _PSGSFXLoopPoint                   PSGlib
     0000C020  _PSGSFXSkipFrames                  PSGlib
     0000C021  _PSGSFXLoopFlag                    PSGlib
     0000C022  _PSGSFXSubstringLen                PSGlib
     0000C023  _PSGSFXSubstringRetAddr            PSGlib
     0000C025  _VDPBlank                          SMSlib
     0000C026  _SMS_VDPFlags                      SMSlib
     0000C027  _PauseRequested                    SMSlib
     0000C028  _VDPType                           SMSlib
     0000C029  _KeysStatus                        SMSlib
     0000C02B  _PreviousKeysStatus                SMSlib
     0000C02D  _SpriteTableY                      SMSlib
     0000C06D  _SpriteTableXN                     SMSlib
     0000C0ED  _SpriteNextFree                    SMSlib
     0000C0EE  _SMS_theLineInterruptHandler       SMSlib
     0000C0F0  _decompBuffer                      SMSlib_PSGaiden

ASxxxx Linker V03.00 + NoICE + sdld,  page 58.
Hexadecimal  [32-Bits]

Area                                    Addr        Size        Decimal Bytes (Attributes)
--------------------------------        ----        ----        ------- ----- ------------
_INITIALIZED                        0000C110    00000008 =           8. bytes (REL,CON)

      Value  Global                              Global Defined In Module
      -----  --------------------------------   ------------------------
     0000C110  _VDPReg                            SMSlib
     0000C112  _spritesHeight                     SMSlib
     0000C113  _spritesWidth                      SMSlib
     0000C114  _clipWin_x0                        SMSlib_spriteClip
     0000C115  _clipWin_y0                        SMSlib_spriteClip
     0000C116  _clipWin_x1                        SMSlib_spriteClip
     0000C117  _clipWin_y1                        SMSlib_spriteClip

ASxxxx Linker V03.00 + NoICE + sdld,  page 59.
Hexadecimal  [32-Bits]

Area                                    Addr        Size        Decimal Bytes (Attributes)
--------------------------------        ----        ----        ------- ----- ------------
_CABS0                              00000000    00000010 =          16. bytes (ABS,CON)

      Value  Global                              Global Defined In Module
      -----  --------------------------------   ------------------------
     00007FF0  G$__SMS__SEGA_signature$0$0        _sms_manager
     00007FF0  ___SMS__SEGA_signature             _sms_manager

ASxxxx Linker V03.00 + NoICE + sdld,  page 60.
Hexadecimal  [32-Bits]

Area                                    Addr        Size        Decimal Bytes (Attributes)
--------------------------------        ----        ----        ------- ----- ------------
_CABS1                              00000000    0000000E =          14. bytes (ABS,CON)

      Value  Global                              Global Defined In Module
      -----  --------------------------------   ------------------------
     00007FD2  G$__SMS__SDSC_author$0$0           _sms_manager
     00007FD2  ___SMS__SDSC_author                _sms_manager

ASxxxx Linker V03.00 + NoICE + sdld,  page 61.
Hexadecimal  [32-Bits]

Area                                    Addr        Size        Decimal Bytes (Attributes)
--------------------------------        ----        ----        ------- ----- ------------
_CABS2                              00000000    0000000D =          13. bytes (ABS,CON)

      Value  Global                              Global Defined In Module
      -----  --------------------------------   ------------------------
     00007FC5  G$__SMS__SDSC_name$0$0             _sms_manager
     00007FC5  ___SMS__SDSC_name                  _sms_manager

ASxxxx Linker V03.00 + NoICE + sdld,  page 62.
Hexadecimal  [32-Bits]

Area                                    Addr        Size        Decimal Bytes (Attributes)
--------------------------------        ----        ----        ------- ----- ------------
_CABS3                              00000000    00000038 =          56. bytes (ABS,CON)

      Value  Global                              Global Defined In Module
      -----  --------------------------------   ------------------------
     00007F8D  G$__SMS__SDSC_descr$0$0            _sms_manager
     00007F8D  ___SMS__SDSC_descr                 _sms_manager

ASxxxx Linker V03.00 + NoICE + sdld,  page 63.
Hexadecimal  [32-Bits]

Area                                    Addr        Size        Decimal Bytes (Attributes)
--------------------------------        ----        ----        ------- ----- ------------
_CABS4                              00000000    00000010 =          16. bytes (ABS,CON)

      Value  Global                              Global Defined In Module
      -----  --------------------------------   ------------------------
     00007FE0  G$__SMS__SDSC_signature$0$0        _sms_manager
     00007FE0  ___SMS__SDSC_signature             _sms_manager

ASxxxx Linker V03.00 + NoICE + sdld,  page 64.

Files Linked                              [ module(s) ]

../crt0/crt0_sms.rel                      [ crt0 ]
main.rel                                  [ main ]
../lib/PSGlib.rel                         [ PSGlib ]
devkit/_sms_manager.rel                   [ _sms_manager ]
devkit/_snd_manager.rel                   [ _snd_manager ]


Libraries Linked                          [ object file ]

../lib/SMSlib.lib                         [ SMSlib_spriteAdv.rel ]
../lib/SMSlib.lib                         [ SMSlib_UNSAFE.rel ]
../lib/SMSlib.lib                         [ SMSlib.rel ]
../lib/SMSlib.lib                         [ SMSlib_spriteClip.rel ]
../lib/SMSlib.lib                         [ SMSlib_VRAMmemset.rel ]
../lib/SMSlib.lib                         [ SMSlib_paletteAdv.rel ]
../lib/SMSlib.lib                         [ SMSlib_loadTiles.rel ]
../lib/SMSlib.lib                         [ SMSlib_VRAMmemcpy.rel ]
../lib/SMSlib.lib                         [ SMSlib_STMcomp.rel ]
C:\Program Files\SDCC\bin\..\lib\z80/z80.lib
                                          [ __sdcc_call_hl.rel ]
../lib/SMSlib.lib                         [ SMSlib_PSGaiden.rel ]
../lib/SMSlib.lib                         [ SMSlib_loadTileMapArea.rel ]
../lib/SMSlib.lib                         [ SMSlib_loadTileMap.rel ]

ASxxxx Linker V03.00 + NoICE + sdld,  page 65.

User Base Address Definitions

_CODE = 0x0200
_DATA = 0xc000

