ASxxxx Linker V03.00 + NoICE + sdld,  page 1.
Hexadecimal  [32-Bits]

Area                                    Addr        Size        Decimal Bytes (Attributes)
--------------------------------        ----        ----        ------- ----- ------------
.  .ABS.                            00000000    00000000 =           0. bytes (ABS,CON)

      Value  Global                              Global Defined In Module
      -----  --------------------------------   ------------------------
     00000000  .__.ABS.                           
     00000000  l__BSEG                         
     00000000  l__BSS                          
     00000000  l__CABS                         
     00000000  l__DABS                         
     00000000  l__HEADER                       
     00000000  l__HEAP                         
     00000000  l__HOME                         
     00000000  s__CABS                         
     00000000  s__CABS0                        
     00000000  s__CABS1                        
     00000000  s__CABS2                        
     00000000  s__CABS3                        
     00000000  s__CABS4                        
     00000000  s__DABS                         
     00000000  s__HEADER                       
     00000000  s__HEADER0                      
     00000000  s__HEADER1                      
     00000000  s__HEADER2                      
     00000000  s__HEADER3                      
     00000000  s__HEADER4                      
     00000000  s__HEADER5                      
     00000001  l__GSFINAL                      
     00000003  l__HEADER3                      
     00000003  l__HEADER4                      
     00000006  l__HEADER0                      
     00000009  l__HEADER1                      
     0000000A  l__HEADER2                      
     0000000C  l__INITIALIZED                  
     0000000C  l__INITIALIZER                  
     0000000D  l__CABS2                        
     0000000E  l__CABS1                        
     0000000F  l__GSINIT                       
     00000010  l__CABS0                        
     00000010  l__CABS4                        
     00000038  l__CABS3                        
     000000BE  G$VDPDataPort$0$0                  asm_manager
     000000BF  G$VDPControlPort$0$0               asm_manager
     00000110  l__DATA                         
     0000012A  l__HEADER5                      
     00000200  s__CODE                         
     00001DBB  l__CODE                         
     00001FBB  s__HOME                         
     00001FBB  s__INITIALIZER                  
     00001FC7  s__GSINIT                       
     00001FD6  s__GSFINAL                      
     00008000  G$SMS_SRAM$0$0                     _sms_manager
     00008000  _SMS_SRAM                          SMSlib_loadTileMap
     0000C000  s__DATA                         
     0000C110  s__INITIALIZED                  
ASxxxx Linker V03.00 + NoICE + sdld,  page 2.
Hexadecimal  [32-Bits]

Area                                    Addr        Size        Decimal Bytes (Attributes)
--------------------------------        ----        ----        ------- ----- ------------
.  .ABS.                            00000000    00000000 =           0. bytes (ABS,CON)

      Value  Global                              Global Defined In Module
      -----  --------------------------------   ------------------------
     0000C11C  s__BSEG                         
     0000C11C  s__BSS                          
     0000C11C  s__HEAP                         
     0000FFFC  G$SRAM_bank_to_be_mapped_on_slot   _sms_manager
     0000FFFC  _SRAM_bank_to_be_mapped_on_slot2   SMSlib_loadTileMap
     0000FFFF  G$ROM_bank_to_be_mapped_on_slot2   _sms_manager
     0000FFFF  _ROM_bank_to_be_mapped_on_slot2    SMSlib_loadTileMap
ASxxxx Linker V03.00 + NoICE + sdld,  page 3.
Hexadecimal  [32-Bits]

Area                                    Addr        Size        Decimal Bytes (Attributes)
--------------------------------        ----        ----        ------- ----- ------------
_CODE                               00000200    00001DBB =        7611. bytes (REL,CON)

      Value  Global                              Global Defined In Module
      -----  --------------------------------   ------------------------
     00000200  __clock                            crt0
     00000204  _exit                              crt0
     0000020A  A$main$72                          main
     0000020A  C$main.c$3$0$0                     main
     0000020A  C$main.c$5$1$104                   main
     0000020A  G$main$0$0                         main
     0000020A  _main                              main
     0000020D  A$main$76                          main
     0000020D  C$main.c$6$1$104                   main
     00000210  A$main$80                          main
     00000210  C$main.c$7$1$104                   main
     00000213  A$main$84                          main
     00000213  C$main.c$9$1$104                   main
     00000216  A$main$85                          main
     00000217  A$main$86                          main
     00000218  A$main$87                          main
     00000219  A$main$88                          main
     0000021C  A$main$89                          main
     0000021D  A$main$93                          main
     0000021D  C$main.c$10$1$104                  main
     0000021E  A$main$94                          main
     0000021F  A$main$95                          main
     00000220  A$main$96                          main
     00000223  A$main$97                          main
     00000224  A$main$101                         main
     00000224  C$main.c$11$1$104                  main
     00000227  A$main$102                         main
     00000228  A$main$103                         main
     0000022B  A$main$104                         main
     0000022C  A$main$108                         main
     0000022C  C$main.c$13$1$104                  main
     0000022F  A$main$112                         main
     0000022F  C$main.c$14$1$104                  main
     00000232  A$main$116                         main
     00000232  C$main.c$16$1$104                  main
     00000235  A$main$121                         main
     00000235  C$main.c$19$3$106                  main
     00000238  A$main$125                         main
     00000238  C$main.c$20$3$106                  main
     0000023B  A$main$129                         main
     0000023B  C$main.c$21$3$106                  main
     0000023E  A$main$133                         main
     0000023E  C$main.c$23$3$106                  main
     00000241  A$main$137                         main
     00000241  C$main.c$24$3$106                  main
     00000244  A$main$141                         main
     00000244  C$main.c$25$3$106                  main
     00000247  A$main$146                         main
     00000247  C$main.c$27$2$105                  main
     00000247  XG$main$0$0                        main
ASxxxx Linker V03.00 + NoICE + sdld,  page 4.
Hexadecimal  [32-Bits]

Area                                    Addr        Size        Decimal Bytes (Attributes)
--------------------------------        ----        ----        ------- ----- ------------
_CODE                               00000200    00001DBB =        7611. bytes (REL,CON)

      Value  Global                              Global Defined In Module
      -----  --------------------------------   ------------------------
     00000249  _PSGStop                           PSGlib
     00000270  _PSGResume                         PSGlib
     000002BC  _PSGPlay                           PSGlib
     000002E9  _PSGCancelLoop                     PSGlib
     000002EF  _PSGPlayNoRepeat                   PSGlib
     000002FE  _PSGGetStatus                      PSGlib
     00000306  _PSGSilenceChannels                PSGlib
     00000317  _PSGRestoreVolumes                 PSGlib
     00000416  _PSGSetMusicVolumeAttenuation      PSGlib
     00000505  _PSGSFXStop                        PSGlib
     000005CF  _PSGSFXPlay                        PSGlib
     0000061C  _PSGSFXCancelLoop                  PSGlib
     00000622  _PSGSFXGetStatus                   PSGlib
     0000062A  _PSGSFXPlayLoop                    PSGlib
     0000064B  _PSGFrame                          PSGlib
     00000764  _PSGSFXFrame                       PSGlib
     000007EA  A$_sms_manager$251                 _sms_manager
     000007EA  C$_sms_manager.c$12$0$0            _sms_manager
     000007EA  C$_sms_manager.c$14$1$120          _sms_manager
     000007EA  C$_sms_manager.c$15$1$120          _sms_manager
     000007EA  G$devkit_SMS_init$0$0              _sms_manager
     000007EA  XG$devkit_SMS_init$0$0             _sms_manager
     000007EA  _devkit_SMS_init                   _sms_manager
     000007ED  A$_sms_manager$264                 _sms_manager
     000007ED  C$_sms_manager.c$18$1$120          _sms_manager
     000007ED  C$_sms_manager.c$20$1$122          _sms_manager
     000007ED  G$devkit_SMS_VDPturnOnFeature$0$   _sms_manager
     000007ED  _devkit_SMS_VDPturnOnFeature       _sms_manager
     000007EE  A$_sms_manager$265                 _sms_manager
     000007EF  A$_sms_manager$266                 _sms_manager
     000007F0  A$_sms_manager$267                 _sms_manager
     000007F1  A$_sms_manager$272                 _sms_manager
     000007F1  C$_sms_manager.c$21$1$122          _sms_manager
     000007F1  XG$devkit_SMS_VDPturnOnFeature$0   _sms_manager
     000007F4  A$_sms_manager$285                 _sms_manager
     000007F4  C$_sms_manager.c$22$1$122          _sms_manager
     000007F4  C$_sms_manager.c$24$1$124          _sms_manager
     000007F4  G$devkit_SMS_VDPturnOffFeature$0   _sms_manager
     000007F4  _devkit_SMS_VDPturnOffFeature      _sms_manager
     000007F5  A$_sms_manager$286                 _sms_manager
     000007F6  A$_sms_manager$287                 _sms_manager
     000007F7  A$_sms_manager$288                 _sms_manager
     000007F8  A$_sms_manager$293                 _sms_manager
     000007F8  C$_sms_manager.c$25$1$124          _sms_manager
     000007F8  XG$devkit_SMS_VDPturnOffFeature$   _sms_manager
     000007FB  A$_sms_manager$306                 _sms_manager
     000007FB  C$_sms_manager.c$28$1$124          _sms_manager
     000007FB  C$_sms_manager.c$30$1$125          _sms_manager
     000007FB  G$devkit_VDPFEATURE_EXTRAHEIGHT$   _sms_manager
     000007FB  _devkit_VDPFEATURE_EXTRAHEIGHT     _sms_manager
     000007FE  A$_sms_manager$311                 _sms_manager
ASxxxx Linker V03.00 + NoICE + sdld,  page 5.
Hexadecimal  [32-Bits]

Area                                    Addr        Size        Decimal Bytes (Attributes)
--------------------------------        ----        ----        ------- ----- ------------
_CODE                               00000200    00001DBB =        7611. bytes (REL,CON)

      Value  Global                              Global Defined In Module
      -----  --------------------------------   ------------------------
     000007FE  C$_sms_manager.c$31$1$125          _sms_manager
     000007FE  XG$devkit_VDPFEATURE_EXTRAHEIGHT   _sms_manager
     000007FF  A$_sms_manager$324                 _sms_manager
     000007FF  C$_sms_manager.c$32$1$125          _sms_manager
     000007FF  C$_sms_manager.c$34$1$126          _sms_manager
     000007FF  G$devkit_VDPFEATURE_SHIFTSPRITES   _sms_manager
     000007FF  _devkit_VDPFEATURE_SHIFTSPRITES    _sms_manager
     00000802  A$_sms_manager$329                 _sms_manager
     00000802  C$_sms_manager.c$35$1$126          _sms_manager
     00000802  XG$devkit_VDPFEATURE_SHIFTSPRITE   _sms_manager
     00000803  A$_sms_manager$342                 _sms_manager
     00000803  C$_sms_manager.c$36$1$126          _sms_manager
     00000803  C$_sms_manager.c$38$1$127          _sms_manager
     00000803  G$devkit_VDPFEATURE_HIDEFIRSTCOL   _sms_manager
     00000803  _devkit_VDPFEATURE_HIDEFIRSTCOL    _sms_manager
     00000806  A$_sms_manager$347                 _sms_manager
     00000806  C$_sms_manager.c$39$1$127          _sms_manager
     00000806  XG$devkit_VDPFEATURE_HIDEFIRSTCO   _sms_manager
     00000807  A$_sms_manager$360                 _sms_manager
     00000807  C$_sms_manager.c$40$1$127          _sms_manager
     00000807  C$_sms_manager.c$42$1$128          _sms_manager
     00000807  G$devkit_VDPFEATURE_LEFTCOLBLANK   _sms_manager
     00000807  _devkit_VDPFEATURE_LEFTCOLBLANK    _sms_manager
     0000080A  A$_sms_manager$365                 _sms_manager
     0000080A  C$_sms_manager.c$43$1$128          _sms_manager
     0000080A  XG$devkit_VDPFEATURE_LEFTCOLBLAN   _sms_manager
     0000080B  A$_sms_manager$378                 _sms_manager
     0000080B  C$_sms_manager.c$44$1$128          _sms_manager
     0000080B  C$_sms_manager.c$46$1$129          _sms_manager
     0000080B  G$devkit_VDPFEATURE_LOCKHSCROLL$   _sms_manager
     0000080B  _devkit_VDPFEATURE_LOCKHSCROLL     _sms_manager
     0000080E  A$_sms_manager$383                 _sms_manager
     0000080E  C$_sms_manager.c$47$1$129          _sms_manager
     0000080E  XG$devkit_VDPFEATURE_LOCKHSCROLL   _sms_manager
     0000080F  A$_sms_manager$396                 _sms_manager
     0000080F  C$_sms_manager.c$48$1$129          _sms_manager
     0000080F  C$_sms_manager.c$50$1$130          _sms_manager
     0000080F  G$devkit_VDPFEATURE_LOCKVSCROLL$   _sms_manager
     0000080F  _devkit_VDPFEATURE_LOCKVSCROLL     _sms_manager
     00000812  A$_sms_manager$401                 _sms_manager
     00000812  C$_sms_manager.c$51$1$130          _sms_manager
     00000812  XG$devkit_VDPFEATURE_LOCKVSCROLL   _sms_manager
     00000813  A$_sms_manager$414                 _sms_manager
     00000813  C$_sms_manager.c$54$1$130          _sms_manager
     00000813  C$_sms_manager.c$56$1$131          _sms_manager
     00000813  G$devkit_VDPFEATURE_ZOOMSPRITES$   _sms_manager
     00000813  _devkit_VDPFEATURE_ZOOMSPRITES     _sms_manager
     00000816  A$_sms_manager$419                 _sms_manager
     00000816  C$_sms_manager.c$57$1$131          _sms_manager
     00000816  XG$devkit_VDPFEATURE_ZOOMSPRITES   _sms_manager
     00000817  A$_sms_manager$432                 _sms_manager
ASxxxx Linker V03.00 + NoICE + sdld,  page 6.
Hexadecimal  [32-Bits]

Area                                    Addr        Size        Decimal Bytes (Attributes)
--------------------------------        ----        ----        ------- ----- ------------
_CODE                               00000200    00001DBB =        7611. bytes (REL,CON)

      Value  Global                              Global Defined In Module
      -----  --------------------------------   ------------------------
     00000817  C$_sms_manager.c$58$1$131          _sms_manager
     00000817  C$_sms_manager.c$60$1$132          _sms_manager
     00000817  G$devkit_VDPFEATURE_USETALLSPRIT   _sms_manager
     00000817  _devkit_VDPFEATURE_USETALLSPRITE   _sms_manager
     0000081A  A$_sms_manager$437                 _sms_manager
     0000081A  C$_sms_manager.c$61$1$132          _sms_manager
     0000081A  XG$devkit_VDPFEATURE_USETALLSPRI   _sms_manager
     0000081B  A$_sms_manager$450                 _sms_manager
     0000081B  C$_sms_manager.c$62$1$132          _sms_manager
     0000081B  C$_sms_manager.c$64$1$133          _sms_manager
     0000081B  G$devkit_VDPFEATURE_240LINES$0$0   _sms_manager
     0000081B  _devkit_VDPFEATURE_240LINES        _sms_manager
     0000081E  A$_sms_manager$455                 _sms_manager
     0000081E  C$_sms_manager.c$65$1$133          _sms_manager
     0000081E  XG$devkit_VDPFEATURE_240LINES$0$   _sms_manager
     0000081F  A$_sms_manager$468                 _sms_manager
     0000081F  C$_sms_manager.c$66$1$133          _sms_manager
     0000081F  C$_sms_manager.c$68$1$134          _sms_manager
     0000081F  G$devkit_VDPFEATURE_224LINES$0$0   _sms_manager
     0000081F  _devkit_VDPFEATURE_224LINES        _sms_manager
     00000822  A$_sms_manager$473                 _sms_manager
     00000822  C$_sms_manager.c$69$1$134          _sms_manager
     00000822  XG$devkit_VDPFEATURE_224LINES$0$   _sms_manager
     00000823  A$_sms_manager$486                 _sms_manager
     00000823  C$_sms_manager.c$70$1$134          _sms_manager
     00000823  C$_sms_manager.c$72$1$135          _sms_manager
     00000823  G$devkit_VDPFEATURE_FRAMEIRQ$0$0   _sms_manager
     00000823  _devkit_VDPFEATURE_FRAMEIRQ        _sms_manager
     00000826  A$_sms_manager$491                 _sms_manager
     00000826  C$_sms_manager.c$73$1$135          _sms_manager
     00000826  XG$devkit_VDPFEATURE_FRAMEIRQ$0$   _sms_manager
     00000827  A$_sms_manager$504                 _sms_manager
     00000827  C$_sms_manager.c$74$1$135          _sms_manager
     00000827  C$_sms_manager.c$76$1$136          _sms_manager
     00000827  G$devkit_VDPFEATURE_SHOWDISPLAY$   _sms_manager
     00000827  _devkit_VDPFEATURE_SHOWDISPLAY     _sms_manager
     0000082A  A$_sms_manager$509                 _sms_manager
     0000082A  C$_sms_manager.c$77$1$136          _sms_manager
     0000082A  XG$devkit_VDPFEATURE_SHOWDISPLAY   _sms_manager
     0000082B  A$_sms_manager$522                 _sms_manager
     0000082B  C$_sms_manager.c$80$1$136          _sms_manager
     0000082B  C$_sms_manager.c$82$1$137          _sms_manager
     0000082B  G$devkit_SMS_displayOn$0$0         _sms_manager
     0000082B  _devkit_SMS_displayOn              _sms_manager
     0000082E  A$_sms_manager$527                 _sms_manager
     0000082E  C$_sms_manager.c$83$1$137          _sms_manager
     0000082E  XG$devkit_SMS_displayOn$0$0        _sms_manager
     00000831  A$_sms_manager$540                 _sms_manager
     00000831  C$_sms_manager.c$84$1$137          _sms_manager
     00000831  C$_sms_manager.c$86$1$138          _sms_manager
     00000831  G$devkit_SMS_displayOff$0$0        _sms_manager
ASxxxx Linker V03.00 + NoICE + sdld,  page 7.
Hexadecimal  [32-Bits]

Area                                    Addr        Size        Decimal Bytes (Attributes)
--------------------------------        ----        ----        ------- ----- ------------
_CODE                               00000200    00001DBB =        7611. bytes (REL,CON)

      Value  Global                              Global Defined In Module
      -----  --------------------------------   ------------------------
     00000831  _devkit_SMS_displayOff             _sms_manager
     00000834  A$_sms_manager$545                 _sms_manager
     00000834  C$_sms_manager.c$87$1$138          _sms_manager
     00000834  XG$devkit_SMS_displayOff$0$0       _sms_manager
     00000837  A$_sms_manager$558                 _sms_manager
     00000837  C$_sms_manager.c$89$1$138          _sms_manager
     00000837  C$_sms_manager.c$91$1$140          _sms_manager
     00000837  G$devkit_SMS_setBGScrollX$0$0      _sms_manager
     00000837  _devkit_SMS_setBGScrollX           _sms_manager
     0000083B  A$_sms_manager$559                 _sms_manager
     0000083D  A$_sms_manager$560                 _sms_manager
     00000840  A$_sms_manager$565                 _sms_manager
     00000840  C$_sms_manager.c$92$1$140          _sms_manager
     00000840  XG$devkit_SMS_setBGScrollX$0$0     _sms_manager
     00000843  A$_sms_manager$578                 _sms_manager
     00000843  C$_sms_manager.c$93$1$140          _sms_manager
     00000843  C$_sms_manager.c$95$1$142          _sms_manager
     00000843  G$devkit_SMS_setBGScrollY$0$0      _sms_manager
     00000843  _devkit_SMS_setBGScrollY           _sms_manager
     00000847  A$_sms_manager$579                 _sms_manager
     00000849  A$_sms_manager$580                 _sms_manager
     0000084C  A$_sms_manager$585                 _sms_manager
     0000084C  C$_sms_manager.c$96$1$142          _sms_manager
     0000084C  XG$devkit_SMS_setBGScrollY$0$0     _sms_manager
     0000084F  A$_sms_manager$598                 _sms_manager
     0000084F  C$_sms_manager.c$97$1$142          _sms_manager
     0000084F  C$_sms_manager.c$99$1$144          _sms_manager
     0000084F  G$devkit_SMS_setBackdropColor$0$   _sms_manager
     0000084F  _devkit_SMS_setBackdropColor       _sms_manager
     00000853  A$_sms_manager$599                 _sms_manager
     00000855  A$_sms_manager$600                 _sms_manager
     00000858  A$_sms_manager$605                 _sms_manager
     00000858  C$_sms_manager.c$100$1$144         _sms_manager
     00000858  XG$devkit_SMS_setBackdropColor$0   _sms_manager
     0000085B  A$_sms_manager$618                 _sms_manager
     0000085B  C$_sms_manager.c$101$1$144         _sms_manager
     0000085B  C$_sms_manager.c$103$1$146         _sms_manager
     0000085B  G$devkit_SMS_useFirstHalfTilesfo   _sms_manager
     0000085B  _devkit_SMS_useFirstHalfTilesfor   _sms_manager
     0000085C  A$_sms_manager$619                 _sms_manager
     00000860  A$_sms_manager$620                 _sms_manager
     00000862  A$_sms_manager$621                 _sms_manager
     00000865  A$_sms_manager$622                 _sms_manager
     00000866  A$_sms_manager$623                 _sms_manager
     00000867  A$_sms_manager$628                 _sms_manager
     00000867  C$_sms_manager.c$104$1$146         _sms_manager
     00000867  XG$devkit_SMS_useFirstHalfTilesf   _sms_manager
     0000086A  A$_sms_manager$641                 _sms_manager
     0000086A  C$_sms_manager.c$105$1$146         _sms_manager
     0000086A  C$_sms_manager.c$107$1$148         _sms_manager
     0000086A  G$devkit_SMS_setSpriteMode$0$0     _sms_manager
ASxxxx Linker V03.00 + NoICE + sdld,  page 8.
Hexadecimal  [32-Bits]

Area                                    Addr        Size        Decimal Bytes (Attributes)
--------------------------------        ----        ----        ------- ----- ------------
_CODE                               00000200    00001DBB =        7611. bytes (REL,CON)

      Value  Global                              Global Defined In Module
      -----  --------------------------------   ------------------------
     0000086A  _devkit_SMS_setSpriteMode          _sms_manager
     0000086E  A$_sms_manager$642                 _sms_manager
     00000870  A$_sms_manager$643                 _sms_manager
     00000873  A$_sms_manager$648                 _sms_manager
     00000873  C$_sms_manager.c$108$1$148         _sms_manager
     00000873  XG$devkit_SMS_setSpriteMode$0$0    _sms_manager
     00000876  A$_sms_manager$661                 _sms_manager
     00000876  C$_sms_manager.c$111$1$148         _sms_manager
     00000876  C$_sms_manager.c$113$1$149         _sms_manager
     00000876  G$devkit_SPRITEMODE_NORMAL$0$0     _sms_manager
     00000876  _devkit_SPRITEMODE_NORMAL          _sms_manager
     00000878  A$_sms_manager$666                 _sms_manager
     00000878  C$_sms_manager.c$114$1$149         _sms_manager
     00000878  XG$devkit_SPRITEMODE_NORMAL$0$0    _sms_manager
     00000879  A$_sms_manager$679                 _sms_manager
     00000879  C$_sms_manager.c$115$1$149         _sms_manager
     00000879  C$_sms_manager.c$117$1$150         _sms_manager
     00000879  G$devkit_SPRITEMODE_TALL$0$0       _sms_manager
     00000879  _devkit_SPRITEMODE_TALL            _sms_manager
     0000087B  A$_sms_manager$684                 _sms_manager
     0000087B  C$_sms_manager.c$118$1$150         _sms_manager
     0000087B  XG$devkit_SPRITEMODE_TALL$0$0      _sms_manager
     0000087C  A$_sms_manager$697                 _sms_manager
     0000087C  C$_sms_manager.c$119$1$150         _sms_manager
     0000087C  C$_sms_manager.c$121$1$151         _sms_manager
     0000087C  G$devkit_SPRITEMODE_ZOOMED$0$0     _sms_manager
     0000087C  _devkit_SPRITEMODE_ZOOMED          _sms_manager
     0000087E  A$_sms_manager$702                 _sms_manager
     0000087E  C$_sms_manager.c$122$1$151         _sms_manager
     0000087E  XG$devkit_SPRITEMODE_ZOOMED$0$0    _sms_manager
     0000087F  A$_sms_manager$715                 _sms_manager
     0000087F  C$_sms_manager.c$123$1$151         _sms_manager
     0000087F  C$_sms_manager.c$125$1$152         _sms_manager
     0000087F  G$devkit_SPRITEMODE_TALL_ZOOMED$   _sms_manager
     0000087F  _devkit_SPRITEMODE_TALL_ZOOMED     _sms_manager
     00000881  A$_sms_manager$720                 _sms_manager
     00000881  C$_sms_manager.c$126$1$152         _sms_manager
     00000881  XG$devkit_SPRITEMODE_TALL_ZOOMED   _sms_manager
     00000882  A$_sms_manager$733                 _sms_manager
     00000882  C$_sms_manager.c$131$1$152         _sms_manager
     00000882  C$_sms_manager.c$133$1$154         _sms_manager
     00000882  G$devkit_SMS_mapROMBank$0$0        _sms_manager
     00000882  _devkit_SMS_mapROMBank             _sms_manager
     00000885  A$_sms_manager$734                 _sms_manager
     00000886  A$_sms_manager$735                 _sms_manager
     00000887  A$_sms_manager$736                 _sms_manager
     0000088A  A$_sms_manager$741                 _sms_manager
     0000088A  C$_sms_manager.c$134$1$154         _sms_manager
     0000088A  XG$devkit_SMS_mapROMBank$0$0       _sms_manager
     0000088B  A$_sms_manager$754                 _sms_manager
     0000088B  C$_sms_manager.c$137$1$154         _sms_manager
ASxxxx Linker V03.00 + NoICE + sdld,  page 9.
Hexadecimal  [32-Bits]

Area                                    Addr        Size        Decimal Bytes (Attributes)
--------------------------------        ----        ----        ------- ----- ------------
_CODE                               00000200    00001DBB =        7611. bytes (REL,CON)

      Value  Global                              Global Defined In Module
      -----  --------------------------------   ------------------------
     0000088B  C$_sms_manager.c$139$1$155         _sms_manager
     0000088B  G$devkit_SMS_enableSRAM$0$0        _sms_manager
     0000088B  _devkit_SMS_enableSRAM             _sms_manager
     0000088E  A$_sms_manager$755                 _sms_manager
     00000890  A$_sms_manager$760                 _sms_manager
     00000890  C$_sms_manager.c$140$1$155         _sms_manager
     00000890  XG$devkit_SMS_enableSRAM$0$0       _sms_manager
     00000891  A$_sms_manager$773                 _sms_manager
     00000891  C$_sms_manager.c$141$1$155         _sms_manager
     00000891  C$_sms_manager.c$143$1$157         _sms_manager
     00000891  G$devkit_SMS_enableSRAMBank$0$0    _sms_manager
     00000891  _devkit_SMS_enableSRAMBank         _sms_manager
     00000894  A$_sms_manager$774                 _sms_manager
     00000895  A$_sms_manager$775                 _sms_manager
     00000896  A$_sms_manager$776                 _sms_manager
     00000897  A$_sms_manager$777                 _sms_manager
     00000898  A$_sms_manager$778                 _sms_manager
     0000089A  A$_sms_manager$779                 _sms_manager
     0000089C  A$_sms_manager$780                 _sms_manager
     0000089F  A$_sms_manager$785                 _sms_manager
     0000089F  C$_sms_manager.c$144$1$157         _sms_manager
     0000089F  XG$devkit_SMS_enableSRAMBank$0$0   _sms_manager
     000008A0  A$_sms_manager$798                 _sms_manager
     000008A0  C$_sms_manager.c$145$1$157         _sms_manager
     000008A0  C$_sms_manager.c$147$1$158         _sms_manager
     000008A0  G$devkit_SMS_disableSRAM$0$0       _sms_manager
     000008A0  _devkit_SMS_disableSRAM            _sms_manager
     000008A3  A$_sms_manager$799                 _sms_manager
     000008A5  A$_sms_manager$804                 _sms_manager
     000008A5  C$_sms_manager.c$148$1$158         _sms_manager
     000008A5  XG$devkit_SMS_disableSRAM$0$0      _sms_manager
     000008A6  A$_sms_manager$817                 _sms_manager
     000008A6  C$_sms_manager.c$151$1$158         _sms_manager
     000008A6  C$_sms_manager.c$153$1$159         _sms_manager
     000008A6  G$devkit_SMS_SRAM$0$0              _sms_manager
     000008A6  _devkit_SMS_SRAM                   _sms_manager
     000008A9  A$_sms_manager$822                 _sms_manager
     000008A9  C$_sms_manager.c$154$1$159         _sms_manager
     000008A9  XG$devkit_SMS_SRAM$0$0             _sms_manager
     000008AA  A$_sms_manager$839                 _sms_manager
     000008AA  C$_sms_manager.c$157$1$159         _sms_manager
     000008AA  C$_sms_manager.c$159$1$160         _sms_manager
     000008AA  C$_sms_manager.c$160$1$160         _sms_manager
     000008AA  G$devkit_SMS_waitForVBlank$0$0     _sms_manager
     000008AA  XG$devkit_SMS_waitForVBlank$0$0    _sms_manager
     000008AA  _devkit_SMS_waitForVBlank          _sms_manager
     000008AD  A$_sms_manager$852                 _sms_manager
     000008AD  C$_sms_manager.c$163$1$160         _sms_manager
     000008AD  C$_sms_manager.c$165$1$162         _sms_manager
     000008AD  G$devkit_SMS_loadTiles$0$0         _sms_manager
     000008AD  _devkit_SMS_loadTiles              _sms_manager
ASxxxx Linker V03.00 + NoICE + sdld,  page 10.
Hexadecimal  [32-Bits]

Area                                    Addr        Size        Decimal Bytes (Attributes)
--------------------------------        ----        ----        ------- ----- ------------
_CODE                               00000200    00001DBB =        7611. bytes (REL,CON)

      Value  Global                              Global Defined In Module
      -----  --------------------------------   ------------------------
     000008B0  A$_sms_manager$853                 _sms_manager
     000008B1  A$_sms_manager$854                 _sms_manager
     000008B2  A$_sms_manager$855                 _sms_manager
     000008B3  A$_sms_manager$856                 _sms_manager
     000008B4  A$_sms_manager$857                 _sms_manager
     000008B5  A$_sms_manager$858                 _sms_manager
     000008B8  A$_sms_manager$859                 _sms_manager
     000008B9  A$_sms_manager$860                 _sms_manager
     000008BA  A$_sms_manager$861                 _sms_manager
     000008BB  A$_sms_manager$862                 _sms_manager
     000008BC  A$_sms_manager$863                 _sms_manager
     000008BD  A$_sms_manager$864                 _sms_manager
     000008C0  A$_sms_manager$865                 _sms_manager
     000008C1  A$_sms_manager$866                 _sms_manager
     000008C2  A$_sms_manager$867                 _sms_manager
     000008C3  A$_sms_manager$868                 _sms_manager
     000008C4  A$_sms_manager$869                 _sms_manager
     000008C5  A$_sms_manager$870                 _sms_manager
     000008C8  A$_sms_manager$871                 _sms_manager
     000008CB  A$_sms_manager$872                 _sms_manager
     000008CC  A$_sms_manager$873                 _sms_manager
     000008CD  A$_sms_manager$878                 _sms_manager
     000008CD  C$_sms_manager.c$166$1$162         _sms_manager
     000008CD  XG$devkit_SMS_loadTiles$0$0        _sms_manager
     000008CE  A$_sms_manager$891                 _sms_manager
     000008CE  C$_sms_manager.c$167$1$162         _sms_manager
     000008CE  C$_sms_manager.c$169$1$164         _sms_manager
     000008CE  G$devkit_SMS_loadPSGaidencompres   _sms_manager
     000008CE  _devkit_SMS_loadPSGaidencompress   _sms_manager
     000008D1  A$_sms_manager$892                 _sms_manager
     000008D2  A$_sms_manager$893                 _sms_manager
     000008D3  A$_sms_manager$894                 _sms_manager
     000008D4  A$_sms_manager$895                 _sms_manager
     000008D5  A$_sms_manager$896                 _sms_manager
     000008D6  A$_sms_manager$897                 _sms_manager
     000008D9  A$_sms_manager$898                 _sms_manager
     000008DA  A$_sms_manager$899                 _sms_manager
     000008DB  A$_sms_manager$900                 _sms_manager
     000008DC  A$_sms_manager$901                 _sms_manager
     000008DD  A$_sms_manager$902                 _sms_manager
     000008DE  A$_sms_manager$903                 _sms_manager
     000008E1  A$_sms_manager$904                 _sms_manager
     000008E2  A$_sms_manager$905                 _sms_manager
     000008E3  A$_sms_manager$910                 _sms_manager
     000008E3  C$_sms_manager.c$170$1$164         _sms_manager
     000008E3  XG$devkit_SMS_loadPSGaidencompre   _sms_manager
     000008E4  A$_sms_manager$923                 _sms_manager
     000008E4  C$_sms_manager.c$173$1$164         _sms_manager
     000008E4  C$_sms_manager.c$175$1$166         _sms_manager
     000008E4  G$devkit_SMS_loadTileMap$0$0       _sms_manager
     000008E4  _devkit_SMS_loadTileMap            _sms_manager
ASxxxx Linker V03.00 + NoICE + sdld,  page 11.
Hexadecimal  [32-Bits]

Area                                    Addr        Size        Decimal Bytes (Attributes)
--------------------------------        ----        ----        ------- ----- ------------
_CODE                               00000200    00001DBB =        7611. bytes (REL,CON)

      Value  Global                              Global Defined In Module
      -----  --------------------------------   ------------------------
     000008E7  A$_sms_manager$924                 _sms_manager
     000008E8  A$_sms_manager$925                 _sms_manager
     000008E9  A$_sms_manager$926                 _sms_manager
     000008EA  A$_sms_manager$927                 _sms_manager
     000008EB  A$_sms_manager$928                 _sms_manager
     000008EC  A$_sms_manager$929                 _sms_manager
     000008EF  A$_sms_manager$930                 _sms_manager
     000008F0  A$_sms_manager$931                 _sms_manager
     000008F1  A$_sms_manager$932                 _sms_manager
     000008F2  A$_sms_manager$933                 _sms_manager
     000008F3  A$_sms_manager$934                 _sms_manager
     000008F4  A$_sms_manager$935                 _sms_manager
     000008F7  A$_sms_manager$936                 _sms_manager
     000008F8  A$_sms_manager$937                 _sms_manager
     000008F9  A$_sms_manager$938                 _sms_manager
     000008FA  A$_sms_manager$939                 _sms_manager
     000008FB  A$_sms_manager$940                 _sms_manager
     000008FE  A$_sms_manager$941                 _sms_manager
     000008FF  A$_sms_manager$942                 _sms_manager
     00000900  A$_sms_manager$943                 _sms_manager
     00000901  A$_sms_manager$944                 _sms_manager
     00000902  A$_sms_manager$945                 _sms_manager
     00000905  A$_sms_manager$946                 _sms_manager
     00000908  A$_sms_manager$947                 _sms_manager
     00000909  A$_sms_manager$948                 _sms_manager
     0000090A  A$_sms_manager$953                 _sms_manager
     0000090A  C$_sms_manager.c$176$1$166         _sms_manager
     0000090A  XG$devkit_SMS_loadTileMap$0$0      _sms_manager
     0000090B  A$_sms_manager$966                 _sms_manager
     0000090B  C$_sms_manager.c$177$1$166         _sms_manager
     0000090B  C$_sms_manager.c$179$1$168         _sms_manager
     0000090B  G$devkit_SMS_loadSTMcompressedTi   _sms_manager
     0000090B  _devkit_SMS_loadSTMcompressedTil   _sms_manager
     0000090C  A$_sms_manager$967                 _sms_manager
     0000090D  A$_sms_manager$968                 _sms_manager
     0000090E  A$_sms_manager$969                 _sms_manager
     00000911  A$_sms_manager$970                 _sms_manager
     00000912  A$_sms_manager$971                 _sms_manager
     00000913  A$_sms_manager$972                 _sms_manager
     00000914  A$_sms_manager$973                 _sms_manager
     00000915  A$_sms_manager$974                 _sms_manager
     00000916  A$_sms_manager$975                 _sms_manager
     00000919  A$_sms_manager$976                 _sms_manager
     0000091A  A$_sms_manager$977                 _sms_manager
     0000091B  A$_sms_manager$978                 _sms_manager
     0000091C  A$_sms_manager$979                 _sms_manager
     0000091D  A$_sms_manager$980                 _sms_manager
     00000920  A$_sms_manager$981                 _sms_manager
     00000921  A$_sms_manager$982                 _sms_manager
     00000922  A$_sms_manager$983                 _sms_manager
     00000923  A$_sms_manager$984                 _sms_manager
ASxxxx Linker V03.00 + NoICE + sdld,  page 12.
Hexadecimal  [32-Bits]

Area                                    Addr        Size        Decimal Bytes (Attributes)
--------------------------------        ----        ----        ------- ----- ------------
_CODE                               00000200    00001DBB =        7611. bytes (REL,CON)

      Value  Global                              Global Defined In Module
      -----  --------------------------------   ------------------------
     00000924  A$_sms_manager$985                 _sms_manager
     00000927  A$_sms_manager$986                 _sms_manager
     00000928  A$_sms_manager$987                 _sms_manager
     00000929  A$_sms_manager$988                 _sms_manager
     0000092A  A$_sms_manager$993                 _sms_manager
     0000092A  C$_sms_manager.c$180$1$168         _sms_manager
     0000092A  XG$devkit_SMS_loadSTMcompressedT   _sms_manager
     0000092B  A$_sms_manager$1006                _sms_manager
     0000092B  C$_sms_manager.c$181$1$168         _sms_manager
     0000092B  C$_sms_manager.c$183$1$170         _sms_manager
     0000092B  G$devkit_SMS_loadTileMapArea$0$0   _sms_manager
     0000092B  _devkit_SMS_loadTileMapArea        _sms_manager
     0000092E  A$_sms_manager$1007                _sms_manager
     0000092F  A$_sms_manager$1008                _sms_manager
     00000930  A$_sms_manager$1009                _sms_manager
     00000931  A$_sms_manager$1010                _sms_manager
     00000932  A$_sms_manager$1011                _sms_manager
     00000935  A$_sms_manager$1012                _sms_manager
     00000936  A$_sms_manager$1013                _sms_manager
     00000937  A$_sms_manager$1014                _sms_manager
     00000938  A$_sms_manager$1015                _sms_manager
     00000939  A$_sms_manager$1016                _sms_manager
     0000093C  A$_sms_manager$1017                _sms_manager
     0000093D  A$_sms_manager$1018                _sms_manager
     0000093E  A$_sms_manager$1019                _sms_manager
     0000093F  A$_sms_manager$1020                _sms_manager
     00000940  A$_sms_manager$1021                _sms_manager
     00000941  A$_sms_manager$1022                _sms_manager
     00000944  A$_sms_manager$1023                _sms_manager
     00000945  A$_sms_manager$1024                _sms_manager
     00000946  A$_sms_manager$1025                _sms_manager
     00000947  A$_sms_manager$1026                _sms_manager
     00000948  A$_sms_manager$1027                _sms_manager
     0000094B  A$_sms_manager$1028                _sms_manager
     0000094C  A$_sms_manager$1029                _sms_manager
     0000094D  A$_sms_manager$1030                _sms_manager
     0000094E  A$_sms_manager$1031                _sms_manager
     0000094F  A$_sms_manager$1032                _sms_manager
     00000952  A$_sms_manager$1033                _sms_manager
     00000955  A$_sms_manager$1034                _sms_manager
     00000956  A$_sms_manager$1035                _sms_manager
     00000957  A$_sms_manager$1040                _sms_manager
     00000957  C$_sms_manager.c$184$1$170         _sms_manager
     00000957  XG$devkit_SMS_loadTileMapArea$0$   _sms_manager
     00000958  A$_sms_manager$1053                _sms_manager
     00000958  C$_sms_manager.c$188$1$170         _sms_manager
     00000958  C$_sms_manager.c$190$1$172         _sms_manager
     00000958  G$devkit_SMS_loadSTMcompressedTi   _sms_manager
     00000958  _devkit_SMS_loadSTMcompressedTil   _sms_manager
     0000095A  A$_sms_manager$1054                _sms_manager
     0000095B  A$_sms_manager$1055                _sms_manager
ASxxxx Linker V03.00 + NoICE + sdld,  page 13.
Hexadecimal  [32-Bits]

Area                                    Addr        Size        Decimal Bytes (Attributes)
--------------------------------        ----        ----        ------- ----- ------------
_CODE                               00000200    00001DBB =        7611. bytes (REL,CON)

      Value  Global                              Global Defined In Module
      -----  --------------------------------   ------------------------
     0000095C  A$_sms_manager$1056                _sms_manager
     0000095F  A$_sms_manager$1057                _sms_manager
     00000960  A$_sms_manager$1058                _sms_manager
     00000961  A$_sms_manager$1059                _sms_manager
     00000962  A$_sms_manager$1060                _sms_manager
     00000963  A$_sms_manager$1061                _sms_manager
     00000964  A$_sms_manager$1062                _sms_manager
     00000967  A$_sms_manager$1063                _sms_manager
     00000968  A$_sms_manager$1064                _sms_manager
     00000969  A$_sms_manager$1065                _sms_manager
     0000096A  A$_sms_manager$1066                _sms_manager
     0000096B  A$_sms_manager$1067                _sms_manager
     0000096E  A$_sms_manager$1068                _sms_manager
     0000096F  A$_sms_manager$1069                _sms_manager
     00000970  A$_sms_manager$1070                _sms_manager
     00000971  A$_sms_manager$1071                _sms_manager
     00000972  A$_sms_manager$1072                _sms_manager
     00000975  A$_sms_manager$1073                _sms_manager
     00000976  A$_sms_manager$1074                _sms_manager
     00000977  A$_sms_manager$1075                _sms_manager
     00000978  A$_sms_manager$1080                _sms_manager
     00000978  C$_sms_manager.c$191$1$172         _sms_manager
     00000978  XG$devkit_SMS_loadSTMcompressedT   _sms_manager
     00000979  A$_sms_manager$1093                _sms_manager
     00000979  C$_sms_manager.c$193$1$172         _sms_manager
     00000979  C$_sms_manager.c$195$1$174         _sms_manager
     00000979  G$devkit_SMS_crt0_RST08$0$0        _sms_manager
     00000979  _devkit_SMS_crt0_RST08             _sms_manager
     0000097A  A$_sms_manager$1094                _sms_manager
     0000097B  A$_sms_manager$1095                _sms_manager
     0000097C  A$_sms_manager$1096                _sms_manager
     0000097D  A$_sms_manager$1101                _sms_manager
     0000097D  C$_sms_manager.c$196$1$174         _sms_manager
     0000097D  XG$devkit_SMS_crt0_RST08$0$0       _sms_manager
     00000980  A$_sms_manager$1114                _sms_manager
     00000980  C$_sms_manager.c$197$1$174         _sms_manager
     00000980  C$_sms_manager.c$199$1$176         _sms_manager
     00000980  G$devkit_SMS_crt0_RST18$0$0        _sms_manager
     00000980  _devkit_SMS_crt0_RST18             _sms_manager
     00000981  A$_sms_manager$1115                _sms_manager
     00000982  A$_sms_manager$1116                _sms_manager
     00000983  A$_sms_manager$1117                _sms_manager
     00000984  A$_sms_manager$1122                _sms_manager
     00000984  C$_sms_manager.c$200$1$176         _sms_manager
     00000984  XG$devkit_SMS_crt0_RST18$0$0       _sms_manager
     00000987  A$_sms_manager$1135                _sms_manager
     00000987  C$_sms_manager.c$203$1$176         _sms_manager
     00000987  C$_sms_manager.c$205$1$178         _sms_manager
     00000987  G$devkit_SMS_setTile$0$0           _sms_manager
     00000987  _devkit_SMS_setTile                _sms_manager
     00000988  A$_sms_manager$1136                _sms_manager
ASxxxx Linker V03.00 + NoICE + sdld,  page 14.
Hexadecimal  [32-Bits]

Area                                    Addr        Size        Decimal Bytes (Attributes)
--------------------------------        ----        ----        ------- ----- ------------
_CODE                               00000200    00001DBB =        7611. bytes (REL,CON)

      Value  Global                              Global Defined In Module
      -----  --------------------------------   ------------------------
     00000989  A$_sms_manager$1137                _sms_manager
     0000098A  A$_sms_manager$1138                _sms_manager
     0000098B  A$_sms_manager$1143                _sms_manager
     0000098B  C$_sms_manager.c$206$1$178         _sms_manager
     0000098B  XG$devkit_SMS_setTile$0$0          _sms_manager
     0000098E  A$_sms_manager$1156                _sms_manager
     0000098E  C$_sms_manager.c$207$1$178         _sms_manager
     0000098E  C$_sms_manager.c$209$1$180         _sms_manager
     0000098E  G$devkit_SMS_setAddr$0$0           _sms_manager
     0000098E  _devkit_SMS_setAddr                _sms_manager
     0000098F  A$_sms_manager$1157                _sms_manager
     00000990  A$_sms_manager$1158                _sms_manager
     00000991  A$_sms_manager$1159                _sms_manager
     00000992  A$_sms_manager$1164                _sms_manager
     00000992  C$_sms_manager.c$210$1$180         _sms_manager
     00000992  XG$devkit_SMS_setAddr$0$0          _sms_manager
     00000995  A$_sms_manager$1181                _sms_manager
     00000995  C$_sms_manager.c$215$1$180         _sms_manager
     00000995  C$_sms_manager.c$217$1$182         _sms_manager
     00000995  C$_sms_manager.c$218$1$182         _sms_manager
     00000995  G$devkit_XYtoADDR$0$0              _sms_manager
     00000995  XG$devkit_XYtoADDR$0$0             _sms_manager
     00000995  _devkit_XYtoADDR                   _sms_manager
     00000996  A$_sms_manager$1191                _sms_manager
     00000996  C$_sms_manager.c$219$1$182         _sms_manager
     00000996  G$devkit_SMS_setNextTileatXY$0$0   _sms_manager
     00000996  _devkit_SMS_setNextTileatXY        _sms_manager
     00000998  A$_sms_manager$1192                _sms_manager
     0000099C  A$_sms_manager$1193                _sms_manager
     0000099E  A$_sms_manager$1197                _sms_manager
     0000099E  C$_sms_manager.c$221$1$184         _sms_manager
     000009A1  A$_sms_manager$1198                _sms_manager
     000009A3  A$_sms_manager$1199                _sms_manager
     000009A4  A$_sms_manager$1200                _sms_manager
     000009A5  A$_sms_manager$1201                _sms_manager
     000009A6  A$_sms_manager$1202                _sms_manager
     000009A7  A$_sms_manager$1203                _sms_manager
     000009A8  A$_sms_manager$1204                _sms_manager
     000009A9  A$_sms_manager$1205                _sms_manager
     000009AA  A$_sms_manager$1206                _sms_manager
     000009AB  A$_sms_manager$1207                _sms_manager
     000009AD  A$_sms_manager$1208                _sms_manager
     000009AE  A$_sms_manager$1209                _sms_manager
     000009B1  A$_sms_manager$1210                _sms_manager
     000009B3  A$_sms_manager$1211                _sms_manager
     000009B4  A$_sms_manager$1212                _sms_manager
     000009B5  A$_sms_manager$1213                _sms_manager
     000009B6  A$_sms_manager$1214                _sms_manager
     000009B7  A$_sms_manager$1215                _sms_manager
     000009B8  A$_sms_manager$1216                _sms_manager
     000009B9  A$_sms_manager$1217                _sms_manager
ASxxxx Linker V03.00 + NoICE + sdld,  page 15.
Hexadecimal  [32-Bits]

Area                                    Addr        Size        Decimal Bytes (Attributes)
--------------------------------        ----        ----        ------- ----- ------------
_CODE                               00000200    00001DBB =        7611. bytes (REL,CON)

      Value  Global                              Global Defined In Module
      -----  --------------------------------   ------------------------
     000009BA  A$_sms_manager$1222                _sms_manager
     000009BA  C$_sms_manager.c$222$1$184         _sms_manager
     000009BA  XG$devkit_SMS_setNextTileatXY$0$   _sms_manager
     000009BC  A$_sms_manager$1223                _sms_manager
     000009BF  A$_sms_manager$1236                _sms_manager
     000009BF  C$_sms_manager.c$223$1$184         _sms_manager
     000009BF  C$_sms_manager.c$225$1$186         _sms_manager
     000009BF  G$devkit_SMS_setNextTileatLoc$0$   _sms_manager
     000009BF  _devkit_SMS_setNextTileatLoc       _sms_manager
     000009C0  A$_sms_manager$1237                _sms_manager
     000009C1  A$_sms_manager$1238                _sms_manager
     000009C2  A$_sms_manager$1239                _sms_manager
     000009C3  A$_sms_manager$1240                _sms_manager
     000009C4  A$_sms_manager$1241                _sms_manager
     000009C5  A$_sms_manager$1242                _sms_manager
     000009C7  A$_sms_manager$1243                _sms_manager
     000009C8  A$_sms_manager$1248                _sms_manager
     000009C8  C$_sms_manager.c$226$1$186         _sms_manager
     000009C8  XG$devkit_SMS_setNextTileatLoc$0   _sms_manager
     000009CB  A$_sms_manager$1261                _sms_manager
     000009CB  C$_sms_manager.c$227$1$186         _sms_manager
     000009CB  C$_sms_manager.c$229$1$188         _sms_manager
     000009CB  G$devkit_SMS_setNextTileatAddr$0   _sms_manager
     000009CB  _devkit_SMS_setNextTileatAddr      _sms_manager
     000009CF  A$_sms_manager$1262                _sms_manager
     000009D1  A$_sms_manager$1263                _sms_manager
     000009D4  A$_sms_manager$1264                _sms_manager
     000009D6  A$_sms_manager$1269                _sms_manager
     000009D6  C$_sms_manager.c$230$1$188         _sms_manager
     000009D6  XG$devkit_SMS_setNextTileatAddr$   _sms_manager
     000009D9  A$_sms_manager$1279                _sms_manager
     000009D9  C$_sms_manager.c$231$1$188         _sms_manager
     000009D9  G$devkit_SMS_setTileatXY$0$0       _sms_manager
     000009D9  _devkit_SMS_setTileatXY            _sms_manager
     000009DB  A$_sms_manager$1280                _sms_manager
     000009DF  A$_sms_manager$1281                _sms_manager
     000009E1  A$_sms_manager$1285                _sms_manager
     000009E1  C$_sms_manager.c$233$2$191         _sms_manager
     000009E4  A$_sms_manager$1286                _sms_manager
     000009E6  A$_sms_manager$1287                _sms_manager
     000009E7  A$_sms_manager$1288                _sms_manager
     000009E8  A$_sms_manager$1289                _sms_manager
     000009E9  A$_sms_manager$1290                _sms_manager
     000009EA  A$_sms_manager$1291                _sms_manager
     000009EB  A$_sms_manager$1292                _sms_manager
     000009EC  A$_sms_manager$1293                _sms_manager
     000009ED  A$_sms_manager$1294                _sms_manager
     000009EE  A$_sms_manager$1295                _sms_manager
     000009F0  A$_sms_manager$1296                _sms_manager
     000009F1  A$_sms_manager$1297                _sms_manager
     000009F4  A$_sms_manager$1298                _sms_manager
ASxxxx Linker V03.00 + NoICE + sdld,  page 16.
Hexadecimal  [32-Bits]

Area                                    Addr        Size        Decimal Bytes (Attributes)
--------------------------------        ----        ----        ------- ----- ------------
_CODE                               00000200    00001DBB =        7611. bytes (REL,CON)

      Value  Global                              Global Defined In Module
      -----  --------------------------------   ------------------------
     000009F6  A$_sms_manager$1299                _sms_manager
     000009F7  A$_sms_manager$1300                _sms_manager
     000009F8  A$_sms_manager$1301                _sms_manager
     000009F9  A$_sms_manager$1302                _sms_manager
     000009FA  A$_sms_manager$1303                _sms_manager
     000009FB  A$_sms_manager$1304                _sms_manager
     000009FC  A$_sms_manager$1305                _sms_manager
     000009FD  A$_sms_manager$1306                _sms_manager
     000009FE  A$_sms_manager$1307                _sms_manager
     00000A01  A$_sms_manager$1308                _sms_manager
     00000A04  A$_sms_manager$1313                _sms_manager
     00000A04  C$_sms_manager.c$234$2$191         _sms_manager
     00000A04  XG$devkit_SMS_setTileatXY$0$0      _sms_manager
     00000A06  A$_sms_manager$1314                _sms_manager
     00000A09  A$_sms_manager$1327                _sms_manager
     00000A09  C$_sms_manager.c$237$2$191         _sms_manager
     00000A09  C$_sms_manager.c$239$1$192         _sms_manager
     00000A09  G$devkit_TILE_FLIPPED_X$0$0        _sms_manager
     00000A09  _devkit_TILE_FLIPPED_X             _sms_manager
     00000A0C  A$_sms_manager$1332                _sms_manager
     00000A0C  C$_sms_manager.c$240$1$192         _sms_manager
     00000A0C  XG$devkit_TILE_FLIPPED_X$0$0       _sms_manager
     00000A0D  A$_sms_manager$1345                _sms_manager
     00000A0D  C$_sms_manager.c$241$1$192         _sms_manager
     00000A0D  C$_sms_manager.c$243$1$193         _sms_manager
     00000A0D  G$devkit_TILE_FLIPPED_Y$0$0        _sms_manager
     00000A0D  _devkit_TILE_FLIPPED_Y             _sms_manager
     00000A10  A$_sms_manager$1350                _sms_manager
     00000A10  C$_sms_manager.c$244$1$193         _sms_manager
     00000A10  XG$devkit_TILE_FLIPPED_Y$0$0       _sms_manager
     00000A11  A$_sms_manager$1363                _sms_manager
     00000A11  C$_sms_manager.c$245$1$193         _sms_manager
     00000A11  C$_sms_manager.c$247$1$194         _sms_manager
     00000A11  G$devkit_TILE_USE_SPRITE_PALETTE   _sms_manager
     00000A11  _devkit_TILE_USE_SPRITE_PALETTE    _sms_manager
     00000A14  A$_sms_manager$1368                _sms_manager
     00000A14  C$_sms_manager.c$248$1$194         _sms_manager
     00000A14  XG$devkit_TILE_USE_SPRITE_PALETT   _sms_manager
     00000A15  A$_sms_manager$1381                _sms_manager
     00000A15  C$_sms_manager.c$249$1$194         _sms_manager
     00000A15  C$_sms_manager.c$251$1$195         _sms_manager
     00000A15  G$devkit_TILE_PRIORITY$0$0         _sms_manager
     00000A15  _devkit_TILE_PRIORITY              _sms_manager
     00000A18  A$_sms_manager$1386                _sms_manager
     00000A18  C$_sms_manager.c$252$1$195         _sms_manager
     00000A18  XG$devkit_TILE_PRIORITY$0$0        _sms_manager
     00000A19  A$_sms_manager$1403                _sms_manager
     00000A19  C$_sms_manager.c$255$1$195         _sms_manager
     00000A19  C$_sms_manager.c$257$1$196         _sms_manager
     00000A19  C$_sms_manager.c$258$1$196         _sms_manager
     00000A19  G$devkit_SMS_initSprites$0$0       _sms_manager
ASxxxx Linker V03.00 + NoICE + sdld,  page 17.
Hexadecimal  [32-Bits]

Area                                    Addr        Size        Decimal Bytes (Attributes)
--------------------------------        ----        ----        ------- ----- ------------
_CODE                               00000200    00001DBB =        7611. bytes (REL,CON)

      Value  Global                              Global Defined In Module
      -----  --------------------------------   ------------------------
     00000A19  XG$devkit_SMS_initSprites$0$0      _sms_manager
     00000A19  _devkit_SMS_initSprites            _sms_manager
     00000A1C  A$_sms_manager$1416                _sms_manager
     00000A1C  C$_sms_manager.c$259$1$196         _sms_manager
     00000A1C  C$_sms_manager.c$261$1$198         _sms_manager
     00000A1C  G$devkit_SMS_addSprite$0$0         _sms_manager
     00000A1C  _devkit_SMS_addSprite              _sms_manager
     00000A1F  A$_sms_manager$1417                _sms_manager
     00000A20  A$_sms_manager$1418                _sms_manager
     00000A21  A$_sms_manager$1419                _sms_manager
     00000A22  A$_sms_manager$1420                _sms_manager
     00000A23  A$_sms_manager$1421                _sms_manager
     00000A26  A$_sms_manager$1422                _sms_manager
     00000A27  A$_sms_manager$1423                _sms_manager
     00000A28  A$_sms_manager$1424                _sms_manager
     00000A29  A$_sms_manager$1425                _sms_manager
     00000A2A  A$_sms_manager$1426                _sms_manager
     00000A2D  A$_sms_manager$1427                _sms_manager
     00000A2E  A$_sms_manager$1428                _sms_manager
     00000A2F  A$_sms_manager$1429                _sms_manager
     00000A30  A$_sms_manager$1430                _sms_manager
     00000A31  A$_sms_manager$1431                _sms_manager
     00000A34  A$_sms_manager$1432                _sms_manager
     00000A35  A$_sms_manager$1433                _sms_manager
     00000A36  A$_sms_manager$1438                _sms_manager
     00000A36  C$_sms_manager.c$262$1$198         _sms_manager
     00000A36  XG$devkit_SMS_addSprite$0$0        _sms_manager
     00000A37  A$_sms_manager$1455                _sms_manager
     00000A37  C$_sms_manager.c$263$1$198         _sms_manager
     00000A37  C$_sms_manager.c$265$1$200         _sms_manager
     00000A37  C$_sms_manager.c$266$1$200         _sms_manager
     00000A37  G$devkit_SMS_reserveSprite$0$0     _sms_manager
     00000A37  XG$devkit_SMS_reserveSprite$0$0    _sms_manager
     00000A37  _devkit_SMS_reserveSprite          _sms_manager
     00000A3A  A$_sms_manager$1468                _sms_manager
     00000A3A  C$_sms_manager.c$267$1$200         _sms_manager
     00000A3A  C$_sms_manager.c$269$1$202         _sms_manager
     00000A3A  G$devkit_SMS_updateSpritePositio   _sms_manager
     00000A3A  _devkit_SMS_updateSpritePosition   _sms_manager
     00000A3D  A$_sms_manager$1469                _sms_manager
     00000A3E  A$_sms_manager$1470                _sms_manager
     00000A3F  A$_sms_manager$1471                _sms_manager
     00000A40  A$_sms_manager$1472                _sms_manager
     00000A41  A$_sms_manager$1473                _sms_manager
     00000A44  A$_sms_manager$1474                _sms_manager
     00000A45  A$_sms_manager$1475                _sms_manager
     00000A46  A$_sms_manager$1476                _sms_manager
     00000A47  A$_sms_manager$1477                _sms_manager
     00000A48  A$_sms_manager$1478                _sms_manager
     00000A4B  A$_sms_manager$1479                _sms_manager
     00000A4C  A$_sms_manager$1480                _sms_manager
ASxxxx Linker V03.00 + NoICE + sdld,  page 18.
Hexadecimal  [32-Bits]

Area                                    Addr        Size        Decimal Bytes (Attributes)
--------------------------------        ----        ----        ------- ----- ------------
_CODE                               00000200    00001DBB =        7611. bytes (REL,CON)

      Value  Global                              Global Defined In Module
      -----  --------------------------------   ------------------------
     00000A4D  A$_sms_manager$1481                _sms_manager
     00000A4E  A$_sms_manager$1482                _sms_manager
     00000A4F  A$_sms_manager$1483                _sms_manager
     00000A52  A$_sms_manager$1484                _sms_manager
     00000A53  A$_sms_manager$1485                _sms_manager
     00000A54  A$_sms_manager$1490                _sms_manager
     00000A54  C$_sms_manager.c$270$1$202         _sms_manager
     00000A54  XG$devkit_SMS_updateSpritePositi   _sms_manager
     00000A55  A$_sms_manager$1503                _sms_manager
     00000A55  C$_sms_manager.c$271$1$202         _sms_manager
     00000A55  C$_sms_manager.c$273$1$204         _sms_manager
     00000A55  G$devkit_SMS_updateSpriteImage$0   _sms_manager
     00000A55  _devkit_SMS_updateSpriteImage      _sms_manager
     00000A58  A$_sms_manager$1504                _sms_manager
     00000A59  A$_sms_manager$1505                _sms_manager
     00000A5A  A$_sms_manager$1506                _sms_manager
     00000A5B  A$_sms_manager$1507                _sms_manager
     00000A5C  A$_sms_manager$1508                _sms_manager
     00000A5F  A$_sms_manager$1509                _sms_manager
     00000A60  A$_sms_manager$1510                _sms_manager
     00000A61  A$_sms_manager$1511                _sms_manager
     00000A62  A$_sms_manager$1512                _sms_manager
     00000A63  A$_sms_manager$1513                _sms_manager
     00000A66  A$_sms_manager$1514                _sms_manager
     00000A67  A$_sms_manager$1519                _sms_manager
     00000A67  C$_sms_manager.c$274$1$204         _sms_manager
     00000A67  XG$devkit_SMS_updateSpriteImage$   _sms_manager
     00000A68  A$_sms_manager$1532                _sms_manager
     00000A68  C$_sms_manager.c$275$1$204         _sms_manager
     00000A68  C$_sms_manager.c$277$1$206         _sms_manager
     00000A68  G$devkit_SMS_hideSprite$0$0        _sms_manager
     00000A68  _devkit_SMS_hideSprite             _sms_manager
     00000A6B  A$_sms_manager$1533                _sms_manager
     00000A6C  A$_sms_manager$1534                _sms_manager
     00000A6D  A$_sms_manager$1535                _sms_manager
     00000A6E  A$_sms_manager$1536                _sms_manager
     00000A6F  A$_sms_manager$1537                _sms_manager
     00000A72  A$_sms_manager$1538                _sms_manager
     00000A73  A$_sms_manager$1543                _sms_manager
     00000A73  C$_sms_manager.c$278$1$206         _sms_manager
     00000A73  XG$devkit_SMS_hideSprite$0$0       _sms_manager
     00000A74  A$_sms_manager$1556                _sms_manager
     00000A74  C$_sms_manager.c$279$1$206         _sms_manager
     00000A74  C$_sms_manager.c$281$1$208         _sms_manager
     00000A74  G$devkit_SMS_setClippingWindow$0   _sms_manager
     00000A74  _devkit_SMS_setClippingWindow      _sms_manager
     00000A77  A$_sms_manager$1557                _sms_manager
     00000A78  A$_sms_manager$1558                _sms_manager
     00000A79  A$_sms_manager$1559                _sms_manager
     00000A7A  A$_sms_manager$1560                _sms_manager
     00000A7B  A$_sms_manager$1561                _sms_manager
ASxxxx Linker V03.00 + NoICE + sdld,  page 19.
Hexadecimal  [32-Bits]

Area                                    Addr        Size        Decimal Bytes (Attributes)
--------------------------------        ----        ----        ------- ----- ------------
_CODE                               00000200    00001DBB =        7611. bytes (REL,CON)

      Value  Global                              Global Defined In Module
      -----  --------------------------------   ------------------------
     00000A7E  A$_sms_manager$1562                _sms_manager
     00000A7F  A$_sms_manager$1563                _sms_manager
     00000A80  A$_sms_manager$1564                _sms_manager
     00000A81  A$_sms_manager$1565                _sms_manager
     00000A82  A$_sms_manager$1566                _sms_manager
     00000A85  A$_sms_manager$1567                _sms_manager
     00000A86  A$_sms_manager$1568                _sms_manager
     00000A87  A$_sms_manager$1569                _sms_manager
     00000A88  A$_sms_manager$1570                _sms_manager
     00000A89  A$_sms_manager$1571                _sms_manager
     00000A8C  A$_sms_manager$1572                _sms_manager
     00000A8D  A$_sms_manager$1573                _sms_manager
     00000A8E  A$_sms_manager$1574                _sms_manager
     00000A8F  A$_sms_manager$1575                _sms_manager
     00000A90  A$_sms_manager$1576                _sms_manager
     00000A93  A$_sms_manager$1577                _sms_manager
     00000A94  A$_sms_manager$1578                _sms_manager
     00000A95  A$_sms_manager$1583                _sms_manager
     00000A95  C$_sms_manager.c$282$1$208         _sms_manager
     00000A95  XG$devkit_SMS_setClippingWindow$   _sms_manager
     00000A96  A$_sms_manager$1596                _sms_manager
     00000A96  C$_sms_manager.c$283$1$208         _sms_manager
     00000A96  C$_sms_manager.c$285$1$210         _sms_manager
     00000A96  G$devkit_SMS_addSpriteClipping$0   _sms_manager
     00000A96  _devkit_SMS_addSpriteClipping      _sms_manager
     00000A99  A$_sms_manager$1597                _sms_manager
     00000A9A  A$_sms_manager$1598                _sms_manager
     00000A9B  A$_sms_manager$1599                _sms_manager
     00000A9C  A$_sms_manager$1600                _sms_manager
     00000A9D  A$_sms_manager$1601                _sms_manager
     00000AA0  A$_sms_manager$1602                _sms_manager
     00000AA1  A$_sms_manager$1603                _sms_manager
     00000AA2  A$_sms_manager$1604                _sms_manager
     00000AA3  A$_sms_manager$1605                _sms_manager
     00000AA4  A$_sms_manager$1606                _sms_manager
     00000AA5  A$_sms_manager$1607                _sms_manager
     00000AA8  A$_sms_manager$1608                _sms_manager
     00000AA9  A$_sms_manager$1609                _sms_manager
     00000AAA  A$_sms_manager$1610                _sms_manager
     00000AAB  A$_sms_manager$1611                _sms_manager
     00000AAC  A$_sms_manager$1612                _sms_manager
     00000AAD  A$_sms_manager$1613                _sms_manager
     00000AB0  A$_sms_manager$1614                _sms_manager
     00000AB1  A$_sms_manager$1615                _sms_manager
     00000AB2  A$_sms_manager$1616                _sms_manager
     00000AB3  A$_sms_manager$1621                _sms_manager
     00000AB3  C$_sms_manager.c$286$1$210         _sms_manager
     00000AB3  XG$devkit_SMS_addSpriteClipping$   _sms_manager
     00000AB4  A$_sms_manager$1638                _sms_manager
     00000AB4  C$_sms_manager.c$287$1$210         _sms_manager
     00000AB4  C$_sms_manager.c$289$1$211         _sms_manager
ASxxxx Linker V03.00 + NoICE + sdld,  page 20.
Hexadecimal  [32-Bits]

Area                                    Addr        Size        Decimal Bytes (Attributes)
--------------------------------        ----        ----        ------- ----- ------------
_CODE                               00000200    00001DBB =        7611. bytes (REL,CON)

      Value  Global                              Global Defined In Module
      -----  --------------------------------   ------------------------
     00000AB4  C$_sms_manager.c$290$1$211         _sms_manager
     00000AB4  G$devkit_SMS_finalizeSprites$0$0   _sms_manager
     00000AB4  XG$devkit_SMS_finalizeSprites$0$   _sms_manager
     00000AB4  _devkit_SMS_finalizeSprites        _sms_manager
     00000AB7  A$_sms_manager$1655                _sms_manager
     00000AB7  C$_sms_manager.c$291$1$211         _sms_manager
     00000AB7  C$_sms_manager.c$293$1$212         _sms_manager
     00000AB7  C$_sms_manager.c$294$1$212         _sms_manager
     00000AB7  G$devkit_SMS_copySpritestoSAT$0$   _sms_manager
     00000AB7  XG$devkit_SMS_copySpritestoSAT$0   _sms_manager
     00000AB7  _devkit_SMS_copySpritestoSAT       _sms_manager
     00000ABA  A$_sms_manager$1668                _sms_manager
     00000ABA  C$_sms_manager.c$304$1$212         _sms_manager
     00000ABA  C$_sms_manager.c$306$1$214         _sms_manager
     00000ABA  G$devkit_SMS_setBGPaletteColor$0   _sms_manager
     00000ABA  _devkit_SMS_setBGPaletteColor      _sms_manager
     00000ABD  A$_sms_manager$1669                _sms_manager
     00000ABE  A$_sms_manager$1670                _sms_manager
     00000ABF  A$_sms_manager$1671                _sms_manager
     00000AC0  A$_sms_manager$1672                _sms_manager
     00000AC1  A$_sms_manager$1673                _sms_manager
     00000AC4  A$_sms_manager$1674                _sms_manager
     00000AC5  A$_sms_manager$1675                _sms_manager
     00000AC6  A$_sms_manager$1676                _sms_manager
     00000AC7  A$_sms_manager$1677                _sms_manager
     00000AC8  A$_sms_manager$1678                _sms_manager
     00000ACB  A$_sms_manager$1679                _sms_manager
     00000ACC  A$_sms_manager$1684                _sms_manager
     00000ACC  C$_sms_manager.c$307$1$214         _sms_manager
     00000ACC  XG$devkit_SMS_setBGPaletteColor$   _sms_manager
     00000ACD  A$_sms_manager$1697                _sms_manager
     00000ACD  C$_sms_manager.c$308$1$214         _sms_manager
     00000ACD  C$_sms_manager.c$310$1$216         _sms_manager
     00000ACD  G$devkit_SMS_setSpritePaletteCol   _sms_manager
     00000ACD  _devkit_SMS_setSpritePaletteColo   _sms_manager
     00000AD0  A$_sms_manager$1698                _sms_manager
     00000AD1  A$_sms_manager$1699                _sms_manager
     00000AD2  A$_sms_manager$1700                _sms_manager
     00000AD3  A$_sms_manager$1701                _sms_manager
     00000AD4  A$_sms_manager$1702                _sms_manager
     00000AD7  A$_sms_manager$1703                _sms_manager
     00000AD8  A$_sms_manager$1704                _sms_manager
     00000AD9  A$_sms_manager$1705                _sms_manager
     00000ADA  A$_sms_manager$1706                _sms_manager
     00000ADB  A$_sms_manager$1707                _sms_manager
     00000ADE  A$_sms_manager$1708                _sms_manager
     00000ADF  A$_sms_manager$1713                _sms_manager
     00000ADF  C$_sms_manager.c$311$1$216         _sms_manager
     00000ADF  XG$devkit_SMS_setSpritePaletteCo   _sms_manager
     00000AE0  A$_sms_manager$1726                _sms_manager
     00000AE0  C$_sms_manager.c$312$1$216         _sms_manager
ASxxxx Linker V03.00 + NoICE + sdld,  page 21.
Hexadecimal  [32-Bits]

Area                                    Addr        Size        Decimal Bytes (Attributes)
--------------------------------        ----        ----        ------- ----- ------------
_CODE                               00000200    00001DBB =        7611. bytes (REL,CON)

      Value  Global                              Global Defined In Module
      -----  --------------------------------   ------------------------
     00000AE0  C$_sms_manager.c$314$1$218         _sms_manager
     00000AE0  G$devkit_SMS_loadBGPalette$0$0     _sms_manager
     00000AE0  _devkit_SMS_loadBGPalette          _sms_manager
     00000AE1  A$_sms_manager$1727                _sms_manager
     00000AE2  A$_sms_manager$1728                _sms_manager
     00000AE3  A$_sms_manager$1729                _sms_manager
     00000AE4  A$_sms_manager$1734                _sms_manager
     00000AE4  C$_sms_manager.c$315$1$218         _sms_manager
     00000AE4  XG$devkit_SMS_loadBGPalette$0$0    _sms_manager
     00000AE7  A$_sms_manager$1747                _sms_manager
     00000AE7  C$_sms_manager.c$316$1$218         _sms_manager
     00000AE7  C$_sms_manager.c$318$1$220         _sms_manager
     00000AE7  G$devkit_SMS_loadSpritePalette$0   _sms_manager
     00000AE7  _devkit_SMS_loadSpritePalette      _sms_manager
     00000AE8  A$_sms_manager$1748                _sms_manager
     00000AE9  A$_sms_manager$1749                _sms_manager
     00000AEA  A$_sms_manager$1750                _sms_manager
     00000AEB  A$_sms_manager$1755                _sms_manager
     00000AEB  C$_sms_manager.c$319$1$220         _sms_manager
     00000AEB  XG$devkit_SMS_loadSpritePalette$   _sms_manager
     00000AEE  A$_sms_manager$1768                _sms_manager
     00000AEE  C$_sms_manager.c$320$1$220         _sms_manager
     00000AEE  C$_sms_manager.c$322$1$222         _sms_manager
     00000AEE  G$devkit_SMS_setNextBGColoratInd   _sms_manager
     00000AEE  _devkit_SMS_setNextBGColoratInde   _sms_manager
     00000AF2  A$_sms_manager$1769                _sms_manager
     00000AF4  A$_sms_manager$1770                _sms_manager
     00000AF7  A$_sms_manager$1771                _sms_manager
     00000AF9  A$_sms_manager$1772                _sms_manager
     00000AFA  A$_sms_manager$1773                _sms_manager
     00000AFC  A$_sms_manager$1774                _sms_manager
     00000AFD  A$_sms_manager$1779                _sms_manager
     00000AFD  C$_sms_manager.c$323$1$222         _sms_manager
     00000AFD  XG$devkit_SMS_setNextBGColoratIn   _sms_manager
     00000B00  A$_sms_manager$1792                _sms_manager
     00000B00  C$_sms_manager.c$324$1$222         _sms_manager
     00000B00  C$_sms_manager.c$326$1$224         _sms_manager
     00000B00  G$devkit_SMS_setNextSpriteColora   _sms_manager
     00000B00  _devkit_SMS_setNextSpriteColorat   _sms_manager
     00000B03  A$_sms_manager$1793                _sms_manager
     00000B04  A$_sms_manager$1794                _sms_manager
     00000B05  A$_sms_manager$1795                _sms_manager
     00000B07  A$_sms_manager$1796                _sms_manager
     00000B08  A$_sms_manager$1797                _sms_manager
     00000B0A  A$_sms_manager$1798                _sms_manager
     00000B0B  A$_sms_manager$1799                _sms_manager
     00000B0C  A$_sms_manager$1800                _sms_manager
     00000B0E  A$_sms_manager$1801                _sms_manager
     00000B0F  A$_sms_manager$1806                _sms_manager
     00000B0F  C$_sms_manager.c$327$1$224         _sms_manager
     00000B0F  XG$devkit_SMS_setNextSpriteColor   _sms_manager
ASxxxx Linker V03.00 + NoICE + sdld,  page 22.
Hexadecimal  [32-Bits]

Area                                    Addr        Size        Decimal Bytes (Attributes)
--------------------------------        ----        ----        ------- ----- ------------
_CODE                               00000200    00001DBB =        7611. bytes (REL,CON)

      Value  Global                              Global Defined In Module
      -----  --------------------------------   ------------------------
     00000B12  A$_sms_manager$1819                _sms_manager
     00000B12  C$_sms_manager.c$328$1$224         _sms_manager
     00000B12  C$_sms_manager.c$330$1$226         _sms_manager
     00000B12  G$devkit_SMS_setColor$0$0          _sms_manager
     00000B12  _devkit_SMS_setColor               _sms_manager
     00000B16  A$_sms_manager$1820                _sms_manager
     00000B18  A$_sms_manager$1821                _sms_manager
     00000B1B  A$_sms_manager$1826                _sms_manager
     00000B1B  C$_sms_manager.c$331$1$226         _sms_manager
     00000B1B  XG$devkit_SMS_setColor$0$0         _sms_manager
     00000B1E  A$_sms_manager$1839                _sms_manager
     00000B1E  C$_sms_manager.c$334$1$226         _sms_manager
     00000B1E  C$_sms_manager.c$336$1$228         _sms_manager
     00000B1E  G$devkit_RGB$0$0                   _sms_manager
     00000B1E  _devkit_RGB                        _sms_manager
     00000B21  A$_sms_manager$1840                _sms_manager
     00000B22  A$_sms_manager$1841                _sms_manager
     00000B23  A$_sms_manager$1842                _sms_manager
     00000B24  A$_sms_manager$1843                _sms_manager
     00000B25  A$_sms_manager$1844                _sms_manager
     00000B28  A$_sms_manager$1845                _sms_manager
     00000B29  A$_sms_manager$1846                _sms_manager
     00000B2A  A$_sms_manager$1847                _sms_manager
     00000B2B  A$_sms_manager$1848                _sms_manager
     00000B2E  A$_sms_manager$1849                _sms_manager
     00000B2F  A$_sms_manager$1850                _sms_manager
     00000B30  A$_sms_manager$1851                _sms_manager
     00000B31  A$_sms_manager$1852                _sms_manager
     00000B32  A$_sms_manager$1853                _sms_manager
     00000B33  A$_sms_manager$1854                _sms_manager
     00000B34  A$_sms_manager$1855                _sms_manager
     00000B36  A$_sms_manager$1856                _sms_manager
     00000B37  A$_sms_manager$1857                _sms_manager
     00000B38  A$_sms_manager$1862                _sms_manager
     00000B38  C$_sms_manager.c$337$1$228         _sms_manager
     00000B38  XG$devkit_RGB$0$0                  _sms_manager
     00000B39  A$_sms_manager$1875                _sms_manager
     00000B39  C$_sms_manager.c$338$1$228         _sms_manager
     00000B39  C$_sms_manager.c$340$1$230         _sms_manager
     00000B39  G$devkit_RGB8$0$0                  _sms_manager
     00000B39  _devkit_RGB8                       _sms_manager
     00000B3C  A$_sms_manager$1876                _sms_manager
     00000B3D  A$_sms_manager$1877                _sms_manager
     00000B3E  A$_sms_manager$1878                _sms_manager
     00000B3F  A$_sms_manager$1879                _sms_manager
     00000B40  A$_sms_manager$1880                _sms_manager
     00000B42  A$_sms_manager$1881                _sms_manager
     00000B43  A$_sms_manager$1882                _sms_manager
     00000B46  A$_sms_manager$1883                _sms_manager
     00000B47  A$_sms_manager$1884                _sms_manager
     00000B48  A$_sms_manager$1885                _sms_manager
ASxxxx Linker V03.00 + NoICE + sdld,  page 23.
Hexadecimal  [32-Bits]

Area                                    Addr        Size        Decimal Bytes (Attributes)
--------------------------------        ----        ----        ------- ----- ------------
_CODE                               00000200    00001DBB =        7611. bytes (REL,CON)

      Value  Global                              Global Defined In Module
      -----  --------------------------------   ------------------------
     00000B49  A$_sms_manager$1886                _sms_manager
     00000B4A  A$_sms_manager$1887                _sms_manager
     00000B4C  A$_sms_manager$1888                _sms_manager
     00000B4D  A$_sms_manager$1889                _sms_manager
     00000B4E  A$_sms_manager$1890                _sms_manager
     00000B4F  A$_sms_manager$1891                _sms_manager
     00000B50  A$_sms_manager$1892                _sms_manager
     00000B53  A$_sms_manager$1893                _sms_manager
     00000B54  A$_sms_manager$1894                _sms_manager
     00000B55  A$_sms_manager$1895                _sms_manager
     00000B56  A$_sms_manager$1896                _sms_manager
     00000B57  A$_sms_manager$1897                _sms_manager
     00000B59  A$_sms_manager$1898                _sms_manager
     00000B5A  A$_sms_manager$1899                _sms_manager
     00000B5B  A$_sms_manager$1900                _sms_manager
     00000B5C  A$_sms_manager$1901                _sms_manager
     00000B5D  A$_sms_manager$1902                _sms_manager
     00000B5F  A$_sms_manager$1903                _sms_manager
     00000B60  A$_sms_manager$1904                _sms_manager
     00000B61  A$_sms_manager$1909                _sms_manager
     00000B61  C$_sms_manager.c$341$1$230         _sms_manager
     00000B61  XG$devkit_RGB8$0$0                 _sms_manager
     00000B62  A$_sms_manager$1922                _sms_manager
     00000B62  C$_sms_manager.c$347$1$230         _sms_manager
     00000B62  C$_sms_manager.c$349$1$232         _sms_manager
     00000B62  G$devkit_SMS_loadBGPaletteHalfBr   _sms_manager
     00000B62  _devkit_SMS_loadBGPaletteHalfBri   _sms_manager
     00000B63  A$_sms_manager$1923                _sms_manager
     00000B64  A$_sms_manager$1924                _sms_manager
     00000B65  A$_sms_manager$1925                _sms_manager
     00000B66  A$_sms_manager$1930                _sms_manager
     00000B66  C$_sms_manager.c$350$1$232         _sms_manager
     00000B66  XG$devkit_SMS_loadBGPaletteHalfB   _sms_manager
     00000B69  A$_sms_manager$1943                _sms_manager
[...]
     000012B1  C$screen_manager.c$14$1$6          screen_manager
     000012B2  A$screen_manager$91                screen_manager
     000012B3  A$screen_manager$92                screen_manager
     000012B4  A$screen_manager$96                screen_manager
     000012B4  C$screen_manager.c$16$2$7          screen_manager
     000012B7  A$screen_manager$97                screen_manager
     000012B8  A$screen_manager$98                screen_manager
     000012BB  A$screen_manager$99                screen_manager
ASxxxx Linker V03.00 + NoICE + sdld,  page 57.
Hexadecimal  [32-Bits]

Area                                    Addr        Size        Decimal Bytes (Attributes)
--------------------------------        ----        ----        ------- ----- ------------
_CODE                               00000200    00001DBB =        7611. bytes (REL,CON)

      Value  Global                              Global Defined In Module
      -----  --------------------------------   ------------------------
     000012BC  A$screen_manager$100               screen_manager
     000012BF  A$screen_manager$101               screen_manager
     000012C0  A$screen_manager$102               screen_manager
     000012C1  A$screen_manager$110               screen_manager
     000012C1  C$screen_manager.c$17$2$7          screen_manager
     000012C1  C$screen_manager.c$19$1$6          screen_manager
     000012C1  XG$engine_screen_manager_update$   screen_manager
     000012C2  Fscreen_manager$__str_1$0$0        screen_manager
     000012DC  G$font_tiles__palette__bin$0$0     gfx
     000012DC  _font_tiles__palette__bin          gfx
     000012EC  G$font_tiles__tilemap__bin$0$0     gfx
     000012EC  _font_tiles__tilemap__bin          gfx
     0000136C  G$font_tiles__tiles__psgcompr$0$   gfx
     0000136C  _font_tiles__tiles__psgcompr       gfx
     00001603  _SMS_reserveSprite                 SMSlib_spriteAdv
     00001624  _SMS_updateSpritePosition          SMSlib_spriteAdv
     00001666  _SMS_updateSpriteImage             SMSlib_spriteAdv
     00001680  _SMS_hideSprite                    SMSlib_spriteAdv
     0000168F  __divuint                          
     00001697  __divuchar                         
     0000169E  __divu8                            
     000016A1  __divu16                           
     000016D0  _UNSAFE_SMS_copySpritestoSAT       SMSlib_UNSAFE
     000016E8  _UNSAFE_SMS_VRAMmemcpy32           SMSlib_UNSAFE
     00001705  _UNSAFE_SMS_VRAMmemcpy64           SMSlib_UNSAFE
     00001722  _UNSAFE_SMS_VRAMmemcpy128          SMSlib_UNSAFE
     0000173F  _SMS_init                          SMSlib
     00001793  _VDPReg_init                       SMSlib
     0000179E  _SMS_VDPType                       SMSlib
     000017A6  _SMS_VDPturnOnFeature              SMSlib
     000017BD  _SMS_VDPturnOffFeature             SMSlib
     000017D6  _SMS_setBGScrollX                  SMSlib
     000017E0  _SMS_setBGScrollY                  SMSlib
     000017EA  _SMS_setBackdropColor              SMSlib
     000017F4  _SMS_useFirstHalfTilesforSprites   SMSlib
     00001808  _SMS_setSpriteMode                 SMSlib
     0000184D  _SMS_setBGPaletteColor             SMSlib
     00001861  _SMS_setSpritePaletteColor         SMSlib
     00001875  _SMS_loadBGPalette                 SMSlib
     00001889  _SMS_loadSpritePalette             SMSlib
     0000189D  _SMS_setColor                      SMSlib
     000018A1  _SMS_initSprites                   SMSlib
     000018A7  _SMS_addSprite                     SMSlib
     000018FC  _SMS_finalizeSprites               SMSlib
     0000190E  _SMS_copySpritestoSAT              SMSlib
     00001937  _SMS_waitForVBlank                 SMSlib
     00001944  _SMS_getKeysStatus                 SMSlib
     00001948  _SMS_getKeysPressed                SMSlib
     00001965  _SMS_getKeysHeld                   SMSlib
     0000197C  _SMS_getKeysReleased               SMSlib
     00001999  _SMS_queryPauseRequested           SMSlib
ASxxxx Linker V03.00 + NoICE + sdld,  page 58.
Hexadecimal  [32-Bits]

Area                                    Addr        Size        Decimal Bytes (Attributes)
--------------------------------        ----        ----        ------- ----- ------------
_CODE                               00000200    00001DBB =        7611. bytes (REL,CON)

      Value  Global                              Global Defined In Module
      -----  --------------------------------   ------------------------
     000019A1  _SMS_resetPauseRequest             SMSlib
     000019A7  _SMS_setLineInterruptHandler       SMSlib
     000019B8  _SMS_setLineCounter                SMSlib
     000019C7  _SMS_getVCount                     SMSlib
     000019CB  _SMS_getHCount                     SMSlib
     000019CF  _SMS_isr                           SMSlib
     00001A05  _SMS_nmi_isr                       SMSlib
     00001A18  _SMS_setClippingWindow             SMSlib_spriteClip
     00001A39  _SMS_addSpriteClipping             SMSlib_spriteClip
     00001B01  _SMS_VRAMmemset                    SMSlib_VRAMmemset
     00001B26  _SMS_VRAMmemsetW                   SMSlib_VRAMmemset
     00001B56  _SMS_loadBGPaletteHalfBrightness   SMSlib_paletteAdv
     00001B6D  _SMS_zeroBGPalette                 SMSlib_paletteAdv
     00001B81  _SMS_loadSpritePaletteHalfBright   SMSlib_paletteAdv
     00001B98  _SMS_zeroSpritePalette             SMSlib_paletteAdv
     00001BAC  _SMS_loadTiles                     SMSlib_loadTiles
     00001BDD  _SMS_VRAMmemcpy                    SMSlib_VRAMmemcpy
     00001C0A  _SMS_VRAMmemcpy_brief              SMSlib_VRAMmemcpy
     00001C32  _SMS_loadSTMcompressedTileMapAre   SMSlib_STMcomp
     00001E13  ___sdcc_call_hl                    
     00001E14  _SMS_loadPSGaidencompressedTiles   SMSlib_PSGaiden
     00001EF6  _SMS_loadTileMapArea               SMSlib_loadTileMapArea
     00001F6B  _SMS_loadTileMap                   SMSlib_loadTileMap
     00001FA4  __moduchar                         
     00001FB0  __moduint                          
ASxxxx Linker V03.00 + NoICE + sdld,  page 59.
Hexadecimal  [32-Bits]

Area                                    Addr        Size        Decimal Bytes (Attributes)
--------------------------------        ----        ----        ------- ----- ------------
_HEADER0                            00000000    00000006 =           6. bytes (ABS,CON)

      Value  Global                              Global Defined In Module
      -----  --------------------------------   ------------------------
     00000006  _SMS_crt0_RST08                    crt0

ASxxxx Linker V03.00 + NoICE + sdld,  page 60.
Hexadecimal  [32-Bits]

Area                                    Addr        Size        Decimal Bytes (Attributes)
--------------------------------        ----        ----        ------- ----- ------------
_HEADER1                            00000000    00000009 =           9. bytes (ABS,CON)

      Value  Global                              Global Defined In Module
      -----  --------------------------------   ------------------------
     00000011  _SMS_crt0_RST18                    crt0

ASxxxx Linker V03.00 + NoICE + sdld,  page 61.
Hexadecimal  [32-Bits]

Area                                    Addr        Size        Decimal Bytes (Attributes)
--------------------------------        ----        ----        ------- ----- ------------
_HEADER2                            00000000    0000000A =          10. bytes (ABS,CON)

      Value  Global                              Global Defined In Module
      -----  --------------------------------   ------------------------
ASxxxx Linker V03.00 + NoICE + sdld,  page 62.
Hexadecimal  [32-Bits]

Area                                    Addr        Size        Decimal Bytes (Attributes)
--------------------------------        ----        ----        ------- ----- ------------
_HEADER3                            00000000    00000003 =           3. bytes (ABS,CON)

      Value  Global                              Global Defined In Module
      -----  --------------------------------   ------------------------
ASxxxx Linker V03.00 + NoICE + sdld,  page 63.
Hexadecimal  [32-Bits]

Area                                    Addr        Size        Decimal Bytes (Attributes)
--------------------------------        ----        ----        ------- ----- ------------
_HEADER4                            00000000    00000003 =           3. bytes (ABS,CON)

      Value  Global                              Global Defined In Module
      -----  --------------------------------   ------------------------
ASxxxx Linker V03.00 + NoICE + sdld,  page 64.
Hexadecimal  [32-Bits]

Area                                    Addr        Size        Decimal Bytes (Attributes)
--------------------------------        ----        ----        ------- ----- ------------
_HEADER5                            00000000    0000012A =         298. bytes (ABS,CON)

      Value  Global                              Global Defined In Module
      -----  --------------------------------   ------------------------
     00000099  _OUTI128                           crt0
     00000119  _OUTI64                            crt0
     00000159  _OUTI32                            crt0
     00000199  _outi_block                        crt0

ASxxxx Linker V03.00 + NoICE + sdld,  page 65.
Hexadecimal  [32-Bits]

Area                                    Addr        Size        Decimal Bytes (Attributes)
--------------------------------        ----        ----        ------- ----- ------------
_INITIALIZER                        00001FBB    0000000C =          12. bytes (REL,CON)

      Value  Global                              Global Defined In Module
      -----  --------------------------------   ------------------------
     00001FBB  Finput_manager$__xinit_curr_joyp   input_manager
     00001FBD  Finput_manager$__xinit_prev_joyp   input_manager

ASxxxx Linker V03.00 + NoICE + sdld,  page 66.
Hexadecimal  [32-Bits]

Area                                    Addr        Size        Decimal Bytes (Attributes)
--------------------------------        ----        ----        ------- ----- ------------
_GSINIT                             00001FC7    0000000F =          15. bytes (REL,CON)

      Value  Global                              Global Defined In Module
      -----  --------------------------------   ------------------------
     00001FC7  gsinit                             crt0

ASxxxx Linker V03.00 + NoICE + sdld,  page 67.
Hexadecimal  [32-Bits]

Area                                    Addr        Size        Decimal Bytes (Attributes)
--------------------------------        ----        ----        ------- ----- ------------
_GSFINAL                            00001FD6    00000001 =           1. bytes (REL,CON)

      Value  Global                              Global Defined In Module
      -----  --------------------------------   ------------------------
ASxxxx Linker V03.00 + NoICE + sdld,  page 68.
Hexadecimal  [32-Bits]

Area                                    Addr        Size        Decimal Bytes (Attributes)
--------------------------------        ----        ----        ------- ----- ------------
_DATA                               0000C000    00000110 =         272. bytes (REL,CON)

      Value  Global                              Global Defined In Module
      -----  --------------------------------   ------------------------
     0000C000  _PSGMusicStatus                    PSGlib
     0000C001  _PSGMusicStart                     PSGlib
     0000C003  _PSGMusicPointer                   PSGlib
     0000C005  _PSGMusicLoopPoint                 PSGlib
     0000C007  _PSGMusicSkipFrames                PSGlib
     0000C008  _PSGLoopFlag                       PSGlib
     0000C009  _PSGMusicLastLatch                 PSGlib
     0000C00A  _PSGMusicVolumeAttenuation         PSGlib
     0000C00B  _PSGMusicSubstringLen              PSGlib
     0000C00C  _PSGMusicSubstringRetAddr          PSGlib
     0000C00E  _PSGChan0Volume                    PSGlib
     0000C00F  _PSGChan1Volume                    PSGlib
     0000C010  _PSGChan2Volume                    PSGlib
     0000C011  _PSGChan3Volume                    PSGlib
     0000C012  _PSGChan2LowTone                   PSGlib
     0000C013  _PSGChan2HighTone                  PSGlib
     0000C014  _PSGChan3LowTone                   PSGlib
     0000C015  _PSGChannel2SFX                    PSGlib
     0000C016  _PSGChannel3SFX                    PSGlib
     0000C017  _PSGSFXChan2Volume                 PSGlib
     0000C018  _PSGSFXChan3Volume                 PSGlib
     0000C019  _PSGSFXStatus                      PSGlib
     0000C01A  _PSGSFXStart                       PSGlib
     0000C01C  _PSGSFXPointer                     PSGlib
     0000C01E  _PSGSFXLoopPoint                   PSGlib
     0000C020  _PSGSFXSkipFrames                  PSGlib
     0000C021  _PSGSFXLoopFlag                    PSGlib
     0000C022  _PSGSFXSubstringLen                PSGlib
     0000C023  _PSGSFXSubstringRetAddr            PSGlib
     0000C025  _VDPBlank                          SMSlib
     0000C026  _SMS_VDPFlags                      SMSlib
     0000C027  _PauseRequested                    SMSlib
     0000C028  _VDPType                           SMSlib
     0000C029  _KeysStatus                        SMSlib
     0000C02B  _PreviousKeysStatus                SMSlib
     0000C02D  _SpriteTableY                      SMSlib
     0000C06D  _SpriteTableXN                     SMSlib
     0000C0ED  _SpriteNextFree                    SMSlib
     0000C0EE  _SMS_theLineInterruptHandler       SMSlib
     0000C0F0  _decompBuffer                      SMSlib_PSGaiden

ASxxxx Linker V03.00 + NoICE + sdld,  page 69.
Hexadecimal  [32-Bits]

Area                                    Addr        Size        Decimal Bytes (Attributes)
--------------------------------        ----        ----        ------- ----- ------------
_INITIALIZED                        0000C110    0000000C =          12. bytes (REL,CON)

      Value  Global                              Global Defined In Module
      -----  --------------------------------   ------------------------
     0000C110  Finput_manager$curr_joypad1$0$0    input_manager
     0000C112  Finput_manager$prev_joypad1$0$0    input_manager
     0000C114  _VDPReg                            SMSlib
     0000C116  _spritesHeight                     SMSlib
     0000C117  _spritesWidth                      SMSlib
     0000C118  _clipWin_x0                        SMSlib_spriteClip
     0000C119  _clipWin_y0                        SMSlib_spriteClip
     0000C11A  _clipWin_x1                        SMSlib_spriteClip
     0000C11B  _clipWin_y1                        SMSlib_spriteClip
ASxxxx Linker V03.00 + NoICE + sdld,  page 70.
Hexadecimal  [32-Bits]

Area                                    Addr        Size        Decimal Bytes (Attributes)
--------------------------------        ----        ----        ------- ----- ------------
_CABS0                              00000000    00000010 =          16. bytes (ABS,CON)

      Value  Global                              Global Defined In Module
      -----  --------------------------------   ------------------------
     00007FF0  G$__SMS__SEGA_signature$0$0        _sms_manager
     00007FF0  ___SMS__SEGA_signature             _sms_manager

ASxxxx Linker V03.00 + NoICE + sdld,  page 71.
Hexadecimal  [32-Bits]

Area                                    Addr        Size        Decimal Bytes (Attributes)
--------------------------------        ----        ----        ------- ----- ------------
_CABS1                              00000000    0000000E =          14. bytes (ABS,CON)

      Value  Global                              Global Defined In Module
      -----  --------------------------------   ------------------------
     00007FD2  G$__SMS__SDSC_author$0$0           _sms_manager
     00007FD2  ___SMS__SDSC_author                _sms_manager

ASxxxx Linker V03.00 + NoICE + sdld,  page 72.
Hexadecimal  [32-Bits]

Area                                    Addr        Size        Decimal Bytes (Attributes)
--------------------------------        ----        ----        ------- ----- ------------
_CABS2                              00000000    0000000D =          13. bytes (ABS,CON)

      Value  Global                              Global Defined In Module
      -----  --------------------------------   ------------------------
     00007FC5  G$__SMS__SDSC_name$0$0             _sms_manager
     00007FC5  ___SMS__SDSC_name                  _sms_manager

ASxxxx Linker V03.00 + NoICE + sdld,  page 73.
Hexadecimal  [32-Bits]

Area                                    Addr        Size        Decimal Bytes (Attributes)
--------------------------------        ----        ----        ------- ----- ------------
_CABS3                              00000000    00000038 =          56. bytes (ABS,CON)

      Value  Global                              Global Defined In Module
      -----  --------------------------------   ------------------------
     00007F8D  G$__SMS__SDSC_descr$0$0            _sms_manager
     00007F8D  ___SMS__SDSC_descr                 _sms_manager

ASxxxx Linker V03.00 + NoICE + sdld,  page 74.
Hexadecimal  [32-Bits]

Area                                    Addr        Size        Decimal Bytes (Attributes)
--------------------------------        ----        ----        ------- ----- ------------
_CABS4                              00000000    00000010 =          16. bytes (ABS,CON)

      Value  Global                              Global Defined In Module
      -----  --------------------------------   ------------------------
     00007FE0  G$__SMS__SDSC_signature$0$0        _sms_manager
     00007FE0  ___SMS__SDSC_signature             _sms_manager

ASxxxx Linker V03.00 + NoICE + sdld,  page 75.

Files Linked                              [ module(s) ]

../crt0/crt0_sms.rel                      [ crt0 ]
main.rel                                  [ main ]
../lib/PSGlib.rel                         [ PSGlib ]
devkit/_sms_manager.rel                   [ _sms_manager ]
devkit/_snd_manager.rel                   [ _snd_manager ]
engine/asm_manager.rel                    [ asm_manager ]
engine/content_manager.rel                [ content_manager ]
engine/font_manager.rel                   [ font_manager ]
engine/input_manager.rel                  [ input_manager ]
engine/screen_manager.rel                 [ screen_manager ]
content/gfx.rel                           [ gfx ]


Libraries Linked                          [ object file ]

../lib/SMSlib.lib                         [ SMSlib_spriteAdv.rel ]
C:\Program Files\SDCC\bin\..\lib\z80/z80.lib
                                          [ divunsigned.rel ]
../lib/SMSlib.lib                         [ SMSlib_UNSAFE.rel ]
../lib/SMSlib.lib                         [ SMSlib.rel ]
../lib/SMSlib.lib                         [ SMSlib_spriteClip.rel ]
../lib/SMSlib.lib                         [ SMSlib_VRAMmemset.rel ]
../lib/SMSlib.lib                         [ SMSlib_paletteAdv.rel ]
../lib/SMSlib.lib                         [ SMSlib_loadTiles.rel ]
../lib/SMSlib.lib                         [ SMSlib_VRAMmemcpy.rel ]
../lib/SMSlib.lib                         [ SMSlib_STMcomp.rel ]
C:\Program Files\SDCC\bin\..\lib\z80/z80.lib
                                          [ __sdcc_call_hl.rel ]
../lib/SMSlib.lib                         [ SMSlib_PSGaiden.rel ]
../lib/SMSlib.lib                         [ SMSlib_loadTileMapArea.rel ]
../lib/SMSlib.lib                         [ SMSlib_loadTileMap.rel ]
C:\Program Files\SDCC\bin\..\lib\z80/z80.lib
                                          [ modunsigned.rel ]

ASxxxx Linker V03.00 + NoICE + sdld,  page 76.

User Base Address Definitions

_CODE = 0x0200
_DATA = 0xc000

