ASxxxx Linker V03.00 + NoICE + sdld,  page 1.
Hexadecimal  [32-Bits]

Area                                    Addr        Size        Decimal Bytes (Attributes)
--------------------------------        ----        ----        ------- ----- ------------
.  .ABS.                            00000000    00000000 =           0. bytes (ABS,CON)

      Value  Global                              Global Defined In Module
      -----  --------------------------------   ------------------------
     00000000  .__.ABS.                           SMSlib_PSGaiden
     00000000  l__BSEG                         
     00000000  l__BSS                          
     00000000  l__CABS                         
     00000000  l__DABS                         
     00000000  l__HEADER                       
     00000000  l__HEAP                         
     00000000  l__HOME                         
     00000000  s__CABS                         
     00000000  s__CABS0                        
     00000000  s__CABS1                        
     00000000  s__CABS2                        
     00000000  s__CABS3                        
     00000000  s__CABS4                        
     00000000  s__DABS                         
     00000000  s__HEADER                       
     00000000  s__HEADER0                      
     00000000  s__HEADER1                      
     00000000  s__HEADER2                      
     00000000  s__HEADER3                      
     00000000  s__HEADER4                      
     00000000  s__HEADER5                      
     00000001  l__GSFINAL                      
     00000003  l__HEADER3                      
     00000003  l__HEADER4                      
     00000004  l__INITIALIZED                  
     00000004  l__INITIALIZER                  
     00000006  l__HEADER0                      
     00000009  l__HEADER1                      
     0000000A  l__HEADER2                      
     0000000D  l__CABS2                        
     0000000E  l__CABS1                        
     0000000F  l__GSINIT                       
     00000010  l__CABS0                        
     00000010  l__CABS4                        
     00000038  l__CABS3                        
     00000110  l__DATA                         
     0000012A  l__HEADER5                      
     00000200  s__CODE                         
     00000E4E  l__CODE                         
     0000104E  s__HOME                         
     0000104E  s__INITIALIZER                  
     00001052  s__GSINIT                       
     00001061  s__GSFINAL                      
     00008000  G$SMS_SRAM$0$0                     _sms_manager
     00008000  _SMS_SRAM                          SMSlib_PSGaiden
     0000C000  s__DATA                         
     0000C110  s__INITIALIZED                  
     0000C114  s__BSEG                         
     0000C114  s__BSS                          
ASxxxx Linker V03.00 + NoICE + sdld,  page 2.
Hexadecimal  [32-Bits]

Area                                    Addr        Size        Decimal Bytes (Attributes)
--------------------------------        ----        ----        ------- ----- ------------
.  .ABS.                            00000000    00000000 =           0. bytes (ABS,CON)

      Value  Global                              Global Defined In Module
      -----  --------------------------------   ------------------------
     0000C114  s__HEAP                         
     0000FFFC  G$SRAM_bank_to_be_mapped_on_slot   _sms_manager
     0000FFFC  _SRAM_bank_to_be_mapped_on_slot2   SMSlib_PSGaiden
     0000FFFF  G$ROM_bank_to_be_mapped_on_slot2   _sms_manager
     0000FFFF  _ROM_bank_to_be_mapped_on_slot2    SMSlib_PSGaiden

ASxxxx Linker V03.00 + NoICE + sdld,  page 3.
Hexadecimal  [32-Bits]

Area                                    Addr        Size        Decimal Bytes (Attributes)
--------------------------------        ----        ----        ------- ----- ------------
_CODE                               00000200    00000E4E =        3662. bytes (REL,CON)

      Value  Global                              Global Defined In Module
      -----  --------------------------------   ------------------------
     00000200  __clock                            crt0
     00000204  _exit                              crt0
     0000020A  A$main$63                          main
     0000020A  C$main.c$3$0$0                     main
     0000020A  C$main.c$5$1$38                    main
     0000020A  G$main$0$0                         main
     0000020A  _main                              main
     0000020D  A$main$67                          main
     0000020D  C$main.c$6$1$38                    main
     00000210  A$main$71                          main
     00000210  C$main.c$9$1$38                    main
     00000213  A$main$72                          main
     00000214  A$main$73                          main
     00000215  A$main$74                          main
     00000216  A$main$75                          main
     00000219  A$main$76                          main
     0000021A  A$main$80                          main
     0000021A  C$main.c$10$1$38                   main
     0000021D  A$main$84                          main
     0000021D  C$main.c$16$1$38                   main
     00000220  A$main$85                          main
     00000221  A$main$86                          main
     00000223  A$main$87                          main
     00000224  A$main$88                          main
     00000227  A$main$89                          main
     00000228  A$main$90                          main
     00000229  A$main$94                          main
     00000229  C$main.c$18$1$38                   main
     0000022C  A$main$99                          main
     0000022C  C$main.c$26$3$40                   main
     0000022F  A$main$104                         main
     0000022F  C$main.c$29$2$39                   main
     0000022F  XG$main$0$0                        main
     00000231  _PSGStop                           PSGlib
     00000258  _PSGResume                         PSGlib
     000002A4  _PSGPlay                           PSGlib
     000002D1  _PSGCancelLoop                     PSGlib
     000002D7  _PSGPlayNoRepeat                   PSGlib
     000002E6  _PSGGetStatus                      PSGlib
     000002EE  _PSGSilenceChannels                PSGlib
     000002FF  _PSGRestoreVolumes                 PSGlib
     000003FE  _PSGSetMusicVolumeAttenuation      PSGlib
     000004ED  _PSGSFXStop                        PSGlib
     000005B7  _PSGSFXPlay                        PSGlib
     00000604  _PSGSFXCancelLoop                  PSGlib
     0000060A  _PSGSFXGetStatus                   PSGlib
     00000612  _PSGSFXPlayLoop                    PSGlib
     00000633  _PSGFrame                          PSGlib
     0000074C  _PSGSFXFrame                       PSGlib
     000007D2  A$_sms_manager$138                 _sms_manager
ASxxxx Linker V03.00 + NoICE + sdld,  page 4.
Hexadecimal  [32-Bits]

Area                                    Addr        Size        Decimal Bytes (Attributes)
--------------------------------        ----        ----        ------- ----- ------------
_CODE                               00000200    00000E4E =        3662. bytes (REL,CON)

      Value  Global                              Global Defined In Module
      -----  --------------------------------   ------------------------
     000007D2  C$_sms_manager.c$11$0$0            _sms_manager
     000007D2  C$_sms_manager.c$13$1$74           _sms_manager
     000007D2  C$_sms_manager.c$14$1$74           _sms_manager
     000007D2  G$devkit_SMS_init$0$0              _sms_manager
     000007D2  XG$devkit_SMS_init$0$0             _sms_manager
     000007D2  _devkit_SMS_init                   _sms_manager
     000007D5  A$_sms_manager$151                 _sms_manager
     000007D5  C$_sms_manager.c$15$1$74           _sms_manager
     000007D5  C$_sms_manager.c$17$1$75           _sms_manager
     000007D5  G$devkit_SMS_displayOn$0$0         _sms_manager
     000007D5  _devkit_SMS_displayOn              _sms_manager
     000007D8  A$_sms_manager$156                 _sms_manager
     000007D8  C$_sms_manager.c$18$1$75           _sms_manager
     000007D8  XG$devkit_SMS_displayOn$0$0        _sms_manager
     000007DB  A$_sms_manager$169                 _sms_manager
     000007DB  C$_sms_manager.c$19$1$75           _sms_manager
     000007DB  C$_sms_manager.c$21$1$76           _sms_manager
     000007DB  G$devkit_SMS_displayOff$0$0        _sms_manager
     000007DB  _devkit_SMS_displayOff             _sms_manager
     000007DE  A$_sms_manager$174                 _sms_manager
     000007DE  C$_sms_manager.c$22$1$76           _sms_manager
     000007DE  XG$devkit_SMS_displayOff$0$0       _sms_manager
     000007E1  A$_sms_manager$187                 _sms_manager
     000007E1  C$_sms_manager.c$23$1$76           _sms_manager
     000007E1  C$_sms_manager.c$25$1$78           _sms_manager
     000007E1  G$devkit_SMS_mapROMBank$0$0        _sms_manager
     000007E1  _devkit_SMS_mapROMBank             _sms_manager
     000007E4  A$_sms_manager$188                 _sms_manager
     000007E5  A$_sms_manager$189                 _sms_manager
     000007E6  A$_sms_manager$190                 _sms_manager
     000007E9  A$_sms_manager$195                 _sms_manager
     000007E9  C$_sms_manager.c$26$1$78           _sms_manager
     000007E9  XG$devkit_SMS_mapROMBank$0$0       _sms_manager
     000007EA  A$_sms_manager$208                 _sms_manager
     000007EA  C$_sms_manager.c$28$1$78           _sms_manager
     000007EA  C$_sms_manager.c$30$1$80           _sms_manager
     000007EA  G$devkit_SMS_setBGScrollX$0$0      _sms_manager
     000007EA  _devkit_SMS_setBGScrollX           _sms_manager
     000007EE  A$_sms_manager$209                 _sms_manager
     000007F0  A$_sms_manager$210                 _sms_manager
     000007F3  A$_sms_manager$215                 _sms_manager
     000007F3  C$_sms_manager.c$31$1$80           _sms_manager
     000007F3  XG$devkit_SMS_setBGScrollX$0$0     _sms_manager
     000007F6  A$_sms_manager$228                 _sms_manager
     000007F6  C$_sms_manager.c$32$1$80           _sms_manager
     000007F6  C$_sms_manager.c$34$1$82           _sms_manager
     000007F6  G$devkit_SMS_setBGScrollY$0$0      _sms_manager
     000007F6  _devkit_SMS_setBGScrollY           _sms_manager
     000007FA  A$_sms_manager$229                 _sms_manager
     000007FC  A$_sms_manager$230                 _sms_manager
     000007FF  A$_sms_manager$235                 _sms_manager
ASxxxx Linker V03.00 + NoICE + sdld,  page 5.
Hexadecimal  [32-Bits]

Area                                    Addr        Size        Decimal Bytes (Attributes)
--------------------------------        ----        ----        ------- ----- ------------
_CODE                               00000200    00000E4E =        3662. bytes (REL,CON)

      Value  Global                              Global Defined In Module
      -----  --------------------------------   ------------------------
     000007FF  C$_sms_manager.c$35$1$82           _sms_manager
     000007FF  XG$devkit_SMS_setBGScrollY$0$0     _sms_manager
     00000802  A$_sms_manager$248                 _sms_manager
     00000802  C$_sms_manager.c$37$1$82           _sms_manager
     00000802  C$_sms_manager.c$39$1$83           _sms_manager
     00000802  G$devkit_SMS_enableSRAM$0$0        _sms_manager
     00000802  _devkit_SMS_enableSRAM             _sms_manager
     00000805  A$_sms_manager$249                 _sms_manager
     00000807  A$_sms_manager$254                 _sms_manager
     00000807  C$_sms_manager.c$40$1$83           _sms_manager
     00000807  XG$devkit_SMS_enableSRAM$0$0       _sms_manager
     00000808  A$_sms_manager$267                 _sms_manager
     00000808  C$_sms_manager.c$41$1$83           _sms_manager
     00000808  C$_sms_manager.c$43$1$85           _sms_manager
     00000808  G$devkit_SMS_enableSRAMBank$0$0    _sms_manager
     00000808  _devkit_SMS_enableSRAMBank         _sms_manager
     0000080B  A$_sms_manager$268                 _sms_manager
     0000080C  A$_sms_manager$269                 _sms_manager
     0000080D  A$_sms_manager$270                 _sms_manager
     0000080E  A$_sms_manager$271                 _sms_manager
     0000080F  A$_sms_manager$272                 _sms_manager
     00000811  A$_sms_manager$273                 _sms_manager
     00000813  A$_sms_manager$274                 _sms_manager
     00000816  A$_sms_manager$279                 _sms_manager
     00000816  C$_sms_manager.c$44$1$85           _sms_manager
     00000816  XG$devkit_SMS_enableSRAMBank$0$0   _sms_manager
     00000817  A$_sms_manager$292                 _sms_manager
     00000817  C$_sms_manager.c$45$1$85           _sms_manager
     00000817  C$_sms_manager.c$47$1$86           _sms_manager
     00000817  G$devkit_SMS_disableSRAM$0$0       _sms_manager
     00000817  _devkit_SMS_disableSRAM            _sms_manager
     0000081A  A$_sms_manager$293                 _sms_manager
     0000081C  A$_sms_manager$298                 _sms_manager
     0000081C  C$_sms_manager.c$48$1$86           _sms_manager
     0000081C  XG$devkit_SMS_disableSRAM$0$0      _sms_manager
     0000081D  A$_sms_manager$311                 _sms_manager
     0000081D  C$_sms_manager.c$49$1$86           _sms_manager
     0000081D  C$_sms_manager.c$51$1$87           _sms_manager
     0000081D  G$devkit_SMS_SRAM$0$0              _sms_manager
     0000081D  _devkit_SMS_SRAM                   _sms_manager
     00000820  A$_sms_manager$316                 _sms_manager
     00000820  C$_sms_manager.c$52$1$87           _sms_manager
     00000820  XG$devkit_SMS_SRAM$0$0             _sms_manager
     00000821  A$_sms_manager$329                 _sms_manager
     00000821  C$_sms_manager.c$55$1$87           _sms_manager
     00000821  C$_sms_manager.c$57$1$89           _sms_manager
     00000821  G$devkit_SMS_setSpriteMode$0$0     _sms_manager
     00000821  _devkit_SMS_setSpriteMode          _sms_manager
     00000825  A$_sms_manager$330                 _sms_manager
     00000827  A$_sms_manager$331                 _sms_manager
     0000082A  A$_sms_manager$336                 _sms_manager
ASxxxx Linker V03.00 + NoICE + sdld,  page 6.
Hexadecimal  [32-Bits]

Area                                    Addr        Size        Decimal Bytes (Attributes)
--------------------------------        ----        ----        ------- ----- ------------
_CODE                               00000200    00000E4E =        3662. bytes (REL,CON)

      Value  Global                              Global Defined In Module
      -----  --------------------------------   ------------------------
     0000082A  C$_sms_manager.c$58$1$89           _sms_manager
     0000082A  XG$devkit_SMS_setSpriteMode$0$0    _sms_manager
     0000082D  A$_sms_manager$349                 _sms_manager
     0000082D  C$_sms_manager.c$59$1$89           _sms_manager
     0000082D  C$_sms_manager.c$61$1$90           _sms_manager
     0000082D  G$devkit_SMS_useFirstHalfTilesfo   _sms_manager
     0000082D  _devkit_SMS_useFirstHalfTilesfor   _sms_manager
     0000082F  A$_sms_manager$354                 _sms_manager
     0000082F  C$_sms_manager.c$62$1$90           _sms_manager
     0000082F  XG$devkit_SMS_useFirstHalfTilesf   _sms_manager
     00000832  A$_sms_manager$367                 _sms_manager
     00000832  C$_sms_manager.c$63$1$90           _sms_manager
     00000832  C$_sms_manager.c$65$1$91           _sms_manager
     00000832  G$devkit_SMS_useFirstHalfTilesfo   _sms_manager
     00000832  _devkit_SMS_useFirstHalfTilesfor   _sms_manager
     00000834  A$_sms_manager$372                 _sms_manager
     00000834  C$_sms_manager.c$66$1$91           _sms_manager
     00000834  XG$devkit_SMS_useFirstHalfTilesf   _sms_manager
     00000837  A$_sms_manager$385                 _sms_manager
     00000837  C$_sms_manager.c$67$1$91           _sms_manager
     00000837  C$_sms_manager.c$69$1$93           _sms_manager
     00000837  G$devkit_SMS_VDPturnOnFeature$0$   _sms_manager
     00000837  _devkit_SMS_VDPturnOnFeature       _sms_manager
     00000838  A$_sms_manager$386                 _sms_manager
     00000839  A$_sms_manager$387                 _sms_manager
     0000083A  A$_sms_manager$388                 _sms_manager
     0000083B  A$_sms_manager$393                 _sms_manager
     0000083B  C$_sms_manager.c$70$1$93           _sms_manager
     0000083B  XG$devkit_SMS_VDPturnOnFeature$0   _sms_manager
     0000083E  A$_sms_manager$406                 _sms_manager
     0000083E  C$_sms_manager.c$72$1$93           _sms_manager
     0000083E  C$_sms_manager.c$74$1$95           _sms_manager
     0000083E  G$devkit_SMS_loadPSGaidencompres   _sms_manager
     0000083E  _devkit_SMS_loadPSGaidencompress   _sms_manager
     00000841  A$_sms_manager$407                 _sms_manager
     00000842  A$_sms_manager$408                 _sms_manager
     00000843  A$_sms_manager$409                 _sms_manager
     00000844  A$_sms_manager$410                 _sms_manager
     00000845  A$_sms_manager$411                 _sms_manager
     00000846  A$_sms_manager$412                 _sms_manager
     00000849  A$_sms_manager$413                 _sms_manager
     0000084A  A$_sms_manager$414                 _sms_manager
     0000084B  A$_sms_manager$415                 _sms_manager
     0000084C  A$_sms_manager$416                 _sms_manager
     0000084D  A$_sms_manager$417                 _sms_manager
     0000084E  A$_sms_manager$418                 _sms_manager
     00000851  A$_sms_manager$419                 _sms_manager
     00000852  A$_sms_manager$420                 _sms_manager
     00000853  A$_sms_manager$425                 _sms_manager
     00000853  C$_sms_manager.c$75$1$95           _sms_manager
     00000853  XG$devkit_SMS_loadPSGaidencompre   _sms_manager
ASxxxx Linker V03.00 + NoICE + sdld,  page 7.
Hexadecimal  [32-Bits]

Area                                    Addr        Size        Decimal Bytes (Attributes)
--------------------------------        ----        ----        ------- ----- ------------
_CODE                               00000200    00000E4E =        3662. bytes (REL,CON)

      Value  Global                              Global Defined In Module
      -----  --------------------------------   ------------------------
     00000854  A$_sms_manager$438                 _sms_manager
     00000854  C$_sms_manager.c$76$1$95           _sms_manager
     00000854  C$_sms_manager.c$78$1$97           _sms_manager
     00000854  G$devkit_SMS_loadSTMcompressedTi   _sms_manager
     00000854  _devkit_SMS_loadSTMcompressedTil   _sms_manager
     00000856  A$_sms_manager$439                 _sms_manager
     00000857  A$_sms_manager$440                 _sms_manager
     00000858  A$_sms_manager$441                 _sms_manager
     0000085B  A$_sms_manager$442                 _sms_manager
     0000085C  A$_sms_manager$443                 _sms_manager
     0000085D  A$_sms_manager$444                 _sms_manager
     0000085E  A$_sms_manager$445                 _sms_manager
     0000085F  A$_sms_manager$446                 _sms_manager
     00000860  A$_sms_manager$447                 _sms_manager
     00000863  A$_sms_manager$448                 _sms_manager
     00000864  A$_sms_manager$449                 _sms_manager
     00000865  A$_sms_manager$450                 _sms_manager
     00000866  A$_sms_manager$451                 _sms_manager
     00000867  A$_sms_manager$452                 _sms_manager
     0000086A  A$_sms_manager$453                 _sms_manager
     0000086B  A$_sms_manager$454                 _sms_manager
     0000086C  A$_sms_manager$455                 _sms_manager
     0000086D  A$_sms_manager$456                 _sms_manager
     0000086E  A$_sms_manager$457                 _sms_manager
     00000871  A$_sms_manager$458                 _sms_manager
     00000872  A$_sms_manager$459                 _sms_manager
     00000873  A$_sms_manager$460                 _sms_manager
     00000874  A$_sms_manager$465                 _sms_manager
     00000874  C$_sms_manager.c$79$1$97           _sms_manager
     00000874  XG$devkit_SMS_loadSTMcompressedT   _sms_manager
     00000875  A$_sms_manager$478                 _sms_manager
     00000875  C$_sms_manager.c$81$1$97           _sms_manager
     00000875  C$_sms_manager.c$83$1$99           _sms_manager
     00000875  G$devkit_SMS_loadBGPalette$0$0     _sms_manager
     00000875  _devkit_SMS_loadBGPalette          _sms_manager
     00000876  A$_sms_manager$479                 _sms_manager
     00000877  A$_sms_manager$480                 _sms_manager
     00000878  A$_sms_manager$481                 _sms_manager
     00000879  A$_sms_manager$486                 _sms_manager
     00000879  C$_sms_manager.c$84$1$99           _sms_manager
     00000879  XG$devkit_SMS_loadBGPalette$0$0    _sms_manager
     0000087C  A$_sms_manager$499                 _sms_manager
     0000087C  C$_sms_manager.c$85$1$99           _sms_manager
     0000087C  C$_sms_manager.c$87$1$101          _sms_manager
     0000087C  G$devkit_SMS_loadSpritePalette$0   _sms_manager
     0000087C  _devkit_SMS_loadSpritePalette      _sms_manager
     0000087D  A$_sms_manager$500                 _sms_manager
     0000087E  A$_sms_manager$501                 _sms_manager
     0000087F  A$_sms_manager$502                 _sms_manager
     00000880  A$_sms_manager$507                 _sms_manager
     00000880  C$_sms_manager.c$88$1$101          _sms_manager
ASxxxx Linker V03.00 + NoICE + sdld,  page 8.
Hexadecimal  [32-Bits]

Area                                    Addr        Size        Decimal Bytes (Attributes)
--------------------------------        ----        ----        ------- ----- ------------
_CODE                               00000200    00000E4E =        3662. bytes (REL,CON)

      Value  Global                              Global Defined In Module
      -----  --------------------------------   ------------------------
     00000880  XG$devkit_SMS_loadSpritePalette$   _sms_manager
     00000883  A$_sms_manager$520                 _sms_manager
     00000883  C$_sms_manager.c$89$1$101          _sms_manager
     00000883  C$_sms_manager.c$91$1$103          _sms_manager
     00000883  G$devkit_SMS_setBGPaletteColor$0   _sms_manager
     00000883  _devkit_SMS_setBGPaletteColor      _sms_manager
     00000886  A$_sms_manager$521                 _sms_manager
     00000887  A$_sms_manager$522                 _sms_manager
     00000888  A$_sms_manager$523                 _sms_manager
     00000889  A$_sms_manager$524                 _sms_manager
     0000088A  A$_sms_manager$525                 _sms_manager
     0000088D  A$_sms_manager$526                 _sms_manager
     0000088E  A$_sms_manager$527                 _sms_manager
     0000088F  A$_sms_manager$528                 _sms_manager
     00000890  A$_sms_manager$529                 _sms_manager
     00000893  A$_sms_manager$530                 _sms_manager
     00000894  A$_sms_manager$531                 _sms_manager
     00000895  A$_sms_manager$532                 _sms_manager
     00000896  A$_sms_manager$533                 _sms_manager
     00000897  A$_sms_manager$534                 _sms_manager
     00000898  A$_sms_manager$535                 _sms_manager
     00000899  A$_sms_manager$536                 _sms_manager
     0000089B  A$_sms_manager$537                 _sms_manager
     0000089C  A$_sms_manager$538                 _sms_manager
     0000089D  A$_sms_manager$542                 _sms_manager
     0000089D  C$_sms_manager.c$92$1$103          _sms_manager
     0000089E  A$_sms_manager$543                 _sms_manager
     0000089F  A$_sms_manager$544                 _sms_manager
     000008A2  A$_sms_manager$545                 _sms_manager
     000008A3  A$_sms_manager$546                 _sms_manager
     000008A4  A$_sms_manager$547                 _sms_manager
     000008A5  A$_sms_manager$548                 _sms_manager
     000008A6  A$_sms_manager$549                 _sms_manager
     000008A9  A$_sms_manager$550                 _sms_manager
     000008AA  A$_sms_manager$555                 _sms_manager
     000008AA  C$_sms_manager.c$93$1$103          _sms_manager
     000008AA  XG$devkit_SMS_setBGPaletteColor$   _sms_manager
     000008AB  A$_sms_manager$568                 _sms_manager
     000008AB  C$_sms_manager.c$94$1$103          _sms_manager
     000008AB  C$_sms_manager.c$96$1$105          _sms_manager
     000008AB  G$devkit_SMS_setSpritePaletteCol   _sms_manager
     000008AB  _devkit_SMS_setSpritePaletteColo   _sms_manager
     000008AE  A$_sms_manager$569                 _sms_manager
     000008AF  A$_sms_manager$570                 _sms_manager
     000008B0  A$_sms_manager$571                 _sms_manager
     000008B1  A$_sms_manager$572                 _sms_manager
     000008B2  A$_sms_manager$573                 _sms_manager
     000008B5  A$_sms_manager$574                 _sms_manager
     000008B6  A$_sms_manager$575                 _sms_manager
     000008B7  A$_sms_manager$576                 _sms_manager
     000008B8  A$_sms_manager$577                 _sms_manager
ASxxxx Linker V03.00 + NoICE + sdld,  page 9.
Hexadecimal  [32-Bits]

Area                                    Addr        Size        Decimal Bytes (Attributes)
--------------------------------        ----        ----        ------- ----- ------------
_CODE                               00000200    00000E4E =        3662. bytes (REL,CON)

      Value  Global                              Global Defined In Module
      -----  --------------------------------   ------------------------
     000008BB  A$_sms_manager$578                 _sms_manager
     000008BC  A$_sms_manager$579                 _sms_manager
     000008BD  A$_sms_manager$580                 _sms_manager
     000008BE  A$_sms_manager$581                 _sms_manager
     000008BF  A$_sms_manager$582                 _sms_manager
     000008C0  A$_sms_manager$583                 _sms_manager
     000008C1  A$_sms_manager$584                 _sms_manager
     000008C3  A$_sms_manager$585                 _sms_manager
     000008C4  A$_sms_manager$586                 _sms_manager
     000008C5  A$_sms_manager$590                 _sms_manager
     000008C5  C$_sms_manager.c$97$1$105          _sms_manager
     000008C6  A$_sms_manager$591                 _sms_manager
     000008C7  A$_sms_manager$592                 _sms_manager
     000008CA  A$_sms_manager$593                 _sms_manager
     000008CB  A$_sms_manager$594                 _sms_manager
     000008CC  A$_sms_manager$595                 _sms_manager
     000008CD  A$_sms_manager$596                 _sms_manager
     000008CE  A$_sms_manager$597                 _sms_manager
     000008D1  A$_sms_manager$598                 _sms_manager
     000008D2  A$_sms_manager$603                 _sms_manager
     000008D2  C$_sms_manager.c$98$1$105          _sms_manager
     000008D2  XG$devkit_SMS_setSpritePaletteCo   _sms_manager
     000008D3  A$_sms_manager$613                 _sms_manager
     000008D3  C$_sms_manager.c$100$1$105         _sms_manager
     000008D3  G$devkit_SMS_setNextTileatXY$0$0   _sms_manager
     000008D3  _devkit_SMS_setNextTileatXY        _sms_manager
     000008D5  A$_sms_manager$614                 _sms_manager
     000008D9  A$_sms_manager$615                 _sms_manager
     000008DB  A$_sms_manager$619                 _sms_manager
     000008DB  C$_sms_manager.c$102$1$107         _sms_manager
     000008DE  A$_sms_manager$620                 _sms_manager
     000008E0  A$_sms_manager$621                 _sms_manager
     000008E1  A$_sms_manager$622                 _sms_manager
     000008E2  A$_sms_manager$623                 _sms_manager
     000008E3  A$_sms_manager$624                 _sms_manager
     000008E4  A$_sms_manager$625                 _sms_manager
     000008E5  A$_sms_manager$626                 _sms_manager
     000008E6  A$_sms_manager$627                 _sms_manager
     000008E7  A$_sms_manager$628                 _sms_manager
     000008E8  A$_sms_manager$629                 _sms_manager
     000008EA  A$_sms_manager$630                 _sms_manager
     000008EB  A$_sms_manager$631                 _sms_manager
     000008EE  A$_sms_manager$632                 _sms_manager
     000008F0  A$_sms_manager$633                 _sms_manager
     000008F1  A$_sms_manager$634                 _sms_manager
     000008F2  A$_sms_manager$635                 _sms_manager
     000008F3  A$_sms_manager$636                 _sms_manager
     000008F4  A$_sms_manager$637                 _sms_manager
     000008F5  A$_sms_manager$638                 _sms_manager
     000008F6  A$_sms_manager$639                 _sms_manager
     000008F7  A$_sms_manager$644                 _sms_manager
ASxxxx Linker V03.00 + NoICE + sdld,  page 10.
Hexadecimal  [32-Bits]

Area                                    Addr        Size        Decimal Bytes (Attributes)
--------------------------------        ----        ----        ------- ----- ------------
_CODE                               00000200    00000E4E =        3662. bytes (REL,CON)

      Value  Global                              Global Defined In Module
      -----  --------------------------------   ------------------------
     000008F7  C$_sms_manager.c$103$1$107         _sms_manager
     000008F7  XG$devkit_SMS_setNextTileatXY$0$   _sms_manager
     000008F9  A$_sms_manager$645                 _sms_manager
     000008FC  A$_sms_manager$658                 _sms_manager
     000008FC  C$_sms_manager.c$104$1$107         _sms_manager
     000008FC  C$_sms_manager.c$106$1$109         _sms_manager
     000008FC  G$devkit_SMS_setTile$0$0           _sms_manager
     000008FC  _devkit_SMS_setTile                _sms_manager
     000008FD  A$_sms_manager$659                 _sms_manager
     000008FE  A$_sms_manager$660                 _sms_manager
     000008FF  A$_sms_manager$661                 _sms_manager
     00000900  A$_sms_manager$666                 _sms_manager
     00000900  C$_sms_manager.c$107$1$109         _sms_manager
     00000900  XG$devkit_SMS_setTile$0$0          _sms_manager
     00000903  A$_sms_manager$679                 _sms_manager
     00000903  C$_sms_manager.c$108$1$109         _sms_manager
     00000903  C$_sms_manager.c$110$1$111         _sms_manager
     00000903  G$devkit_SMS_setTilePriority$0$0   _sms_manager
     00000903  _devkit_SMS_setTilePriority        _sms_manager
     00000907  A$_sms_manager$680                 _sms_manager
     00000909  A$_sms_manager$681                 _sms_manager
     0000090C  A$_sms_manager$682                 _sms_manager
     0000090E  A$_sms_manager$683                 _sms_manager
     00000910  A$_sms_manager$684                 _sms_manager
     00000911  A$_sms_manager$689                 _sms_manager
     00000911  C$_sms_manager.c$111$1$111         _sms_manager
     00000911  XG$devkit_SMS_setTilePriority$0$   _sms_manager
     00000914  A$_sms_manager$702                 _sms_manager
     00000914  C$_sms_manager.c$113$1$111         _sms_manager
     00000914  C$_sms_manager.c$115$1$113         _sms_manager
     00000914  G$devkit_SMS_addSprite$0$0         _sms_manager
     00000914  _devkit_SMS_addSprite              _sms_manager
     00000917  A$_sms_manager$703                 _sms_manager
     00000918  A$_sms_manager$704                 _sms_manager
     00000919  A$_sms_manager$705                 _sms_manager
     0000091A  A$_sms_manager$706                 _sms_manager
     0000091B  A$_sms_manager$707                 _sms_manager
     0000091E  A$_sms_manager$708                 _sms_manager
     0000091F  A$_sms_manager$709                 _sms_manager
     00000920  A$_sms_manager$710                 _sms_manager
     00000921  A$_sms_manager$711                 _sms_manager
     00000922  A$_sms_manager$712                 _sms_manager
     00000925  A$_sms_manager$713                 _sms_manager
     00000926  A$_sms_manager$714                 _sms_manager
     00000927  A$_sms_manager$715                 _sms_manager
     00000928  A$_sms_manager$716                 _sms_manager
     00000929  A$_sms_manager$717                 _sms_manager
     0000092C  A$_sms_manager$718                 _sms_manager
     0000092D  A$_sms_manager$719                 _sms_manager
     0000092E  A$_sms_manager$724                 _sms_manager
     0000092E  C$_sms_manager.c$116$1$113         _sms_manager
ASxxxx Linker V03.00 + NoICE + sdld,  page 11.
Hexadecimal  [32-Bits]

Area                                    Addr        Size        Decimal Bytes (Attributes)
--------------------------------        ----        ----        ------- ----- ------------
_CODE                               00000200    00000E4E =        3662. bytes (REL,CON)

      Value  Global                              Global Defined In Module
      -----  --------------------------------   ------------------------
     0000092E  XG$devkit_SMS_addSprite$0$0        _sms_manager
     0000092F  A$_sms_manager$741                 _sms_manager
     0000092F  C$_sms_manager.c$117$1$113         _sms_manager
     0000092F  C$_sms_manager.c$119$1$114         _sms_manager
     0000092F  C$_sms_manager.c$120$1$114         _sms_manager
     0000092F  G$devkit_SMS_initSprites$0$0       _sms_manager
     0000092F  XG$devkit_SMS_initSprites$0$0      _sms_manager
     0000092F  _devkit_SMS_initSprites            _sms_manager
     00000932  A$_sms_manager$758                 _sms_manager
     00000932  C$_sms_manager.c$121$1$114         _sms_manager
     00000932  C$_sms_manager.c$123$1$115         _sms_manager
     00000932  C$_sms_manager.c$124$1$115         _sms_manager
     00000932  G$devkit_SMS_finalizeSprites$0$0   _sms_manager
     00000932  XG$devkit_SMS_finalizeSprites$0$   _sms_manager
     00000932  _devkit_SMS_finalizeSprites        _sms_manager
     00000935  A$_sms_manager$775                 _sms_manager
     00000935  C$_sms_manager.c$125$1$115         _sms_manager
     00000935  C$_sms_manager.c$127$1$116         _sms_manager
     00000935  C$_sms_manager.c$128$1$116         _sms_manager
     00000935  G$devkit_SMS_waitForVBlank$0$0     _sms_manager
     00000935  XG$devkit_SMS_waitForVBlank$0$0    _sms_manager
     00000935  _devkit_SMS_waitForVBlank          _sms_manager
     00000938  A$_sms_manager$792                 _sms_manager
     00000938  C$_sms_manager.c$129$1$116         _sms_manager
     00000938  C$_sms_manager.c$131$1$117         _sms_manager
     00000938  C$_sms_manager.c$132$1$117         _sms_manager
     00000938  G$devkit_SMS_copySpritestoSAT$0$   _sms_manager
     00000938  XG$devkit_SMS_copySpritestoSAT$0   _sms_manager
     00000938  _devkit_SMS_copySpritestoSAT       _sms_manager
     0000093B  A$_sms_manager$809                 _sms_manager
     0000093B  C$_sms_manager.c$133$1$117         _sms_manager
     0000093B  C$_sms_manager.c$135$1$118         _sms_manager
     0000093B  C$_sms_manager.c$136$1$118         _sms_manager
     0000093B  G$devkit_UNSAFE_SMS_copySpritest   _sms_manager
     0000093B  XG$devkit_UNSAFE_SMS_copySprites   _sms_manager
     0000093B  _devkit_UNSAFE_SMS_copySpritesto   _sms_manager
     0000093E  A$_sms_manager$826                 _sms_manager
     0000093E  C$_sms_manager.c$138$1$118         _sms_manager
     0000093E  C$_sms_manager.c$140$1$119         _sms_manager
     0000093E  C$_sms_manager.c$141$1$119         _sms_manager
     0000093E  G$devkit_SMS_queryPauseRequested   _sms_manager
     0000093E  XG$devkit_SMS_queryPauseRequeste   _sms_manager
     0000093E  _devkit_SMS_queryPauseRequested    _sms_manager
     00000941  A$_sms_manager$843                 _sms_manager
     00000941  C$_sms_manager.c$142$1$119         _sms_manager
     00000941  C$_sms_manager.c$144$1$120         _sms_manager
     00000941  C$_sms_manager.c$145$1$120         _sms_manager
     00000941  G$devkit_SMS_resetPauseRequest$0   _sms_manager
     00000941  XG$devkit_SMS_resetPauseRequest$   _sms_manager
     00000941  _devkit_SMS_resetPauseRequest      _sms_manager
     00000944  A$_sms_manager$856                 _sms_manager
ASxxxx Linker V03.00 + NoICE + sdld,  page 12.
Hexadecimal  [32-Bits]

Area                                    Addr        Size        Decimal Bytes (Attributes)
--------------------------------        ----        ----        ------- ----- ------------
_CODE                               00000200    00000E4E =        3662. bytes (REL,CON)

      Value  Global                              Global Defined In Module
      -----  --------------------------------   ------------------------
     00000944  C$_sms_manager.c$148$1$120         _sms_manager
     00000944  C$_sms_manager.c$150$1$121         _sms_manager
     00000944  G$devkit_isCollisionDetected$0$0   _sms_manager
     00000944  _devkit_isCollisionDetected        _sms_manager
     00000947  A$_sms_manager$857                 _sms_manager
     00000949  A$_sms_manager$858                 _sms_manager
     0000094A  A$_sms_manager$863                 _sms_manager
     0000094A  C$_sms_manager.c$151$1$121         _sms_manager
     0000094A  XG$devkit_isCollisionDetected$0$   _sms_manager
     0000094B  A$_sms_manager$880                 _sms_manager
     0000094B  C$_sms_manager.c$154$1$121         _sms_manager
     0000094B  C$_sms_manager.c$156$1$122         _sms_manager
     0000094B  C$_sms_manager.c$157$1$122         _sms_manager
     0000094B  G$devkit_SMS_getKeysStatus$0$0     _sms_manager
     0000094B  XG$devkit_SMS_getKeysStatus$0$0    _sms_manager
     0000094B  _devkit_SMS_getKeysStatus          _sms_manager
     0000094E  A$_sms_manager$893                 _sms_manager
     0000094E  C$_sms_manager.c$158$1$122         _sms_manager
     0000094E  C$_sms_manager.c$160$1$123         _sms_manager
     0000094E  G$devkit_PORT_A_KEY_UP$0$0         _sms_manager
     0000094E  _devkit_PORT_A_KEY_UP              _sms_manager
     00000951  A$_sms_manager$898                 _sms_manager
     00000951  C$_sms_manager.c$161$1$123         _sms_manager
     00000951  XG$devkit_PORT_A_KEY_UP$0$0        _sms_manager
     00000952  A$_sms_manager$911                 _sms_manager
     00000952  C$_sms_manager.c$162$1$123         _sms_manager
     00000952  C$_sms_manager.c$164$1$124         _sms_manager
     00000952  G$devkit_PORT_A_KEY_DOWN$0$0       _sms_manager
     00000952  _devkit_PORT_A_KEY_DOWN            _sms_manager
     00000955  A$_sms_manager$916                 _sms_manager
     00000955  C$_sms_manager.c$165$1$124         _sms_manager
     00000955  XG$devkit_PORT_A_KEY_DOWN$0$0      _sms_manager
     00000956  A$_sms_manager$929                 _sms_manager
     00000956  C$_sms_manager.c$166$1$124         _sms_manager
     00000956  C$_sms_manager.c$168$1$125         _sms_manager
     00000956  G$devkit_PORT_A_KEY_LEFT$0$0       _sms_manager
     00000956  _devkit_PORT_A_KEY_LEFT            _sms_manager
     00000959  A$_sms_manager$934                 _sms_manager
     00000959  C$_sms_manager.c$169$1$125         _sms_manager
     00000959  XG$devkit_PORT_A_KEY_LEFT$0$0      _sms_manager
     0000095A  A$_sms_manager$947                 _sms_manager
     0000095A  C$_sms_manager.c$170$1$125         _sms_manager
     0000095A  C$_sms_manager.c$172$1$126         _sms_manager
     0000095A  G$devkit_PORT_A_KEY_RIGHT$0$0      _sms_manager
     0000095A  _devkit_PORT_A_KEY_RIGHT           _sms_manager
     0000095D  A$_sms_manager$952                 _sms_manager
     0000095D  C$_sms_manager.c$173$1$126         _sms_manager
     0000095D  XG$devkit_PORT_A_KEY_RIGHT$0$0     _sms_manager
     0000095E  A$_sms_manager$965                 _sms_manager
     0000095E  C$_sms_manager.c$174$1$126         _sms_manager
     0000095E  C$_sms_manager.c$176$1$127         _sms_manager
ASxxxx Linker V03.00 + NoICE + sdld,  page 13.
Hexadecimal  [32-Bits]

Area                                    Addr        Size        Decimal Bytes (Attributes)
--------------------------------        ----        ----        ------- ----- ------------
_CODE                               00000200    00000E4E =        3662. bytes (REL,CON)

      Value  Global                              Global Defined In Module
      -----  --------------------------------   ------------------------
     0000095E  G$devkit_PORT_A_KEY_1$0$0          _sms_manager
     0000095E  _devkit_PORT_A_KEY_1               _sms_manager
     00000961  A$_sms_manager$970                 _sms_manager
     00000961  C$_sms_manager.c$177$1$127         _sms_manager
     00000961  XG$devkit_PORT_A_KEY_1$0$0         _sms_manager
     00000962  A$_sms_manager$983                 _sms_manager
     00000962  C$_sms_manager.c$178$1$127         _sms_manager
     00000962  C$_sms_manager.c$180$1$128         _sms_manager
     00000962  G$devkit_PORT_A_KEY_2$0$0          _sms_manager
     00000962  _devkit_PORT_A_KEY_2               _sms_manager
     00000965  A$_sms_manager$988                 _sms_manager
     00000965  C$_sms_manager.c$181$1$128         _sms_manager
     00000965  XG$devkit_PORT_A_KEY_2$0$0         _sms_manager
     00000966  A$_sms_manager$1001                _sms_manager
     00000966  C$_sms_manager.c$185$1$128         _sms_manager
     00000966  C$_sms_manager.c$187$1$129         _sms_manager
     00000966  G$devkit_SPRITEMODE_NORMAL$0$0     _sms_manager
     00000966  _devkit_SPRITEMODE_NORMAL          _sms_manager
     00000968  A$_sms_manager$1006                _sms_manager
     00000968  C$_sms_manager.c$188$1$129         _sms_manager
     00000968  XG$devkit_SPRITEMODE_NORMAL$0$0    _sms_manager
     00000969  A$_sms_manager$1019                _sms_manager
     00000969  C$_sms_manager.c$189$1$129         _sms_manager
     00000969  C$_sms_manager.c$191$1$130         _sms_manager
     00000969  G$devkit_VDPFEATURE_HIDEFIRSTCOL   _sms_manager
     00000969  _devkit_VDPFEATURE_HIDEFIRSTCOL    _sms_manager
     0000096C  A$_sms_manager$1024                _sms_manager
     0000096C  C$_sms_manager.c$192$1$130         _sms_manager
     0000096C  XG$devkit_VDPFEATURE_HIDEFIRSTCO   _sms_manager
     0000096D  A$_sms_manager$1037                _sms_manager
     0000096D  C$_sms_manager.c$193$1$130         _sms_manager
     0000096D  C$_sms_manager.c$195$1$131         _sms_manager
     0000096D  G$devkit_TILE_PRIORITY$0$0         _sms_manager
     0000096D  _devkit_TILE_PRIORITY              _sms_manager
     00000970  A$_sms_manager$1042                _sms_manager
     00000970  C$_sms_manager.c$196$1$131         _sms_manager
     00000970  XG$devkit_TILE_PRIORITY$0$0        _sms_manager
     00000971  A$_sms_manager$1055                _sms_manager
     00000971  C$_sms_manager.c$197$1$131         _sms_manager
     00000971  C$_sms_manager.c$199$1$132         _sms_manager
     00000971  G$devkit_TILE_USE_SPRITE_PALETTE   _sms_manager
     00000971  _devkit_TILE_USE_SPRITE_PALETTE    _sms_manager
     00000974  A$_sms_manager$1060                _sms_manager
     00000974  C$_sms_manager.c$200$1$132         _sms_manager
     00000974  XG$devkit_TILE_USE_SPRITE_PALETT   _sms_manager
     00000975  F_sms_manager$__str_0$0$0          _sms_manager
     00000983  F_sms_manager$__str_1$0$0          _sms_manager
     00000990  F_sms_manager$__str_2$0$0          _sms_manager
     000009C8  A$_snd_manager$91                  _snd_manager
     000009C8  C$_snd_manager.c$10$0$0            _snd_manager
     000009C8  C$_snd_manager.c$12$1$33           _snd_manager
ASxxxx Linker V03.00 + NoICE + sdld,  page 14.
Hexadecimal  [32-Bits]

Area                                    Addr        Size        Decimal Bytes (Attributes)
--------------------------------        ----        ----        ------- ----- ------------
_CODE                               00000200    00000E4E =        3662. bytes (REL,CON)

      Value  Global                              Global Defined In Module
      -----  --------------------------------   ------------------------
     000009C8  G$devkit_PSG_STOPPED$0$0           _snd_manager
     000009C8  _devkit_PSG_STOPPED                _snd_manager
     000009CA  A$_snd_manager$96                  _snd_manager
     000009CA  C$_snd_manager.c$13$1$33           _snd_manager
     000009CA  XG$devkit_PSG_STOPPED$0$0          _snd_manager
     000009CB  A$_snd_manager$109                 _snd_manager
     000009CB  C$_snd_manager.c$14$1$33           _snd_manager
     000009CB  C$_snd_manager.c$16$1$34           _snd_manager
     000009CB  G$devkit_PSG_PLAYING$0$0           _snd_manager
     000009CB  _devkit_PSG_PLAYING                _snd_manager
     000009CD  A$_snd_manager$114                 _snd_manager
     000009CD  C$_snd_manager.c$17$1$34           _snd_manager
     000009CD  XG$devkit_PSG_PLAYING$0$0          _snd_manager
     000009CE  A$_snd_manager$127                 _snd_manager
     000009CE  C$_snd_manager.c$19$1$34           _snd_manager
     000009CE  C$_snd_manager.c$21$1$35           _snd_manager
     000009CE  G$devkit_SFX_CHANNEL2$0$0          _snd_manager
     000009CE  _devkit_SFX_CHANNEL2               _snd_manager
     000009D0  A$_snd_manager$132                 _snd_manager
     000009D0  C$_snd_manager.c$22$1$35           _snd_manager
     000009D0  XG$devkit_SFX_CHANNEL2$0$0         _snd_manager
     000009D1  A$_snd_manager$145                 _snd_manager
     000009D1  C$_snd_manager.c$23$1$35           _snd_manager
     000009D1  C$_snd_manager.c$25$1$36           _snd_manager
     000009D1  G$devkit_SFX_CHANNEL3$0$0          _snd_manager
     000009D1  _devkit_SFX_CHANNEL3               _snd_manager
     000009D3  A$_snd_manager$150                 _snd_manager
     000009D3  C$_snd_manager.c$26$1$36           _snd_manager
     000009D3  XG$devkit_SFX_CHANNEL3$0$0         _snd_manager
     000009D4  A$_snd_manager$163                 _snd_manager
     000009D4  C$_snd_manager.c$27$1$36           _snd_manager
     000009D4  C$_snd_manager.c$29$1$37           _snd_manager
     000009D4  G$devkit_SFX_CHANNELS2AND3$0$0     _snd_manager
     000009D4  _devkit_SFX_CHANNELS2AND3          _snd_manager
     000009D6  A$_snd_manager$168                 _snd_manager
     000009D6  C$_snd_manager.c$30$1$37           _snd_manager
     000009D6  XG$devkit_SFX_CHANNELS2AND3$0$0    _snd_manager
     000009D7  A$_snd_manager$181                 _snd_manager
     000009D7  C$_snd_manager.c$33$1$37           _snd_manager
     000009D7  C$_snd_manager.c$35$1$39           _snd_manager
     000009D7  G$devkit_PSGPlay$0$0               _snd_manager
     000009D7  _devkit_PSGPlay                    _snd_manager
     000009D8  A$_snd_manager$182                 _snd_manager
     000009D9  A$_snd_manager$183                 _snd_manager
     000009DA  A$_snd_manager$184                 _snd_manager
     000009DB  A$_snd_manager$185                 _snd_manager
     000009DC  A$_snd_manager$186                 _snd_manager
     000009DF  A$_snd_manager$187                 _snd_manager
     000009E0  A$_snd_manager$192                 _snd_manager
     000009E0  C$_snd_manager.c$36$1$39           _snd_manager
     000009E0  XG$devkit_PSGPlay$0$0              _snd_manager
ASxxxx Linker V03.00 + NoICE + sdld,  page 15.
Hexadecimal  [32-Bits]

Area                                    Addr        Size        Decimal Bytes (Attributes)
--------------------------------        ----        ----        ------- ----- ------------
_CODE                               00000200    00000E4E =        3662. bytes (REL,CON)

      Value  Global                              Global Defined In Module
      -----  --------------------------------   ------------------------
     000009E1  A$_snd_manager$209                 _snd_manager
     000009E1  C$_snd_manager.c$37$1$39           _snd_manager
     000009E1  C$_snd_manager.c$39$1$41           _snd_manager
     000009E1  C$_snd_manager.c$40$1$41           _snd_manager
     000009E1  G$devkit_PSGCancelLoop$0$0         _snd_manager
     000009E1  XG$devkit_PSGCancelLoop$0$0        _snd_manager
     000009E1  _devkit_PSGCancelLoop              _snd_manager
     000009E4  A$_snd_manager$222                 _snd_manager
     000009E4  C$_snd_manager.c$41$1$41           _snd_manager
     000009E4  C$_snd_manager.c$43$1$43           _snd_manager
     000009E4  G$devkit_PSGPlayNoRepeat$0$0       _snd_manager
     000009E4  _devkit_PSGPlayNoRepeat            _snd_manager
     000009E5  A$_snd_manager$223                 _snd_manager
     000009E6  A$_snd_manager$224                 _snd_manager
     000009E7  A$_snd_manager$225                 _snd_manager
     000009E8  A$_snd_manager$226                 _snd_manager
     000009E9  A$_snd_manager$227                 _snd_manager
     000009EC  A$_snd_manager$228                 _snd_manager
     000009ED  A$_snd_manager$233                 _snd_manager
     000009ED  C$_snd_manager.c$44$1$43           _snd_manager
     000009ED  XG$devkit_PSGPlayNoRepeat$0$0      _snd_manager
     000009EE  A$_snd_manager$250                 _snd_manager
     000009EE  C$_snd_manager.c$45$1$43           _snd_manager
     000009EE  C$_snd_manager.c$47$1$45           _snd_manager
     000009EE  C$_snd_manager.c$48$1$45           _snd_manager
     000009EE  G$devkit_PSGStop$0$0               _snd_manager
     000009EE  XG$devkit_PSGStop$0$0              _snd_manager
     000009EE  _devkit_PSGStop                    _snd_manager
     000009F1  A$_snd_manager$267                 _snd_manager
     000009F1  C$_snd_manager.c$49$1$45           _snd_manager
     000009F1  C$_snd_manager.c$51$1$47           _snd_manager
     000009F1  C$_snd_manager.c$52$1$47           _snd_manager
     000009F1  G$devkit_PSGResume$0$0             _snd_manager
     000009F1  XG$devkit_PSGResume$0$0            _snd_manager
     000009F1  _devkit_PSGResume                  _snd_manager
     000009F4  A$_snd_manager$284                 _snd_manager
     000009F4  C$_snd_manager.c$53$1$47           _snd_manager
     000009F4  C$_snd_manager.c$55$1$49           _snd_manager
     000009F4  C$_snd_manager.c$56$1$49           _snd_manager
     000009F4  G$devkit_PSGGetStatus$0$0          _snd_manager
     000009F4  XG$devkit_PSGGetStatus$0$0         _snd_manager
     000009F4  _devkit_PSGGetStatus               _snd_manager
     000009F7  A$_snd_manager$297                 _snd_manager
     000009F7  C$_snd_manager.c$57$1$49           _snd_manager
     000009F7  C$_snd_manager.c$59$1$51           _snd_manager
     000009F7  G$devkit_PSGSetMusicVolumeAttenu   _snd_manager
     000009F7  _devkit_PSGSetMusicVolumeAttenua   _snd_manager
     000009FA  A$_snd_manager$298                 _snd_manager
     000009FB  A$_snd_manager$299                 _snd_manager
     000009FC  A$_snd_manager$300                 _snd_manager
     000009FD  A$_snd_manager$301                 _snd_manager
ASxxxx Linker V03.00 + NoICE + sdld,  page 16.
Hexadecimal  [32-Bits]

Area                                    Addr        Size        Decimal Bytes (Attributes)
--------------------------------        ----        ----        ------- ----- ------------
_CODE                               00000200    00000E4E =        3662. bytes (REL,CON)

      Value  Global                              Global Defined In Module
      -----  --------------------------------   ------------------------
     000009FE  A$_snd_manager$302                 _snd_manager
     00000A01  A$_snd_manager$303                 _snd_manager
     00000A02  A$_snd_manager$308                 _snd_manager
     00000A02  C$_snd_manager.c$60$1$51           _snd_manager
     00000A02  XG$devkit_PSGSetMusicVolumeAtten   _snd_manager
     00000A03  A$_snd_manager$321                 _snd_manager
     00000A03  C$_snd_manager.c$62$1$51           _snd_manager
     00000A03  C$_snd_manager.c$64$1$53           _snd_manager
     00000A03  G$devkit_PSGSFXPlay$0$0            _snd_manager
     00000A03  _devkit_PSGSFXPlay                 _snd_manager
     00000A06  A$_snd_manager$322                 _snd_manager
     00000A07  A$_snd_manager$323                 _snd_manager
     00000A08  A$_snd_manager$324                 _snd_manager
     00000A09  A$_snd_manager$325                 _snd_manager
     00000A0A  A$_snd_manager$326                 _snd_manager
     00000A0D  A$_snd_manager$327                 _snd_manager
     00000A0E  A$_snd_manager$328                 _snd_manager
     00000A0F  A$_snd_manager$329                 _snd_manager
     00000A10  A$_snd_manager$330                 _snd_manager
     00000A11  A$_snd_manager$331                 _snd_manager
     00000A12  A$_snd_manager$332                 _snd_manager
     00000A15  A$_snd_manager$333                 _snd_manager
     00000A16  A$_snd_manager$334                 _snd_manager
     00000A17  A$_snd_manager$339                 _snd_manager
     00000A17  C$_snd_manager.c$65$1$53           _snd_manager
     00000A17  XG$devkit_PSGSFXPlay$0$0           _snd_manager
     00000A18  A$_snd_manager$352                 _snd_manager
     00000A18  C$_snd_manager.c$66$1$53           _snd_manager
     00000A18  C$_snd_manager.c$68$1$55           _snd_manager
     00000A18  G$devkit_PSGSFXPlayLoop$0$0        _snd_manager
     00000A18  _devkit_PSGSFXPlayLoop             _snd_manager
     00000A1B  A$_snd_manager$353                 _snd_manager
     00000A1C  A$_snd_manager$354                 _snd_manager
     00000A1D  A$_snd_manager$355                 _snd_manager
     00000A1E  A$_snd_manager$356                 _snd_manager
     00000A1F  A$_snd_manager$357                 _snd_manager
     00000A22  A$_snd_manager$358                 _snd_manager
     00000A23  A$_snd_manager$359                 _snd_manager
     00000A24  A$_snd_manager$360                 _snd_manager
     00000A25  A$_snd_manager$361                 _snd_manager
     00000A26  A$_snd_manager$362                 _snd_manager
     00000A27  A$_snd_manager$363                 _snd_manager
     00000A2A  A$_snd_manager$364                 _snd_manager
     00000A2B  A$_snd_manager$365                 _snd_manager
     00000A2C  A$_snd_manager$370                 _snd_manager
     00000A2C  C$_snd_manager.c$69$1$55           _snd_manager
     00000A2C  XG$devkit_PSGSFXPlayLoop$0$0       _snd_manager
     00000A2D  A$_snd_manager$387                 _snd_manager
     00000A2D  C$_snd_manager.c$70$1$55           _snd_manager
     00000A2D  C$_snd_manager.c$72$1$57           _snd_manager
     00000A2D  C$_snd_manager.c$73$1$57           _snd_manager
ASxxxx Linker V03.00 + NoICE + sdld,  page 17.
Hexadecimal  [32-Bits]

Area                                    Addr        Size        Decimal Bytes (Attributes)
--------------------------------        ----        ----        ------- ----- ------------
_CODE                               00000200    00000E4E =        3662. bytes (REL,CON)

      Value  Global                              Global Defined In Module
      -----  --------------------------------   ------------------------
     00000A2D  G$devkit_PSGSFXCancelLoop$0$0      _snd_manager
     00000A2D  XG$devkit_PSGSFXCancelLoop$0$0     _snd_manager
     00000A2D  _devkit_PSGSFXCancelLoop           _snd_manager
     00000A30  A$_snd_manager$404                 _snd_manager
     00000A30  C$_snd_manager.c$74$1$57           _snd_manager
     00000A30  C$_snd_manager.c$76$1$59           _snd_manager
     00000A30  C$_snd_manager.c$77$1$59           _snd_manager
     00000A30  G$devkit_PSGSFXStop$0$0            _snd_manager
     00000A30  XG$devkit_PSGSFXStop$0$0           _snd_manager
     00000A30  _devkit_PSGSFXStop                 _snd_manager
     00000A33  A$_snd_manager$421                 _snd_manager
     00000A33  C$_snd_manager.c$78$1$59           _snd_manager
     00000A33  C$_snd_manager.c$80$1$61           _snd_manager
     00000A33  C$_snd_manager.c$81$1$61           _snd_manager
     00000A33  G$devkit_PSGSFXGetStatus$0$0       _snd_manager
     00000A33  XG$devkit_PSGSFXGetStatus$0$0      _snd_manager
     00000A33  _devkit_PSGSFXGetStatus            _snd_manager
     00000A36  A$_snd_manager$438                 _snd_manager
     00000A36  C$_snd_manager.c$83$1$61           _snd_manager
     00000A36  C$_snd_manager.c$85$1$63           _snd_manager
     00000A36  C$_snd_manager.c$86$1$63           _snd_manager
     00000A36  G$devkit_PSGSilenceChannels$0$0    _snd_manager
     00000A36  XG$devkit_PSGSilenceChannels$0$0   _snd_manager
     00000A36  _devkit_PSGSilenceChannels         _snd_manager
     00000A39  A$_snd_manager$455                 _snd_manager
     00000A39  C$_snd_manager.c$87$1$63           _snd_manager
     00000A39  C$_snd_manager.c$89$1$65           _snd_manager
     00000A39  C$_snd_manager.c$90$1$65           _snd_manager
     00000A39  G$devkit_PSGRestoreVolumes$0$0     _snd_manager
     00000A39  XG$devkit_PSGRestoreVolumes$0$0    _snd_manager
     00000A39  _devkit_PSGRestoreVolumes          _snd_manager
     00000A3C  A$_snd_manager$472                 _snd_manager
     00000A3C  C$_snd_manager.c$92$1$65           _snd_manager
     00000A3C  C$_snd_manager.c$94$1$67           _snd_manager
     00000A3C  C$_snd_manager.c$95$1$67           _snd_manager
     00000A3C  G$devkit_PSGFrame$0$0              _snd_manager
     00000A3C  XG$devkit_PSGFrame$0$0             _snd_manager
     00000A3C  _devkit_PSGFrame                   _snd_manager
     00000A3F  A$_snd_manager$489                 _snd_manager
     00000A3F  C$_snd_manager.c$96$1$67           _snd_manager
     00000A3F  C$_snd_manager.c$98$1$69           _snd_manager
     00000A3F  C$_snd_manager.c$99$1$69           _snd_manager
     00000A3F  G$devkit_PSGSFXFrame$0$0           _snd_manager
     00000A3F  XG$devkit_PSGSFXFrame$0$0          _snd_manager
     00000A3F  _devkit_PSGSFXFrame                _snd_manager
     00000A42  _UNSAFE_SMS_copySpritestoSAT       SMSlib_UNSAFE
     00000A5A  _UNSAFE_SMS_VRAMmemcpy32           SMSlib_UNSAFE
     00000A77  _UNSAFE_SMS_VRAMmemcpy64           SMSlib_UNSAFE
     00000A94  _UNSAFE_SMS_VRAMmemcpy128          SMSlib_UNSAFE
     00000AB1  _SMS_init                          SMSlib
     00000B05  _VDPReg_init                       SMSlib
ASxxxx Linker V03.00 + NoICE + sdld,  page 18.
Hexadecimal  [32-Bits]

Area                                    Addr        Size        Decimal Bytes (Attributes)
--------------------------------        ----        ----        ------- ----- ------------
_CODE                               00000200    00000E4E =        3662. bytes (REL,CON)

      Value  Global                              Global Defined In Module
      -----  --------------------------------   ------------------------
     00000B10  _SMS_VDPType                       SMSlib
     00000B18  _SMS_VDPturnOnFeature              SMSlib
     00000B2F  _SMS_VDPturnOffFeature             SMSlib
     00000B48  _SMS_setBGScrollX                  SMSlib
     00000B52  _SMS_setBGScrollY                  SMSlib
     00000B5C  _SMS_setBackdropColor              SMSlib
     00000B66  _SMS_useFirstHalfTilesforSprites   SMSlib
     00000B7A  _SMS_setSpriteMode                 SMSlib
     00000BBF  _SMS_setBGPaletteColor             SMSlib
     00000BD3  _SMS_setSpritePaletteColor         SMSlib
     00000BE7  _SMS_loadBGPalette                 SMSlib
     00000BFB  _SMS_loadSpritePalette             SMSlib
     00000C0F  _SMS_setColor                      SMSlib
     00000C13  _SMS_initSprites                   SMSlib
     00000C19  _SMS_addSprite                     SMSlib
     00000C6E  _SMS_finalizeSprites               SMSlib
     00000C80  _SMS_copySpritestoSAT              SMSlib
     00000CA9  _SMS_waitForVBlank                 SMSlib
     00000CB6  _SMS_getKeysStatus                 SMSlib
     00000CBA  _SMS_getKeysPressed                SMSlib
     00000CD7  _SMS_getKeysHeld                   SMSlib
     00000CEE  _SMS_getKeysReleased               SMSlib
     00000D0B  _SMS_queryPauseRequested           SMSlib
     00000D13  _SMS_resetPauseRequest             SMSlib
     00000D19  _SMS_setLineInterruptHandler       SMSlib
     00000D2A  _SMS_setLineCounter                SMSlib
     00000D39  _SMS_getVCount                     SMSlib
     00000D3D  _SMS_getHCount                     SMSlib
     00000D41  _SMS_isr                           SMSlib
     00000D77  _SMS_nmi_isr                       SMSlib
     00000D8A  _SMS_loadSTMcompressedTileMapAre   SMSlib_STMcomp
     00000F6B  ___sdcc_call_hl                    
     00000F6C  _SMS_loadPSGaidencompressedTiles   SMSlib_PSGaiden

ASxxxx Linker V03.00 + NoICE + sdld,  page 19.
Hexadecimal  [32-Bits]

Area                                    Addr        Size        Decimal Bytes (Attributes)
--------------------------------        ----        ----        ------- ----- ------------
_HEADER0                            00000000    00000006 =           6. bytes (ABS,CON)

      Value  Global                              Global Defined In Module
      -----  --------------------------------   ------------------------
     00000006  _SMS_crt0_RST08                    crt0

ASxxxx Linker V03.00 + NoICE + sdld,  page 20.
Hexadecimal  [32-Bits]

Area                                    Addr        Size        Decimal Bytes (Attributes)
--------------------------------        ----        ----        ------- ----- ------------
_HEADER1                            00000000    00000009 =           9. bytes (ABS,CON)

      Value  Global                              Global Defined In Module
      -----  --------------------------------   ------------------------
     00000011  _SMS_crt0_RST18                    crt0

ASxxxx Linker V03.00 + NoICE + sdld,  page 21.
Hexadecimal  [32-Bits]

Area                                    Addr        Size        Decimal Bytes (Attributes)
--------------------------------        ----        ----        ------- ----- ------------
_HEADER2                            00000000    0000000A =          10. bytes (ABS,CON)

      Value  Global                              Global Defined In Module
      -----  --------------------------------   ------------------------
ASxxxx Linker V03.00 + NoICE + sdld,  page 22.
Hexadecimal  [32-Bits]

Area                                    Addr        Size        Decimal Bytes (Attributes)
--------------------------------        ----        ----        ------- ----- ------------
_HEADER3                            00000000    00000003 =           3. bytes (ABS,CON)

      Value  Global                              Global Defined In Module
      -----  --------------------------------   ------------------------
ASxxxx Linker V03.00 + NoICE + sdld,  page 23.
Hexadecimal  [32-Bits]

Area                                    Addr        Size        Decimal Bytes (Attributes)
--------------------------------        ----        ----        ------- ----- ------------
_HEADER4                            00000000    00000003 =           3. bytes (ABS,CON)

      Value  Global                              Global Defined In Module
      -----  --------------------------------   ------------------------
ASxxxx Linker V03.00 + NoICE + sdld,  page 24.
Hexadecimal  [32-Bits]

Area                                    Addr        Size        Decimal Bytes (Attributes)
--------------------------------        ----        ----        ------- ----- ------------
_HEADER5                            00000000    0000012A =         298. bytes (ABS,CON)

      Value  Global                              Global Defined In Module
      -----  --------------------------------   ------------------------
     00000099  _OUTI128                           crt0
     00000119  _OUTI64                            crt0
     00000159  _OUTI32                            crt0
     00000199  _outi_block                        crt0

ASxxxx Linker V03.00 + NoICE + sdld,  page 25.
Hexadecimal  [32-Bits]

Area                                    Addr        Size        Decimal Bytes (Attributes)
--------------------------------        ----        ----        ------- ----- ------------
_INITIALIZER                        0000104E    00000004 =           4. bytes (REL,CON)

      Value  Global                              Global Defined In Module
      -----  --------------------------------   ------------------------
ASxxxx Linker V03.00 + NoICE + sdld,  page 26.
Hexadecimal  [32-Bits]

Area                                    Addr        Size        Decimal Bytes (Attributes)
--------------------------------        ----        ----        ------- ----- ------------
_GSINIT                             00001052    0000000F =          15. bytes (REL,CON)

      Value  Global                              Global Defined In Module
      -----  --------------------------------   ------------------------
     00001052  gsinit                             crt0

ASxxxx Linker V03.00 + NoICE + sdld,  page 27.
Hexadecimal  [32-Bits]

Area                                    Addr        Size        Decimal Bytes (Attributes)
--------------------------------        ----        ----        ------- ----- ------------
_GSFINAL                            00001061    00000001 =           1. bytes (REL,CON)

      Value  Global                              Global Defined In Module
      -----  --------------------------------   ------------------------
ASxxxx Linker V03.00 + NoICE + sdld,  page 28.
Hexadecimal  [32-Bits]

Area                                    Addr        Size        Decimal Bytes (Attributes)
--------------------------------        ----        ----        ------- ----- ------------
_DATA                               0000C000    00000110 =         272. bytes (REL,CON)

      Value  Global                              Global Defined In Module
      -----  --------------------------------   ------------------------
     0000C000  _PSGMusicStatus                    PSGlib
     0000C001  _PSGMusicStart                     PSGlib
     0000C003  _PSGMusicPointer                   PSGlib
     0000C005  _PSGMusicLoopPoint                 PSGlib
     0000C007  _PSGMusicSkipFrames                PSGlib
     0000C008  _PSGLoopFlag                       PSGlib
     0000C009  _PSGMusicLastLatch                 PSGlib
     0000C00A  _PSGMusicVolumeAttenuation         PSGlib
     0000C00B  _PSGMusicSubstringLen              PSGlib
     0000C00C  _PSGMusicSubstringRetAddr          PSGlib
     0000C00E  _PSGChan0Volume                    PSGlib
     0000C00F  _PSGChan1Volume                    PSGlib
     0000C010  _PSGChan2Volume                    PSGlib
     0000C011  _PSGChan3Volume                    PSGlib
     0000C012  _PSGChan2LowTone                   PSGlib
     0000C013  _PSGChan2HighTone                  PSGlib
     0000C014  _PSGChan3LowTone                   PSGlib
     0000C015  _PSGChannel2SFX                    PSGlib
     0000C016  _PSGChannel3SFX                    PSGlib
     0000C017  _PSGSFXChan2Volume                 PSGlib
     0000C018  _PSGSFXChan3Volume                 PSGlib
     0000C019  _PSGSFXStatus                      PSGlib
     0000C01A  _PSGSFXStart                       PSGlib
     0000C01C  _PSGSFXPointer                     PSGlib
     0000C01E  _PSGSFXLoopPoint                   PSGlib
     0000C020  _PSGSFXSkipFrames                  PSGlib
     0000C021  _PSGSFXLoopFlag                    PSGlib
     0000C022  _PSGSFXSubstringLen                PSGlib
     0000C023  _PSGSFXSubstringRetAddr            PSGlib
     0000C025  _VDPBlank                          SMSlib
     0000C026  _SMS_VDPFlags                      SMSlib
     0000C027  _PauseRequested                    SMSlib
     0000C028  _VDPType                           SMSlib
     0000C029  _KeysStatus                        SMSlib
     0000C02B  _PreviousKeysStatus                SMSlib
     0000C02D  _SpriteTableY                      SMSlib
     0000C06D  _SpriteTableXN                     SMSlib
     0000C0ED  _SpriteNextFree                    SMSlib
     0000C0EE  _SMS_theLineInterruptHandler       SMSlib
     0000C0F0  _decompBuffer                      SMSlib_PSGaiden

ASxxxx Linker V03.00 + NoICE + sdld,  page 29.
Hexadecimal  [32-Bits]

Area                                    Addr        Size        Decimal Bytes (Attributes)
--------------------------------        ----        ----        ------- ----- ------------
_INITIALIZED                        0000C110    00000004 =           4. bytes (REL,CON)

      Value  Global                              Global Defined In Module
      -----  --------------------------------   ------------------------
     0000C110  _VDPReg                            SMSlib
     0000C112  _spritesHeight                     SMSlib
     0000C113  _spritesWidth                      SMSlib
ASxxxx Linker V03.00 + NoICE + sdld,  page 30.
Hexadecimal  [32-Bits]

Area                                    Addr        Size        Decimal Bytes (Attributes)
--------------------------------        ----        ----        ------- ----- ------------
_CABS0                              00000000    00000010 =          16. bytes (ABS,CON)

      Value  Global                              Global Defined In Module
      -----  --------------------------------   ------------------------
     00007FF0  G$__SMS__SEGA_signature$0$0        _sms_manager
     00007FF0  ___SMS__SEGA_signature             _sms_manager

ASxxxx Linker V03.00 + NoICE + sdld,  page 31.
Hexadecimal  [32-Bits]

Area                                    Addr        Size        Decimal Bytes (Attributes)
--------------------------------        ----        ----        ------- ----- ------------
_CABS1                              00000000    0000000E =          14. bytes (ABS,CON)

      Value  Global                              Global Defined In Module
      -----  --------------------------------   ------------------------
     00007FD2  G$__SMS__SDSC_author$0$0           _sms_manager
     00007FD2  ___SMS__SDSC_author                _sms_manager

ASxxxx Linker V03.00 + NoICE + sdld,  page 32.
Hexadecimal  [32-Bits]

Area                                    Addr        Size        Decimal Bytes (Attributes)
--------------------------------        ----        ----        ------- ----- ------------
_CABS2                              00000000    0000000D =          13. bytes (ABS,CON)

      Value  Global                              Global Defined In Module
      -----  --------------------------------   ------------------------
     00007FC5  G$__SMS__SDSC_name$0$0             _sms_manager
     00007FC5  ___SMS__SDSC_name                  _sms_manager

ASxxxx Linker V03.00 + NoICE + sdld,  page 33.
Hexadecimal  [32-Bits]

Area                                    Addr        Size        Decimal Bytes (Attributes)
--------------------------------        ----        ----        ------- ----- ------------
_CABS3                              00000000    00000038 =          56. bytes (ABS,CON)

      Value  Global                              Global Defined In Module
      -----  --------------------------------   ------------------------
     00007F8D  G$__SMS__SDSC_descr$0$0            _sms_manager
     00007F8D  ___SMS__SDSC_descr                 _sms_manager

ASxxxx Linker V03.00 + NoICE + sdld,  page 34.
Hexadecimal  [32-Bits]

Area                                    Addr        Size        Decimal Bytes (Attributes)
--------------------------------        ----        ----        ------- ----- ------------
_CABS4                              00000000    00000010 =          16. bytes (ABS,CON)

      Value  Global                              Global Defined In Module
      -----  --------------------------------   ------------------------
     00007FE0  G$__SMS__SDSC_signature$0$0        _sms_manager
     00007FE0  ___SMS__SDSC_signature             _sms_manager

ASxxxx Linker V03.00 + NoICE + sdld,  page 35.

Files Linked                              [ module(s) ]

../crt0/crt0_sms.rel                      [ crt0 ]
main.rel                                  [ main ]
../lib/PSGlib.rel                         [ PSGlib ]
devkit/_sms_manager.rel                   [ _sms_manager ]
devkit/_snd_manager.rel                   [ _snd_manager ]


Libraries Linked                          [ object file ]

../lib/SMSlib.lib                         [ SMSlib_UNSAFE.rel ]
../lib/SMSlib.lib                         [ SMSlib.rel ]
../lib/SMSlib.lib                         [ SMSlib_STMcomp.rel ]
C:\Program Files\SDCC\bin\..\lib\z80/z80.lib
                                          [ __sdcc_call_hl.rel ]
../lib/SMSlib.lib                         [ SMSlib_PSGaiden.rel ]

ASxxxx Linker V03.00 + NoICE + sdld,  page 36.

User Base Address Definitions

_CODE = 0x0200
_DATA = 0xc000

