ASxxxx Linker V03.00 + NoICE + sdld,  page 1.
Hexadecimal  [32-Bits]

Area                                    Addr        Size        Decimal Bytes (Attributes)
--------------------------------        ----        ----        ------- ----- ------------
.  .ABS.                            00000000    00000000 =           0. bytes (ABS,CON)

      Value  Global                              Global Defined In Module
      -----  --------------------------------   ------------------------
     00000000  .__.ABS.                           
     00000000  l__BSEG                         
     00000000  l__BSS                          
     00000000  l__CABS                         
     00000000  l__DABS                         
     00000000  l__HEADER                       
     00000000  l__HEAP                         
     00000000  l__HOME                         
     00000000  s__CABS                         
     00000000  s__CABS0                        
     00000000  s__CABS1                        
     00000000  s__CABS2                        
     00000000  s__CABS3                        
     00000000  s__CABS4                        
     00000000  s__DABS                         
     00000000  s__HEADER                       
     00000000  s__HEADER0                      
     00000000  s__HEADER1                      
     00000000  s__HEADER2                      
     00000000  s__HEADER3                      
     00000000  s__HEADER4                      
     00000000  s__HEADER5                      
     00000001  l__GSFINAL                      
     00000003  l__HEADER3                      
     00000003  l__HEADER4                      
     00000004  l__INITIALIZED                  
     00000004  l__INITIALIZER                  
     00000006  l__HEADER0                      
     00000009  l__HEADER1                      
     0000000A  l__HEADER2                      
     0000000D  l__CABS2                        
     0000000E  l__CABS1                        
     0000000F  l__GSINIT                       
     00000010  l__CABS0                        
     00000010  l__CABS4                        
     00000038  l__CABS3                        
     000000BE  G$VDPDataPort$0$0                  asm_manager
     000000BF  G$VDPControlPort$0$0               asm_manager
     000000EB  l__DATA                         
     0000012A  l__HEADER5                      
     00000200  s__CODE                         
     00001114  l__CODE                         
     00001314  s__HOME                         
     00001314  s__INITIALIZER                  
     00001318  s__GSINIT                       
     00001327  s__GSFINAL                      
     00008000  G$SMS_SRAM$0$0                     _sms_manager
     00008000  _SMS_SRAM                          SMSlib_loadTileMap
     0000C000  s__DATA                         
     0000C0EB  s__INITIALIZED                  
ASxxxx Linker V03.00 + NoICE + sdld,  page 2.
Hexadecimal  [32-Bits]

Area                                    Addr        Size        Decimal Bytes (Attributes)
--------------------------------        ----        ----        ------- ----- ------------
.  .ABS.                            00000000    00000000 =           0. bytes (ABS,CON)

      Value  Global                              Global Defined In Module
      -----  --------------------------------   ------------------------
     0000C0EF  s__BSEG                         
     0000C0EF  s__BSS                          
     0000C0EF  s__HEAP                         
     0000FFFC  G$SRAM_bank_to_be_mapped_on_slot   _sms_manager
     0000FFFC  _SRAM_bank_to_be_mapped_on_slot2   SMSlib_loadTileMap
     0000FFFF  G$ROM_bank_to_be_mapped_on_slot2   _sms_manager
     0000FFFF  _ROM_bank_to_be_mapped_on_slot2    SMSlib_loadTileMap
ASxxxx Linker V03.00 + NoICE + sdld,  page 3.
Hexadecimal  [32-Bits]

Area                                    Addr        Size        Decimal Bytes (Attributes)
--------------------------------        ----        ----        ------- ----- ------------
_CODE                               00000200    00001114 =        4372. bytes (REL,CON)

      Value  Global                              Global Defined In Module
      -----  --------------------------------   ------------------------
     00000200  __clock                            crt0
     00000204  _exit                              crt0
     0000020A  A$main$72                          main
     0000020A  C$main.c$3$0$0                     main
     0000020A  C$main.c$5$1$43                    main
     0000020A  G$main$0$0                         main
     0000020A  _main                              main
     0000020D  A$main$76                          main
     0000020D  C$main.c$6$1$43                    main
     00000210  A$main$80                          main
     00000210  C$main.c$7$1$43                    main
     00000213  A$main$84                          main
     00000213  C$main.c$9$1$43                    main
     00000216  A$main$85                          main
     00000217  A$main$86                          main
     00000218  A$main$87                          main
     00000219  A$main$88                          main
     0000021C  A$main$89                          main
     0000021D  A$main$93                          main
     0000021D  C$main.c$10$1$43                   main
     00000220  A$main$97                          main
     00000220  C$main.c$11$1$43                   main
     00000223  A$main$98                          main
     00000224  A$main$99                          main
     00000227  A$main$100                         main
     00000228  A$main$104                         main
     00000228  C$main.c$13$1$43                   main
     0000022B  A$main$108                         main
     0000022B  C$main.c$14$1$43                   main
     0000022E  A$main$112                         main
     0000022E  C$main.c$15$1$43                   main
     00000231  A$main$116                         main
     00000231  C$main.c$17$1$43                   main
     00000234  A$main$121                         main
     00000234  C$main.c$20$3$45                   main
     00000237  A$main$125                         main
     00000237  C$main.c$21$3$45                   main
     0000023A  A$main$129                         main
     0000023A  C$main.c$23$3$45                   main
     0000023D  A$main$133                         main
     0000023D  C$main.c$24$3$45                   main
     00000240  A$main$137                         main
     00000240  C$main.c$25$3$45                   main
     00000243  A$main$142                         main
     00000243  C$main.c$27$2$44                   main
     00000243  XG$main$0$0                        main
     00000245  A$_sms_manager$136                 _sms_manager
     00000245  C$_sms_manager.c$12$0$0            _sms_manager
     00000245  C$_sms_manager.c$14$1$75           _sms_manager
     00000245  C$_sms_manager.c$15$1$75           _sms_manager
ASxxxx Linker V03.00 + NoICE + sdld,  page 4.
Hexadecimal  [32-Bits]

Area                                    Addr        Size        Decimal Bytes (Attributes)
--------------------------------        ----        ----        ------- ----- ------------
_CODE                               00000200    00001114 =        4372. bytes (REL,CON)

      Value  Global                              Global Defined In Module
      -----  --------------------------------   ------------------------
     00000245  G$devkit_SMS_init$0$0              _sms_manager
     00000245  XG$devkit_SMS_init$0$0             _sms_manager
     00000245  _devkit_SMS_init                   _sms_manager
     00000248  A$_sms_manager$149                 _sms_manager
     00000248  C$_sms_manager.c$16$1$75           _sms_manager
     00000248  C$_sms_manager.c$18$1$76           _sms_manager
     00000248  G$devkit_SMS_displayOn$0$0         _sms_manager
     00000248  _devkit_SMS_displayOn              _sms_manager
     0000024B  A$_sms_manager$154                 _sms_manager
     0000024B  C$_sms_manager.c$19$1$76           _sms_manager
     0000024B  XG$devkit_SMS_displayOn$0$0        _sms_manager
     0000024E  A$_sms_manager$167                 _sms_manager
     0000024E  C$_sms_manager.c$20$1$76           _sms_manager
     0000024E  C$_sms_manager.c$22$1$77           _sms_manager
     0000024E  G$devkit_SMS_displayOff$0$0        _sms_manager
     0000024E  _devkit_SMS_displayOff             _sms_manager
     00000251  A$_sms_manager$172                 _sms_manager
     00000251  C$_sms_manager.c$23$1$77           _sms_manager
     00000251  XG$devkit_SMS_displayOff$0$0       _sms_manager
     00000254  A$_sms_manager$185                 _sms_manager
     00000254  C$_sms_manager.c$24$1$77           _sms_manager
     00000254  C$_sms_manager.c$26$1$79           _sms_manager
     00000254  G$devkit_SMS_mapROMBank$0$0        _sms_manager
     00000254  _devkit_SMS_mapROMBank             _sms_manager
     00000257  A$_sms_manager$186                 _sms_manager
     00000258  A$_sms_manager$187                 _sms_manager
     00000259  A$_sms_manager$188                 _sms_manager
     0000025C  A$_sms_manager$193                 _sms_manager
     0000025C  C$_sms_manager.c$27$1$79           _sms_manager
     0000025C  XG$devkit_SMS_mapROMBank$0$0       _sms_manager
     0000025D  A$_sms_manager$206                 _sms_manager
     0000025D  C$_sms_manager.c$29$1$79           _sms_manager
     0000025D  C$_sms_manager.c$31$1$81           _sms_manager
     0000025D  G$devkit_SMS_setBGScrollX$0$0      _sms_manager
     0000025D  _devkit_SMS_setBGScrollX           _sms_manager
     00000261  A$_sms_manager$207                 _sms_manager
     00000263  A$_sms_manager$208                 _sms_manager
     00000266  A$_sms_manager$213                 _sms_manager
     00000266  C$_sms_manager.c$32$1$81           _sms_manager
     00000266  XG$devkit_SMS_setBGScrollX$0$0     _sms_manager
     00000269  A$_sms_manager$226                 _sms_manager
     00000269  C$_sms_manager.c$33$1$81           _sms_manager
     00000269  C$_sms_manager.c$35$1$83           _sms_manager
     00000269  G$devkit_SMS_setBGScrollY$0$0      _sms_manager
     00000269  _devkit_SMS_setBGScrollY           _sms_manager
     0000026D  A$_sms_manager$227                 _sms_manager
     0000026F  A$_sms_manager$228                 _sms_manager
     00000272  A$_sms_manager$233                 _sms_manager
     00000272  C$_sms_manager.c$36$1$83           _sms_manager
     00000272  XG$devkit_SMS_setBGScrollY$0$0     _sms_manager
     00000275  A$_sms_manager$246                 _sms_manager
ASxxxx Linker V03.00 + NoICE + sdld,  page 5.
Hexadecimal  [32-Bits]

Area                                    Addr        Size        Decimal Bytes (Attributes)
--------------------------------        ----        ----        ------- ----- ------------
_CODE                               00000200    00001114 =        4372. bytes (REL,CON)

      Value  Global                              Global Defined In Module
      -----  --------------------------------   ------------------------
     00000275  C$_sms_manager.c$38$1$83           _sms_manager
     00000275  C$_sms_manager.c$40$1$84           _sms_manager
     00000275  G$devkit_SMS_enableSRAM$0$0        _sms_manager
     00000275  _devkit_SMS_enableSRAM             _sms_manager
     00000278  A$_sms_manager$247                 _sms_manager
     0000027A  A$_sms_manager$252                 _sms_manager
     0000027A  C$_sms_manager.c$41$1$84           _sms_manager
     0000027A  XG$devkit_SMS_enableSRAM$0$0       _sms_manager
     0000027B  A$_sms_manager$265                 _sms_manager
     0000027B  C$_sms_manager.c$42$1$84           _sms_manager
     0000027B  C$_sms_manager.c$44$1$86           _sms_manager
     0000027B  G$devkit_SMS_enableSRAMBank$0$0    _sms_manager
     0000027B  _devkit_SMS_enableSRAMBank         _sms_manager
     0000027E  A$_sms_manager$266                 _sms_manager
     0000027F  A$_sms_manager$267                 _sms_manager
     00000280  A$_sms_manager$268                 _sms_manager
     00000281  A$_sms_manager$269                 _sms_manager
     00000282  A$_sms_manager$270                 _sms_manager
     00000284  A$_sms_manager$271                 _sms_manager
     00000286  A$_sms_manager$272                 _sms_manager
     00000289  A$_sms_manager$277                 _sms_manager
     00000289  C$_sms_manager.c$45$1$86           _sms_manager
     00000289  XG$devkit_SMS_enableSRAMBank$0$0   _sms_manager
     0000028A  A$_sms_manager$290                 _sms_manager
     0000028A  C$_sms_manager.c$46$1$86           _sms_manager
     0000028A  C$_sms_manager.c$48$1$87           _sms_manager
     0000028A  G$devkit_SMS_disableSRAM$0$0       _sms_manager
     0000028A  _devkit_SMS_disableSRAM            _sms_manager
     0000028D  A$_sms_manager$291                 _sms_manager
     0000028F  A$_sms_manager$296                 _sms_manager
     0000028F  C$_sms_manager.c$49$1$87           _sms_manager
     0000028F  XG$devkit_SMS_disableSRAM$0$0      _sms_manager
     00000290  A$_sms_manager$309                 _sms_manager
     00000290  C$_sms_manager.c$52$1$87           _sms_manager
     00000290  C$_sms_manager.c$54$1$89           _sms_manager
     00000290  G$devkit_SMS_setSpriteMode$0$0     _sms_manager
     00000290  _devkit_SMS_setSpriteMode          _sms_manager
     00000294  A$_sms_manager$310                 _sms_manager
     00000296  A$_sms_manager$311                 _sms_manager
     00000299  A$_sms_manager$316                 _sms_manager
     00000299  C$_sms_manager.c$55$1$89           _sms_manager
     00000299  XG$devkit_SMS_setSpriteMode$0$0    _sms_manager
     0000029C  A$_sms_manager$329                 _sms_manager
     0000029C  C$_sms_manager.c$56$1$89           _sms_manager
     0000029C  C$_sms_manager.c$58$1$90           _sms_manager
     0000029C  G$devkit_SMS_useFirstHalfTilesfo   _sms_manager
     0000029C  _devkit_SMS_useFirstHalfTilesfor   _sms_manager
     0000029E  A$_sms_manager$334                 _sms_manager
     0000029E  C$_sms_manager.c$59$1$90           _sms_manager
     0000029E  XG$devkit_SMS_useFirstHalfTilesf   _sms_manager
     000002A1  A$_sms_manager$347                 _sms_manager
ASxxxx Linker V03.00 + NoICE + sdld,  page 6.
Hexadecimal  [32-Bits]

Area                                    Addr        Size        Decimal Bytes (Attributes)
--------------------------------        ----        ----        ------- ----- ------------
_CODE                               00000200    00001114 =        4372. bytes (REL,CON)

      Value  Global                              Global Defined In Module
      -----  --------------------------------   ------------------------
     000002A1  C$_sms_manager.c$60$1$90           _sms_manager
     000002A1  C$_sms_manager.c$62$1$91           _sms_manager
     000002A1  G$devkit_SMS_useFirstHalfTilesfo   _sms_manager
     000002A1  _devkit_SMS_useFirstHalfTilesfor   _sms_manager
     000002A3  A$_sms_manager$352                 _sms_manager
     000002A3  C$_sms_manager.c$63$1$91           _sms_manager
     000002A3  XG$devkit_SMS_useFirstHalfTilesf   _sms_manager
     000002A6  A$_sms_manager$365                 _sms_manager
     000002A6  C$_sms_manager.c$64$1$91           _sms_manager
     000002A6  C$_sms_manager.c$66$1$93           _sms_manager
     000002A6  G$devkit_SMS_VDPturnOnFeature$0$   _sms_manager
     000002A6  _devkit_SMS_VDPturnOnFeature       _sms_manager
     000002A7  A$_sms_manager$366                 _sms_manager
     000002A8  A$_sms_manager$367                 _sms_manager
     000002A9  A$_sms_manager$368                 _sms_manager
     000002AA  A$_sms_manager$373                 _sms_manager
     000002AA  C$_sms_manager.c$67$1$93           _sms_manager
     000002AA  XG$devkit_SMS_VDPturnOnFeature$0   _sms_manager
     000002AD  A$_sms_manager$386                 _sms_manager
     000002AD  C$_sms_manager.c$69$1$93           _sms_manager
     000002AD  C$_sms_manager.c$71$1$95           _sms_manager
     000002AD  G$devkit_SMS_loadPSGaidencompres   _sms_manager
     000002AD  _devkit_SMS_loadPSGaidencompress   _sms_manager
     000002B0  A$_sms_manager$387                 _sms_manager
     000002B1  A$_sms_manager$388                 _sms_manager
     000002B2  A$_sms_manager$389                 _sms_manager
     000002B3  A$_sms_manager$390                 _sms_manager
     000002B4  A$_sms_manager$391                 _sms_manager
     000002B5  A$_sms_manager$392                 _sms_manager
     000002B8  A$_sms_manager$393                 _sms_manager
     000002B9  A$_sms_manager$394                 _sms_manager
     000002BA  A$_sms_manager$395                 _sms_manager
     000002BB  A$_sms_manager$396                 _sms_manager
     000002BC  A$_sms_manager$397                 _sms_manager
     000002BD  A$_sms_manager$398                 _sms_manager
     000002C0  A$_sms_manager$399                 _sms_manager
     000002C1  A$_sms_manager$400                 _sms_manager
     000002C2  A$_sms_manager$405                 _sms_manager
     000002C2  C$_sms_manager.c$72$1$95           _sms_manager
     000002C2  XG$devkit_SMS_loadPSGaidencompre   _sms_manager
     000002C3  A$_sms_manager$418                 _sms_manager
     000002C3  C$_sms_manager.c$73$1$95           _sms_manager
     000002C3  C$_sms_manager.c$75$1$97           _sms_manager
     000002C3  G$devkit_SMS_loadSTMcompressedTi   _sms_manager
     000002C3  _devkit_SMS_loadSTMcompressedTil   _sms_manager
     000002C5  A$_sms_manager$419                 _sms_manager
     000002C6  A$_sms_manager$420                 _sms_manager
     000002C7  A$_sms_manager$421                 _sms_manager
     000002CA  A$_sms_manager$422                 _sms_manager
     000002CB  A$_sms_manager$423                 _sms_manager
     000002CC  A$_sms_manager$424                 _sms_manager
ASxxxx Linker V03.00 + NoICE + sdld,  page 7.
Hexadecimal  [32-Bits]

Area                                    Addr        Size        Decimal Bytes (Attributes)
--------------------------------        ----        ----        ------- ----- ------------
_CODE                               00000200    00001114 =        4372. bytes (REL,CON)

      Value  Global                              Global Defined In Module
      -----  --------------------------------   ------------------------
     000002CD  A$_sms_manager$425                 _sms_manager
     000002CE  A$_sms_manager$426                 _sms_manager
     000002CF  A$_sms_manager$427                 _sms_manager
     000002D2  A$_sms_manager$428                 _sms_manager
     000002D3  A$_sms_manager$429                 _sms_manager
     000002D4  A$_sms_manager$430                 _sms_manager
     000002D5  A$_sms_manager$431                 _sms_manager
     000002D6  A$_sms_manager$432                 _sms_manager
     000002D9  A$_sms_manager$433                 _sms_manager
     000002DA  A$_sms_manager$434                 _sms_manager
     000002DB  A$_sms_manager$435                 _sms_manager
     000002DC  A$_sms_manager$436                 _sms_manager
     000002DD  A$_sms_manager$437                 _sms_manager
     000002E0  A$_sms_manager$438                 _sms_manager
     000002E1  A$_sms_manager$439                 _sms_manager
     000002E2  A$_sms_manager$440                 _sms_manager
     000002E3  A$_sms_manager$445                 _sms_manager
     000002E3  C$_sms_manager.c$76$1$97           _sms_manager
     000002E3  XG$devkit_SMS_loadSTMcompressedT   _sms_manager
     000002E4  A$_sms_manager$458                 _sms_manager
     000002E4  C$_sms_manager.c$78$1$97           _sms_manager
     000002E4  C$_sms_manager.c$80$1$99           _sms_manager
     000002E4  G$devkit_SMS_loadBGPalette$0$0     _sms_manager
     000002E4  _devkit_SMS_loadBGPalette          _sms_manager
     000002E5  A$_sms_manager$459                 _sms_manager
     000002E6  A$_sms_manager$460                 _sms_manager
     000002E7  A$_sms_manager$461                 _sms_manager
     000002E8  A$_sms_manager$466                 _sms_manager
     000002E8  C$_sms_manager.c$81$1$99           _sms_manager
     000002E8  XG$devkit_SMS_loadBGPalette$0$0    _sms_manager
     000002EB  A$_sms_manager$479                 _sms_manager
     000002EB  C$_sms_manager.c$82$1$99           _sms_manager
     000002EB  C$_sms_manager.c$84$1$101          _sms_manager
     000002EB  G$devkit_SMS_loadSpritePalette$0   _sms_manager
     000002EB  _devkit_SMS_loadSpritePalette      _sms_manager
     000002EC  A$_sms_manager$480                 _sms_manager
     000002ED  A$_sms_manager$481                 _sms_manager
     000002EE  A$_sms_manager$482                 _sms_manager
     000002EF  A$_sms_manager$487                 _sms_manager
     000002EF  C$_sms_manager.c$85$1$101          _sms_manager
     000002EF  XG$devkit_SMS_loadSpritePalette$   _sms_manager
     000002F2  A$_sms_manager$500                 _sms_manager
     000002F2  C$_sms_manager.c$86$1$101          _sms_manager
     000002F2  C$_sms_manager.c$88$1$103          _sms_manager
     000002F2  G$devkit_SMS_setSpritePaletteCol   _sms_manager
     000002F2  _devkit_SMS_setSpritePaletteColo   _sms_manager
     000002F5  A$_sms_manager$501                 _sms_manager
     000002F6  A$_sms_manager$502                 _sms_manager
     000002F7  A$_sms_manager$503                 _sms_manager
     000002F8  A$_sms_manager$504                 _sms_manager
     000002F9  A$_sms_manager$505                 _sms_manager
ASxxxx Linker V03.00 + NoICE + sdld,  page 8.
Hexadecimal  [32-Bits]

Area                                    Addr        Size        Decimal Bytes (Attributes)
--------------------------------        ----        ----        ------- ----- ------------
_CODE                               00000200    00001114 =        4372. bytes (REL,CON)

      Value  Global                              Global Defined In Module
      -----  --------------------------------   ------------------------
     000002FC  A$_sms_manager$506                 _sms_manager
     000002FD  A$_sms_manager$507                 _sms_manager
     000002FE  A$_sms_manager$508                 _sms_manager
     000002FF  A$_sms_manager$509                 _sms_manager
     00000302  A$_sms_manager$510                 _sms_manager
     00000303  A$_sms_manager$511                 _sms_manager
     00000304  A$_sms_manager$512                 _sms_manager
     00000305  A$_sms_manager$513                 _sms_manager
     00000306  A$_sms_manager$514                 _sms_manager
     00000307  A$_sms_manager$515                 _sms_manager
     00000308  A$_sms_manager$516                 _sms_manager
     0000030A  A$_sms_manager$517                 _sms_manager
     0000030B  A$_sms_manager$518                 _sms_manager
     0000030C  A$_sms_manager$522                 _sms_manager
     0000030C  C$_sms_manager.c$89$1$103          _sms_manager
     0000030D  A$_sms_manager$523                 _sms_manager
     0000030E  A$_sms_manager$524                 _sms_manager
     00000311  A$_sms_manager$525                 _sms_manager
     00000312  A$_sms_manager$526                 _sms_manager
     00000313  A$_sms_manager$527                 _sms_manager
     00000314  A$_sms_manager$528                 _sms_manager
     00000315  A$_sms_manager$529                 _sms_manager
     00000318  A$_sms_manager$530                 _sms_manager
     00000319  A$_sms_manager$535                 _sms_manager
     00000319  C$_sms_manager.c$90$1$103          _sms_manager
     00000319  XG$devkit_SMS_setSpritePaletteCo   _sms_manager
     0000031A  A$_sms_manager$545                 _sms_manager
     0000031A  C$_sms_manager.c$92$1$103          _sms_manager
     0000031A  G$devkit_SMS_setNextTileatXY$0$0   _sms_manager
     0000031A  _devkit_SMS_setNextTileatXY        _sms_manager
     0000031C  A$_sms_manager$546                 _sms_manager
     00000320  A$_sms_manager$547                 _sms_manager
     00000322  A$_sms_manager$551                 _sms_manager
     00000322  C$_sms_manager.c$94$1$105          _sms_manager
     00000325  A$_sms_manager$552                 _sms_manager
     00000327  A$_sms_manager$553                 _sms_manager
     00000328  A$_sms_manager$554                 _sms_manager
     00000329  A$_sms_manager$555                 _sms_manager
     0000032A  A$_sms_manager$556                 _sms_manager
     0000032B  A$_sms_manager$557                 _sms_manager
     0000032C  A$_sms_manager$558                 _sms_manager
     0000032D  A$_sms_manager$559                 _sms_manager
     0000032E  A$_sms_manager$560                 _sms_manager
     0000032F  A$_sms_manager$561                 _sms_manager
     00000331  A$_sms_manager$562                 _sms_manager
     00000332  A$_sms_manager$563                 _sms_manager
     00000335  A$_sms_manager$564                 _sms_manager
     00000337  A$_sms_manager$565                 _sms_manager
     00000338  A$_sms_manager$566                 _sms_manager
     00000339  A$_sms_manager$567                 _sms_manager
     0000033A  A$_sms_manager$568                 _sms_manager
ASxxxx Linker V03.00 + NoICE + sdld,  page 9.
Hexadecimal  [32-Bits]

Area                                    Addr        Size        Decimal Bytes (Attributes)
--------------------------------        ----        ----        ------- ----- ------------
_CODE                               00000200    00001114 =        4372. bytes (REL,CON)

      Value  Global                              Global Defined In Module
      -----  --------------------------------   ------------------------
     0000033B  A$_sms_manager$569                 _sms_manager
     0000033C  A$_sms_manager$570                 _sms_manager
     0000033D  A$_sms_manager$571                 _sms_manager
     0000033E  A$_sms_manager$576                 _sms_manager
     0000033E  C$_sms_manager.c$95$1$105          _sms_manager
     0000033E  XG$devkit_SMS_setNextTileatXY$0$   _sms_manager
     00000340  A$_sms_manager$577                 _sms_manager
     00000343  A$_sms_manager$590                 _sms_manager
     00000343  C$_sms_manager.c$96$1$105          _sms_manager
     00000343  C$_sms_manager.c$98$1$107          _sms_manager
     00000343  G$devkit_SMS_setTile$0$0           _sms_manager
     00000343  _devkit_SMS_setTile                _sms_manager
     00000347  A$_sms_manager$591                 _sms_manager
     00000349  A$_sms_manager$592                 _sms_manager
     0000034C  A$_sms_manager$593                 _sms_manager
     0000034E  A$_sms_manager$598                 _sms_manager
     0000034E  C$_sms_manager.c$99$1$107          _sms_manager
     0000034E  XG$devkit_SMS_setTile$0$0          _sms_manager
     00000351  A$_sms_manager$611                 _sms_manager
     00000351  C$_sms_manager.c$100$1$107         _sms_manager
     00000351  C$_sms_manager.c$102$1$109         _sms_manager
     00000351  G$devkit_SMS_loadTileMap$0$0       _sms_manager
     00000351  _devkit_SMS_loadTileMap            _sms_manager
     00000354  A$_sms_manager$612                 _sms_manager
     00000355  A$_sms_manager$613                 _sms_manager
     00000356  A$_sms_manager$614                 _sms_manager
     00000357  A$_sms_manager$615                 _sms_manager
     00000358  A$_sms_manager$616                 _sms_manager
     0000035B  A$_sms_manager$617                 _sms_manager
     0000035C  A$_sms_manager$618                 _sms_manager
     0000035D  A$_sms_manager$619                 _sms_manager
     0000035E  A$_sms_manager$620                 _sms_manager
     0000035F  A$_sms_manager$621                 _sms_manager
     00000360  A$_sms_manager$622                 _sms_manager
     00000361  A$_sms_manager$623                 _sms_manager
     00000362  A$_sms_manager$624                 _sms_manager
     00000365  A$_sms_manager$625                 _sms_manager
     00000366  A$_sms_manager$626                 _sms_manager
     00000367  A$_sms_manager$627                 _sms_manager
     00000368  A$_sms_manager$628                 _sms_manager
     00000369  A$_sms_manager$629                 _sms_manager
     0000036C  A$_sms_manager$630                 _sms_manager
     0000036D  A$_sms_manager$631                 _sms_manager
     0000036E  A$_sms_manager$632                 _sms_manager
     0000036F  A$_sms_manager$633                 _sms_manager
     00000370  A$_sms_manager$634                 _sms_manager
     00000373  A$_sms_manager$635                 _sms_manager
     00000376  A$_sms_manager$636                 _sms_manager
     00000377  A$_sms_manager$637                 _sms_manager
     00000378  A$_sms_manager$642                 _sms_manager
     00000378  C$_sms_manager.c$103$1$109         _sms_manager
ASxxxx Linker V03.00 + NoICE + sdld,  page 10.
Hexadecimal  [32-Bits]

Area                                    Addr        Size        Decimal Bytes (Attributes)
--------------------------------        ----        ----        ------- ----- ------------
_CODE                               00000200    00001114 =        4372. bytes (REL,CON)

      Value  Global                              Global Defined In Module
      -----  --------------------------------   ------------------------
     00000378  XG$devkit_SMS_loadTileMap$0$0      _sms_manager
     00000379  A$_sms_manager$655                 _sms_manager
     00000379  C$_sms_manager.c$105$1$109         _sms_manager
     00000379  C$_sms_manager.c$107$1$111         _sms_manager
     00000379  G$devkit_SMS_addSprite$0$0         _sms_manager
     00000379  _devkit_SMS_addSprite              _sms_manager
     0000037C  A$_sms_manager$656                 _sms_manager
     0000037D  A$_sms_manager$657                 _sms_manager
     0000037E  A$_sms_manager$658                 _sms_manager
     0000037F  A$_sms_manager$659                 _sms_manager
     00000380  A$_sms_manager$660                 _sms_manager
     00000383  A$_sms_manager$661                 _sms_manager
     00000384  A$_sms_manager$662                 _sms_manager
     00000385  A$_sms_manager$663                 _sms_manager
     00000386  A$_sms_manager$664                 _sms_manager
     00000387  A$_sms_manager$665                 _sms_manager
     0000038A  A$_sms_manager$666                 _sms_manager
     0000038B  A$_sms_manager$667                 _sms_manager
     0000038C  A$_sms_manager$668                 _sms_manager
     0000038D  A$_sms_manager$669                 _sms_manager
     0000038E  A$_sms_manager$670                 _sms_manager
     00000391  A$_sms_manager$671                 _sms_manager
     00000392  A$_sms_manager$672                 _sms_manager
     00000393  A$_sms_manager$677                 _sms_manager
     00000393  C$_sms_manager.c$108$1$111         _sms_manager
     00000393  XG$devkit_SMS_addSprite$0$0        _sms_manager
     00000394  A$_sms_manager$687                 _sms_manager
     00000394  C$_sms_manager.c$109$1$111         _sms_manager
     00000394  G$devkit_SMS_addSprite_bulk8$0$0   _sms_manager
     00000394  _devkit_SMS_addSprite_bulk8        _sms_manager
     00000396  A$_sms_manager$688                 _sms_manager
     0000039A  A$_sms_manager$689                 _sms_manager
     0000039C  A$_sms_manager$693                 _sms_manager
     0000039C  C$_sms_manager.c$111$1$113         _sms_manager
     0000039F  A$_sms_manager$694                 _sms_manager
     000003A2  A$_sms_manager$695                 _sms_manager
     000003A3  A$_sms_manager$696                 _sms_manager
     000003A6  A$_sms_manager$697                 _sms_manager
     000003A9  A$_sms_manager$698                 _sms_manager
     000003AA  A$_sms_manager$699                 _sms_manager
     000003AD  A$_sms_manager$700                 _sms_manager
     000003AE  A$_sms_manager$701                 _sms_manager
     000003AF  A$_sms_manager$705                 _sms_manager
     000003AF  C$_sms_manager.c$112$1$113         _sms_manager
     000003B2  A$_sms_manager$706                 _sms_manager
     000003B5  A$_sms_manager$707                 _sms_manager
     000003B6  A$_sms_manager$708                 _sms_manager
     000003B9  A$_sms_manager$709                 _sms_manager
     000003BB  A$_sms_manager$710                 _sms_manager
     000003BC  A$_sms_manager$711                 _sms_manager
     000003BD  A$_sms_manager$712                 _sms_manager
ASxxxx Linker V03.00 + NoICE + sdld,  page 11.
Hexadecimal  [32-Bits]

Area                                    Addr        Size        Decimal Bytes (Attributes)
--------------------------------        ----        ----        ------- ----- ------------
_CODE                               00000200    00001114 =        4372. bytes (REL,CON)

      Value  Global                              Global Defined In Module
      -----  --------------------------------   ------------------------
     000003BE  A$_sms_manager$713                 _sms_manager
     000003C1  A$_sms_manager$714                 _sms_manager
     000003C2  A$_sms_manager$715                 _sms_manager
     000003C3  A$_sms_manager$716                 _sms_manager
     000003C4  A$_sms_manager$717                 _sms_manager
     000003C5  A$_sms_manager$718                 _sms_manager
     000003C8  A$_sms_manager$719                 _sms_manager
     000003C9  A$_sms_manager$720                 _sms_manager
     000003CA  A$_sms_manager$721                 _sms_manager
     000003CB  A$_sms_manager$725                 _sms_manager
     000003CB  C$_sms_manager.c$114$1$113         _sms_manager
     000003CE  A$_sms_manager$726                 _sms_manager
     000003D1  A$_sms_manager$727                 _sms_manager
     000003D2  A$_sms_manager$728                 _sms_manager
     000003D3  A$_sms_manager$729                 _sms_manager
     000003D6  A$_sms_manager$730                 _sms_manager
     000003D8  A$_sms_manager$731                 _sms_manager
     000003D9  A$_sms_manager$732                 _sms_manager
     000003DA  A$_sms_manager$733                 _sms_manager
     000003DB  A$_sms_manager$734                 _sms_manager
     000003DC  A$_sms_manager$735                 _sms_manager
     000003DD  A$_sms_manager$736                 _sms_manager
     000003DE  A$_sms_manager$737                 _sms_manager
     000003E1  A$_sms_manager$738                 _sms_manager
     000003E2  A$_sms_manager$739                 _sms_manager
     000003E3  A$_sms_manager$740                 _sms_manager
     000003E6  A$_sms_manager$741                 _sms_manager
     000003E7  A$_sms_manager$742                 _sms_manager
     000003E8  A$_sms_manager$743                 _sms_manager
     000003E9  A$_sms_manager$744                 _sms_manager
     000003EA  A$_sms_manager$748                 _sms_manager
     000003EA  C$_sms_manager.c$115$1$113         _sms_manager
     000003ED  A$_sms_manager$749                 _sms_manager
     000003F0  A$_sms_manager$750                 _sms_manager
     000003F1  A$_sms_manager$751                 _sms_manager
     000003F2  A$_sms_manager$752                 _sms_manager
     000003F3  A$_sms_manager$753                 _sms_manager
     000003F4  A$_sms_manager$754                 _sms_manager
     000003F5  A$_sms_manager$755                 _sms_manager
     000003F6  A$_sms_manager$756                 _sms_manager
     000003F7  A$_sms_manager$757                 _sms_manager
     000003FA  A$_sms_manager$758                 _sms_manager
     000003FB  A$_sms_manager$759                 _sms_manager
     000003FC  A$_sms_manager$760                 _sms_manager
     000003FD  A$_sms_manager$764                 _sms_manager
     000003FD  C$_sms_manager.c$117$1$113         _sms_manager
     00000400  A$_sms_manager$765                 _sms_manager
     00000402  A$_sms_manager$766                 _sms_manager
     00000403  A$_sms_manager$767                 _sms_manager
     00000406  A$_sms_manager$768                 _sms_manager
     00000408  A$_sms_manager$769                 _sms_manager
ASxxxx Linker V03.00 + NoICE + sdld,  page 12.
Hexadecimal  [32-Bits]

Area                                    Addr        Size        Decimal Bytes (Attributes)
--------------------------------        ----        ----        ------- ----- ------------
_CODE                               00000200    00001114 =        4372. bytes (REL,CON)

      Value  Global                              Global Defined In Module
      -----  --------------------------------   ------------------------
     00000409  A$_sms_manager$770                 _sms_manager
     0000040C  A$_sms_manager$771                 _sms_manager
     0000040E  A$_sms_manager$772                 _sms_manager
     0000040F  A$_sms_manager$773                 _sms_manager
     00000410  A$_sms_manager$774                 _sms_manager
     00000411  A$_sms_manager$775                 _sms_manager
     00000412  A$_sms_manager$776                 _sms_manager
     00000413  A$_sms_manager$777                 _sms_manager
     00000414  A$_sms_manager$778                 _sms_manager
     00000417  A$_sms_manager$779                 _sms_manager
     00000418  A$_sms_manager$780                 _sms_manager
     00000419  A$_sms_manager$781                 _sms_manager
     0000041C  A$_sms_manager$782                 _sms_manager
     0000041D  A$_sms_manager$783                 _sms_manager
     0000041E  A$_sms_manager$784                 _sms_manager
     0000041F  A$_sms_manager$785                 _sms_manager
     00000420  A$_sms_manager$789                 _sms_manager
     00000420  C$_sms_manager.c$118$1$113         _sms_manager
     00000423  A$_sms_manager$790                 _sms_manager
     00000425  A$_sms_manager$791                 _sms_manager
     00000426  A$_sms_manager$792                 _sms_manager
     00000429  A$_sms_manager$793                 _sms_manager
     0000042B  A$_sms_manager$794                 _sms_manager
     0000042C  A$_sms_manager$795                 _sms_manager
     0000042D  A$_sms_manager$796                 _sms_manager
     0000042E  A$_sms_manager$797                 _sms_manager
     0000042F  A$_sms_manager$798                 _sms_manager
     00000430  A$_sms_manager$799                 _sms_manager
     00000433  A$_sms_manager$800                 _sms_manager
     00000434  A$_sms_manager$801                 _sms_manager
     00000435  A$_sms_manager$802                 _sms_manager
     00000436  A$_sms_manager$806                 _sms_manager
     00000436  C$_sms_manager.c$120$1$113         _sms_manager
     00000439  A$_sms_manager$807                 _sms_manager
     0000043B  A$_sms_manager$808                 _sms_manager
     0000043C  A$_sms_manager$809                 _sms_manager
     0000043F  A$_sms_manager$810                 _sms_manager
     00000441  A$_sms_manager$811                 _sms_manager
     00000442  A$_sms_manager$812                 _sms_manager
     00000445  A$_sms_manager$813                 _sms_manager
     00000447  A$_sms_manager$814                 _sms_manager
     00000448  A$_sms_manager$815                 _sms_manager
     00000449  A$_sms_manager$816                 _sms_manager
     0000044A  A$_sms_manager$817                 _sms_manager
     0000044B  A$_sms_manager$818                 _sms_manager
     0000044C  A$_sms_manager$819                 _sms_manager
     0000044D  A$_sms_manager$820                 _sms_manager
     00000450  A$_sms_manager$821                 _sms_manager
     00000451  A$_sms_manager$822                 _sms_manager
     00000452  A$_sms_manager$823                 _sms_manager
     00000455  A$_sms_manager$824                 _sms_manager
ASxxxx Linker V03.00 + NoICE + sdld,  page 13.
Hexadecimal  [32-Bits]

Area                                    Addr        Size        Decimal Bytes (Attributes)
--------------------------------        ----        ----        ------- ----- ------------
_CODE                               00000200    00001114 =        4372. bytes (REL,CON)

      Value  Global                              Global Defined In Module
      -----  --------------------------------   ------------------------
     00000456  A$_sms_manager$825                 _sms_manager
     00000457  A$_sms_manager$826                 _sms_manager
     00000458  A$_sms_manager$827                 _sms_manager
     00000459  A$_sms_manager$831                 _sms_manager
     00000459  C$_sms_manager.c$121$1$113         _sms_manager
     0000045C  A$_sms_manager$832                 _sms_manager
     0000045E  A$_sms_manager$833                 _sms_manager
     0000045F  A$_sms_manager$834                 _sms_manager
     00000462  A$_sms_manager$835                 _sms_manager
     00000464  A$_sms_manager$836                 _sms_manager
     00000465  A$_sms_manager$837                 _sms_manager
     00000466  A$_sms_manager$838                 _sms_manager
     00000467  A$_sms_manager$839                 _sms_manager
     00000468  A$_sms_manager$840                 _sms_manager
     0000046B  A$_sms_manager$841                 _sms_manager
     0000046C  A$_sms_manager$842                 _sms_manager
     0000046D  A$_sms_manager$843                 _sms_manager
     0000046F  A$_sms_manager$848                 _sms_manager
     0000046F  C$_sms_manager.c$122$1$113         _sms_manager
     0000046F  XG$devkit_SMS_addSprite_bulk8$0$   _sms_manager
     00000470  A$_sms_manager$858                 _sms_manager
     00000470  C$_sms_manager.c$123$1$113         _sms_manager
     00000470  G$devkit_SMS_addSprite_bulk12$0$   _sms_manager
     00000470  _devkit_SMS_addSprite_bulk12       _sms_manager
     00000472  A$_sms_manager$859                 _sms_manager
     00000476  A$_sms_manager$860                 _sms_manager
     00000478  A$_sms_manager$864                 _sms_manager
     00000478  C$_sms_manager.c$125$1$115         _sms_manager
     0000047B  A$_sms_manager$865                 _sms_manager
     0000047C  A$_sms_manager$866                 _sms_manager
     0000047D  A$_sms_manager$867                 _sms_manager
     00000480  A$_sms_manager$868                 _sms_manager
     00000481  A$_sms_manager$869                 _sms_manager
     00000484  A$_sms_manager$870                 _sms_manager
     00000485  A$_sms_manager$871                 _sms_manager
     00000486  A$_sms_manager$872                 _sms_manager
     00000489  A$_sms_manager$873                 _sms_manager
     0000048A  A$_sms_manager$874                 _sms_manager
     0000048B  A$_sms_manager$875                 _sms_manager
     0000048C  A$_sms_manager$879                 _sms_manager
     0000048C  C$_sms_manager.c$126$1$115         _sms_manager
     0000048D  A$_sms_manager$880                 _sms_manager
     0000048E  A$_sms_manager$881                 _sms_manager
     00000491  A$_sms_manager$882                 _sms_manager
     00000493  A$_sms_manager$883                 _sms_manager
     00000494  A$_sms_manager$884                 _sms_manager
     00000495  A$_sms_manager$885                 _sms_manager
     00000496  A$_sms_manager$886                 _sms_manager
     00000497  A$_sms_manager$887                 _sms_manager
     0000049A  A$_sms_manager$888                 _sms_manager
     0000049B  A$_sms_manager$889                 _sms_manager
ASxxxx Linker V03.00 + NoICE + sdld,  page 14.
Hexadecimal  [32-Bits]

Area                                    Addr        Size        Decimal Bytes (Attributes)
--------------------------------        ----        ----        ------- ----- ------------
_CODE                               00000200    00001114 =        4372. bytes (REL,CON)

      Value  Global                              Global Defined In Module
      -----  --------------------------------   ------------------------
     0000049C  A$_sms_manager$890                 _sms_manager
     0000049D  A$_sms_manager$891                 _sms_manager
     0000049E  A$_sms_manager$892                 _sms_manager
     000004A1  A$_sms_manager$893                 _sms_manager
     000004A2  A$_sms_manager$894                 _sms_manager
     000004A3  A$_sms_manager$895                 _sms_manager
     000004A4  A$_sms_manager$899                 _sms_manager
     000004A4  C$_sms_manager.c$127$1$115         _sms_manager
     000004A5  A$_sms_manager$900                 _sms_manager
     000004A6  A$_sms_manager$901                 _sms_manager
     000004A7  A$_sms_manager$902                 _sms_manager
     000004AA  A$_sms_manager$903                 _sms_manager
     000004AC  A$_sms_manager$904                 _sms_manager
     000004AD  A$_sms_manager$905                 _sms_manager
     000004AE  A$_sms_manager$906                 _sms_manager
     000004AF  A$_sms_manager$907                 _sms_manager
     000004B0  A$_sms_manager$908                 _sms_manager
     000004B1  A$_sms_manager$909                 _sms_manager
     000004B4  A$_sms_manager$910                 _sms_manager
     000004B5  A$_sms_manager$911                 _sms_manager
     000004B8  A$_sms_manager$912                 _sms_manager
     000004B9  A$_sms_manager$913                 _sms_manager
     000004BA  A$_sms_manager$914                 _sms_manager
     000004BB  A$_sms_manager$915                 _sms_manager
     000004BC  A$_sms_manager$919                 _sms_manager
     000004BC  C$_sms_manager.c$129$1$115         _sms_manager
     000004BD  A$_sms_manager$920                 _sms_manager
     000004BE  A$_sms_manager$921                 _sms_manager
     000004BF  A$_sms_manager$922                 _sms_manager
     000004C0  A$_sms_manager$923                 _sms_manager
     000004C3  A$_sms_manager$924                 _sms_manager
     000004C5  A$_sms_manager$925                 _sms_manager
     000004C6  A$_sms_manager$926                 _sms_manager
     000004C7  A$_sms_manager$927                 _sms_manager
     000004C8  A$_sms_manager$928                 _sms_manager
     000004C9  A$_sms_manager$929                 _sms_manager
     000004CA  A$_sms_manager$930                 _sms_manager
     000004CB  A$_sms_manager$931                 _sms_manager
     000004CC  A$_sms_manager$932                 _sms_manager
     000004CF  A$_sms_manager$933                 _sms_manager
     000004D0  A$_sms_manager$934                 _sms_manager
     000004D1  A$_sms_manager$935                 _sms_manager
     000004D4  A$_sms_manager$936                 _sms_manager
     000004D5  A$_sms_manager$937                 _sms_manager
     000004D6  A$_sms_manager$938                 _sms_manager
     000004D7  A$_sms_manager$939                 _sms_manager
     000004D8  A$_sms_manager$943                 _sms_manager
     000004D8  C$_sms_manager.c$130$1$115         _sms_manager
     000004D9  A$_sms_manager$944                 _sms_manager
     000004DB  A$_sms_manager$945                 _sms_manager
     000004DC  A$_sms_manager$946                 _sms_manager
ASxxxx Linker V03.00 + NoICE + sdld,  page 15.
Hexadecimal  [32-Bits]

Area                                    Addr        Size        Decimal Bytes (Attributes)
--------------------------------        ----        ----        ------- ----- ------------
_CODE                               00000200    00001114 =        4372. bytes (REL,CON)

      Value  Global                              Global Defined In Module
      -----  --------------------------------   ------------------------
     000004DD  A$_sms_manager$947                 _sms_manager
     000004DE  A$_sms_manager$948                 _sms_manager
     000004DF  A$_sms_manager$949                 _sms_manager
     000004E0  A$_sms_manager$950                 _sms_manager
     000004E1  A$_sms_manager$951                 _sms_manager
     000004E4  A$_sms_manager$952                 _sms_manager
     000004E5  A$_sms_manager$953                 _sms_manager
     000004E6  A$_sms_manager$954                 _sms_manager
     000004E7  A$_sms_manager$955                 _sms_manager
     000004E8  A$_sms_manager$959                 _sms_manager
     000004E8  C$_sms_manager.c$131$1$115         _sms_manager
     000004E9  A$_sms_manager$960                 _sms_manager
     000004EB  A$_sms_manager$961                 _sms_manager
     000004EC  A$_sms_manager$962                 _sms_manager
     000004ED  A$_sms_manager$963                 _sms_manager
     000004EE  A$_sms_manager$964                 _sms_manager
     000004EF  A$_sms_manager$965                 _sms_manager
     000004F0  A$_sms_manager$966                 _sms_manager
     000004F1  A$_sms_manager$967                 _sms_manager
     000004F4  A$_sms_manager$968                 _sms_manager
     000004F5  A$_sms_manager$969                 _sms_manager
     000004F6  A$_sms_manager$970                 _sms_manager
     000004F7  A$_sms_manager$971                 _sms_manager
     000004F8  A$_sms_manager$975                 _sms_manager
     000004F8  C$_sms_manager.c$133$1$115         _sms_manager
     000004F9  A$_sms_manager$976                 _sms_manager
     000004FB  A$_sms_manager$977                 _sms_manager
     000004FC  A$_sms_manager$978                 _sms_manager
     000004FF  A$_sms_manager$979                 _sms_manager
     00000501  A$_sms_manager$980                 _sms_manager
     00000502  A$_sms_manager$981                 _sms_manager
     00000503  A$_sms_manager$982                 _sms_manager
     00000504  A$_sms_manager$983                 _sms_manager
     00000505  A$_sms_manager$984                 _sms_manager
     00000506  A$_sms_manager$985                 _sms_manager
     00000507  A$_sms_manager$986                 _sms_manager
     00000508  A$_sms_manager$987                 _sms_manager
     0000050B  A$_sms_manager$988                 _sms_manager
     0000050C  A$_sms_manager$989                 _sms_manager
     0000050D  A$_sms_manager$990                 _sms_manager
     00000510  A$_sms_manager$991                 _sms_manager
     00000511  A$_sms_manager$992                 _sms_manager
     00000512  A$_sms_manager$993                 _sms_manager
     00000513  A$_sms_manager$994                 _sms_manager
     00000514  A$_sms_manager$998                 _sms_manager
     00000514  C$_sms_manager.c$134$1$115         _sms_manager
     00000515  A$_sms_manager$999                 _sms_manager
     00000517  A$_sms_manager$1000                _sms_manager
     00000518  A$_sms_manager$1001                _sms_manager
     00000519  A$_sms_manager$1002                _sms_manager
     0000051A  A$_sms_manager$1003                _sms_manager
ASxxxx Linker V03.00 + NoICE + sdld,  page 16.
Hexadecimal  [32-Bits]

Area                                    Addr        Size        Decimal Bytes (Attributes)
--------------------------------        ----        ----        ------- ----- ------------
_CODE                               00000200    00001114 =        4372. bytes (REL,CON)

      Value  Global                              Global Defined In Module
      -----  --------------------------------   ------------------------
     0000051B  A$_sms_manager$1004                _sms_manager
     0000051C  A$_sms_manager$1005                _sms_manager
     0000051D  A$_sms_manager$1006                _sms_manager
     0000051E  A$_sms_manager$1007                _sms_manager
     00000521  A$_sms_manager$1008                _sms_manager
     00000522  A$_sms_manager$1009                _sms_manager
     00000523  A$_sms_manager$1010                _sms_manager
     00000524  A$_sms_manager$1011                _sms_manager
     00000525  A$_sms_manager$1015                _sms_manager
     00000525  C$_sms_manager.c$135$1$115         _sms_manager
     00000526  A$_sms_manager$1016                _sms_manager
     00000528  A$_sms_manager$1017                _sms_manager
     00000529  A$_sms_manager$1018                _sms_manager
     0000052A  A$_sms_manager$1019                _sms_manager
     0000052B  A$_sms_manager$1020                _sms_manager
     0000052C  A$_sms_manager$1021                _sms_manager
     0000052D  A$_sms_manager$1022                _sms_manager
     0000052E  A$_sms_manager$1023                _sms_manager
     00000531  A$_sms_manager$1024                _sms_manager
     00000532  A$_sms_manager$1025                _sms_manager
     00000533  A$_sms_manager$1026                _sms_manager
     00000534  A$_sms_manager$1027                _sms_manager
     00000535  A$_sms_manager$1031                _sms_manager
     00000535  C$_sms_manager.c$137$1$115         _sms_manager
     00000536  A$_sms_manager$1032                _sms_manager
     00000538  A$_sms_manager$1033                _sms_manager
     00000539  A$_sms_manager$1034                _sms_manager
     0000053C  A$_sms_manager$1035                _sms_manager
     0000053E  A$_sms_manager$1036                _sms_manager
     0000053F  A$_sms_manager$1037                _sms_manager
     00000540  A$_sms_manager$1038                _sms_manager
     00000541  A$_sms_manager$1039                _sms_manager
     00000542  A$_sms_manager$1040                _sms_manager
     00000543  A$_sms_manager$1041                _sms_manager
     00000544  A$_sms_manager$1042                _sms_manager
     00000545  A$_sms_manager$1043                _sms_manager
     00000548  A$_sms_manager$1044                _sms_manager
     00000549  A$_sms_manager$1045                _sms_manager
     0000054A  A$_sms_manager$1046                _sms_manager
     0000054D  A$_sms_manager$1047                _sms_manager
     0000054E  A$_sms_manager$1048                _sms_manager
     0000054F  A$_sms_manager$1049                _sms_manager
     00000550  A$_sms_manager$1050                _sms_manager
     00000551  A$_sms_manager$1054                _sms_manager
     00000551  C$_sms_manager.c$138$1$115         _sms_manager
     00000552  A$_sms_manager$1055                _sms_manager
     00000554  A$_sms_manager$1056                _sms_manager
     00000555  A$_sms_manager$1057                _sms_manager
     00000556  A$_sms_manager$1058                _sms_manager
     00000557  A$_sms_manager$1059                _sms_manager
     00000558  A$_sms_manager$1060                _sms_manager
ASxxxx Linker V03.00 + NoICE + sdld,  page 17.
Hexadecimal  [32-Bits]

Area                                    Addr        Size        Decimal Bytes (Attributes)
--------------------------------        ----        ----        ------- ----- ------------
_CODE                               00000200    00001114 =        4372. bytes (REL,CON)

      Value  Global                              Global Defined In Module
      -----  --------------------------------   ------------------------
     00000559  A$_sms_manager$1061                _sms_manager
     0000055A  A$_sms_manager$1062                _sms_manager
     0000055B  A$_sms_manager$1063                _sms_manager
     0000055E  A$_sms_manager$1064                _sms_manager
     0000055F  A$_sms_manager$1065                _sms_manager
     00000560  A$_sms_manager$1066                _sms_manager
     00000561  A$_sms_manager$1067                _sms_manager
     00000562  A$_sms_manager$1071                _sms_manager
     00000562  C$_sms_manager.c$139$1$115         _sms_manager
     00000563  A$_sms_manager$1072                _sms_manager
     00000565  A$_sms_manager$1073                _sms_manager
     00000566  A$_sms_manager$1074                _sms_manager
     00000567  A$_sms_manager$1075                _sms_manager
     00000568  A$_sms_manager$1076                _sms_manager
     00000569  A$_sms_manager$1077                _sms_manager
     0000056A  A$_sms_manager$1078                _sms_manager
     0000056B  A$_sms_manager$1079                _sms_manager
     0000056E  A$_sms_manager$1080                _sms_manager
     0000056F  A$_sms_manager$1081                _sms_manager
     00000570  A$_sms_manager$1082                _sms_manager
     00000572  A$_sms_manager$1087                _sms_manager
     00000572  C$_sms_manager.c$140$1$115         _sms_manager
     00000572  XG$devkit_SMS_addSprite_bulk12$0   _sms_manager
     00000573  A$_sms_manager$1104                _sms_manager
     00000573  C$_sms_manager.c$142$1$115         _sms_manager
     00000573  C$_sms_manager.c$144$1$116         _sms_manager
     00000573  C$_sms_manager.c$145$1$116         _sms_manager
     00000573  G$devkit_SMS_initSprites$0$0       _sms_manager
     00000573  XG$devkit_SMS_initSprites$0$0      _sms_manager
     00000573  _devkit_SMS_initSprites            _sms_manager
     00000576  A$_sms_manager$1121                _sms_manager
     00000576  C$_sms_manager.c$146$1$116         _sms_manager
     00000576  C$_sms_manager.c$148$1$117         _sms_manager
     00000576  C$_sms_manager.c$149$1$117         _sms_manager
     00000576  G$devkit_SMS_finalizeSprites$0$0   _sms_manager
     00000576  XG$devkit_SMS_finalizeSprites$0$   _sms_manager
     00000576  _devkit_SMS_finalizeSprites        _sms_manager
     00000579  A$_sms_manager$1138                _sms_manager
     00000579  C$_sms_manager.c$150$1$117         _sms_manager
     00000579  C$_sms_manager.c$152$1$118         _sms_manager
     00000579  C$_sms_manager.c$153$1$118         _sms_manager
     00000579  G$devkit_SMS_waitForVBlank$0$0     _sms_manager
     00000579  XG$devkit_SMS_waitForVBlank$0$0    _sms_manager
     00000579  _devkit_SMS_waitForVBlank          _sms_manager
     0000057C  A$_sms_manager$1155                _sms_manager
     0000057C  C$_sms_manager.c$154$1$118         _sms_manager
     0000057C  C$_sms_manager.c$156$1$119         _sms_manager
     0000057C  C$_sms_manager.c$157$1$119         _sms_manager
     0000057C  G$devkit_SMS_copySpritestoSAT$0$   _sms_manager
     0000057C  XG$devkit_SMS_copySpritestoSAT$0   _sms_manager
     0000057C  _devkit_SMS_copySpritestoSAT       _sms_manager
ASxxxx Linker V03.00 + NoICE + sdld,  page 18.
Hexadecimal  [32-Bits]

Area                                    Addr        Size        Decimal Bytes (Attributes)
--------------------------------        ----        ----        ------- ----- ------------
_CODE                               00000200    00001114 =        4372. bytes (REL,CON)

      Value  Global                              Global Defined In Module
      -----  --------------------------------   ------------------------
     0000057F  A$_sms_manager$1172                _sms_manager
     0000057F  C$_sms_manager.c$158$1$119         _sms_manager
     0000057F  C$_sms_manager.c$160$1$120         _sms_manager
     0000057F  C$_sms_manager.c$161$1$120         _sms_manager
     0000057F  G$devkit_UNSAFE_SMS_copySpritest   _sms_manager
     0000057F  XG$devkit_UNSAFE_SMS_copySprites   _sms_manager
     0000057F  _devkit_UNSAFE_SMS_copySpritesto   _sms_manager
     00000582  A$_sms_manager$1189                _sms_manager
     00000582  C$_sms_manager.c$163$1$120         _sms_manager
     00000582  C$_sms_manager.c$165$1$121         _sms_manager
     00000582  C$_sms_manager.c$166$1$121         _sms_manager
     00000582  G$devkit_SMS_queryPauseRequested   _sms_manager
     00000582  XG$devkit_SMS_queryPauseRequeste   _sms_manager
     00000582  _devkit_SMS_queryPauseRequested    _sms_manager
     00000585  A$_sms_manager$1206                _sms_manager
     00000585  C$_sms_manager.c$167$1$121         _sms_manager
     00000585  C$_sms_manager.c$169$1$122         _sms_manager
     00000585  C$_sms_manager.c$170$1$122         _sms_manager
     00000585  G$devkit_SMS_resetPauseRequest$0   _sms_manager
     00000585  XG$devkit_SMS_resetPauseRequest$   _sms_manager
     00000585  _devkit_SMS_resetPauseRequest      _sms_manager
     00000588  A$_sms_manager$1219                _sms_manager
     00000588  C$_sms_manager.c$172$1$122         _sms_manager
     00000588  C$_sms_manager.c$174$1$123         _sms_manager
     00000588  G$devkit_isCollisionDetected$0$0   _sms_manager
     00000588  _devkit_isCollisionDetected        _sms_manager
     0000058B  A$_sms_manager$1220                _sms_manager
     0000058D  A$_sms_manager$1221                _sms_manager
     0000058E  A$_sms_manager$1226                _sms_manager
     0000058E  C$_sms_manager.c$175$1$123         _sms_manager
     0000058E  XG$devkit_isCollisionDetected$0$   _sms_manager
     0000058F  A$_sms_manager$1243                _sms_manager
     0000058F  C$_sms_manager.c$178$1$123         _sms_manager
     0000058F  C$_sms_manager.c$180$1$124         _sms_manager
     0000058F  C$_sms_manager.c$181$1$124         _sms_manager
     0000058F  G$devkit_SMS_getKeysStatus$0$0     _sms_manager
     0000058F  XG$devkit_SMS_getKeysStatus$0$0    _sms_manager
     0000058F  _devkit_SMS_getKeysStatus          _sms_manager
     00000592  A$_sms_manager$1256                _sms_manager
     00000592  C$_sms_manager.c$182$1$124         _sms_manager
     00000592  C$_sms_manager.c$184$1$125         _sms_manager
     00000592  G$devkit_PORT_A_KEY_UP$0$0         _sms_manager
     00000592  _devkit_PORT_A_KEY_UP              _sms_manager
     00000595  A$_sms_manager$1261                _sms_manager
     00000595  C$_sms_manager.c$185$1$125         _sms_manager
     00000595  XG$devkit_PORT_A_KEY_UP$0$0        _sms_manager
     00000596  A$_sms_manager$1274                _sms_manager
     00000596  C$_sms_manager.c$186$1$125         _sms_manager
     00000596  C$_sms_manager.c$188$1$126         _sms_manager
     00000596  G$devkit_PORT_A_KEY_DOWN$0$0       _sms_manager
     00000596  _devkit_PORT_A_KEY_DOWN            _sms_manager
ASxxxx Linker V03.00 + NoICE + sdld,  page 19.
Hexadecimal  [32-Bits]

Area                                    Addr        Size        Decimal Bytes (Attributes)
--------------------------------        ----        ----        ------- ----- ------------
_CODE                               00000200    00001114 =        4372. bytes (REL,CON)

      Value  Global                              Global Defined In Module
      -----  --------------------------------   ------------------------
     00000599  A$_sms_manager$1279                _sms_manager
     00000599  C$_sms_manager.c$189$1$126         _sms_manager
     00000599  XG$devkit_PORT_A_KEY_DOWN$0$0      _sms_manager
     0000059A  A$_sms_manager$1292                _sms_manager
     0000059A  C$_sms_manager.c$190$1$126         _sms_manager
     0000059A  C$_sms_manager.c$192$1$127         _sms_manager
     0000059A  G$devkit_PORT_A_KEY_LEFT$0$0       _sms_manager
     0000059A  _devkit_PORT_A_KEY_LEFT            _sms_manager
     0000059D  A$_sms_manager$1297                _sms_manager
     0000059D  C$_sms_manager.c$193$1$127         _sms_manager
     0000059D  XG$devkit_PORT_A_KEY_LEFT$0$0      _sms_manager
     0000059E  A$_sms_manager$1310                _sms_manager
     0000059E  C$_sms_manager.c$194$1$127         _sms_manager
     0000059E  C$_sms_manager.c$196$1$128         _sms_manager
     0000059E  G$devkit_PORT_A_KEY_RIGHT$0$0      _sms_manager
     0000059E  _devkit_PORT_A_KEY_RIGHT           _sms_manager
     000005A1  A$_sms_manager$1315                _sms_manager
     000005A1  C$_sms_manager.c$197$1$128         _sms_manager
     000005A1  XG$devkit_PORT_A_KEY_RIGHT$0$0     _sms_manager
     000005A2  A$_sms_manager$1328                _sms_manager
     000005A2  C$_sms_manager.c$198$1$128         _sms_manager
     000005A2  C$_sms_manager.c$200$1$129         _sms_manager
     000005A2  G$devkit_PORT_A_KEY_1$0$0          _sms_manager
     000005A2  _devkit_PORT_A_KEY_1               _sms_manager
     000005A5  A$_sms_manager$1333                _sms_manager
     000005A5  C$_sms_manager.c$201$1$129         _sms_manager
     000005A5  XG$devkit_PORT_A_KEY_1$0$0         _sms_manager
     000005A6  A$_sms_manager$1346                _sms_manager
     000005A6  C$_sms_manager.c$202$1$129         _sms_manager
     000005A6  C$_sms_manager.c$204$1$130         _sms_manager
     000005A6  G$devkit_PORT_A_KEY_2$0$0          _sms_manager
     000005A6  _devkit_PORT_A_KEY_2               _sms_manager
     000005A9  A$_sms_manager$1351                _sms_manager
     000005A9  C$_sms_manager.c$205$1$130         _sms_manager
     000005A9  XG$devkit_PORT_A_KEY_2$0$0         _sms_manager
     000005AA  A$_sms_manager$1364                _sms_manager
     000005AA  C$_sms_manager.c$208$1$130         _sms_manager
     000005AA  C$_sms_manager.c$210$1$131         _sms_manager
     000005AA  G$devkit_SPRITEMODE_NORMAL$0$0     _sms_manager
     000005AA  _devkit_SPRITEMODE_NORMAL          _sms_manager
     000005AC  A$_sms_manager$1369                _sms_manager
     000005AC  C$_sms_manager.c$211$1$131         _sms_manager
     000005AC  XG$devkit_SPRITEMODE_NORMAL$0$0    _sms_manager
     000005AD  A$_sms_manager$1382                _sms_manager
     000005AD  C$_sms_manager.c$212$1$131         _sms_manager
     000005AD  C$_sms_manager.c$214$1$132         _sms_manager
     000005AD  G$devkit_VDPFEATURE_HIDEFIRSTCOL   _sms_manager
     000005AD  _devkit_VDPFEATURE_HIDEFIRSTCOL    _sms_manager
     000005B0  A$_sms_manager$1387                _sms_manager
     000005B0  C$_sms_manager.c$215$1$132         _sms_manager
     000005B0  XG$devkit_VDPFEATURE_HIDEFIRSTCO   _sms_manager
ASxxxx Linker V03.00 + NoICE + sdld,  page 20.
Hexadecimal  [32-Bits]

Area                                    Addr        Size        Decimal Bytes (Attributes)
--------------------------------        ----        ----        ------- ----- ------------
_CODE                               00000200    00001114 =        4372. bytes (REL,CON)

      Value  Global                              Global Defined In Module
      -----  --------------------------------   ------------------------
     000005B1  F_sms_manager$__str_0$0$0          _sms_manager
     000005BF  F_sms_manager$__str_1$0$0          _sms_manager
     000005CC  F_sms_manager$__str_2$0$0          _sms_manager
     00000604  A$asm_manager$59                   asm_manager
     00000604  C$asm_manager.c$11$0$0             asm_manager
     00000604  C$asm_manager.c$30$1$1             asm_manager
     00000604  G$engine_asm_manager_clear_VRAM$   asm_manager
     00000604  _engine_asm_manager_clear_VRAM     asm_manager
     00000606  A$asm_manager$60                   asm_manager
     00000608  A$asm_manager$61                   asm_manager
     0000060A  A$asm_manager$62                   asm_manager
     0000060C  A$asm_manager$63                   asm_manager
     0000060F  A$asm_manager$65                   asm_manager
     00000611  A$asm_manager$66                   asm_manager
     00000613  A$asm_manager$67                   asm_manager
     00000614  A$asm_manager$68                   asm_manager
     00000615  A$asm_manager$69                   asm_manager
     00000616  A$asm_manager$70                   asm_manager
     00000619  A$asm_manager$75                   asm_manager
     00000619  C$asm_manager.c$33$1$1             asm_manager
     00000619  XG$engine_asm_manager_clear_VRAM   asm_manager
     0000061A  A$content_manager$59               content_manager
     0000061A  C$content_manager.c$12$1$18        content_manager
     0000061A  C$content_manager.c$9$0$0          content_manager
     0000061A  G$engine_content_manager_load_ti   content_manager
     0000061A  _engine_content_manager_load_til   content_manager
     0000061D  A$content_manager$60               content_manager
     0000061E  A$content_manager$61               content_manager
     00000621  A$content_manager$62               content_manager
     00000622  A$content_manager$63               content_manager
     00000625  A$content_manager$64               content_manager
     00000626  A$content_manager$65               content_manager
     00000627  A$content_manager$69               content_manager
     00000627  C$content_manager.c$13$1$18        content_manager
     0000062A  A$content_manager$70               content_manager
     0000062B  A$content_manager$71               content_manager
     0000062E  A$content_manager$75               content_manager
     0000062E  C$content_manager.c$16$1$18        content_manager
     00000631  A$content_manager$76               content_manager
     00000632  A$content_manager$77               content_manager
     00000635  A$content_manager$78               content_manager
     00000636  A$content_manager$79               content_manager
     00000639  A$content_manager$80               content_manager
     0000063A  A$content_manager$81               content_manager
     0000063B  A$content_manager$85               content_manager
     0000063B  C$content_manager.c$17$1$18        content_manager
     0000063E  A$content_manager$86               content_manager
     0000063F  A$content_manager$87               content_manager
     00000642  A$content_manager$88               content_manager
     00000643  A$content_manager$93               content_manager
     00000643  C$content_manager.c$19$1$18        content_manager
ASxxxx Linker V03.00 + NoICE + sdld,  page 21.
Hexadecimal  [32-Bits]

Area                                    Addr        Size        Decimal Bytes (Attributes)
--------------------------------        ----        ----        ------- ----- ------------
_CODE                               00000200    00001114 =        4372. bytes (REL,CON)

      Value  Global                              Global Defined In Module
      -----  --------------------------------   ------------------------
     00000643  XG$engine_content_manager_load_t   content_manager
     00000644  A$content_manager$106              content_manager
     00000644  C$content_manager.c$21$1$18        content_manager
     00000644  C$content_manager.c$24$1$19        content_manager
     00000644  G$engine_content_manager_load_sp   content_manager
     00000644  _engine_content_manager_load_spr   content_manager
     00000647  A$content_manager$107              content_manager
     00000648  A$content_manager$108              content_manager
     0000064B  A$content_manager$109              content_manager
     0000064C  A$content_manager$110              content_manager
     0000064F  A$content_manager$111              content_manager
     00000650  A$content_manager$112              content_manager
     00000651  A$content_manager$116              content_manager
     00000651  C$content_manager.c$25$1$19        content_manager
     00000654  A$content_manager$117              content_manager
     00000655  A$content_manager$118              content_manager
     00000658  A$content_manager$119              content_manager
     00000659  A$content_manager$124              content_manager
     00000659  C$content_manager.c$26$1$19        content_manager
     00000659  XG$engine_content_manager_load_s   content_manager
     0000065A  A$font_manager$63                  font_manager
     0000065A  C$font_manager.c$10$0$0            font_manager
     0000065A  C$font_manager.c$12$1$0            font_manager
     0000065A  C$font_manager.c$13$1$23           font_manager
     0000065A  G$engine_font_manager_draw_char$   font_manager
     0000065A  _engine_font_manager_draw_char     font_manager
     0000065D  A$font_manager$64                  font_manager
     0000065E  A$font_manager$65                  font_manager
     0000065F  A$font_manager$66                  font_manager
     00000661  A$font_manager$67                  font_manager
     00000662  A$font_manager$71                  font_manager
     00000662  C$font_manager.c$14$1$23           font_manager
     00000663  A$font_manager$72                  font_manager
     00000666  A$font_manager$73                  font_manager
     00000667  A$font_manager$74                  font_manager
     00000668  A$font_manager$75                  font_manager
     00000669  A$font_manager$76                  font_manager
     0000066A  A$font_manager$77                  font_manager
     0000066D  A$font_manager$78                  font_manager
     0000066E  A$font_manager$79                  font_manager
     0000066F  A$font_manager$80                  font_manager
     00000670  A$font_manager$81                  font_manager
     00000671  A$font_manager$82                  font_manager
     00000674  A$font_manager$83                  font_manager
     00000675  A$font_manager$84                  font_manager
     00000676  A$font_manager$88                  font_manager
     00000676  C$font_manager.c$15$1$23           font_manager
     00000679  A$font_manager$89                  font_manager
     0000067A  A$font_manager$90                  font_manager
     0000067B  A$font_manager$91                  font_manager
     0000067C  A$font_manager$92                  font_manager
ASxxxx Linker V03.00 + NoICE + sdld,  page 22.
Hexadecimal  [32-Bits]

Area                                    Addr        Size        Decimal Bytes (Attributes)
--------------------------------        ----        ----        ------- ----- ------------
_CODE                               00000200    00001114 =        4372. bytes (REL,CON)

      Value  Global                              Global Defined In Module
      -----  --------------------------------   ------------------------
     0000067F  A$font_manager$93                  font_manager
     00000680  A$font_manager$98                  font_manager
     00000680  C$font_manager.c$16$1$23           font_manager
     00000680  XG$engine_font_manager_draw_char   font_manager
     00000681  A$font_manager$108                 font_manager
     00000681  C$font_manager.c$18$1$23           font_manager
     00000681  G$engine_font_manager_draw_text$   font_manager
     00000681  _engine_font_manager_draw_text     font_manager
     00000683  A$font_manager$109                 font_manager
     00000687  A$font_manager$110                 font_manager
     00000689  A$font_manager$117                 font_manager
     00000689  C$font_manager.c$20$1$23           font_manager
     00000689  C$font_manager.c$23$1$25           font_manager
     0000068C  A$font_manager$118                 font_manager
     0000068E  A$font_manager$120                 font_manager
     00000691  A$font_manager$121                 font_manager
     00000692  A$font_manager$122                 font_manager
     00000693  A$font_manager$123                 font_manager
     00000696  A$font_manager$124                 font_manager
     00000698  A$font_manager$125                 font_manager
     00000699  A$font_manager$126                 font_manager
     0000069A  A$font_manager$127                 font_manager
     0000069B  A$font_manager$128                 font_manager
     0000069D  A$font_manager$132                 font_manager
     0000069D  C$font_manager.c$25$2$26           font_manager
     0000069F  A$font_manager$133                 font_manager
     000006A0  A$font_manager$137                 font_manager
     000006A0  C$font_manager.c$26$2$26           font_manager
     000006A1  A$font_manager$138                 font_manager
     000006A2  A$font_manager$139                 font_manager
     000006A5  A$font_manager$140                 font_manager
     000006A6  A$font_manager$141                 font_manager
     000006A7  A$font_manager$142                 font_manager
     000006AA  A$font_manager$143                 font_manager
     000006AB  A$font_manager$144                 font_manager
     000006AC  A$font_manager$145                 font_manager
     000006AD  A$font_manager$146                 font_manager
     000006AE  A$font_manager$147                 font_manager
     000006B1  A$font_manager$148                 font_manager
     000006B2  A$font_manager$149                 font_manager
     000006B3  A$font_manager$150                 font_manager
     000006B4  A$font_manager$154                 font_manager
     000006B4  C$font_manager.c$27$2$26           font_manager
     000006B7  A$font_manager$155                 font_manager
     000006B8  A$font_manager$156                 font_manager
     000006B9  A$font_manager$157                 font_manager
     000006BA  A$font_manager$158                 font_manager
     000006BB  A$font_manager$159                 font_manager
     000006BE  A$font_manager$160                 font_manager
     000006BF  A$font_manager$161                 font_manager
     000006C0  A$font_manager$165                 font_manager
ASxxxx Linker V03.00 + NoICE + sdld,  page 23.
Hexadecimal  [32-Bits]

Area                                    Addr        Size        Decimal Bytes (Attributes)
--------------------------------        ----        ----        ------- ----- ------------
_CODE                               00000200    00001114 =        4372. bytes (REL,CON)

      Value  Global                              Global Defined In Module
      -----  --------------------------------   ------------------------
     000006C0  C$font_manager.c$28$2$26           font_manager
     000006C1  A$font_manager$166                 font_manager
     000006C3  A$font_manager$168                 font_manager
     000006C5  A$font_manager$173                 font_manager
     000006C5  C$font_manager.c$30$1$25           font_manager
     000006C5  XG$engine_font_manager_draw_text   font_manager
     000006C6  A$font_manager$183                 font_manager
     000006C6  C$font_manager.c$32$1$25           font_manager
     000006C6  G$engine_font_manager_draw_data$   font_manager
     000006C6  _engine_font_manager_draw_data     font_manager
     000006C8  A$font_manager$184                 font_manager
     000006CC  A$font_manager$185                 font_manager
     000006CE  A$font_manager$186                 font_manager
     000006D1  A$font_manager$187                 font_manager
     000006D2  A$font_manager$188                 font_manager
     000006D3  A$font_manager$195                 font_manager
     000006D3  C$font_manager.c$34$1$25           font_manager
     000006D3  C$font_manager.c$43$3$30           font_manager
     000006D6  A$font_manager$196                 font_manager
     000006D7  A$font_manager$197                 font_manager
     000006DA  A$font_manager$198                 font_manager
     000006DD  A$font_manager$199                 font_manager
     000006E0  A$font_manager$200                 font_manager
     000006E3  A$font_manager$201                 font_manager
     000006E7  A$font_manager$206                 font_manager
     000006E7  C$font_manager.c$45$2$29           font_manager
     000006EA  A$font_manager$207                 font_manager
     000006EB  A$font_manager$208                 font_manager
     000006EE  A$font_manager$209                 font_manager
     000006F1  A$font_manager$210                 font_manager
[...]
     00000840  A$sprite_manager$63                sprite_manager
     00000843  A$sprite_manager$64                sprite_manager
     00000844  A$sprite_manager$65                sprite_manager
     00000847  A$sprite_manager$66                sprite_manager
     00000848  A$sprite_manager$67                sprite_manager
     00000849  A$sprite_manager$71                sprite_manager
     00000849  C$sprite_manager.c$7$1$20          sprite_manager
     0000084C  A$sprite_manager$72                sprite_manager
     0000084F  A$sprite_manager$73                sprite_manager
     00000850  A$sprite_manager$74                sprite_manager
     00000853  A$sprite_manager$75                sprite_manager
     00000855  A$sprite_manager$76                sprite_manager
     00000856  A$sprite_manager$77                sprite_manager
     00000857  A$sprite_manager$78                sprite_manager
     00000858  A$sprite_manager$79                sprite_manager
     0000085B  A$sprite_manager$80                sprite_manager
ASxxxx Linker V03.00 + NoICE + sdld,  page 28.
Hexadecimal  [32-Bits]

Area                                    Addr        Size        Decimal Bytes (Attributes)
--------------------------------        ----        ----        ------- ----- ------------
_CODE                               00000200    00001114 =        4372. bytes (REL,CON)

      Value  Global                              Global Defined In Module
      -----  --------------------------------   ------------------------
     0000085C  A$sprite_manager$81                sprite_manager
     0000085D  A$sprite_manager$82                sprite_manager
     0000085E  A$sprite_manager$83                sprite_manager
     0000085F  A$sprite_manager$84                sprite_manager
     00000862  A$sprite_manager$85                sprite_manager
     00000863  A$sprite_manager$86                sprite_manager
     00000864  A$sprite_manager$87                sprite_manager
     00000865  A$sprite_manager$91                sprite_manager
     00000865  C$sprite_manager.c$8$1$20          sprite_manager
     00000868  A$sprite_manager$92                sprite_manager
     0000086B  A$sprite_manager$93                sprite_manager
     0000086C  A$sprite_manager$94                sprite_manager
     0000086D  A$sprite_manager$95                sprite_manager
     00000870  A$sprite_manager$96                sprite_manager
     00000872  A$sprite_manager$97                sprite_manager
     00000873  A$sprite_manager$98                sprite_manager
     00000874  A$sprite_manager$99                sprite_manager
     00000875  A$sprite_manager$100               sprite_manager
     00000876  A$sprite_manager$101               sprite_manager
     00000877  A$sprite_manager$102               sprite_manager
     00000878  A$sprite_manager$103               sprite_manager
     0000087B  A$sprite_manager$104               sprite_manager
     0000087C  A$sprite_manager$105               sprite_manager
     0000087D  A$sprite_manager$106               sprite_manager
     00000880  A$sprite_manager$107               sprite_manager
     00000881  A$sprite_manager$108               sprite_manager
     00000882  A$sprite_manager$109               sprite_manager
     00000883  A$sprite_manager$110               sprite_manager
     00000884  A$sprite_manager$114               sprite_manager
     00000884  C$sprite_manager.c$9$1$20          sprite_manager
     00000887  A$sprite_manager$115               sprite_manager
     0000088A  A$sprite_manager$116               sprite_manager
     0000088B  A$sprite_manager$117               sprite_manager
     0000088C  A$sprite_manager$118               sprite_manager
     0000088D  A$sprite_manager$119               sprite_manager
     0000088E  A$sprite_manager$120               sprite_manager
     0000088F  A$sprite_manager$121               sprite_manager
     00000890  A$sprite_manager$122               sprite_manager
     00000893  A$sprite_manager$123               sprite_manager
     00000894  A$sprite_manager$124               sprite_manager
     00000895  A$sprite_manager$125               sprite_manager
     00000897  A$sprite_manager$130               sprite_manager
     00000897  C$sprite_manager.c$10$1$20         sprite_manager
     00000897  XG$engine_sprite_manager_draw$0$   sprite_manager
     00000898  G$font_tiles__palette__bin$0$0     gfx
     00000898  _font_tiles__palette__bin          gfx
     000008A8  G$font_tiles__tilemap__bin$0$0     gfx
     000008A8  _font_tiles__tilemap__bin          gfx
     00000928  G$font_tiles__tiles__psgcompr$0$   gfx
     00000928  _font_tiles__tiles__psgcompr       gfx
     00000BBF  G$sprites__palette__bin$0$0        gfx
ASxxxx Linker V03.00 + NoICE + sdld,  page 29.
Hexadecimal  [32-Bits]

Area                                    Addr        Size        Decimal Bytes (Attributes)
--------------------------------        ----        ----        ------- ----- ------------
_CODE                               00000200    00001114 =        4372. bytes (REL,CON)

      Value  Global                              Global Defined In Module
      -----  --------------------------------   ------------------------
     00000BBF  _sprites__palette__bin             gfx
     00000BCF  G$sprites__tiles__psgcompr$0$0     gfx
     00000BCF  _sprites__tiles__psgcompr          gfx
     00000C0D  G$tree_avoid__palette__bin$0$0     gfx
     00000C0D  _tree_avoid__palette__bin          gfx
     00000C1D  G$tree_avoid__tilemap__bin$0$0     gfx
     00000C1D  _tree_avoid__tilemap__bin          gfx
     00000C25  G$tree_avoid__tiles__psgcompr$0$   gfx
     00000C25  _tree_avoid__tiles__psgcompr       gfx
     00000C77  __divuint                          
     00000C7F  __divuchar                         
     00000C86  __divu8                            
     00000C89  __divu16                           
     00000CB8  _UNSAFE_SMS_copySpritestoSAT       SMSlib_UNSAFE
     00000CD0  _UNSAFE_SMS_VRAMmemcpy32           SMSlib_UNSAFE
     00000CED  _UNSAFE_SMS_VRAMmemcpy64           SMSlib_UNSAFE
     00000D0A  _UNSAFE_SMS_VRAMmemcpy128          SMSlib_UNSAFE
     00000D27  _SMS_init                          SMSlib
     00000D7B  _VDPReg_init                       SMSlib
     00000D86  _SMS_VDPType                       SMSlib
     00000D8E  _SMS_VDPturnOnFeature              SMSlib
     00000DA5  _SMS_VDPturnOffFeature             SMSlib
     00000DBE  _SMS_setBGScrollX                  SMSlib
     00000DC8  _SMS_setBGScrollY                  SMSlib
     00000DD2  _SMS_setBackdropColor              SMSlib
     00000DDC  _SMS_useFirstHalfTilesforSprites   SMSlib
     00000DF0  _SMS_setSpriteMode                 SMSlib
     00000E35  _SMS_setBGPaletteColor             SMSlib
     00000E49  _SMS_setSpritePaletteColor         SMSlib
     00000E5D  _SMS_loadBGPalette                 SMSlib
     00000E71  _SMS_loadSpritePalette             SMSlib
     00000E85  _SMS_setColor                      SMSlib
     00000E89  _SMS_initSprites                   SMSlib
     00000E8F  _SMS_addSprite                     SMSlib
     00000EE4  _SMS_finalizeSprites               SMSlib
     00000EF6  _SMS_copySpritestoSAT              SMSlib
     00000F1F  _SMS_waitForVBlank                 SMSlib
     00000F2C  _SMS_getKeysStatus                 SMSlib
     00000F30  _SMS_getKeysPressed                SMSlib
     00000F4D  _SMS_getKeysHeld                   SMSlib
     00000F64  _SMS_getKeysReleased               SMSlib
     00000F81  _SMS_queryPauseRequested           SMSlib
     00000F89  _SMS_resetPauseRequest             SMSlib
     00000F8F  _SMS_setLineInterruptHandler       SMSlib
     00000FA0  _SMS_setLineCounter                SMSlib
     00000FAF  _SMS_getVCount                     SMSlib
     00000FB3  _SMS_getHCount                     SMSlib
     00000FB7  _SMS_isr                           SMSlib
     00000FED  _SMS_nmi_isr                       SMSlib
     00001000  _SMS_loadSTMcompressedTileMapAre   SMSlib_STMcomp
     000011E1  ___sdcc_call_hl                    
ASxxxx Linker V03.00 + NoICE + sdld,  page 30.
Hexadecimal  [32-Bits]

Area                                    Addr        Size        Decimal Bytes (Attributes)
--------------------------------        ----        ----        ------- ----- ------------
_CODE                               00000200    00001114 =        4372. bytes (REL,CON)

      Value  Global                              Global Defined In Module
      -----  --------------------------------   ------------------------
     000011E2  _SMS_loadPSGaidencompressedTiles   SMSlib_PSGaiden
     000012C4  _SMS_loadTileMap                   SMSlib_loadTileMap
     000012FD  __moduchar                         
     00001309  __moduint                          
ASxxxx Linker V03.00 + NoICE + sdld,  page 31.
Hexadecimal  [32-Bits]

Area                                    Addr        Size        Decimal Bytes (Attributes)
--------------------------------        ----        ----        ------- ----- ------------
_HEADER0                            00000000    00000006 =           6. bytes (ABS,CON)

      Value  Global                              Global Defined In Module
      -----  --------------------------------   ------------------------
     00000006  _SMS_crt0_RST08                    crt0

ASxxxx Linker V03.00 + NoICE + sdld,  page 32.
Hexadecimal  [32-Bits]

Area                                    Addr        Size        Decimal Bytes (Attributes)
--------------------------------        ----        ----        ------- ----- ------------
_HEADER1                            00000000    00000009 =           9. bytes (ABS,CON)

      Value  Global                              Global Defined In Module
      -----  --------------------------------   ------------------------
     00000011  _SMS_crt0_RST18                    crt0

ASxxxx Linker V03.00 + NoICE + sdld,  page 33.
Hexadecimal  [32-Bits]

Area                                    Addr        Size        Decimal Bytes (Attributes)
--------------------------------        ----        ----        ------- ----- ------------
_HEADER2                            00000000    0000000A =          10. bytes (ABS,CON)

      Value  Global                              Global Defined In Module
      -----  --------------------------------   ------------------------
ASxxxx Linker V03.00 + NoICE + sdld,  page 34.
Hexadecimal  [32-Bits]

Area                                    Addr        Size        Decimal Bytes (Attributes)
--------------------------------        ----        ----        ------- ----- ------------
_HEADER3                            00000000    00000003 =           3. bytes (ABS,CON)

      Value  Global                              Global Defined In Module
      -----  --------------------------------   ------------------------
ASxxxx Linker V03.00 + NoICE + sdld,  page 35.
Hexadecimal  [32-Bits]

Area                                    Addr        Size        Decimal Bytes (Attributes)
--------------------------------        ----        ----        ------- ----- ------------
_HEADER4                            00000000    00000003 =           3. bytes (ABS,CON)

      Value  Global                              Global Defined In Module
      -----  --------------------------------   ------------------------
ASxxxx Linker V03.00 + NoICE + sdld,  page 36.
Hexadecimal  [32-Bits]

Area                                    Addr        Size        Decimal Bytes (Attributes)
--------------------------------        ----        ----        ------- ----- ------------
_HEADER5                            00000000    0000012A =         298. bytes (ABS,CON)

      Value  Global                              Global Defined In Module
      -----  --------------------------------   ------------------------
     00000099  _OUTI128                           crt0
     00000119  _OUTI64                            crt0
     00000159  _OUTI32                            crt0
     00000199  _outi_block                        crt0

ASxxxx Linker V03.00 + NoICE + sdld,  page 37.
Hexadecimal  [32-Bits]

Area                                    Addr        Size        Decimal Bytes (Attributes)
--------------------------------        ----        ----        ------- ----- ------------
_INITIALIZER                        00001314    00000004 =           4. bytes (REL,CON)

      Value  Global                              Global Defined In Module
      -----  --------------------------------   ------------------------
ASxxxx Linker V03.00 + NoICE + sdld,  page 38.
Hexadecimal  [32-Bits]

Area                                    Addr        Size        Decimal Bytes (Attributes)
--------------------------------        ----        ----        ------- ----- ------------
_GSINIT                             00001318    0000000F =          15. bytes (REL,CON)

      Value  Global                              Global Defined In Module
      -----  --------------------------------   ------------------------
     00001318  gsinit                             crt0

ASxxxx Linker V03.00 + NoICE + sdld,  page 39.
Hexadecimal  [32-Bits]

Area                                    Addr        Size        Decimal Bytes (Attributes)
--------------------------------        ----        ----        ------- ----- ------------
_GSFINAL                            00001327    00000001 =           1. bytes (REL,CON)

      Value  Global                              Global Defined In Module
      -----  --------------------------------   ------------------------
ASxxxx Linker V03.00 + NoICE + sdld,  page 40.
Hexadecimal  [32-Bits]

Area                                    Addr        Size        Decimal Bytes (Attributes)
--------------------------------        ----        ----        ------- ----- ------------
_DATA                               0000C000    000000EB =         235. bytes (REL,CON)

      Value  Global                              Global Defined In Module
      -----  --------------------------------   ------------------------
     0000C000  _VDPBlank                          SMSlib
     0000C001  _SMS_VDPFlags                      SMSlib
     0000C002  _PauseRequested                    SMSlib
     0000C003  _VDPType                           SMSlib
     0000C004  _KeysStatus                        SMSlib
     0000C006  _PreviousKeysStatus                SMSlib
     0000C008  _SpriteTableY                      SMSlib
     0000C048  _SpriteTableXN                     SMSlib
     0000C0C8  _SpriteNextFree                    SMSlib
     0000C0C9  _SMS_theLineInterruptHandler       SMSlib
     0000C0CB  _decompBuffer                      SMSlib_PSGaiden

ASxxxx Linker V03.00 + NoICE + sdld,  page 41.
Hexadecimal  [32-Bits]

Area                                    Addr        Size        Decimal Bytes (Attributes)
--------------------------------        ----        ----        ------- ----- ------------
_INITIALIZED                        0000C0EB    00000004 =           4. bytes (REL,CON)

      Value  Global                              Global Defined In Module
      -----  --------------------------------   ------------------------
     0000C0EB  _VDPReg                            SMSlib
     0000C0ED  _spritesHeight                     SMSlib
     0000C0EE  _spritesWidth                      SMSlib
ASxxxx Linker V03.00 + NoICE + sdld,  page 42.
Hexadecimal  [32-Bits]

Area                                    Addr        Size        Decimal Bytes (Attributes)
--------------------------------        ----        ----        ------- ----- ------------
_CABS0                              00000000    00000010 =          16. bytes (ABS,CON)

      Value  Global                              Global Defined In Module
      -----  --------------------------------   ------------------------
     00007FF0  G$__SMS__SEGA_signature$0$0        _sms_manager
     00007FF0  ___SMS__SEGA_signature             _sms_manager

ASxxxx Linker V03.00 + NoICE + sdld,  page 43.
Hexadecimal  [32-Bits]

Area                                    Addr        Size        Decimal Bytes (Attributes)
--------------------------------        ----        ----        ------- ----- ------------
_CABS1                              00000000    0000000E =          14. bytes (ABS,CON)

      Value  Global                              Global Defined In Module
      -----  --------------------------------   ------------------------
     00007FD2  G$__SMS__SDSC_author$0$0           _sms_manager
     00007FD2  ___SMS__SDSC_author                _sms_manager

ASxxxx Linker V03.00 + NoICE + sdld,  page 44.
Hexadecimal  [32-Bits]

Area                                    Addr        Size        Decimal Bytes (Attributes)
--------------------------------        ----        ----        ------- ----- ------------
_CABS2                              00000000    0000000D =          13. bytes (ABS,CON)

      Value  Global                              Global Defined In Module
      -----  --------------------------------   ------------------------
     00007FC5  G$__SMS__SDSC_name$0$0             _sms_manager
     00007FC5  ___SMS__SDSC_name                  _sms_manager

ASxxxx Linker V03.00 + NoICE + sdld,  page 45.
Hexadecimal  [32-Bits]

Area                                    Addr        Size        Decimal Bytes (Attributes)
--------------------------------        ----        ----        ------- ----- ------------
_CABS3                              00000000    00000038 =          56. bytes (ABS,CON)

      Value  Global                              Global Defined In Module
      -----  --------------------------------   ------------------------
     00007F8D  G$__SMS__SDSC_descr$0$0            _sms_manager
     00007F8D  ___SMS__SDSC_descr                 _sms_manager

ASxxxx Linker V03.00 + NoICE + sdld,  page 46.
Hexadecimal  [32-Bits]

Area                                    Addr        Size        Decimal Bytes (Attributes)
--------------------------------        ----        ----        ------- ----- ------------
_CABS4                              00000000    00000010 =          16. bytes (ABS,CON)

      Value  Global                              Global Defined In Module
      -----  --------------------------------   ------------------------
     00007FE0  G$__SMS__SDSC_signature$0$0        _sms_manager
     00007FE0  ___SMS__SDSC_signature             _sms_manager

ASxxxx Linker V03.00 + NoICE + sdld,  page 47.

Files Linked                              [ module(s) ]

../crt0/crt0_sms.rel                      [ crt0 ]
main.rel                                  [ main ]
devkit/_sms_manager.rel                   [ _sms_manager ]
engine/asm_manager.rel                    [ asm_manager ]
engine/content_manager.rel                [ content_manager ]
engine/font_manager.rel                   [ font_manager ]
engine/screen_manager.rel                 [ screen_manager ]
engine/sprite_manager.rel                 [ sprite_manager ]
content/gfx.rel                           [ gfx ]


Libraries Linked                          [ object file ]

C:\Program Files\SDCC\bin\..\lib\z80/z80.lib
                                          [ divunsigned.rel ]
../lib/SMSlib.lib                         [ SMSlib_UNSAFE.rel ]
../lib/SMSlib.lib                         [ SMSlib.rel ]
../lib/SMSlib.lib                         [ SMSlib_STMcomp.rel ]
C:\Program Files\SDCC\bin\..\lib\z80/z80.lib
                                          [ __sdcc_call_hl.rel ]
../lib/SMSlib.lib                         [ SMSlib_PSGaiden.rel ]
../lib/SMSlib.lib                         [ SMSlib_loadTileMap.rel ]
C:\Program Files\SDCC\bin\..\lib\z80/z80.lib
                                          [ modunsigned.rel ]

ASxxxx Linker V03.00 + NoICE + sdld,  page 48.

User Base Address Definitions

_CODE = 0x0200
_DATA = 0xc000

